[30.034s] Invoking command in '/home/bth/workspace/a3_remote_bridge/.hope_ros2/build/hope_msgs': CMAKE_PREFIX_PATH=${CMAKE_PREFIX_PATH}:/home/bth/workspace/Mocap/install/ppmocap_tools:/home/bth/workspace/Mocap/install/ppmocap_prediction:/opt/ros/humble /usr/bin/cmake --build /home/bth/workspace/a3_remote_bridge/.hope_ros2/build/hope_msgs -- -j20 -l20
[30.073s] [  9%] Built target hope_msgs__rosidl_generator_c
[30.074s] [ 12%] Built target hope_msgs__cpp
[30.081s] [ 12%] Built target ament_cmake_python_copy_hope_msgs
[30.088s] [ 32%] Built target hope_msgs__rosidl_typesupport_fastrtps_c
[30.088s] [ 32%] Built target hope_msgs__rosidl_typesupport_introspection_c
[30.088s] [ 41%] Built target hope_msgs__rosidl_typesupport_cpp
[30.089s] [ 51%] Built target hope_msgs__rosidl_typesupport_c
[30.090s] [ 61%] Built target hope_msgs__rosidl_typesupport_introspection_cpp
[30.092s] [ 70%] Built target hope_msgs__rosidl_typesupport_fastrtps_cpp
[30.107s] [ 70%] Built target hope_msgs
[30.122s] [ 74%] Built target hope_msgs__py
[30.137s] [ 80%] Built target hope_msgs__rosidl_generator_py
[30.154s] [ 87%] Built target hope_msgs__rosidl_typesupport_c__pyext
[30.154s] [100%] Built target hope_msgs__rosidl_typesupport_introspection_c__pyext
[30.154s] [100%] Built target hope_msgs__rosidl_typesupport_fastrtps_c__pyext
[30.193s] running egg_info
[30.193s] writing hope_msgs.egg-info/PKG-INFO
[30.193s] writing dependency_links to hope_msgs.egg-info/dependency_links.txt
[30.193s] writing top-level names to hope_msgs.egg-info/top_level.txt
[30.193s] reading manifest file 'hope_msgs.egg-info/SOURCES.txt'
[30.193s] writing manifest file 'hope_msgs.egg-info/SOURCES.txt'
[30.212s] [100%] Built target ament_cmake_python_build_hope_msgs_egg
[60.062s] Invoked command in '/home/bth/workspace/a3_remote_bridge/.hope_ros2/build/hope_msgs' returned '0': CMAKE_PREFIX_PATH=${CMAKE_PREFIX_PATH}:/home/bth/workspace/Mocap/install/ppmocap_tools:/home/bth/workspace/Mocap/install/ppmocap_prediction:/opt/ros/humble /usr/bin/cmake --build /home/bth/workspace/a3_remote_bridge/.hope_ros2/build/hope_msgs -- -j20 -l20
[60.071s] Invoking command in '/home/bth/workspace/a3_remote_bridge/.hope_ros2/build/hope_msgs': CMAKE_PREFIX_PATH=${CMAKE_PREFIX_PATH}:/home/bth/workspace/Mocap/install/ppmocap_tools:/home/bth/workspace/Mocap/install/ppmocap_prediction:/opt/ros/humble /usr/bin/cmake --install /home/bth/workspace/a3_remote_bridge/.hope_ros2/build/hope_msgs
[60.077s] -- Install configuration: ""
[60.077s] -- Up-to-date: /home/bth/workspace/a3_remote_bridge/.hope_ros2/install/hope_msgs/share/ament_index/resource_index/rosidl_interfaces/hope_msgs
[60.077s] -- Up-to-date: /home/bth/workspace/a3_remote_bridge/.hope_ros2/install/hope_msgs/include/hope_msgs/hope_msgs
[60.078s] -- Up-to-date: /home/bth/workspace/a3_remote_bridge/.hope_ros2/install/hope_msgs/include/hope_msgs/hope_msgs/msg
[60.078s] -- Up-to-date: /home/bth/workspace/a3_remote_bridge/.hope_ros2/install/hope_msgs/include/hope_msgs/hope_msgs/msg/rosidl_generator_c__visibility_control.h
[60.078s] -- Up-to-date: /home/bth/workspace/a3_remote_bridge/.hope_ros2/install/hope_msgs/include/hope_msgs/hope_msgs/msg/detail
[60.078s] -- Up-to-date: /home/bth/workspace/a3_remote_bridge/.hope_ros2/install/hope_msgs/include/hope_msgs/hope_msgs/msg/detail/racket_command__struct.h
[60.078s] -- Up-to-date: /home/bth/workspace/a3_remote_bridge/.hope_ros2/install/hope_msgs/include/hope_msgs/hope_msgs/msg/detail/racket_command__type_support.h
[60.078s] -- Up-to-date: /home/bth/workspace/a3_remote_bridge/.hope_ros2/install/hope_msgs/include/hope_msgs/hope_msgs/msg/detail/racket_command__functions.h
[60.078s] -- Up-to-date: /home/bth/workspace/a3_remote_bridge/.hope_ros2/install/hope_msgs/include/hope_msgs/hope_msgs/msg/detail/racket_command__functions.c
[60.078s] -- Up-to-date: /home/bth/workspace/a3_remote_bridge/.hope_ros2/install/hope_msgs/include/hope_msgs/hope_msgs/msg/racket_command.h
[60.078s] -- Up-to-date: /home/bth/workspace/a3_remote_bridge/.hope_ros2/install/hope_msgs/share/hope_msgs/environment/library_path.sh
[60.078s] -- Up-to-date: /home/bth/workspace/a3_remote_bridge/.hope_ros2/install/hope_msgs/share/hope_msgs/environment/library_path.dsv
[60.078s] -- Up-to-date: /home/bth/workspace/a3_remote_bridge/.hope_ros2/install/hope_msgs/lib/libhope_msgs__rosidl_generator_c.so
[60.078s] -- Up-to-date: /home/bth/workspace/a3_remote_bridge/.hope_ros2/install/hope_msgs/include/hope_msgs/hope_msgs
[60.078s] -- Up-to-date: /home/bth/workspace/a3_remote_bridge/.hope_ros2/install/hope_msgs/include/hope_msgs/hope_msgs/msg
[60.078s] -- Up-to-date: /home/bth/workspace/a3_remote_bridge/.hope_ros2/install/hope_msgs/include/hope_msgs/hope_msgs/msg/detail
[60.079s] -- Up-to-date: /home/bth/workspace/a3_remote_bridge/.hope_ros2/install/hope_msgs/include/hope_msgs/hope_msgs/msg/detail/racket_command__rosidl_typesupport_fastrtps_c.h
[60.079s] -- Up-to-date: /home/bth/workspace/a3_remote_bridge/.hope_ros2/install/hope_msgs/include/hope_msgs/hope_msgs/msg/rosidl_typesupport_fastrtps_c__visibility_control.h
[60.079s] -- Up-to-date: /home/bth/workspace/a3_remote_bridge/.hope_ros2/install/hope_msgs/lib/libhope_msgs__rosidl_typesupport_fastrtps_c.so
[60.079s] -- Up-to-date: /home/bth/workspace/a3_remote_bridge/.hope_ros2/install/hope_msgs/include/hope_msgs/hope_msgs
[60.079s] -- Up-to-date: /home/bth/workspace/a3_remote_bridge/.hope_ros2/install/hope_msgs/include/hope_msgs/hope_msgs/msg
[60.079s] -- Up-to-date: /home/bth/workspace/a3_remote_bridge/.hope_ros2/install/hope_msgs/include/hope_msgs/hope_msgs/msg/detail
[60.079s] -- Up-to-date: /home/bth/workspace/a3_remote_bridge/.hope_ros2/install/hope_msgs/include/hope_msgs/hope_msgs/msg/detail/racket_command__struct.hpp
[60.079s] -- Up-to-date: /home/bth/workspace/a3_remote_bridge/.hope_ros2/install/hope_msgs/include/hope_msgs/hope_msgs/msg/detail/racket_command__traits.hpp
[60.079s] -- Up-to-date: /home/bth/workspace/a3_remote_bridge/.hope_ros2/install/hope_msgs/include/hope_msgs/hope_msgs/msg/detail/racket_command__type_support.hpp
[60.079s] -- Up-to-date: /home/bth/workspace/a3_remote_bridge/.hope_ros2/install/hope_msgs/include/hope_msgs/hope_msgs/msg/detail/racket_command__builder.hpp
[60.079s] -- Up-to-date: /home/bth/workspace/a3_remote_bridge/.hope_ros2/install/hope_msgs/include/hope_msgs/hope_msgs/msg/racket_command.hpp
[60.079s] -- Up-to-date: /home/bth/workspace/a3_remote_bridge/.hope_ros2/install/hope_msgs/include/hope_msgs/hope_msgs/msg/rosidl_generator_cpp__visibility_control.hpp
[60.079s] -- Up-to-date: /home/bth/workspace/a3_remote_bridge/.hope_ros2/install/hope_msgs/include/hope_msgs/hope_msgs
[60.079s] -- Up-to-date: /home/bth/workspace/a3_remote_bridge/.hope_ros2/install/hope_msgs/include/hope_msgs/hope_msgs/msg
[60.079s] -- Up-to-date: /home/bth/workspace/a3_remote_bridge/.hope_ros2/install/hope_msgs/include/hope_msgs/hope_msgs/msg/rosidl_typesupport_fastrtps_cpp__visibility_control.h
[60.079s] -- Up-to-date: /home/bth/workspace/a3_remote_bridge/.hope_ros2/install/hope_msgs/include/hope_msgs/hope_msgs/msg/detail
[60.079s] -- Up-to-date: /home/bth/workspace/a3_remote_bridge/.hope_ros2/install/hope_msgs/include/hope_msgs/hope_msgs/msg/detail/racket_command__rosidl_typesupport_fastrtps_cpp.hpp
[60.079s] -- Up-to-date: /home/bth/workspace/a3_remote_bridge/.hope_ros2/install/hope_msgs/include/hope_msgs/hope_msgs/msg/detail/dds_fastrtps
[60.079s] -- Up-to-date: /home/bth/workspace/a3_remote_bridge/.hope_ros2/install/hope_msgs/lib/libhope_msgs__rosidl_typesupport_fastrtps_cpp.so
[60.079s] -- Up-to-date: /home/bth/workspace/a3_remote_bridge/.hope_ros2/install/hope_msgs/include/hope_msgs/hope_msgs
[60.079s] -- Up-to-date: /home/bth/workspace/a3_remote_bridge/.hope_ros2/install/hope_msgs/include/hope_msgs/hope_msgs/msg
[60.079s] -- Up-to-date: /home/bth/workspace/a3_remote_bridge/.hope_ros2/install/hope_msgs/include/hope_msgs/hope_msgs/msg/detail
[60.080s] -- Up-to-date: /home/bth/workspace/a3_remote_bridge/.hope_ros2/install/hope_msgs/include/hope_msgs/hope_msgs/msg/detail/racket_command__type_support.c
[60.080s] -- Up-to-date: /home/bth/workspace/a3_remote_bridge/.hope_ros2/install/hope_msgs/include/hope_msgs/hope_msgs/msg/detail/racket_command__rosidl_typesupport_introspection_c.h
[60.080s] -- Up-to-date: /home/bth/workspace/a3_remote_bridge/.hope_ros2/install/hope_msgs/include/hope_msgs/hope_msgs/msg/rosidl_typesupport_introspection_c__visibility_control.h
[60.080s] -- Up-to-date: /home/bth/workspace/a3_remote_bridge/.hope_ros2/install/hope_msgs/lib/libhope_msgs__rosidl_typesupport_introspection_c.so
[60.080s] -- Up-to-date: /home/bth/workspace/a3_remote_bridge/.hope_ros2/install/hope_msgs/lib/libhope_msgs__rosidl_typesupport_c.so
[60.080s] -- Up-to-date: /home/bth/workspace/a3_remote_bridge/.hope_ros2/install/hope_msgs/include/hope_msgs/hope_msgs
[60.080s] -- Up-to-date: /home/bth/workspace/a3_remote_bridge/.hope_ros2/install/hope_msgs/include/hope_msgs/hope_msgs/msg
[60.080s] -- Up-to-date: /home/bth/workspace/a3_remote_bridge/.hope_ros2/install/hope_msgs/include/hope_msgs/hope_msgs/msg/detail
[60.080s] -- Up-to-date: /home/bth/workspace/a3_remote_bridge/.hope_ros2/install/hope_msgs/include/hope_msgs/hope_msgs/msg/detail/racket_command__type_support.cpp
[60.080s] -- Up-to-date: /home/bth/workspace/a3_remote_bridge/.hope_ros2/install/hope_msgs/include/hope_msgs/hope_msgs/msg/detail/racket_command__rosidl_typesupport_introspection_cpp.hpp
[60.080s] -- Up-to-date: /home/bth/workspace/a3_remote_bridge/.hope_ros2/install/hope_msgs/lib/libhope_msgs__rosidl_typesupport_introspection_cpp.so
[60.080s] -- Up-to-date: /home/bth/workspace/a3_remote_bridge/.hope_ros2/install/hope_msgs/lib/libhope_msgs__rosidl_typesupport_cpp.so
[60.080s] -- Up-to-date: /home/bth/workspace/a3_remote_bridge/.hope_ros2/install/hope_msgs/share/hope_msgs/environment/pythonpath.sh
[60.080s] -- Up-to-date: /home/bth/workspace/a3_remote_bridge/.hope_ros2/install/hope_msgs/share/hope_msgs/environment/pythonpath.dsv
[60.080s] -- Up-to-date: /home/bth/workspace/a3_remote_bridge/.hope_ros2/install/hope_msgs/local/lib/python3.10/dist-packages/hope_msgs-0.0.0-py3.10.egg-info
[60.080s] -- Installing: /home/bth/workspace/a3_remote_bridge/.hope_ros2/install/hope_msgs/local/lib/python3.10/dist-packages/hope_msgs-0.0.0-py3.10.egg-info/top_level.txt
[60.080s] -- Installing: /home/bth/workspace/a3_remote_bridge/.hope_ros2/install/hope_msgs/local/lib/python3.10/dist-packages/hope_msgs-0.0.0-py3.10.egg-info/PKG-INFO
[60.080s] -- Installing: /home/bth/workspace/a3_remote_bridge/.hope_ros2/install/hope_msgs/local/lib/python3.10/dist-packages/hope_msgs-0.0.0-py3.10.egg-info/SOURCES.txt
[60.080s] -- Installing: /home/bth/workspace/a3_remote_bridge/.hope_ros2/install/hope_msgs/local/lib/python3.10/dist-packages/hope_msgs-0.0.0-py3.10.egg-info/dependency_links.txt
[60.080s] -- Up-to-date: /home/bth/workspace/a3_remote_bridge/.hope_ros2/install/hope_msgs/local/lib/python3.10/dist-packages/hope_msgs
[60.080s] -- Up-to-date: /home/bth/workspace/a3_remote_bridge/.hope_ros2/install/hope_msgs/local/lib/python3.10/dist-packages/hope_msgs/hope_msgs_s__rosidl_typesupport_fastrtps_c.cpython-311-x86_64-linux-gnu.so
[60.080s] -- Up-to-date: /home/bth/workspace/a3_remote_bridge/.hope_ros2/install/hope_msgs/local/lib/python3.10/dist-packages/hope_msgs/libhope_msgs__rosidl_generator_py.so
[60.080s] -- Up-to-date: /home/bth/workspace/a3_remote_bridge/.hope_ros2/install/hope_msgs/local/lib/python3.10/dist-packages/hope_msgs/_hope_msgs_s.ep.rosidl_typesupport_c.c
[60.080s] -- Up-to-date: /home/bth/workspace/a3_remote_bridge/.hope_ros2/install/hope_msgs/local/lib/python3.10/dist-packages/hope_msgs/_hope_msgs_s.ep.rosidl_typesupport_fastrtps_c.c
[60.081s] -- Up-to-date: /home/bth/workspace/a3_remote_bridge/.hope_ros2/install/hope_msgs/local/lib/python3.10/dist-packages/hope_msgs/__init__.py
[60.081s] -- Up-to-date: /home/bth/workspace/a3_remote_bridge/.hope_ros2/install/hope_msgs/local/lib/python3.10/dist-packages/hope_msgs/hope_msgs_s__rosidl_typesupport_introspection_c.cpython-311-x86_64-linux-gnu.so
[60.081s] -- Up-to-date: /home/bth/workspace/a3_remote_bridge/.hope_ros2/install/hope_msgs/local/lib/python3.10/dist-packages/hope_msgs/hope_msgs_s__rosidl_typesupport_introspection_c.cpython-310-x86_64-linux-gnu.so
[60.081s] -- Up-to-date: /home/bth/workspace/a3_remote_bridge/.hope_ros2/install/hope_msgs/local/lib/python3.10/dist-packages/hope_msgs/_hope_msgs_s.ep.rosidl_typesupport_introspection_c.c
[60.081s] -- Up-to-date: /home/bth/workspace/a3_remote_bridge/.hope_ros2/install/hope_msgs/local/lib/python3.10/dist-packages/hope_msgs/hope_msgs_s__rosidl_typesupport_c.cpython-311-x86_64-linux-gnu.so
[60.081s] -- Up-to-date: /home/bth/workspace/a3_remote_bridge/.hope_ros2/install/hope_msgs/local/lib/python3.10/dist-packages/hope_msgs/hope_msgs_s__rosidl_typesupport_fastrtps_c.cpython-310-x86_64-linux-gnu.so
[60.081s] -- Up-to-date: /home/bth/workspace/a3_remote_bridge/.hope_ros2/install/hope_msgs/local/lib/python3.10/dist-packages/hope_msgs/hope_msgs_s__rosidl_typesupport_c.cpython-310-x86_64-linux-gnu.so
[60.081s] -- Up-to-date: /home/bth/workspace/a3_remote_bridge/.hope_ros2/install/hope_msgs/local/lib/python3.10/dist-packages/hope_msgs/msg
[60.081s] -- Up-to-date: /home/bth/workspace/a3_remote_bridge/.hope_ros2/install/hope_msgs/local/lib/python3.10/dist-packages/hope_msgs/msg/_racket_command_s.c
[60.081s] -- Up-to-date: /home/bth/workspace/a3_remote_bridge/.hope_ros2/install/hope_msgs/local/lib/python3.10/dist-packages/hope_msgs/msg/__init__.py
[60.081s] -- Up-to-date: /home/bth/workspace/a3_remote_bridge/.hope_ros2/install/hope_msgs/local/lib/python3.10/dist-packages/hope_msgs/msg/_racket_command.py
[60.101s] Listing '/home/bth/workspace/a3_remote_bridge/.hope_ros2/install/hope_msgs/local/lib/python3.10/dist-packages/hope_msgs'...
[60.101s] Listing '/home/bth/workspace/a3_remote_bridge/.hope_ros2/install/hope_msgs/local/lib/python3.10/dist-packages/hope_msgs/msg'...
[60.105s] -- Up-to-date: /home/bth/workspace/a3_remote_bridge/.hope_ros2/install/hope_msgs/local/lib/python3.10/dist-packages/hope_msgs/hope_msgs_s__rosidl_typesupport_fastrtps_c.cpython-310-x86_64-linux-gnu.so
[60.105s] -- Up-to-date: /home/bth/workspace/a3_remote_bridge/.hope_ros2/install/hope_msgs/local/lib/python3.10/dist-packages/hope_msgs/hope_msgs_s__rosidl_typesupport_introspection_c.cpython-310-x86_64-linux-gnu.so
[60.105s] -- Up-to-date: /home/bth/workspace/a3_remote_bridge/.hope_ros2/install/hope_msgs/local/lib/python3.10/dist-packages/hope_msgs/hope_msgs_s__rosidl_typesupport_c.cpython-310-x86_64-linux-gnu.so
[60.105s] -- Up-to-date: /home/bth/workspace/a3_remote_bridge/.hope_ros2/install/hope_msgs/lib/libhope_msgs__rosidl_generator_py.so
[60.105s] -- Up-to-date: /home/bth/workspace/a3_remote_bridge/.hope_ros2/install/hope_msgs/share/hope_msgs/msg/RacketCommand.idl
[60.105s] -- Up-to-date: /home/bth/workspace/a3_remote_bridge/.hope_ros2/install/hope_msgs/share/hope_msgs/msg/RacketCommand.msg
[60.105s] -- Up-to-date: /home/bth/workspace/a3_remote_bridge/.hope_ros2/install/hope_msgs/share/ament_index/resource_index/package_run_dependencies/hope_msgs
[60.106s] -- Up-to-date: /home/bth/workspace/a3_remote_bridge/.hope_ros2/install/hope_msgs/share/ament_index/resource_index/parent_prefix_path/hope_msgs
[60.106s] -- Up-to-date: /home/bth/workspace/a3_remote_bridge/.hope_ros2/install/hope_msgs/share/hope_msgs/environment/ament_prefix_path.sh
[60.106s] -- Up-to-date: /home/bth/workspace/a3_remote_bridge/.hope_ros2/install/hope_msgs/share/hope_msgs/environment/ament_prefix_path.dsv
[60.106s] -- Up-to-date: /home/bth/workspace/a3_remote_bridge/.hope_ros2/install/hope_msgs/share/hope_msgs/environment/path.sh
[60.106s] -- Up-to-date: /home/bth/workspace/a3_remote_bridge/.hope_ros2/install/hope_msgs/share/hope_msgs/environment/path.dsv
[60.106s] -- Up-to-date: /home/bth/workspace/a3_remote_bridge/.hope_ros2/install/hope_msgs/share/hope_msgs/local_setup.bash
[60.106s] -- Up-to-date: /home/bth/workspace/a3_remote_bridge/.hope_ros2/install/hope_msgs/share/hope_msgs/local_setup.sh
[60.106s] -- Up-to-date: /home/bth/workspace/a3_remote_bridge/.hope_ros2/install/hope_msgs/share/hope_msgs/local_setup.zsh
[60.106s] -- Up-to-date: /home/bth/workspace/a3_remote_bridge/.hope_ros2/install/hope_msgs/share/hope_msgs/local_setup.dsv
[60.106s] -- Installing: /home/bth/workspace/a3_remote_bridge/.hope_ros2/install/hope_msgs/share/hope_msgs/package.dsv
[60.106s] -- Up-to-date: /home/bth/workspace/a3_remote_bridge/.hope_ros2/install/hope_msgs/share/ament_index/resource_index/packages/hope_msgs
[60.106s] -- Up-to-date: /home/bth/workspace/a3_remote_bridge/.hope_ros2/install/hope_msgs/share/hope_msgs/cmake/export_hope_msgs__rosidl_generator_cExport.cmake
[60.106s] -- Up-to-date: /home/bth/workspace/a3_remote_bridge/.hope_ros2/install/hope_msgs/share/hope_msgs/cmake/export_hope_msgs__rosidl_generator_cExport-noconfig.cmake
[60.106s] -- Up-to-date: /home/bth/workspace/a3_remote_bridge/.hope_ros2/install/hope_msgs/share/hope_msgs/cmake/export_hope_msgs__rosidl_typesupport_fastrtps_cExport.cmake
[60.106s] -- Up-to-date: /home/bth/workspace/a3_remote_bridge/.hope_ros2/install/hope_msgs/share/hope_msgs/cmake/export_hope_msgs__rosidl_typesupport_fastrtps_cExport-noconfig.cmake
[60.106s] -- Up-to-date: /home/bth/workspace/a3_remote_bridge/.hope_ros2/install/hope_msgs/share/hope_msgs/cmake/export_hope_msgs__rosidl_generator_cppExport.cmake
[60.106s] -- Up-to-date: /home/bth/workspace/a3_remote_bridge/.hope_ros2/install/hope_msgs/share/hope_msgs/cmake/export_hope_msgs__rosidl_typesupport_fastrtps_cppExport.cmake
[60.106s] -- Up-to-date: /home/bth/workspace/a3_remote_bridge/.hope_ros2/install/hope_msgs/share/hope_msgs/cmake/export_hope_msgs__rosidl_typesupport_fastrtps_cppExport-noconfig.cmake
[60.106s] -- Up-to-date: /home/bth/workspace/a3_remote_bridge/.hope_ros2/install/hope_msgs/share/hope_msgs/cmake/hope_msgs__rosidl_typesupport_introspection_cExport.cmake
[60.106s] -- Up-to-date: /home/bth/workspace/a3_remote_bridge/.hope_ros2/install/hope_msgs/share/hope_msgs/cmake/hope_msgs__rosidl_typesupport_introspection_cExport-noconfig.cmake
[60.106s] -- Up-to-date: /home/bth/workspace/a3_remote_bridge/.hope_ros2/install/hope_msgs/share/hope_msgs/cmake/hope_msgs__rosidl_typesupport_cExport.cmake
[60.106s] -- Up-to-date: /home/bth/workspace/a3_remote_bridge/.hope_ros2/install/hope_msgs/share/hope_msgs/cmake/hope_msgs__rosidl_typesupport_cExport-noconfig.cmake
[60.107s] -- Up-to-date: /home/bth/workspace/a3_remote_bridge/.hope_ros2/install/hope_msgs/share/hope_msgs/cmake/hope_msgs__rosidl_typesupport_introspection_cppExport.cmake
[60.107s] -- Up-to-date: /home/bth/workspace/a3_remote_bridge/.hope_ros2/install/hope_msgs/share/hope_msgs/cmake/hope_msgs__rosidl_typesupport_introspection_cppExport-noconfig.cmake
[60.107s] -- Up-to-date: /home/bth/workspace/a3_remote_bridge/.hope_ros2/install/hope_msgs/share/hope_msgs/cmake/hope_msgs__rosidl_typesupport_cppExport.cmake
[60.107s] -- Up-to-date: /home/bth/workspace/a3_remote_bridge/.hope_ros2/install/hope_msgs/share/hope_msgs/cmake/hope_msgs__rosidl_typesupport_cppExport-noconfig.cmake
[60.107s] -- Up-to-date: /home/bth/workspace/a3_remote_bridge/.hope_ros2/install/hope_msgs/share/hope_msgs/cmake/export_hope_msgs__rosidl_generator_pyExport.cmake
[60.107s] -- Up-to-date: /home/bth/workspace/a3_remote_bridge/.hope_ros2/install/hope_msgs/share/hope_msgs/cmake/export_hope_msgs__rosidl_generator_pyExport-noconfig.cmake
[60.107s] -- Up-to-date: /home/bth/workspace/a3_remote_bridge/.hope_ros2/install/hope_msgs/share/hope_msgs/cmake/rosidl_cmake-extras.cmake
[60.107s] -- Up-to-date: /home/bth/workspace/a3_remote_bridge/.hope_ros2/install/hope_msgs/share/hope_msgs/cmake/ament_cmake_export_dependencies-extras.cmake
[60.107s] -- Up-to-date: /home/bth/workspace/a3_remote_bridge/.hope_ros2/install/hope_msgs/share/hope_msgs/cmake/ament_cmake_export_include_directories-extras.cmake
[60.107s] -- Up-to-date: /home/bth/workspace/a3_remote_bridge/.hope_ros2/install/hope_msgs/share/hope_msgs/cmake/ament_cmake_export_libraries-extras.cmake
[60.107s] -- Up-to-date: /home/bth/workspace/a3_remote_bridge/.hope_ros2/install/hope_msgs/share/hope_msgs/cmake/ament_cmake_export_targets-extras.cmake
[60.107s] -- Up-to-date: /home/bth/workspace/a3_remote_bridge/.hope_ros2/install/hope_msgs/share/hope_msgs/cmake/rosidl_cmake_export_typesupport_targets-extras.cmake
[60.107s] -- Up-to-date: /home/bth/workspace/a3_remote_bridge/.hope_ros2/install/hope_msgs/share/hope_msgs/cmake/rosidl_cmake_export_typesupport_libraries-extras.cmake
[60.107s] -- Up-to-date: /home/bth/workspace/a3_remote_bridge/.hope_ros2/install/hope_msgs/share/hope_msgs/cmake/hope_msgsConfig.cmake
[60.107s] -- Up-to-date: /home/bth/workspace/a3_remote_bridge/.hope_ros2/install/hope_msgs/share/hope_msgs/cmake/hope_msgsConfig-version.cmake
[60.107s] -- Up-to-date: /home/bth/workspace/a3_remote_bridge/.hope_ros2/install/hope_msgs/share/hope_msgs/package.xml
