running egg_info
writing ../../../../../.hope_ros2/build/hope_planner/hope_planner.egg-info/PKG-INFO
writing dependency_links to ../../../../../.hope_ros2/build/hope_planner/hope_planner.egg-info/dependency_links.txt
writing entry points to ../../../../../.hope_ros2/build/hope_planner/hope_planner.egg-info/entry_points.txt
writing requirements to ../../../../../.hope_ros2/build/hope_planner/hope_planner.egg-info/requires.txt
writing top-level names to ../../../../../.hope_ros2/build/hope_planner/hope_planner.egg-info/top_level.txt
reading manifest file '../../../../../.hope_ros2/build/hope_planner/hope_planner.egg-info/SOURCES.txt'
writing manifest file '../../../../../.hope_ros2/build/hope_planner/hope_planner.egg-info/SOURCES.txt'
running build
running build_py
running install
running install_lib
creating /home/bth/workspace/a3_remote_bridge/.hope_ros2/install/hope_planner/lib/python3.10/site-packages/hope_planner
copying /home/bth/workspace/a3_remote_bridge/.hope_ros2/build/hope_planner/build/lib/hope_planner/node.py -> /home/bth/workspace/a3_remote_bridge/.hope_ros2/install/hope_planner/lib/python3.10/site-packages/hope_planner
copying /home/bth/workspace/a3_remote_bridge/.hope_ros2/build/hope_planner/build/lib/hope_planner/constants.py -> /home/bth/workspace/a3_remote_bridge/.hope_ros2/install/hope_planner/lib/python3.10/site-packages/hope_planner
copying /home/bth/workspace/a3_remote_bridge/.hope_ros2/build/hope_planner/build/lib/hope_planner/quaternion_utils.py -> /home/bth/workspace/a3_remote_bridge/.hope_ros2/install/hope_planner/lib/python3.10/site-packages/hope_planner
copying /home/bth/workspace/a3_remote_bridge/.hope_ros2/build/hope_planner/build/lib/hope_planner/task_timing.py -> /home/bth/workspace/a3_remote_bridge/.hope_ros2/install/hope_planner/lib/python3.10/site-packages/hope_planner
copying /home/bth/workspace/a3_remote_bridge/.hope_ros2/build/hope_planner/build/lib/hope_planner/planner.py -> /home/bth/workspace/a3_remote_bridge/.hope_ros2/install/hope_planner/lib/python3.10/site-packages/hope_planner
copying /home/bth/workspace/a3_remote_bridge/.hope_ros2/build/hope_planner/build/lib/hope_planner/__init__.py -> /home/bth/workspace/a3_remote_bridge/.hope_ros2/install/hope_planner/lib/python3.10/site-packages/hope_planner
copying /home/bth/workspace/a3_remote_bridge/.hope_ros2/build/hope_planner/build/lib/hope_planner/ball_trajectory_predictor.py -> /home/bth/workspace/a3_remote_bridge/.hope_ros2/install/hope_planner/lib/python3.10/site-packages/hope_planner
copying /home/bth/workspace/a3_remote_bridge/.hope_ros2/build/hope_planner/build/lib/hope_planner/strike_selection.py -> /home/bth/workspace/a3_remote_bridge/.hope_ros2/install/hope_planner/lib/python3.10/site-packages/hope_planner
copying /home/bth/workspace/a3_remote_bridge/.hope_ros2/build/hope_planner/build/lib/hope_planner/side_selection.py -> /home/bth/workspace/a3_remote_bridge/.hope_ros2/install/hope_planner/lib/python3.10/site-packages/hope_planner
copying /home/bth/workspace/a3_remote_bridge/.hope_ros2/build/hope_planner/build/lib/hope_planner/ball_contact.py -> /home/bth/workspace/a3_remote_bridge/.hope_ros2/install/hope_planner/lib/python3.10/site-packages/hope_planner
copying /home/bth/workspace/a3_remote_bridge/.hope_ros2/build/hope_planner/build/lib/hope_planner/racket_target_planner.py -> /home/bth/workspace/a3_remote_bridge/.hope_ros2/install/hope_planner/lib/python3.10/site-packages/hope_planner
copying /home/bth/workspace/a3_remote_bridge/.hope_ros2/build/hope_planner/build/lib/hope_planner/bag_to_csv.py -> /home/bth/workspace/a3_remote_bridge/.hope_ros2/install/hope_planner/lib/python3.10/site-packages/hope_planner
copying /home/bth/workspace/a3_remote_bridge/.hope_ros2/build/hope_planner/build/lib/hope_planner/incoming_cycle.py -> /home/bth/workspace/a3_remote_bridge/.hope_ros2/install/hope_planner/lib/python3.10/site-packages/hope_planner
copying /home/bth/workspace/a3_remote_bridge/.hope_ros2/build/hope_planner/build/lib/hope_planner/ball_state_estimator.py -> /home/bth/workspace/a3_remote_bridge/.hope_ros2/install/hope_planner/lib/python3.10/site-packages/hope_planner
byte-compiling /home/bth/workspace/a3_remote_bridge/.hope_ros2/install/hope_planner/lib/python3.10/site-packages/hope_planner/node.py to node.cpython-310.pyc
byte-compiling /home/bth/workspace/a3_remote_bridge/.hope_ros2/install/hope_planner/lib/python3.10/site-packages/hope_planner/constants.py to constants.cpython-310.pyc
byte-compiling /home/bth/workspace/a3_remote_bridge/.hope_ros2/install/hope_planner/lib/python3.10/site-packages/hope_planner/quaternion_utils.py to quaternion_utils.cpython-310.pyc
byte-compiling /home/bth/workspace/a3_remote_bridge/.hope_ros2/install/hope_planner/lib/python3.10/site-packages/hope_planner/task_timing.py to task_timing.cpython-310.pyc
byte-compiling /home/bth/workspace/a3_remote_bridge/.hope_ros2/install/hope_planner/lib/python3.10/site-packages/hope_planner/planner.py to planner.cpython-310.pyc
byte-compiling /home/bth/workspace/a3_remote_bridge/.hope_ros2/install/hope_planner/lib/python3.10/site-packages/hope_planner/__init__.py to __init__.cpython-310.pyc
byte-compiling /home/bth/workspace/a3_remote_bridge/.hope_ros2/install/hope_planner/lib/python3.10/site-packages/hope_planner/ball_trajectory_predictor.py to ball_trajectory_predictor.cpython-310.pyc
byte-compiling /home/bth/workspace/a3_remote_bridge/.hope_ros2/install/hope_planner/lib/python3.10/site-packages/hope_planner/strike_selection.py to strike_selection.cpython-310.pyc
byte-compiling /home/bth/workspace/a3_remote_bridge/.hope_ros2/install/hope_planner/lib/python3.10/site-packages/hope_planner/side_selection.py to side_selection.cpython-310.pyc
byte-compiling /home/bth/workspace/a3_remote_bridge/.hope_ros2/install/hope_planner/lib/python3.10/site-packages/hope_planner/ball_contact.py to ball_contact.cpython-310.pyc
byte-compiling /home/bth/workspace/a3_remote_bridge/.hope_ros2/install/hope_planner/lib/python3.10/site-packages/hope_planner/racket_target_planner.py to racket_target_planner.cpython-310.pyc
byte-compiling /home/bth/workspace/a3_remote_bridge/.hope_ros2/install/hope_planner/lib/python3.10/site-packages/hope_planner/bag_to_csv.py to bag_to_csv.cpython-310.pyc
byte-compiling /home/bth/workspace/a3_remote_bridge/.hope_ros2/install/hope_planner/lib/python3.10/site-packages/hope_planner/incoming_cycle.py to incoming_cycle.cpython-310.pyc
byte-compiling /home/bth/workspace/a3_remote_bridge/.hope_ros2/install/hope_planner/lib/python3.10/site-packages/hope_planner/ball_state_estimator.py to ball_state_estimator.cpython-310.pyc
running install_data
running install_egg_info
Copying ../../../../../.hope_ros2/build/hope_planner/hope_planner.egg-info to /home/bth/workspace/a3_remote_bridge/.hope_ros2/install/hope_planner/lib/python3.10/site-packages/hope_planner-0.0.0-py3.10.egg-info
running install_scripts
Installing hope_bag_to_csv script to /home/bth/workspace/a3_remote_bridge/.hope_ros2/install/hope_planner/lib/hope_planner
Installing hope_planner_node script to /home/bth/workspace/a3_remote_bridge/.hope_ros2/install/hope_planner/lib/hope_planner
writing list of installed files to '/home/bth/workspace/a3_remote_bridge/.hope_ros2/build/hope_planner/install.log'
