[0.062s] DEBUG:colcon:Command line arguments: ['/usr/bin/colcon', '--log-base', '/home/bth/workspace/a3_remote_bridge/.hope_ros2/log', 'build', '--build-base', '/home/bth/workspace/a3_remote_bridge/.hope_ros2/build', '--install-base', '/home/bth/workspace/a3_remote_bridge/.hope_ros2/install', '--packages-up-to', 'hope_planner', '--cmake-args', '-DPython3_EXECUTABLE=/usr/bin/python3']
[0.062s] DEBUG:colcon:Parsed command line arguments: Namespace(log_base='/home/bth/workspace/a3_remote_bridge/.hope_ros2/log', log_level=None, verb_name='build', build_base='/home/bth/workspace/a3_remote_bridge/.hope_ros2/build', install_base='/home/bth/workspace/a3_remote_bridge/.hope_ros2/install', merge_install=False, symlink_install=False, test_result_base=None, continue_on_error=False, executor='parallel', parallel_workers=20, event_handlers=None, ignore_user_meta=False, metas=['./colcon.meta'], base_paths=['.'], packages_ignore=None, packages_ignore_regex=None, paths=None, packages_up_to=['hope_planner'], packages_up_to_regex=None, packages_above=None, packages_above_and_dependencies=None, packages_above_depth=None, packages_select_by_dep=None, packages_skip_by_dep=None, packages_skip_up_to=None, packages_select_build_failed=False, packages_skip_build_finished=False, packages_select_test_failures=False, packages_skip_test_passed=False, packages_select=None, packages_skip=None, packages_select_regex=None, packages_skip_regex=None, packages_start=None, packages_end=None, allow_overriding=[], cmake_args=['-DPython3_EXECUTABLE=/usr/bin/python3'], cmake_target=None, cmake_target_skip_unavailable=False, cmake_clean_cache=False, cmake_clean_first=False, cmake_force_configure=False, ament_cmake_args=None, catkin_cmake_args=None, catkin_skip_building_tests=False, mixin_files=None, mixin=None, verb_parser=<colcon_mixin.mixin.mixin_argument.MixinArgumentDecorator object at 0x7e596c40b1f0>, verb_extension=<colcon_core.verb.build.BuildVerb object at 0x7e596c3c4760>, main=<bound method BuildVerb.main of <colcon_core.verb.build.BuildVerb object at 0x7e596c3c4760>>, mixin_verb=('build',))
[0.191s] Level 1:colcon.colcon_core.package_discovery:discover_packages(colcon_meta) check parameters
[0.191s] Level 1:colcon.colcon_core.package_discovery:discover_packages(recursive) check parameters
[0.191s] Level 1:colcon.colcon_core.package_discovery:discover_packages(ignore) check parameters
[0.191s] Level 1:colcon.colcon_core.package_discovery:discover_packages(path) check parameters
[0.191s] Level 1:colcon.colcon_core.package_discovery:discover_packages(colcon_meta) discover
[0.191s] Level 1:colcon.colcon_core.package_discovery:discover_packages(recursive) discover
[0.191s] INFO:colcon.colcon_core.package_discovery:Crawling recursively for packages in '/home/bth/workspace/a3_remote_bridge/26.7.25发球部署/pingpang_ustc-srf/hope_ws'
[0.191s] Level 1:colcon.colcon_core.package_identification:_identify(.) by extensions ['ignore', 'ignore_ament_install']
[0.191s] Level 1:colcon.colcon_core.package_identification:_identify(.) by extension 'ignore'
[0.191s] Level 1:colcon.colcon_core.package_identification:_identify(.) by extension 'ignore_ament_install'
[0.191s] Level 1:colcon.colcon_core.package_identification:_identify(.) by extensions ['colcon_pkg']
[0.191s] Level 1:colcon.colcon_core.package_identification:_identify(.) by extension 'colcon_pkg'
[0.191s] Level 1:colcon.colcon_core.package_identification:_identify(.) by extensions ['colcon_meta']
[0.191s] Level 1:colcon.colcon_core.package_identification:_identify(.) by extension 'colcon_meta'
[0.191s] Level 1:colcon.colcon_core.package_identification:_identify(.) by extensions ['ros']
[0.191s] Level 1:colcon.colcon_core.package_identification:_identify(.) by extension 'ros'
[0.196s] Level 1:colcon.colcon_core.package_identification:_identify(.) by extensions ['cmake', 'python']
[0.196s] Level 1:colcon.colcon_core.package_identification:_identify(.) by extension 'cmake'
[0.196s] Level 1:colcon.colcon_core.package_identification:_identify(.) by extension 'python'
[0.196s] Level 1:colcon.colcon_core.package_identification:_identify(.) by extensions ['python_setup_py']
[0.196s] Level 1:colcon.colcon_core.package_identification:_identify(.) by extension 'python_setup_py'
[0.196s] Level 1:colcon.colcon_core.package_identification:_identify(scripts) by extensions ['ignore', 'ignore_ament_install']
[0.196s] Level 1:colcon.colcon_core.package_identification:_identify(scripts) by extension 'ignore'
[0.196s] Level 1:colcon.colcon_core.package_identification:_identify(scripts) by extension 'ignore_ament_install'
[0.196s] Level 1:colcon.colcon_core.package_identification:_identify(scripts) by extensions ['colcon_pkg']
[0.196s] Level 1:colcon.colcon_core.package_identification:_identify(scripts) by extension 'colcon_pkg'
[0.196s] Level 1:colcon.colcon_core.package_identification:_identify(scripts) by extensions ['colcon_meta']
[0.196s] Level 1:colcon.colcon_core.package_identification:_identify(scripts) by extension 'colcon_meta'
[0.196s] Level 1:colcon.colcon_core.package_identification:_identify(scripts) by extensions ['ros']
[0.196s] Level 1:colcon.colcon_core.package_identification:_identify(scripts) by extension 'ros'
[0.196s] Level 1:colcon.colcon_core.package_identification:_identify(scripts) by extensions ['cmake', 'python']
[0.196s] Level 1:colcon.colcon_core.package_identification:_identify(scripts) by extension 'cmake'
[0.196s] Level 1:colcon.colcon_core.package_identification:_identify(scripts) by extension 'python'
[0.196s] Level 1:colcon.colcon_core.package_identification:_identify(scripts) by extensions ['python_setup_py']
[0.196s] Level 1:colcon.colcon_core.package_identification:_identify(scripts) by extension 'python_setup_py'
[0.196s] Level 1:colcon.colcon_core.package_identification:_identify(src) by extensions ['ignore', 'ignore_ament_install']
[0.196s] Level 1:colcon.colcon_core.package_identification:_identify(src) by extension 'ignore'
[0.196s] Level 1:colcon.colcon_core.package_identification:_identify(src) by extension 'ignore_ament_install'
[0.196s] Level 1:colcon.colcon_core.package_identification:_identify(src) by extensions ['colcon_pkg']
[0.196s] Level 1:colcon.colcon_core.package_identification:_identify(src) by extension 'colcon_pkg'
[0.196s] Level 1:colcon.colcon_core.package_identification:_identify(src) by extensions ['colcon_meta']
[0.196s] Level 1:colcon.colcon_core.package_identification:_identify(src) by extension 'colcon_meta'
[0.196s] Level 1:colcon.colcon_core.package_identification:_identify(src) by extensions ['ros']
[0.196s] Level 1:colcon.colcon_core.package_identification:_identify(src) by extension 'ros'
[0.196s] Level 1:colcon.colcon_core.package_identification:_identify(src) by extensions ['cmake', 'python']
[0.196s] Level 1:colcon.colcon_core.package_identification:_identify(src) by extension 'cmake'
[0.196s] Level 1:colcon.colcon_core.package_identification:_identify(src) by extension 'python'
[0.196s] Level 1:colcon.colcon_core.package_identification:_identify(src) by extensions ['python_setup_py']
[0.196s] Level 1:colcon.colcon_core.package_identification:_identify(src) by extension 'python_setup_py'
[0.196s] Level 1:colcon.colcon_core.package_identification:_identify(src/hope_bringup) by extensions ['ignore', 'ignore_ament_install']
[0.197s] Level 1:colcon.colcon_core.package_identification:_identify(src/hope_bringup) by extension 'ignore'
[0.197s] Level 1:colcon.colcon_core.package_identification:_identify(src/hope_bringup) by extension 'ignore_ament_install'
[0.197s] Level 1:colcon.colcon_core.package_identification:_identify(src/hope_bringup) by extensions ['colcon_pkg']
[0.197s] Level 1:colcon.colcon_core.package_identification:_identify(src/hope_bringup) by extension 'colcon_pkg'
[0.197s] Level 1:colcon.colcon_core.package_identification:_identify(src/hope_bringup) by extensions ['colcon_meta']
[0.197s] Level 1:colcon.colcon_core.package_identification:_identify(src/hope_bringup) by extension 'colcon_meta'
[0.197s] Level 1:colcon.colcon_core.package_identification:_identify(src/hope_bringup) by extensions ['ros']
[0.197s] Level 1:colcon.colcon_core.package_identification:_identify(src/hope_bringup) by extension 'ros'
[0.198s] DEBUG:colcon.colcon_core.package_identification:Package 'src/hope_bringup' with type 'ros.ament_cmake' and name 'hope_bringup'
[0.198s] Level 1:colcon.colcon_core.package_identification:_identify(src/hope_msgs) by extensions ['ignore', 'ignore_ament_install']
[0.198s] Level 1:colcon.colcon_core.package_identification:_identify(src/hope_msgs) by extension 'ignore'
[0.198s] Level 1:colcon.colcon_core.package_identification:_identify(src/hope_msgs) by extension 'ignore_ament_install'
[0.198s] Level 1:colcon.colcon_core.package_identification:_identify(src/hope_msgs) by extensions ['colcon_pkg']
[0.198s] Level 1:colcon.colcon_core.package_identification:_identify(src/hope_msgs) by extension 'colcon_pkg'
[0.198s] Level 1:colcon.colcon_core.package_identification:_identify(src/hope_msgs) by extensions ['colcon_meta']
[0.198s] Level 1:colcon.colcon_core.package_identification:_identify(src/hope_msgs) by extension 'colcon_meta'
[0.198s] Level 1:colcon.colcon_core.package_identification:_identify(src/hope_msgs) by extensions ['ros']
[0.198s] Level 1:colcon.colcon_core.package_identification:_identify(src/hope_msgs) by extension 'ros'
[0.198s] DEBUG:colcon.colcon_core.package_identification:Package 'src/hope_msgs' with type 'ros.ament_cmake' and name 'hope_msgs'
[0.198s] Level 1:colcon.colcon_core.package_identification:_identify(src/hope_planner) by extensions ['ignore', 'ignore_ament_install']
[0.198s] Level 1:colcon.colcon_core.package_identification:_identify(src/hope_planner) by extension 'ignore'
[0.198s] Level 1:colcon.colcon_core.package_identification:_identify(src/hope_planner) by extension 'ignore_ament_install'
[0.198s] Level 1:colcon.colcon_core.package_identification:_identify(src/hope_planner) by extensions ['colcon_pkg']
[0.198s] Level 1:colcon.colcon_core.package_identification:_identify(src/hope_planner) by extension 'colcon_pkg'
[0.198s] Level 1:colcon.colcon_core.package_identification:_identify(src/hope_planner) by extensions ['colcon_meta']
[0.198s] Level 1:colcon.colcon_core.package_identification:_identify(src/hope_planner) by extension 'colcon_meta'
[0.198s] Level 1:colcon.colcon_core.package_identification:_identify(src/hope_planner) by extensions ['ros']
[0.198s] Level 1:colcon.colcon_core.package_identification:_identify(src/hope_planner) by extension 'ros'
[0.199s] DEBUG:colcon.colcon_core.package_identification:Package 'src/hope_planner' with type 'ros.ament_python' and name 'hope_planner'
[0.199s] Level 1:colcon.colcon_core.package_identification:_identify(src/vrpn_mocap) by extensions ['ignore', 'ignore_ament_install']
[0.199s] Level 1:colcon.colcon_core.package_identification:_identify(src/vrpn_mocap) by extension 'ignore'
[0.199s] Level 1:colcon.colcon_core.package_identification:_identify(src/vrpn_mocap) by extension 'ignore_ament_install'
[0.199s] Level 1:colcon.colcon_core.package_identification:_identify(src/vrpn_mocap) by extensions ['colcon_pkg']
[0.199s] Level 1:colcon.colcon_core.package_identification:_identify(src/vrpn_mocap) by extension 'colcon_pkg'
[0.199s] Level 1:colcon.colcon_core.package_identification:_identify(src/vrpn_mocap) by extensions ['colcon_meta']
[0.199s] Level 1:colcon.colcon_core.package_identification:_identify(src/vrpn_mocap) by extension 'colcon_meta'
[0.199s] Level 1:colcon.colcon_core.package_identification:_identify(src/vrpn_mocap) by extensions ['ros']
[0.199s] Level 1:colcon.colcon_core.package_identification:_identify(src/vrpn_mocap) by extension 'ros'
[0.199s] DEBUG:colcon.colcon_core.package_identification:Package 'src/vrpn_mocap' with type 'ros.ament_cmake' and name 'vrpn_mocap'
[0.199s] Level 1:colcon.colcon_core.package_discovery:discover_packages(recursive) using defaults
[0.199s] Level 1:colcon.colcon_core.package_discovery:discover_packages(ignore) discover
[0.199s] Level 1:colcon.colcon_core.package_discovery:discover_packages(ignore) using defaults
[0.199s] Level 1:colcon.colcon_core.package_discovery:discover_packages(path) discover
[0.199s] Level 1:colcon.colcon_core.package_discovery:discover_packages(path) using defaults
[0.215s] INFO:colcon.colcon_core.package_selection:Skipping package 'hope_bringup' in 'src/hope_bringup'
[0.215s] INFO:colcon.colcon_core.package_selection:Skipping package 'vrpn_mocap' in 'src/vrpn_mocap'
[0.215s] Level 1:colcon.colcon_core.package_discovery:discover_packages(prefix_path) check parameters
[0.215s] Level 1:colcon.colcon_core.package_discovery:discover_packages(prefix_path) discover
[0.217s] DEBUG:colcon.colcon_installed_package_information.package_discovery:Found 4 installed packages in /home/bth/workspace/Mocap/install
[0.217s] DEBUG:colcon.colcon_installed_package_information.package_discovery:Found 321 installed packages in /opt/ros/humble
[0.218s] Level 1:colcon.colcon_core.package_discovery:discover_packages(prefix_path) using defaults
[0.235s] Level 5:colcon.colcon_core.verb:set package 'hope_msgs' build argument 'cmake_args' from command line to '['-DPython3_EXECUTABLE=/usr/bin/python3']'
[0.235s] Level 5:colcon.colcon_core.verb:set package 'hope_msgs' build argument 'cmake_target' from command line to 'None'
[0.235s] Level 5:colcon.colcon_core.verb:set package 'hope_msgs' build argument 'cmake_target_skip_unavailable' from command line to 'False'
[0.235s] Level 5:colcon.colcon_core.verb:set package 'hope_msgs' build argument 'cmake_clean_cache' from command line to 'False'
[0.235s] Level 5:colcon.colcon_core.verb:set package 'hope_msgs' build argument 'cmake_clean_first' from command line to 'False'
[0.235s] Level 5:colcon.colcon_core.verb:set package 'hope_msgs' build argument 'cmake_force_configure' from command line to 'False'
[0.235s] Level 5:colcon.colcon_core.verb:set package 'hope_msgs' build argument 'ament_cmake_args' from command line to 'None'
[0.235s] Level 5:colcon.colcon_core.verb:set package 'hope_msgs' build argument 'catkin_cmake_args' from command line to 'None'
[0.235s] Level 5:colcon.colcon_core.verb:set package 'hope_msgs' build argument 'catkin_skip_building_tests' from command line to 'False'
[0.235s] DEBUG:colcon.colcon_core.verb:Building package 'hope_msgs' with the following arguments: {'ament_cmake_args': None, 'build_base': '/home/bth/workspace/a3_remote_bridge/.hope_ros2/build/hope_msgs', 'catkin_cmake_args': None, 'catkin_skip_building_tests': False, 'cmake_args': ['-DPython3_EXECUTABLE=/usr/bin/python3'], 'cmake_clean_cache': False, 'cmake_clean_first': False, 'cmake_force_configure': False, 'cmake_target': None, 'cmake_target_skip_unavailable': False, 'install_base': '/home/bth/workspace/a3_remote_bridge/.hope_ros2/install/hope_msgs', 'merge_install': False, 'path': '/home/bth/workspace/a3_remote_bridge/26.7.25发球部署/pingpang_ustc-srf/hope_ws/src/hope_msgs', 'symlink_install': False, 'test_result_base': None}
[0.235s] Level 5:colcon.colcon_core.verb:set package 'hope_planner' build argument 'cmake_args' from command line to '['-DPython3_EXECUTABLE=/usr/bin/python3']'
[0.235s] Level 5:colcon.colcon_core.verb:set package 'hope_planner' build argument 'cmake_target' from command line to 'None'
[0.235s] Level 5:colcon.colcon_core.verb:set package 'hope_planner' build argument 'cmake_target_skip_unavailable' from command line to 'False'
[0.235s] Level 5:colcon.colcon_core.verb:set package 'hope_planner' build argument 'cmake_clean_cache' from command line to 'False'
[0.235s] Level 5:colcon.colcon_core.verb:set package 'hope_planner' build argument 'cmake_clean_first' from command line to 'False'
[0.235s] Level 5:colcon.colcon_core.verb:set package 'hope_planner' build argument 'cmake_force_configure' from command line to 'False'
[0.235s] Level 5:colcon.colcon_core.verb:set package 'hope_planner' build argument 'ament_cmake_args' from command line to 'None'
[0.235s] Level 5:colcon.colcon_core.verb:set package 'hope_planner' build argument 'catkin_cmake_args' from command line to 'None'
[0.235s] Level 5:colcon.colcon_core.verb:set package 'hope_planner' build argument 'catkin_skip_building_tests' from command line to 'False'
[0.235s] DEBUG:colcon.colcon_core.verb:Building package 'hope_planner' with the following arguments: {'ament_cmake_args': None, 'build_base': '/home/bth/workspace/a3_remote_bridge/.hope_ros2/build/hope_planner', 'catkin_cmake_args': None, 'catkin_skip_building_tests': False, 'cmake_args': ['-DPython3_EXECUTABLE=/usr/bin/python3'], 'cmake_clean_cache': False, 'cmake_clean_first': False, 'cmake_force_configure': False, 'cmake_target': None, 'cmake_target_skip_unavailable': False, 'install_base': '/home/bth/workspace/a3_remote_bridge/.hope_ros2/install/hope_planner', 'merge_install': False, 'path': '/home/bth/workspace/a3_remote_bridge/26.7.25发球部署/pingpang_ustc-srf/hope_ws/src/hope_planner', 'symlink_install': False, 'test_result_base': None}
[0.235s] INFO:colcon.colcon_core.executor:Executing jobs using 'parallel' executor
[0.236s] DEBUG:colcon.colcon_parallel_executor.executor.parallel:run_until_complete
[0.236s] INFO:colcon.colcon_ros.task.ament_cmake.build:Building ROS package in '/home/bth/workspace/a3_remote_bridge/26.7.25发球部署/pingpang_ustc-srf/hope_ws/src/hope_msgs' with build type 'ament_cmake'
[0.236s] INFO:colcon.colcon_cmake.task.cmake.build:Building CMake package in '/home/bth/workspace/a3_remote_bridge/26.7.25发球部署/pingpang_ustc-srf/hope_ws/src/hope_msgs'
[0.238s] INFO:colcon.colcon_core.plugin_system:Skipping extension 'colcon_core.shell.bat': Not used on non-Windows systems
[0.238s] INFO:colcon.colcon_core.shell:Skip shell extension 'powershell' for command environment: Not usable outside of PowerShell
[0.238s] DEBUG:colcon.colcon_core.shell:Skip shell extension 'dsv' for command environment
[0.245s] DEBUG:colcon.colcon_core.event_handler.log_command:Invoking command in '/home/bth/workspace/a3_remote_bridge/.hope_ros2/build/hope_msgs': CMAKE_PREFIX_PATH=${CMAKE_PREFIX_PATH}:/home/bth/workspace/Mocap/install/ppmocap_tools:/home/bth/workspace/Mocap/install/ppmocap_prediction:/opt/ros/humble /usr/bin/cmake --build /home/bth/workspace/a3_remote_bridge/.hope_ros2/build/hope_msgs -- -j20 -l20
[0.461s] DEBUG:colcon.colcon_core.event_handler.log_command:Invoked command in '/home/bth/workspace/a3_remote_bridge/.hope_ros2/build/hope_msgs' returned '0': CMAKE_PREFIX_PATH=${CMAKE_PREFIX_PATH}:/home/bth/workspace/Mocap/install/ppmocap_tools:/home/bth/workspace/Mocap/install/ppmocap_prediction:/opt/ros/humble /usr/bin/cmake --build /home/bth/workspace/a3_remote_bridge/.hope_ros2/build/hope_msgs -- -j20 -l20
[0.469s] DEBUG:colcon.colcon_core.event_handler.log_command:Invoking command in '/home/bth/workspace/a3_remote_bridge/.hope_ros2/build/hope_msgs': CMAKE_PREFIX_PATH=${CMAKE_PREFIX_PATH}:/home/bth/workspace/Mocap/install/ppmocap_tools:/home/bth/workspace/Mocap/install/ppmocap_prediction:/opt/ros/humble /usr/bin/cmake --install /home/bth/workspace/a3_remote_bridge/.hope_ros2/build/hope_msgs
[0.504s] Level 1:colcon.colcon_core.environment:create_environment_scripts_only(hope_msgs)
[0.504s] DEBUG:colcon.colcon_core.event_handler.log_command:Invoked command in '/home/bth/workspace/a3_remote_bridge/.hope_ros2/build/hope_msgs' returned '0': CMAKE_PREFIX_PATH=${CMAKE_PREFIX_PATH}:/home/bth/workspace/Mocap/install/ppmocap_tools:/home/bth/workspace/Mocap/install/ppmocap_prediction:/opt/ros/humble /usr/bin/cmake --install /home/bth/workspace/a3_remote_bridge/.hope_ros2/build/hope_msgs
[0.508s] Level 1:colcon.colcon_core.environment:checking '/home/bth/workspace/a3_remote_bridge/.hope_ros2/install/hope_msgs' for CMake module files
[0.509s] Level 1:colcon.colcon_core.environment:checking '/home/bth/workspace/a3_remote_bridge/.hope_ros2/install/hope_msgs' for CMake config files
[0.509s] Level 1:colcon.colcon_core.shell:create_environment_hook('hope_msgs', 'cmake_prefix_path')
[0.510s] INFO:colcon.colcon_core.shell:Creating environment hook '/home/bth/workspace/a3_remote_bridge/.hope_ros2/install/hope_msgs/share/hope_msgs/hook/cmake_prefix_path.ps1'
[0.510s] INFO:colcon.colcon_core.shell:Creating environment descriptor '/home/bth/workspace/a3_remote_bridge/.hope_ros2/install/hope_msgs/share/hope_msgs/hook/cmake_prefix_path.dsv'
[0.511s] INFO:colcon.colcon_core.shell:Creating environment hook '/home/bth/workspace/a3_remote_bridge/.hope_ros2/install/hope_msgs/share/hope_msgs/hook/cmake_prefix_path.sh'
[0.512s] Level 1:colcon.colcon_core.environment:checking '/home/bth/workspace/a3_remote_bridge/.hope_ros2/install/hope_msgs/lib'
[0.512s] Level 1:colcon.colcon_core.shell:create_environment_hook('hope_msgs', 'ld_library_path_lib')
[0.512s] INFO:colcon.colcon_core.shell:Creating environment hook '/home/bth/workspace/a3_remote_bridge/.hope_ros2/install/hope_msgs/share/hope_msgs/hook/ld_library_path_lib.ps1'
[0.512s] INFO:colcon.colcon_core.shell:Creating environment descriptor '/home/bth/workspace/a3_remote_bridge/.hope_ros2/install/hope_msgs/share/hope_msgs/hook/ld_library_path_lib.dsv'
[0.513s] INFO:colcon.colcon_core.shell:Creating environment hook '/home/bth/workspace/a3_remote_bridge/.hope_ros2/install/hope_msgs/share/hope_msgs/hook/ld_library_path_lib.sh'
[0.513s] Level 1:colcon.colcon_core.environment:checking '/home/bth/workspace/a3_remote_bridge/.hope_ros2/install/hope_msgs/bin'
[0.513s] Level 1:colcon.colcon_core.environment:checking '/home/bth/workspace/a3_remote_bridge/.hope_ros2/install/hope_msgs/lib/pkgconfig/hope_msgs.pc'
[0.513s] Level 1:colcon.colcon_core.environment:checking '/home/bth/workspace/a3_remote_bridge/.hope_ros2/install/hope_msgs/lib/python3.10/site-packages'
[0.514s] Level 1:colcon.colcon_core.environment:checking '/home/bth/workspace/a3_remote_bridge/.hope_ros2/install/hope_msgs/bin'
[0.514s] INFO:colcon.colcon_core.shell:Creating package script '/home/bth/workspace/a3_remote_bridge/.hope_ros2/install/hope_msgs/share/hope_msgs/package.ps1'
[0.515s] INFO:colcon.colcon_core.shell:Creating package descriptor '/home/bth/workspace/a3_remote_bridge/.hope_ros2/install/hope_msgs/share/hope_msgs/package.dsv'
[0.515s] INFO:colcon.colcon_core.shell:Creating package script '/home/bth/workspace/a3_remote_bridge/.hope_ros2/install/hope_msgs/share/hope_msgs/package.sh'
[0.515s] INFO:colcon.colcon_core.shell:Creating package script '/home/bth/workspace/a3_remote_bridge/.hope_ros2/install/hope_msgs/share/hope_msgs/package.bash'
[0.516s] INFO:colcon.colcon_core.shell:Creating package script '/home/bth/workspace/a3_remote_bridge/.hope_ros2/install/hope_msgs/share/hope_msgs/package.zsh'
[0.516s] Level 1:colcon.colcon_core.environment:create_file_with_runtime_dependencies(/home/bth/workspace/a3_remote_bridge/.hope_ros2/install/hope_msgs/share/colcon-core/packages/hope_msgs)
[0.516s] Level 1:colcon.colcon_core.environment:create_environment_scripts_only(hope_msgs)
[0.517s] Level 1:colcon.colcon_core.environment:checking '/home/bth/workspace/a3_remote_bridge/.hope_ros2/install/hope_msgs' for CMake module files
[0.517s] Level 1:colcon.colcon_core.environment:checking '/home/bth/workspace/a3_remote_bridge/.hope_ros2/install/hope_msgs' for CMake config files
[0.517s] Level 1:colcon.colcon_core.shell:create_environment_hook('hope_msgs', 'cmake_prefix_path')
[0.517s] INFO:colcon.colcon_core.shell:Creating environment hook '/home/bth/workspace/a3_remote_bridge/.hope_ros2/install/hope_msgs/share/hope_msgs/hook/cmake_prefix_path.ps1'
[0.517s] INFO:colcon.colcon_core.shell:Creating environment descriptor '/home/bth/workspace/a3_remote_bridge/.hope_ros2/install/hope_msgs/share/hope_msgs/hook/cmake_prefix_path.dsv'
[0.517s] INFO:colcon.colcon_core.shell:Creating environment hook '/home/bth/workspace/a3_remote_bridge/.hope_ros2/install/hope_msgs/share/hope_msgs/hook/cmake_prefix_path.sh'
[0.518s] Level 1:colcon.colcon_core.environment:checking '/home/bth/workspace/a3_remote_bridge/.hope_ros2/install/hope_msgs/lib'
[0.518s] Level 1:colcon.colcon_core.shell:create_environment_hook('hope_msgs', 'ld_library_path_lib')
[0.518s] INFO:colcon.colcon_core.shell:Creating environment hook '/home/bth/workspace/a3_remote_bridge/.hope_ros2/install/hope_msgs/share/hope_msgs/hook/ld_library_path_lib.ps1'
[0.518s] INFO:colcon.colcon_core.shell:Creating environment descriptor '/home/bth/workspace/a3_remote_bridge/.hope_ros2/install/hope_msgs/share/hope_msgs/hook/ld_library_path_lib.dsv'
[0.518s] INFO:colcon.colcon_core.shell:Creating environment hook '/home/bth/workspace/a3_remote_bridge/.hope_ros2/install/hope_msgs/share/hope_msgs/hook/ld_library_path_lib.sh'
[0.518s] Level 1:colcon.colcon_core.environment:checking '/home/bth/workspace/a3_remote_bridge/.hope_ros2/install/hope_msgs/bin'
[0.518s] Level 1:colcon.colcon_core.environment:checking '/home/bth/workspace/a3_remote_bridge/.hope_ros2/install/hope_msgs/lib/pkgconfig/hope_msgs.pc'
[0.518s] Level 1:colcon.colcon_core.environment:checking '/home/bth/workspace/a3_remote_bridge/.hope_ros2/install/hope_msgs/lib/python3.10/site-packages'
[0.518s] Level 1:colcon.colcon_core.environment:checking '/home/bth/workspace/a3_remote_bridge/.hope_ros2/install/hope_msgs/bin'
[0.518s] INFO:colcon.colcon_core.shell:Creating package script '/home/bth/workspace/a3_remote_bridge/.hope_ros2/install/hope_msgs/share/hope_msgs/package.ps1'
[0.519s] INFO:colcon.colcon_core.shell:Creating package descriptor '/home/bth/workspace/a3_remote_bridge/.hope_ros2/install/hope_msgs/share/hope_msgs/package.dsv'
[0.519s] INFO:colcon.colcon_core.shell:Creating package script '/home/bth/workspace/a3_remote_bridge/.hope_ros2/install/hope_msgs/share/hope_msgs/package.sh'
[0.519s] INFO:colcon.colcon_core.shell:Creating package script '/home/bth/workspace/a3_remote_bridge/.hope_ros2/install/hope_msgs/share/hope_msgs/package.bash'
[0.519s] INFO:colcon.colcon_core.shell:Creating package script '/home/bth/workspace/a3_remote_bridge/.hope_ros2/install/hope_msgs/share/hope_msgs/package.zsh'
[0.519s] Level 1:colcon.colcon_core.environment:create_file_with_runtime_dependencies(/home/bth/workspace/a3_remote_bridge/.hope_ros2/install/hope_msgs/share/colcon-core/packages/hope_msgs)
[0.519s] INFO:colcon.colcon_ros.task.ament_python.build:Building ROS package in '/home/bth/workspace/a3_remote_bridge/26.7.25发球部署/pingpang_ustc-srf/hope_ws/src/hope_planner' with build type 'ament_python'
[0.520s] Level 1:colcon.colcon_core.shell:create_environment_hook('hope_planner', 'ament_prefix_path')
[0.520s] INFO:colcon.colcon_core.shell:Creating environment hook '/home/bth/workspace/a3_remote_bridge/.hope_ros2/install/hope_planner/share/hope_planner/hook/ament_prefix_path.ps1'
[0.520s] INFO:colcon.colcon_core.shell:Creating environment descriptor '/home/bth/workspace/a3_remote_bridge/.hope_ros2/install/hope_planner/share/hope_planner/hook/ament_prefix_path.dsv'
[0.520s] INFO:colcon.colcon_core.shell:Creating environment hook '/home/bth/workspace/a3_remote_bridge/.hope_ros2/install/hope_planner/share/hope_planner/hook/ament_prefix_path.sh'
[0.520s] INFO:colcon.colcon_core.shell:Skip shell extension 'powershell' for command environment: Not usable outside of PowerShell
[0.520s] DEBUG:colcon.colcon_core.shell:Skip shell extension 'dsv' for command environment
[0.645s] INFO:colcon.colcon_core.task.python.build:Building Python package in '/home/bth/workspace/a3_remote_bridge/26.7.25发球部署/pingpang_ustc-srf/hope_ws/src/hope_planner'
[0.646s] INFO:colcon.colcon_core.shell:Skip shell extension 'powershell' for command environment: Not usable outside of PowerShell
[0.646s] DEBUG:colcon.colcon_core.shell:Skip shell extension 'dsv' for command environment
[0.875s] DEBUG:colcon.colcon_core.event_handler.log_command:Invoking command in '/home/bth/workspace/a3_remote_bridge/26.7.25发球部署/pingpang_ustc-srf/hope_ws/src/hope_planner': AMENT_PREFIX_PATH=/home/bth/workspace/a3_remote_bridge/.hope_ros2/install/hope_msgs:${AMENT_PREFIX_PATH} CMAKE_PREFIX_PATH=/home/bth/workspace/a3_remote_bridge/.hope_ros2/install/hope_msgs:${CMAKE_PREFIX_PATH} LD_LIBRARY_PATH=/home/bth/workspace/a3_remote_bridge/.hope_ros2/install/hope_msgs/lib:${LD_LIBRARY_PATH} PYTHONPATH=/home/bth/workspace/a3_remote_bridge/.hope_ros2/build/hope_planner/prefix_override:/usr/lib/python3/dist-packages/colcon_core/task/python/colcon_distutils_commands:/home/bth/workspace/a3_remote_bridge/.hope_ros2/install/hope_planner/lib/python3.10/site-packages:/home/bth/workspace/a3_remote_bridge/.hope_ros2/install/hope_msgs/local/lib/python3.10/dist-packages:${PYTHONPATH} /usr/bin/python3 -W ignore:setup.py install is deprecated -W ignore:easy_install command is deprecated setup.py egg_info --egg-base ../../../../../.hope_ros2/build/hope_planner build --build-base /home/bth/workspace/a3_remote_bridge/.hope_ros2/build/hope_planner/build install --record /home/bth/workspace/a3_remote_bridge/.hope_ros2/build/hope_planner/install.log --single-version-externally-managed install_data
[1.016s] Level 1:colcon.colcon_core.environment:checking '/home/bth/workspace/a3_remote_bridge/.hope_ros2/install/hope_planner' for CMake module files
[1.016s] DEBUG:colcon.colcon_core.event_handler.log_command:Invoked command in '/home/bth/workspace/a3_remote_bridge/26.7.25发球部署/pingpang_ustc-srf/hope_ws/src/hope_planner' returned '0': AMENT_PREFIX_PATH=/home/bth/workspace/a3_remote_bridge/.hope_ros2/install/hope_msgs:${AMENT_PREFIX_PATH} CMAKE_PREFIX_PATH=/home/bth/workspace/a3_remote_bridge/.hope_ros2/install/hope_msgs:${CMAKE_PREFIX_PATH} LD_LIBRARY_PATH=/home/bth/workspace/a3_remote_bridge/.hope_ros2/install/hope_msgs/lib:${LD_LIBRARY_PATH} PYTHONPATH=/home/bth/workspace/a3_remote_bridge/.hope_ros2/build/hope_planner/prefix_override:/usr/lib/python3/dist-packages/colcon_core/task/python/colcon_distutils_commands:/home/bth/workspace/a3_remote_bridge/.hope_ros2/install/hope_planner/lib/python3.10/site-packages:/home/bth/workspace/a3_remote_bridge/.hope_ros2/install/hope_msgs/local/lib/python3.10/dist-packages:${PYTHONPATH} /usr/bin/python3 -W ignore:setup.py install is deprecated -W ignore:easy_install command is deprecated setup.py egg_info --egg-base ../../../../../.hope_ros2/build/hope_planner build --build-base /home/bth/workspace/a3_remote_bridge/.hope_ros2/build/hope_planner/build install --record /home/bth/workspace/a3_remote_bridge/.hope_ros2/build/hope_planner/install.log --single-version-externally-managed install_data
[1.016s] Level 1:colcon.colcon_core.environment:checking '/home/bth/workspace/a3_remote_bridge/.hope_ros2/install/hope_planner' for CMake config files
[1.017s] Level 1:colcon.colcon_core.environment:checking '/home/bth/workspace/a3_remote_bridge/.hope_ros2/install/hope_planner/lib'
[1.017s] Level 1:colcon.colcon_core.environment:checking '/home/bth/workspace/a3_remote_bridge/.hope_ros2/install/hope_planner/bin'
[1.017s] Level 1:colcon.colcon_core.environment:checking '/home/bth/workspace/a3_remote_bridge/.hope_ros2/install/hope_planner/lib/pkgconfig/hope_planner.pc'
[1.017s] Level 1:colcon.colcon_core.environment:checking '/home/bth/workspace/a3_remote_bridge/.hope_ros2/install/hope_planner/lib/python3.10/site-packages'
[1.017s] Level 1:colcon.colcon_core.shell:create_environment_hook('hope_planner', 'pythonpath')
[1.017s] INFO:colcon.colcon_core.shell:Creating environment hook '/home/bth/workspace/a3_remote_bridge/.hope_ros2/install/hope_planner/share/hope_planner/hook/pythonpath.ps1'
[1.017s] INFO:colcon.colcon_core.shell:Creating environment descriptor '/home/bth/workspace/a3_remote_bridge/.hope_ros2/install/hope_planner/share/hope_planner/hook/pythonpath.dsv'
[1.017s] INFO:colcon.colcon_core.shell:Creating environment hook '/home/bth/workspace/a3_remote_bridge/.hope_ros2/install/hope_planner/share/hope_planner/hook/pythonpath.sh'
[1.018s] Level 1:colcon.colcon_core.environment:checking '/home/bth/workspace/a3_remote_bridge/.hope_ros2/install/hope_planner/bin'
[1.018s] Level 1:colcon.colcon_core.environment:create_environment_scripts_only(hope_planner)
[1.018s] INFO:colcon.colcon_core.shell:Creating package script '/home/bth/workspace/a3_remote_bridge/.hope_ros2/install/hope_planner/share/hope_planner/package.ps1'
[1.018s] INFO:colcon.colcon_core.shell:Creating package descriptor '/home/bth/workspace/a3_remote_bridge/.hope_ros2/install/hope_planner/share/hope_planner/package.dsv'
[1.018s] INFO:colcon.colcon_core.shell:Creating package script '/home/bth/workspace/a3_remote_bridge/.hope_ros2/install/hope_planner/share/hope_planner/package.sh'
[1.018s] INFO:colcon.colcon_core.shell:Creating package script '/home/bth/workspace/a3_remote_bridge/.hope_ros2/install/hope_planner/share/hope_planner/package.bash'
[1.019s] INFO:colcon.colcon_core.shell:Creating package script '/home/bth/workspace/a3_remote_bridge/.hope_ros2/install/hope_planner/share/hope_planner/package.zsh'
[1.019s] Level 1:colcon.colcon_core.environment:create_file_with_runtime_dependencies(/home/bth/workspace/a3_remote_bridge/.hope_ros2/install/hope_planner/share/colcon-core/packages/hope_planner)
[1.019s] DEBUG:colcon.colcon_parallel_executor.executor.parallel:closing loop
[1.019s] DEBUG:colcon.colcon_parallel_executor.executor.parallel:loop closed
[1.019s] DEBUG:colcon.colcon_parallel_executor.executor.parallel:run_until_complete finished with '0'
[1.019s] DEBUG:colcon.colcon_core.event_reactor:joining thread
[1.025s] INFO:colcon.colcon_core.plugin_system:Skipping extension 'colcon_notification.desktop_notification.terminal_notifier': Not used on non-Darwin systems
[1.025s] INFO:colcon.colcon_core.plugin_system:Skipping extension 'colcon_notification.desktop_notification.win32': Not used on non-Windows systems
[1.025s] INFO:colcon.colcon_notification.desktop_notification:Sending desktop notification using 'notify2'
[1.035s] DEBUG:colcon.colcon_core.event_reactor:joined thread
[1.035s] INFO:colcon.colcon_core.shell:Creating prefix script '/home/bth/workspace/a3_remote_bridge/.hope_ros2/install/local_setup.ps1'
[1.037s] INFO:colcon.colcon_core.shell:Creating prefix util module '/home/bth/workspace/a3_remote_bridge/.hope_ros2/install/_local_setup_util_ps1.py'
[1.038s] INFO:colcon.colcon_core.shell:Creating prefix chain script '/home/bth/workspace/a3_remote_bridge/.hope_ros2/install/setup.ps1'
[1.039s] INFO:colcon.colcon_core.shell:Creating prefix script '/home/bth/workspace/a3_remote_bridge/.hope_ros2/install/local_setup.sh'
[1.039s] INFO:colcon.colcon_core.shell:Creating prefix util module '/home/bth/workspace/a3_remote_bridge/.hope_ros2/install/_local_setup_util_sh.py'
[1.040s] INFO:colcon.colcon_core.shell:Creating prefix chain script '/home/bth/workspace/a3_remote_bridge/.hope_ros2/install/setup.sh'
[1.040s] INFO:colcon.colcon_core.shell:Creating prefix script '/home/bth/workspace/a3_remote_bridge/.hope_ros2/install/local_setup.bash'
[1.040s] INFO:colcon.colcon_core.shell:Creating prefix chain script '/home/bth/workspace/a3_remote_bridge/.hope_ros2/install/setup.bash'
[1.043s] INFO:colcon.colcon_core.shell:Creating prefix script '/home/bth/workspace/a3_remote_bridge/.hope_ros2/install/local_setup.zsh'
[1.044s] INFO:colcon.colcon_core.shell:Creating prefix chain script '/home/bth/workspace/a3_remote_bridge/.hope_ros2/install/setup.zsh'
