/home/bth/workspace/a3_remote_bridge/.hope_ros2/install/hope_planner/lib/python3.10/site-packages/hope_planner/node.py
/home/bth/workspace/a3_remote_bridge/.hope_ros2/install/hope_planner/lib/python3.10/site-packages/hope_planner/constants.py
/home/bth/workspace/a3_remote_bridge/.hope_ros2/install/hope_planner/lib/python3.10/site-packages/hope_planner/quaternion_utils.py
/home/bth/workspace/a3_remote_bridge/.hope_ros2/install/hope_planner/lib/python3.10/site-packages/hope_planner/task_timing.py
/home/bth/workspace/a3_remote_bridge/.hope_ros2/install/hope_planner/lib/python3.10/site-packages/hope_planner/planner.py
/home/bth/workspace/a3_remote_bridge/.hope_ros2/install/hope_planner/lib/python3.10/site-packages/hope_planner/__init__.py
/home/bth/workspace/a3_remote_bridge/.hope_ros2/install/hope_planner/lib/python3.10/site-packages/hope_planner/ball_trajectory_predictor.py
/home/bth/workspace/a3_remote_bridge/.hope_ros2/install/hope_planner/lib/python3.10/site-packages/hope_planner/strike_selection.py
/home/bth/workspace/a3_remote_bridge/.hope_ros2/install/hope_planner/lib/python3.10/site-packages/hope_planner/side_selection.py
/home/bth/workspace/a3_remote_bridge/.hope_ros2/install/hope_planner/lib/python3.10/site-packages/hope_planner/ball_contact.py
/home/bth/workspace/a3_remote_bridge/.hope_ros2/install/hope_planner/lib/python3.10/site-packages/hope_planner/racket_target_planner.py
/home/bth/workspace/a3_remote_bridge/.hope_ros2/install/hope_planner/lib/python3.10/site-packages/hope_planner/bag_to_csv.py
/home/bth/workspace/a3_remote_bridge/.hope_ros2/install/hope_planner/lib/python3.10/site-packages/hope_planner/incoming_cycle.py
/home/bth/workspace/a3_remote_bridge/.hope_ros2/install/hope_planner/lib/python3.10/site-packages/hope_planner/ball_state_estimator.py
/home/bth/workspace/a3_remote_bridge/.hope_ros2/install/hope_planner/lib/python3.10/site-packages/hope_planner/__pycache__/node.cpython-310.pyc
/home/bth/workspace/a3_remote_bridge/.hope_ros2/install/hope_planner/lib/python3.10/site-packages/hope_planner/__pycache__/constants.cpython-310.pyc
/home/bth/workspace/a3_remote_bridge/.hope_ros2/install/hope_planner/lib/python3.10/site-packages/hope_planner/__pycache__/quaternion_utils.cpython-310.pyc
/home/bth/workspace/a3_remote_bridge/.hope_ros2/install/hope_planner/lib/python3.10/site-packages/hope_planner/__pycache__/task_timing.cpython-310.pyc
/home/bth/workspace/a3_remote_bridge/.hope_ros2/install/hope_planner/lib/python3.10/site-packages/hope_planner/__pycache__/planner.cpython-310.pyc
/home/bth/workspace/a3_remote_bridge/.hope_ros2/install/hope_planner/lib/python3.10/site-packages/hope_planner/__pycache__/__init__.cpython-310.pyc
/home/bth/workspace/a3_remote_bridge/.hope_ros2/install/hope_planner/lib/python3.10/site-packages/hope_planner/__pycache__/ball_trajectory_predictor.cpython-310.pyc
/home/bth/workspace/a3_remote_bridge/.hope_ros2/install/hope_planner/lib/python3.10/site-packages/hope_planner/__pycache__/strike_selection.cpython-310.pyc
/home/bth/workspace/a3_remote_bridge/.hope_ros2/install/hope_planner/lib/python3.10/site-packages/hope_planner/__pycache__/side_selection.cpython-310.pyc
/home/bth/workspace/a3_remote_bridge/.hope_ros2/install/hope_planner/lib/python3.10/site-packages/hope_planner/__pycache__/ball_contact.cpython-310.pyc
/home/bth/workspace/a3_remote_bridge/.hope_ros2/install/hope_planner/lib/python3.10/site-packages/hope_planner/__pycache__/racket_target_planner.cpython-310.pyc
/home/bth/workspace/a3_remote_bridge/.hope_ros2/install/hope_planner/lib/python3.10/site-packages/hope_planner/__pycache__/bag_to_csv.cpython-310.pyc
/home/bth/workspace/a3_remote_bridge/.hope_ros2/install/hope_planner/lib/python3.10/site-packages/hope_planner/__pycache__/incoming_cycle.cpython-310.pyc
/home/bth/workspace/a3_remote_bridge/.hope_ros2/install/hope_planner/lib/python3.10/site-packages/hope_planner/__pycache__/ball_state_estimator.cpython-310.pyc
/home/bth/workspace/a3_remote_bridge/.hope_ros2/install/hope_planner/share/ament_index/resource_index/packages/hope_planner
/home/bth/workspace/a3_remote_bridge/.hope_ros2/install/hope_planner/share/hope_planner/package.xml
/home/bth/workspace/a3_remote_bridge/.hope_ros2/install/hope_planner/share/hope_planner/config/hope_planner.yaml
/home/bth/workspace/a3_remote_bridge/.hope_ros2/install/hope_planner/share/hope_planner/launch/hope_planner.launch.py
/home/bth/workspace/a3_remote_bridge/.hope_ros2/install/hope_planner/lib/python3.10/site-packages/hope_planner-0.0.0-py3.10.egg-info/top_level.txt
/home/bth/workspace/a3_remote_bridge/.hope_ros2/install/hope_planner/lib/python3.10/site-packages/hope_planner-0.0.0-py3.10.egg-info/entry_points.txt
/home/bth/workspace/a3_remote_bridge/.hope_ros2/install/hope_planner/lib/python3.10/site-packages/hope_planner-0.0.0-py3.10.egg-info/PKG-INFO
/home/bth/workspace/a3_remote_bridge/.hope_ros2/install/hope_planner/lib/python3.10/site-packages/hope_planner-0.0.0-py3.10.egg-info/SOURCES.txt
/home/bth/workspace/a3_remote_bridge/.hope_ros2/install/hope_planner/lib/python3.10/site-packages/hope_planner-0.0.0-py3.10.egg-info/dependency_links.txt
/home/bth/workspace/a3_remote_bridge/.hope_ros2/install/hope_planner/lib/python3.10/site-packages/hope_planner-0.0.0-py3.10.egg-info/requires.txt
/home/bth/workspace/a3_remote_bridge/.hope_ros2/install/hope_planner/lib/python3.10/site-packages/hope_planner-0.0.0-py3.10.egg-info/zip-safe
/home/bth/workspace/a3_remote_bridge/.hope_ros2/install/hope_planner/lib/hope_planner/hope_bag_to_csv
/home/bth/workspace/a3_remote_bridge/.hope_ros2/install/hope_planner/lib/hope_planner/hope_planner_node
