[INFO] [1785147221.142099403] [hope_planner]: HOPE planner started: strike_planes=FH:-0.210,BH:0.100 m, landing=[ 2.055  -0.7625], split_y=-1.173 m, new_task_tts=[0.300,1.000] s, solve_period=0.020 s, ball_pose_index=0
[WARN] [1785147290.883810421] [hope_planner]: predicted command is outside the grounded Isaac target envelopes; command not published (BH: z=0.3726 outside [0.0800, 0.3400])
[WARN] [1785147302.536786537] [hope_planner]: predicted command is outside the grounded Isaac target envelopes; command not published (BH: y=-2.2790 outside [-1.0625, -0.6625], z=0.0539 outside [0.0800, 0.3400])
[WARN] [1785147303.140553115] [hope_planner]: STRIKE_PLANE_CROSS ball=5 plane=BACKHAND x=0.100 measured_y=-2.1147 measured_z=0.6136 result=REJECT: predicted position y=-2.0304 outside [-1.0625, -0.6625], z=0.5016 outside [0.0800, 0.3400]
[WARN] [1785147303.233097333] [hope_planner]: STRIKE_PLANE_CROSS ball=5 plane=FOREHAND x=-0.210 measured_y=-2.1673 measured_z=0.5980 result=REJECT: predicted position y=-2.1385 outside [-1.5225, -1.2825], z=0.5952 outside [0.2400, 0.4500]
[WARN] [1785147303.984347327] [hope_planner]: predicted command is outside the grounded Isaac target envelopes; command not published (BH: y=-2.2437 outside [-1.0625, -0.6625], z=0.3988 outside [0.0800, 0.3400])
[WARN] [1785147314.467879650] [hope_planner]: TTS_GATE ball=5 side=FOREHAND decision=WAIT tts=1.5202s window=[0.3000, 1.0000]s
[WARN] [1785147314.488303167] [hope_planner]: predicted command is outside the grounded Isaac target envelopes; command not published (FH: z=0.4699 outside [0.2400, 0.4500]; BH: y=-1.2009 outside [-1.0625, -0.6625], z=0.5792 outside [0.0800, 0.3400])
[WARN] [1785147314.588313345] [hope_planner]: TTS_GATE ball=5 side=FOREHAND decision=ACCEPT tts=0.9129s window=[0.3000, 1.0000]s
[WARN] [1785147394.262317597] [hope_planner]: predicted command is outside the grounded Isaac target envelopes; command not published (FH: y=-1.1065 outside [-1.5225, -1.2825]; BH: z=0.8182 outside [0.0800, 0.3400])
[WARN] [1785147411.027887960] [hope_planner]: predicted command is outside the grounded Isaac target envelopes; command not published (FH: y=-1.0669 outside [-1.5225, -1.2825]; BH: z=0.6507 outside [0.0800, 0.3400])
[WARN] [1785147411.051560110] [hope_planner]: TTS_GATE ball=12 side=BACKHAND decision=ACCEPT tts=0.6081s window=[0.3000, 1.0000]s
[WARN] [1785147414.454826610] [hope_planner]: STRIKE_PLANE_CROSS ball=14 plane=FOREHAND x=-0.210 measured_y=-0.5695 measured_z=-0.7071 result=REJECT: no usable future crossing within 2.00s (plane not reached or dead-ball crossing)
[WARN] [1785147430.849014346] [hope_planner]: predicted command is outside the grounded Isaac target envelopes; command not published (BH: z=0.4843 outside [0.0800, 0.3400])
[WARN] [1785147430.894454448] [hope_planner]: TTS_GATE ball=16 side=BACKHAND decision=ACCEPT tts=0.6950s window=[0.3000, 1.0000]s
[WARN] [1785147447.948370269] [hope_planner]: predicted command is outside the grounded Isaac target envelopes; command not published (FH: z=0.1777 outside [0.2400, 0.4500]; BH: y=-1.2673 outside [-1.0625, -0.6625], z=0.5575 outside [0.0800, 0.3400])
[WARN] [1785147448.042554808] [hope_planner]: TTS_GATE ball=18 side=FOREHAND decision=ACCEPT tts=0.5751s window=[0.3000, 1.0000]s
[WARN] [1785147453.151151101] [hope_planner]: predicted command is outside the grounded Isaac target envelopes; command not published (BH: y=-1.2620 outside [-1.0625, -0.6625], z=0.4086 outside [0.0800, 0.3400])
[WARN] [1785147468.614454187] [hope_planner]: TTS_GATE ball=23 side=FOREHAND decision=WAIT tts=1.2080s window=[0.3000, 1.0000]s
[WARN] [1785147468.635821822] [hope_planner]: predicted command is outside the grounded Isaac target envelopes; command not published (FH: y=-1.2569 outside [-1.5225, -1.2825], z=0.5361 outside [0.2400, 0.4500]; BH: y=-1.1819 outside [-1.0625, -0.6625])
[WARN] [1785147468.786733425] [hope_planner]: TTS_GATE ball=23 side=FOREHAND decision=ACCEPT tts=0.8745s window=[0.3000, 1.0000]s
