[INFO] [1785158282.092656204] [hope_planner]: HOPE planner started: strike_planes=FH:-0.210,BH:0.100 m, landing=[ 2.055  -0.7625], split_y=-1.173 m, new_task_tts=[0.250,1.000] s, ball_rearm=(vx_in<=-0.50, vx_out>=-0.10 m/s, confirm=5/10, x>=0.30 m), live_margins=(y=0.070m, z=0.040m, racket_v=0.150m/s), solve_period=0.020 s, ball_pose_index=0
[WARN] [1785158289.373578719] [hope_planner]: STRIKE_PLANE_CROSS ball=2 plane=BACKHAND x=0.100 measured_y=-2.6272 measured_z=-0.0227 result=REJECT: no usable future crossing within 2.00s (plane not reached or dead-ball crossing)
[WARN] [1785158289.546111561] [hope_planner]: predicted command is outside the grounded Isaac target envelopes; command not published (FH: y=-2.5926 outside [-1.5925, -1.2125], z=-0.0392 outside [0.2000, 0.4900])
[WARN] [1785158289.546805627] [hope_planner]: STRIKE_PLANE_CROSS ball=2 plane=FOREHAND x=-0.210 measured_y=-2.5927 measured_z=-0.0393 result=REJECT: predicted position y=-2.5926 outside [-1.5925, -1.2125], z=-0.0392 outside [0.2000, 0.4900]
[WARN] [1785158293.401673304] [hope_planner]: predicted command is outside the grounded Isaac target envelopes; command not published (BH: y=-1.4409 outside [-1.1325, -0.5925], z=1.3983 outside [0.0400, 0.3800])
[WARN] [1785158332.402181957] [hope_planner]: TTS_GATE ball=15 side=BACKHAND decision=ACCEPT tts=0.7942s window=[0.2500, 1.0000]s est_x=2.1950m est_vx=-3.7344m/s
[WARN] [1785158332.416341168] [hope_planner]: PLANNER_TASK_PUBLISHED ball=15 task=1 side=BACKHAND tts=0.7942s target=[0.1000,-0.7352,0.2741] racket_v=[1.8977,0.0090,0.9288]
[WARN] [1785158332.488935144] [hope_planner]: locked BH task has no admitted same-side revision; command not published (BH: vx=0.8333 outside [0.9000, 3.1500])
[WARN] [1785158333.060843044] [hope_planner]: STRIKE_PLANE_CROSS ball=15 plane=BACKHAND x=0.100 measured_y=-0.7379 measured_z=0.3036 result=ACCEPT: task_id=1 revision=21 side=BACKHAND tts=0.0040s target=[0.1000,-0.7379,0.3034] racket_v=[1.8127,0.0161,0.7071]
[WARN] [1785158333.190118583] [hope_planner]: STRIKE_PLANE_CROSS ball=15 plane=FOREHAND x=-0.210 measured_y=-0.7624 measured_z=0.1331 result=REJECT: predicted position y=-0.7623 outside [-1.5925, -1.2125], z=0.1300 outside [0.2000, 0.4900]
[WARN] [1785158344.457370776] [hope_planner]: TTS_GATE ball=18 side=BACKHAND decision=WAIT tts=1.2827s window=[0.2500, 1.0000]s est_x=2.3095m est_vx=-2.8514m/s
[WARN] [1785158344.476138533] [hope_planner]: TTS_GATE ball=18 side=BACKHAND decision=ACCEPT tts=0.6330s window=[0.2500, 1.0000]s est_x=2.1966m est_vx=-4.0374m/s
[WARN] [1785158344.490287602] [hope_planner]: PLANNER_TASK_PUBLISHED ball=18 task=2 side=BACKHAND tts=0.6330s target=[0.1000,-0.7954,0.2506] racket_v=[2.2644,0.0853,0.4206]
[WARN] [1785158344.525119546] [hope_planner]: locked BH task has no admitted same-side revision; command not published (FH: y=-0.8390 outside [-1.5925, -1.2125]; BH: z=0.5430 outside [0.0400, 0.3800])
[WARN] [1785158346.334161902] [hope_planner]: predicted command is outside the grounded Isaac target envelopes; command not published (FH: y=-0.3324 outside [-1.5925, -1.2125], z=0.1375 outside [0.2000, 0.4900]; BH: y=-0.4101 outside [-1.1325, -0.5925])
[WARN] [1785158346.400767680] [hope_planner]: BALL_REARM ball=19 reason=confirmed incoming cycle x=2.605m vx=-6.347m/s (hysteresis+consecutive-sample gate)
[WARN] [1785158347.339185814] [hope_planner]: STRIKE_PLANE_CROSS ball=19 plane=BACKHAND x=0.100 measured_y=-0.3987 measured_z=0.6343 result=REJECT: predicted position y=-0.3985 outside [-1.1325, -0.5925], z=0.6322 outside [0.0400, 0.3800]
[WARN] [1785158347.356252422] [hope_planner]: predicted command is outside the grounded Isaac target envelopes; command not published (FH: y=-0.3387 outside [-1.5925, -1.2125], z=0.5371 outside [0.2000, 0.4900])
[WARN] [1785158347.495252612] [hope_planner]: STRIKE_PLANE_CROSS ball=19 plane=FOREHAND x=-0.210 measured_y=-0.3388 measured_z=0.5382 result=REJECT: predicted position y=-0.3385 outside [-1.5925, -1.2125], z=0.5378 outside [0.2000, 0.4900]
[WARN] [1785158364.382828327] [hope_planner]: TTS_GATE ball=21 side=BACKHAND decision=WAIT tts=1.3266s window=[0.2500, 1.0000]s est_x=2.2795m est_vx=-2.9408m/s
[WARN] [1785158364.403173856] [hope_planner]: TTS_GATE ball=21 side=BACKHAND decision=ACCEPT tts=0.6486s window=[0.2500, 1.0000]s est_x=2.1544m est_vx=-4.1774m/s
[WARN] [1785158364.417235486] [hope_planner]: PLANNER_TASK_PUBLISHED ball=21 task=3 side=BACKHAND tts=0.6486s target=[0.1000,-0.8958,0.3562] racket_v=[2.0953,0.1815,0.6222]
[WARN] [1785158364.488919770] [hope_planner]: locked BH task has no admitted same-side revision; command not published (BH: vx=0.8837 outside [0.9000, 3.1500])
[WARN] [1785158365.110848337] [hope_planner]: STRIKE_PLANE_CROSS ball=21 plane=BACKHAND x=0.100 measured_y=-0.8843 measured_z=0.2414 result=ACCEPT: task_id=3 revision=24 side=BACKHAND tts=0.0073s target=[0.1000,-0.8843,0.2406] racket_v=[1.7587,0.1451,0.8449]
[WARN] [1785158365.255485682] [hope_planner]: STRIKE_PLANE_CROSS ball=21 plane=FOREHAND x=-0.210 measured_y=-0.9416 measured_z=-0.0358 result=REJECT: no usable future crossing within 2.00s (plane not reached or dead-ball crossing)
