[WARN] [1787056131.074087329] [a3_receive_input_gateway]: receive gateway started: mocap=/ppmocap/frame planner_input=/a3_mocap/ball_poses base_pose=/a3_mocap/pelvis_pose; inference=off joint_commands=off
[INFO] [1787056131.074733393] [a3_receive_input_gateway]: ball tracking: lost
[WARN] [1787056131.124924886] [a3_receive_input_gateway]: PPMocap calibrated: origin=near-left tabletop, +X=robot-to-opponent, +Y=robot-left, +Z=up
[INFO] [1787056132.067052779] [a3_receive_input_gateway]: gateway calibrated=yes frame_age=0.2ms frames=360 ball=0 base_poses=341 invalid=0 station_ok=no
[INFO] [1787056133.067036057] [a3_receive_input_gateway]: gateway calibrated=yes frame_age=3.5ms frames=720 ball=0 base_poses=701 invalid=0 station_ok=no
[INFO] [1787056134.067883829] [a3_receive_input_gateway]: gateway calibrated=yes frame_age=1.7ms frames=1081 ball=0 base_poses=1062 invalid=0 station_ok=no
[INFO] [1787056135.066968716] [a3_receive_input_gateway]: gateway calibrated=yes frame_age=0.2ms frames=1442 ball=0 base_poses=1423 invalid=0 station_ok=no
[INFO] [1787056136.067040764] [a3_receive_input_gateway]: gateway calibrated=yes frame_age=3.3ms frames=1801 ball=0 base_poses=1782 invalid=0 station_ok=no
[INFO] [1787056137.068364605] [a3_receive_input_gateway]: gateway calibrated=yes frame_age=3.6ms frames=2162 ball=0 base_poses=2143 invalid=0 station_ok=no
[INFO] [1787056138.067027649] [a3_receive_input_gateway]: gateway calibrated=yes frame_age=3.9ms frames=2522 ball=0 base_poses=2503 invalid=0 station_ok=no
[INFO] [1787056139.067085745] [a3_receive_input_gateway]: gateway calibrated=yes frame_age=0.8ms frames=2883 ball=0 base_poses=2864 invalid=0 station_ok=no
[INFO] [1787056140.067124894] [a3_receive_input_gateway]: gateway calibrated=yes frame_age=0.1ms frames=3244 ball=0 base_poses=3225 invalid=0 station_ok=no
[INFO] [1787056141.067021822] [a3_receive_input_gateway]: gateway calibrated=yes frame_age=2.8ms frames=3603 ball=0 base_poses=3584 invalid=0 station_ok=no
[INFO] [1787056142.066997358] [a3_receive_input_gateway]: gateway calibrated=yes frame_age=2.0ms frames=3964 ball=0 base_poses=3945 invalid=0 station_ok=no
[INFO] [1787056143.066984555] [a3_receive_input_gateway]: gateway calibrated=yes frame_age=0.9ms frames=4324 ball=0 base_poses=4305 invalid=0 station_ok=no
[INFO] [1787056144.067053682] [a3_receive_input_gateway]: gateway calibrated=yes frame_age=3.7ms frames=4684 ball=0 base_poses=4665 invalid=0 station_ok=no
[INFO] [1787056145.066974809] [a3_receive_input_gateway]: gateway calibrated=yes frame_age=0.9ms frames=5045 ball=0 base_poses=5026 invalid=0 station_ok=no
[INFO] [1787056146.067086067] [a3_receive_input_gateway]: gateway calibrated=yes frame_age=1.8ms frames=5405 ball=0 base_poses=5386 invalid=0 station_ok=no
[INFO] [1787056147.066960715] [a3_receive_input_gateway]: gateway calibrated=yes frame_age=0.4ms frames=5766 ball=0 base_poses=5747 invalid=0 station_ok=no
[INFO] [1787056148.067083624] [a3_receive_input_gateway]: gateway calibrated=yes frame_age=1.3ms frames=6126 ball=0 base_poses=6107 invalid=0 station_ok=no
[INFO] [1787056149.067018675] [a3_receive_input_gateway]: gateway calibrated=yes frame_age=2.2ms frames=6486 ball=0 base_poses=6467 invalid=0 station_ok=no
[INFO] [1787056150.066972831] [a3_receive_input_gateway]: gateway calibrated=yes frame_age=0.9ms frames=6846 ball=0 base_poses=6827 invalid=0 station_ok=no
[INFO] [1787056151.067166496] [a3_receive_input_gateway]: gateway calibrated=yes frame_age=3.8ms frames=7206 ball=0 base_poses=7187 invalid=0 station_ok=no
[INFO] [1787056152.067498500] [a3_receive_input_gateway]: gateway calibrated=yes frame_age=2.3ms frames=7567 ball=0 base_poses=7548 invalid=0 station_ok=no
[INFO] [1787056153.067019783] [a3_receive_input_gateway]: gateway calibrated=yes frame_age=1.4ms frames=7927 ball=0 base_poses=7908 invalid=0 station_ok=no
[INFO] [1787056154.067040223] [a3_receive_input_gateway]: gateway calibrated=yes frame_age=0.2ms frames=8288 ball=0 base_poses=8269 invalid=0 station_ok=no
[INFO] [1787056155.066970395] [a3_receive_input_gateway]: gateway calibrated=yes frame_age=0.5ms frames=8648 ball=0 base_poses=8629 invalid=0 station_ok=no
[INFO] [1787056156.067214729] [a3_receive_input_gateway]: gateway calibrated=yes frame_age=1.5ms frames=9008 ball=0 base_poses=8989 invalid=0 station_ok=no
[INFO] [1787056157.066915818] [a3_receive_input_gateway]: gateway calibrated=yes frame_age=0.2ms frames=9369 ball=0 base_poses=9350 invalid=0 station_ok=no
[INFO] [1787056158.067118008] [a3_receive_input_gateway]: gateway calibrated=yes frame_age=3.0ms frames=9728 ball=0 base_poses=9709 invalid=0 station_ok=no
[INFO] [1787056159.067002208] [a3_receive_input_gateway]: gateway calibrated=yes frame_age=1.5ms frames=10089 ball=0 base_poses=10070 invalid=0 station_ok=no
[INFO] [1787056160.066978111] [a3_receive_input_gateway]: gateway calibrated=yes frame_age=0.2ms frames=10449 ball=0 base_poses=10430 invalid=0 station_ok=no
[INFO] [1787056161.067104637] [a3_receive_input_gateway]: gateway calibrated=yes frame_age=0.8ms frames=10809 ball=0 base_poses=10790 invalid=0 station_ok=no
[INFO] [1787056162.067102462] [a3_receive_input_gateway]: gateway calibrated=yes frame_age=3.0ms frames=11169 ball=0 base_poses=11150 invalid=0 station_ok=no
[INFO] [1787056163.067005497] [a3_receive_input_gateway]: gateway calibrated=yes frame_age=0.2ms frames=11530 ball=0 base_poses=11511 invalid=0 station_ok=no
[INFO] [1787056164.066960086] [a3_receive_input_gateway]: gateway calibrated=yes frame_age=0.7ms frames=11890 ball=0 base_poses=11871 invalid=0 station_ok=no
[INFO] [1787056165.066969159] [a3_receive_input_gateway]: gateway calibrated=yes frame_age=1.4ms frames=12250 ball=0 base_poses=12231 invalid=0 station_ok=no
[INFO] [1787056166.067290898] [a3_receive_input_gateway]: gateway calibrated=yes frame_age=0.2ms frames=12611 ball=0 base_poses=12592 invalid=0 station_ok=no
[INFO] [1787056167.066962946] [a3_receive_input_gateway]: gateway calibrated=yes frame_age=0.3ms frames=12971 ball=0 base_poses=12952 invalid=0 station_ok=no
[INFO] [1787056168.066986189] [a3_receive_input_gateway]: gateway calibrated=yes frame_age=1.0ms frames=13331 ball=0 base_poses=13312 invalid=0 station_ok=no
[INFO] [1787056169.066993966] [a3_receive_input_gateway]: gateway calibrated=yes frame_age=1.6ms frames=13691 ball=0 base_poses=13672 invalid=0 station_ok=no
[INFO] [1787056170.067019666] [a3_receive_input_gateway]: gateway calibrated=yes frame_age=2.3ms frames=14051 ball=0 base_poses=14032 invalid=0 station_ok=no
[INFO] [1787056171.067009384] [a3_receive_input_gateway]: gateway calibrated=yes frame_age=2.9ms frames=14411 ball=0 base_poses=14392 invalid=0 station_ok=no
[INFO] [1787056172.067081021] [a3_receive_input_gateway]: gateway calibrated=yes frame_age=3.4ms frames=14771 ball=0 base_poses=14752 invalid=0 station_ok=no
[INFO] [1787056173.067158986] [a3_receive_input_gateway]: gateway calibrated=yes frame_age=0.2ms frames=15132 ball=0 base_poses=15113 invalid=0 station_ok=no
[INFO] [1787056174.066968144] [a3_receive_input_gateway]: gateway calibrated=yes frame_age=0.5ms frames=15492 ball=0 base_poses=15473 invalid=0 station_ok=no
[INFO] [1787056175.066969717] [a3_receive_input_gateway]: gateway calibrated=yes frame_age=1.1ms frames=15852 ball=0 base_poses=15833 invalid=0 station_ok=yes
[INFO] [1787056176.066982251] [a3_receive_input_gateway]: gateway calibrated=yes frame_age=1.6ms frames=16212 ball=0 base_poses=16193 invalid=0 station_ok=yes
[INFO] [1787056177.066973632] [a3_receive_input_gateway]: gateway calibrated=yes frame_age=0.3ms frames=16573 ball=0 base_poses=16554 invalid=0 station_ok=yes
[INFO] [1787056178.066969496] [a3_receive_input_gateway]: gateway calibrated=yes frame_age=0.8ms frames=16933 ball=0 base_poses=16914 invalid=0 station_ok=yes
[INFO] [1787056179.067080834] [a3_receive_input_gateway]: gateway calibrated=yes frame_age=1.0ms frames=17293 ball=0 base_poses=17274 invalid=0 station_ok=yes
[INFO] [1787056180.067019307] [a3_receive_input_gateway]: gateway calibrated=yes frame_age=1.9ms frames=17653 ball=0 base_poses=17634 invalid=0 station_ok=yes
[INFO] [1787056181.067032551] [a3_receive_input_gateway]: gateway calibrated=yes frame_age=0.4ms frames=18013 ball=0 base_poses=17994 invalid=0 station_ok=yes
[INFO] [1787056182.066986899] [a3_receive_input_gateway]: gateway calibrated=yes frame_age=2.4ms frames=18373 ball=0 base_poses=18354 invalid=0 station_ok=yes
[INFO] [1787056183.067003425] [a3_receive_input_gateway]: gateway calibrated=yes frame_age=3.6ms frames=18733 ball=0 base_poses=18714 invalid=0 station_ok=yes
[INFO] [1787056184.067394657] [a3_receive_input_gateway]: gateway calibrated=yes frame_age=0.2ms frames=19094 ball=0 base_poses=19075 invalid=0 station_ok=yes
[INFO] [1787056185.066992849] [a3_receive_input_gateway]: gateway calibrated=yes frame_age=0.6ms frames=19454 ball=0 base_poses=19435 invalid=0 station_ok=yes
[INFO] [1787056186.067012420] [a3_receive_input_gateway]: gateway calibrated=yes frame_age=0.9ms frames=19814 ball=0 base_poses=19795 invalid=0 station_ok=yes
[INFO] [1787056187.066974810] [a3_receive_input_gateway]: gateway calibrated=yes frame_age=1.7ms frames=20174 ball=0 base_poses=20155 invalid=0 station_ok=yes
[INFO] [1787056188.067114034] [a3_receive_input_gateway]: gateway calibrated=yes frame_age=0.4ms frames=20535 ball=0 base_poses=20516 invalid=0 station_ok=no
[INFO] [1787056189.066966675] [a3_receive_input_gateway]: gateway calibrated=yes frame_age=0.4ms frames=20895 ball=0 base_poses=20876 invalid=0 station_ok=no
[INFO] [1787056190.067387119] [a3_receive_input_gateway]: gateway calibrated=yes frame_age=0.5ms frames=21253 ball=0 base_poses=21234 invalid=0 station_ok=no
[INFO] [1787056191.067070603] [a3_receive_input_gateway]: gateway calibrated=yes frame_age=3.8ms frames=21604 ball=0 base_poses=21585 invalid=0 station_ok=no
[INFO] [1787056192.067036531] [a3_receive_input_gateway]: gateway calibrated=yes frame_age=3.6ms frames=21956 ball=0 base_poses=21937 invalid=0 station_ok=no
[INFO] [1787056193.067062101] [a3_receive_input_gateway]: gateway calibrated=yes frame_age=0.2ms frames=22310 ball=0 base_poses=22291 invalid=0 station_ok=no
[INFO] [1787056194.067204043] [a3_receive_input_gateway]: gateway calibrated=yes frame_age=2.9ms frames=22663 ball=0 base_poses=22644 invalid=0 station_ok=no
[INFO] [1787056194.157346965] [a3_receive_input_gateway]: ball tracking: visible
[INFO] [1787056195.066988530] [a3_receive_input_gateway]: gateway calibrated=yes frame_age=1.9ms frames=23018 ball=323 base_poses=22999 invalid=0 station_ok=no
[INFO] [1787056196.067090130] [a3_receive_input_gateway]: gateway calibrated=yes frame_age=2.6ms frames=23373 ball=678 base_poses=23354 invalid=0 station_ok=no
[INFO] [1787056197.066984590] [a3_receive_input_gateway]: gateway calibrated=yes frame_age=0.8ms frames=23729 ball=1034 base_poses=23710 invalid=0 station_ok=no
[INFO] [1787056198.067026733] [a3_receive_input_gateway]: gateway calibrated=yes frame_age=0.6ms frames=24086 ball=1391 base_poses=24067 invalid=0 station_ok=no
[INFO] [1787056199.067177741] [a3_receive_input_gateway]: gateway calibrated=yes frame_age=1.5ms frames=24442 ball=1747 base_poses=24423 invalid=0 station_ok=no
[INFO] [1787056200.066976278] [a3_receive_input_gateway]: gateway calibrated=yes frame_age=1.2ms frames=24799 ball=2104 base_poses=24780 invalid=0 station_ok=no
[INFO] [1787056201.066965541] [a3_receive_input_gateway]: gateway calibrated=yes frame_age=0.4ms frames=25157 ball=2462 base_poses=25138 invalid=0 station_ok=no
[INFO] [1787056202.067520022] [a3_receive_input_gateway]: gateway calibrated=yes frame_age=1.3ms frames=25514 ball=2819 base_poses=25495 invalid=0 station_ok=no
[INFO] [1787056203.066979862] [a3_receive_input_gateway]: gateway calibrated=yes frame_age=0.5ms frames=25873 ball=3178 base_poses=25854 invalid=0 station_ok=no
[INFO] [1787056204.067018363] [a3_receive_input_gateway]: gateway calibrated=yes frame_age=3.6ms frames=26230 ball=3535 base_poses=26211 invalid=0 station_ok=no
[INFO] [1787056205.066948100] [a3_receive_input_gateway]: gateway calibrated=yes frame_age=1.2ms frames=26589 ball=3894 base_poses=26570 invalid=0 station_ok=no
[INFO] [1787056206.067041134] [a3_receive_input_gateway]: gateway calibrated=yes frame_age=3.3ms frames=26947 ball=4252 base_poses=26928 invalid=0 station_ok=no
[INFO] [1787056207.067385584] [a3_receive_input_gateway]: gateway calibrated=yes frame_age=0.2ms frames=27307 ball=4612 base_poses=27288 invalid=0 station_ok=no
[INFO] [1787056208.067060284] [a3_receive_input_gateway]: gateway calibrated=yes frame_age=2.6ms frames=27665 ball=4970 base_poses=27646 invalid=0 station_ok=no
[INFO] [1787056209.067094388] [a3_receive_input_gateway]: gateway calibrated=yes frame_age=1.9ms frames=28024 ball=5329 base_poses=28005 invalid=0 station_ok=no
[INFO] [1787056210.067004637] [a3_receive_input_gateway]: gateway calibrated=yes frame_age=1.5ms frames=28383 ball=5688 base_poses=28364 invalid=0 station_ok=no
[INFO] [1787056211.067000709] [a3_receive_input_gateway]: gateway calibrated=yes frame_age=3.1ms frames=28742 ball=6047 base_poses=28723 invalid=0 station_ok=no
[INFO] [1787056212.067012128] [a3_receive_input_gateway]: gateway calibrated=yes frame_age=1.2ms frames=29102 ball=6407 base_poses=29083 invalid=0 station_ok=no
[INFO] [1787056213.067044266] [a3_receive_input_gateway]: gateway calibrated=yes frame_age=1.1ms frames=29461 ball=6766 base_poses=29442 invalid=0 station_ok=no
[INFO] [1787056214.067046298] [a3_receive_input_gateway]: gateway calibrated=yes frame_age=1.8ms frames=29820 ball=7125 base_poses=29801 invalid=0 station_ok=no
[INFO] [1787056215.067766433] [a3_receive_input_gateway]: gateway calibrated=yes frame_age=0.5ms frames=30180 ball=7485 base_poses=30161 invalid=0 station_ok=no
[INFO] [1787056216.067034328] [a3_receive_input_gateway]: gateway calibrated=yes frame_age=2.7ms frames=30539 ball=7844 base_poses=30520 invalid=0 station_ok=no
[INFO] [1787056217.067035059] [a3_receive_input_gateway]: gateway calibrated=yes frame_age=1.6ms frames=30899 ball=8204 base_poses=30880 invalid=0 station_ok=no
[INFO] [1787056218.066971817] [a3_receive_input_gateway]: gateway calibrated=yes frame_age=0.4ms frames=31259 ball=8564 base_poses=31240 invalid=0 station_ok=no
[INFO] [1787056219.066994343] [a3_receive_input_gateway]: gateway calibrated=yes frame_age=1.2ms frames=31618 ball=8923 base_poses=31599 invalid=0 station_ok=no
[INFO] [1787056220.066942553] [a3_receive_input_gateway]: gateway calibrated=yes frame_age=0.1ms frames=31978 ball=9283 base_poses=31959 invalid=0 station_ok=no
[INFO] [1787056221.067073163] [a3_receive_input_gateway]: gateway calibrated=yes frame_age=1.1ms frames=32337 ball=9642 base_poses=32318 invalid=0 station_ok=no
[INFO] [1787056222.068047595] [a3_receive_input_gateway]: gateway calibrated=yes frame_age=0.5ms frames=32697 ball=10002 base_poses=32678 invalid=0 station_ok=no
[INFO] [1787056223.067006656] [a3_receive_input_gateway]: gateway calibrated=yes frame_age=2.2ms frames=33056 ball=10361 base_poses=33037 invalid=0 station_ok=no
[INFO] [1787056224.067147945] [a3_receive_input_gateway]: gateway calibrated=yes frame_age=0.4ms frames=33408 ball=10713 base_poses=33389 invalid=0 station_ok=no
[INFO] [1787056225.067002240] [a3_receive_input_gateway]: gateway calibrated=yes frame_age=3.1ms frames=33760 ball=11065 base_poses=33741 invalid=0 station_ok=no
[INFO] [1787056226.066978837] [a3_receive_input_gateway]: gateway calibrated=yes frame_age=0.9ms frames=34114 ball=11419 base_poses=34095 invalid=0 station_ok=no
[INFO] [1787056227.067332206] [a3_receive_input_gateway]: gateway calibrated=yes frame_age=3.4ms frames=34468 ball=11773 base_poses=34449 invalid=0 station_ok=no
[INFO] [1787056228.067285567] [a3_receive_input_gateway]: gateway calibrated=yes frame_age=1.2ms frames=34823 ball=12128 base_poses=34804 invalid=0 station_ok=no
[INFO] [1787056229.067151386] [a3_receive_input_gateway]: gateway calibrated=yes frame_age=1.8ms frames=35179 ball=12484 base_poses=35160 invalid=0 station_ok=no
[INFO] [1787056230.067017221] [a3_receive_input_gateway]: gateway calibrated=yes frame_age=3.0ms frames=35535 ball=12840 base_poses=35516 invalid=0 station_ok=no
[INFO] [1787056231.066988298] [a3_receive_input_gateway]: gateway calibrated=yes frame_age=1.6ms frames=35892 ball=13197 base_poses=35873 invalid=0 station_ok=no
[INFO] [1787056232.066986326] [a3_receive_input_gateway]: gateway calibrated=yes frame_age=1.3ms frames=36249 ball=13554 base_poses=36230 invalid=0 station_ok=no
[INFO] [1787056233.067391975] [a3_receive_input_gateway]: gateway calibrated=yes frame_age=0.2ms frames=36607 ball=13912 base_poses=36588 invalid=0 station_ok=no
[INFO] [1787056234.066994289] [a3_receive_input_gateway]: gateway calibrated=yes frame_age=1.2ms frames=36964 ball=14269 base_poses=36945 invalid=0 station_ok=no
[INFO] [1787056235.067050277] [a3_receive_input_gateway]: gateway calibrated=yes frame_age=3.7ms frames=37321 ball=14626 base_poses=37302 invalid=0 station_ok=no
[INFO] [1787056236.066992492] [a3_receive_input_gateway]: gateway calibrated=yes frame_age=0.6ms frames=37680 ball=14985 base_poses=37661 invalid=0 station_ok=no
[INFO] [1787056237.066997523] [a3_receive_input_gateway]: gateway calibrated=yes frame_age=0.2ms frames=38039 ball=15344 base_poses=38020 invalid=0 station_ok=no
[INFO] [1787056238.067182508] [a3_receive_input_gateway]: gateway calibrated=yes frame_age=0.2ms frames=38397 ball=15702 base_poses=38378 invalid=0 station_ok=no
[INFO] [1787056239.066964135] [a3_receive_input_gateway]: gateway calibrated=yes frame_age=0.4ms frames=38756 ball=16061 base_poses=38737 invalid=0 station_ok=no
[INFO] [1787056240.067228123] [a3_receive_input_gateway]: gateway calibrated=yes frame_age=3.5ms frames=39114 ball=16419 base_poses=39095 invalid=0 station_ok=no
[INFO] [1787056241.066977926] [a3_receive_input_gateway]: gateway calibrated=yes frame_age=0.5ms frames=39474 ball=16779 base_poses=39455 invalid=0 station_ok=no
[INFO] [1787056242.067184383] [a3_receive_input_gateway]: gateway calibrated=yes frame_age=0.2ms frames=39833 ball=17138 base_poses=39814 invalid=0 station_ok=no
[INFO] [1787056243.067012288] [a3_receive_input_gateway]: gateway calibrated=yes frame_age=3.5ms frames=40191 ball=17496 base_poses=40172 invalid=0 station_ok=no
[INFO] [1787056244.067005019] [a3_receive_input_gateway]: gateway calibrated=yes frame_age=1.4ms frames=40551 ball=17856 base_poses=40532 invalid=0 station_ok=no
[INFO] [1787056245.067062392] [a3_receive_input_gateway]: gateway calibrated=yes frame_age=1.4ms frames=40910 ball=18215 base_poses=40891 invalid=0 station_ok=yes
[INFO] [1787056246.067241726] [a3_receive_input_gateway]: gateway calibrated=yes frame_age=0.2ms frames=41270 ball=18575 base_poses=41251 invalid=0 station_ok=no
[INFO] [1787056247.067628519] [a3_receive_input_gateway]: gateway calibrated=yes frame_age=0.5ms frames=41629 ball=18934 base_poses=41610 invalid=0 station_ok=no
[INFO] [1787056248.067032652] [a3_receive_input_gateway]: gateway calibrated=yes frame_age=2.8ms frames=41988 ball=19293 base_poses=41969 invalid=0 station_ok=no
[INFO] [1787056249.066996025] [a3_receive_input_gateway]: gateway calibrated=yes frame_age=1.4ms frames=42348 ball=19653 base_poses=42329 invalid=0 station_ok=no
[INFO] [1787056250.066975812] [a3_receive_input_gateway]: gateway calibrated=yes frame_age=0.4ms frames=42708 ball=20013 base_poses=42689 invalid=0 station_ok=no
[INFO] [1787056251.066924685] [a3_receive_input_gateway]: gateway calibrated=yes frame_age=1.0ms frames=43067 ball=20372 base_poses=43048 invalid=0 station_ok=yes
[INFO] [1787056252.067011849] [a3_receive_input_gateway]: gateway calibrated=yes frame_age=0.3ms frames=43427 ball=20732 base_poses=43408 invalid=0 station_ok=yes
[INFO] [1787056252.174945279] [a3_receive_input_gateway]: ball tracking: lost
[INFO] [1787056253.067197822] [a3_receive_input_gateway]: gateway calibrated=yes frame_age=0.2ms frames=43786 ball=20770 base_poses=43767 invalid=0 station_ok=yes
[INFO] [1787056254.066982763] [a3_receive_input_gateway]: gateway calibrated=yes frame_age=0.3ms frames=44146 ball=20770 base_poses=44127 invalid=0 station_ok=yes
[INFO] [1787056255.066996136] [a3_receive_input_gateway]: gateway calibrated=yes frame_age=3.3ms frames=44505 ball=20770 base_poses=44486 invalid=0 station_ok=yes
[INFO] [1787056256.066956759] [a3_receive_input_gateway]: gateway calibrated=yes frame_age=1.3ms frames=44866 ball=20770 base_poses=44847 invalid=0 station_ok=yes
[INFO] [1787056257.066976907] [a3_receive_input_gateway]: gateway calibrated=yes frame_age=2.3ms frames=45241 ball=20770 base_poses=45222 invalid=0 station_ok=yes
[INFO] [1787056258.067125890] [a3_receive_input_gateway]: gateway calibrated=yes frame_age=0.1ms frames=45614 ball=20770 base_poses=45595 invalid=0 station_ok=yes
[INFO] [1787056259.067072682] [a3_receive_input_gateway]: gateway calibrated=yes frame_age=0.9ms frames=45985 ball=20770 base_poses=45966 invalid=0 station_ok=yes
[INFO] [1787056260.066988935] [a3_receive_input_gateway]: gateway calibrated=yes frame_age=3.5ms frames=46354 ball=20770 base_poses=46335 invalid=0 station_ok=yes
[INFO] [1787056261.067030248] [a3_receive_input_gateway]: gateway calibrated=yes frame_age=1.7ms frames=46723 ball=20770 base_poses=46704 invalid=0 station_ok=yes
[INFO] [1787056262.066949782] [a3_receive_input_gateway]: gateway calibrated=yes frame_age=0.4ms frames=47091 ball=20770 base_poses=47072 invalid=0 station_ok=yes
[INFO] [1787056263.067179986] [a3_receive_input_gateway]: gateway calibrated=yes frame_age=0.4ms frames=47457 ball=20770 base_poses=47438 invalid=0 station_ok=yes
[INFO] [1787056264.067050617] [a3_receive_input_gateway]: gateway calibrated=yes frame_age=0.3ms frames=47823 ball=20770 base_poses=47804 invalid=0 station_ok=yes
[INFO] [1787056265.066967097] [a3_receive_input_gateway]: gateway calibrated=yes frame_age=0.4ms frames=48188 ball=20770 base_poses=48169 invalid=0 station_ok=yes
[INFO] [1787056266.066981055] [a3_receive_input_gateway]: gateway calibrated=yes frame_age=2.6ms frames=48552 ball=20770 base_poses=48533 invalid=0 station_ok=yes
[INFO] [1787056267.067003342] [a3_receive_input_gateway]: gateway calibrated=yes frame_age=1.4ms frames=48916 ball=20770 base_poses=48897 invalid=0 station_ok=yes
[INFO] [1787056268.067289838] [a3_receive_input_gateway]: gateway calibrated=yes frame_age=1.2ms frames=49280 ball=20770 base_poses=49261 invalid=0 station_ok=yes
[INFO] [1787056269.066996147] [a3_receive_input_gateway]: gateway calibrated=yes frame_age=3.0ms frames=49642 ball=20770 base_poses=49623 invalid=0 station_ok=yes
[INFO] [1787056270.067013976] [a3_receive_input_gateway]: gateway calibrated=yes frame_age=2.3ms frames=50005 ball=20770 base_poses=49986 invalid=0 station_ok=yes
[INFO] [1787056271.067006357] [a3_receive_input_gateway]: gateway calibrated=yes frame_age=2.9ms frames=50367 ball=20770 base_poses=50348 invalid=0 station_ok=yes
[INFO] [1787056272.066962638] [a3_receive_input_gateway]: gateway calibrated=yes frame_age=0.9ms frames=50730 ball=20770 base_poses=50711 invalid=0 station_ok=yes
[INFO] [1787056273.067333603] [a3_receive_input_gateway]: gateway calibrated=yes frame_age=0.2ms frames=51092 ball=20770 base_poses=51073 invalid=0 station_ok=yes
[INFO] [1787056274.066957633] [a3_receive_input_gateway]: gateway calibrated=yes frame_age=0.3ms frames=51453 ball=20770 base_poses=51434 invalid=0 station_ok=yes
[INFO] [1787056275.067297121] [a3_receive_input_gateway]: gateway calibrated=yes frame_age=1.9ms frames=51814 ball=20770 base_poses=51795 invalid=0 station_ok=yes
[INFO] [1787056276.067145873] [a3_receive_input_gateway]: gateway calibrated=yes frame_age=0.2ms frames=52176 ball=20770 base_poses=52157 invalid=0 station_ok=yes
[INFO] [1787056277.066970923] [a3_receive_input_gateway]: gateway calibrated=yes frame_age=0.7ms frames=52537 ball=20770 base_poses=52518 invalid=0 station_ok=yes
[INFO] [1787056278.067157463] [a3_receive_input_gateway]: gateway calibrated=yes frame_age=0.2ms frames=52898 ball=20770 base_poses=52879 invalid=0 station_ok=yes
[INFO] [1787056279.066965724] [a3_receive_input_gateway]: gateway calibrated=yes frame_age=0.7ms frames=53259 ball=20770 base_poses=53240 invalid=0 station_ok=yes
[INFO] [1787056280.066956650] [a3_receive_input_gateway]: gateway calibrated=yes frame_age=0.8ms frames=53620 ball=20770 base_poses=53601 invalid=0 station_ok=yes
[INFO] [1787056281.066960676] [a3_receive_input_gateway]: gateway calibrated=yes frame_age=1.0ms frames=53980 ball=20770 base_poses=53961 invalid=0 station_ok=yes
[INFO] [1787056282.066959214] [a3_receive_input_gateway]: gateway calibrated=yes frame_age=0.7ms frames=54341 ball=20770 base_poses=54322 invalid=0 station_ok=yes
[INFO] [1787056283.067180644] [a3_receive_input_gateway]: gateway calibrated=yes frame_age=0.3ms frames=54701 ball=20770 base_poses=54682 invalid=0 station_ok=yes
[INFO] [1787056284.066978264] [a3_receive_input_gateway]: gateway calibrated=yes frame_age=2.0ms frames=55062 ball=20770 base_poses=55043 invalid=0 station_ok=yes
[INFO] [1787056285.067089477] [a3_receive_input_gateway]: gateway calibrated=yes frame_age=3.5ms frames=55422 ball=20770 base_poses=55403 invalid=0 station_ok=yes
[INFO] [1787056286.067118310] [a3_receive_input_gateway]: gateway calibrated=yes frame_age=0.9ms frames=55783 ball=20770 base_poses=55764 invalid=0 station_ok=yes
[INFO] [1787056287.067090913] [a3_receive_input_gateway]: gateway calibrated=yes frame_age=0.2ms frames=56144 ball=20770 base_poses=56125 invalid=0 station_ok=yes
[INFO] [1787056288.066973683] [a3_receive_input_gateway]: gateway calibrated=yes frame_age=1.0ms frames=56504 ball=20770 base_poses=56485 invalid=0 station_ok=yes
[INFO] [1787056289.066979524] [a3_receive_input_gateway]: gateway calibrated=yes frame_age=2.3ms frames=56864 ball=20770 base_poses=56845 invalid=0 station_ok=yes
[INFO] [1787056290.067015820] [a3_receive_input_gateway]: gateway calibrated=yes frame_age=0.2ms frames=57225 ball=20770 base_poses=57206 invalid=0 station_ok=yes
[INFO] [1787056291.067140985] [a3_receive_input_gateway]: gateway calibrated=yes frame_age=0.2ms frames=57586 ball=20770 base_poses=57567 invalid=0 station_ok=yes
[INFO] [1787056292.067682086] [a3_receive_input_gateway]: gateway calibrated=yes frame_age=0.3ms frames=57947 ball=20770 base_poses=57928 invalid=0 station_ok=yes
[INFO] [1787056292.677927039] [a3_receive_input_gateway]: ball tracking: visible
[INFO] [1787056293.067211542] [a3_receive_input_gateway]: gateway calibrated=yes frame_age=1.6ms frames=58307 ball=20911 base_poses=58288 invalid=0 station_ok=yes
[INFO] [1787056294.066999735] [a3_receive_input_gateway]: gateway calibrated=yes frame_age=3.3ms frames=58667 ball=21271 base_poses=58648 invalid=0 station_ok=yes
[INFO] [1787056295.066957666] [a3_receive_input_gateway]: gateway calibrated=yes frame_age=0.7ms frames=59028 ball=21632 base_poses=59009 invalid=0 station_ok=yes
[INFO] [1787056296.066965187] [a3_receive_input_gateway]: gateway calibrated=yes frame_age=0.4ms frames=59389 ball=21993 base_poses=59370 invalid=0 station_ok=yes
[INFO] [1787056297.066999808] [a3_receive_input_gateway]: gateway calibrated=yes frame_age=1.8ms frames=59749 ball=22353 base_poses=59730 invalid=0 station_ok=yes
[INFO] [1787056298.067165907] [a3_receive_input_gateway]: gateway calibrated=yes frame_age=3.2ms frames=60109 ball=22713 base_poses=60090 invalid=0 station_ok=yes
[INFO] [1787056299.067190115] [a3_receive_input_gateway]: gateway calibrated=yes frame_age=0.3ms frames=60470 ball=23074 base_poses=60451 invalid=0 station_ok=yes
[INFO] [1787056300.067071870] [a3_receive_input_gateway]: gateway calibrated=yes frame_age=1.6ms frames=60830 ball=23434 base_poses=60811 invalid=0 station_ok=yes
[INFO] [1787056301.066988602] [a3_receive_input_gateway]: gateway calibrated=yes frame_age=0.9ms frames=61191 ball=23795 base_poses=61172 invalid=0 station_ok=yes
[INFO] [1787056302.067213135] [a3_receive_input_gateway]: gateway calibrated=yes frame_age=2.0ms frames=61551 ball=24155 base_poses=61532 invalid=0 station_ok=yes
[INFO] [1787056303.067050648] [a3_receive_input_gateway]: gateway calibrated=yes frame_age=0.2ms frames=61912 ball=24516 base_poses=61893 invalid=0 station_ok=yes
[INFO] [1787056304.067471789] [a3_receive_input_gateway]: gateway calibrated=yes frame_age=0.3ms frames=62272 ball=24876 base_poses=62253 invalid=0 station_ok=yes
[INFO] [1787056305.067000671] [a3_receive_input_gateway]: gateway calibrated=yes frame_age=1.4ms frames=62632 ball=25236 base_poses=62613 invalid=0 station_ok=yes
[INFO] [1787056306.067109773] [a3_receive_input_gateway]: gateway calibrated=yes frame_age=0.4ms frames=62993 ball=25597 base_poses=62974 invalid=0 station_ok=no
[INFO] [1787056307.067004867] [a3_receive_input_gateway]: gateway calibrated=yes frame_age=1.4ms frames=63353 ball=25957 base_poses=63334 invalid=0 station_ok=no
[INFO] [1787056308.066929021] [a3_receive_input_gateway]: gateway calibrated=yes frame_age=0.2ms frames=63714 ball=26318 base_poses=63695 invalid=0 station_ok=no
[INFO] [1787056309.067019022] [a3_receive_input_gateway]: gateway calibrated=yes frame_age=1.2ms frames=64074 ball=26678 base_poses=64055 invalid=0 station_ok=no
[INFO] [1787056310.067429603] [a3_receive_input_gateway]: gateway calibrated=yes frame_age=2.3ms frames=64434 ball=27038 base_poses=64415 invalid=0 station_ok=no
[INFO] [1787056311.067032489] [a3_receive_input_gateway]: gateway calibrated=yes frame_age=1.2ms frames=64794 ball=27398 base_poses=64775 invalid=0 station_ok=no
[INFO] [1787056312.067229972] [a3_receive_input_gateway]: gateway calibrated=yes frame_age=0.2ms frames=65155 ball=27759 base_poses=65136 invalid=0 station_ok=no
[INFO] [1787056313.067118209] [a3_receive_input_gateway]: gateway calibrated=yes frame_age=0.9ms frames=65515 ball=28119 base_poses=65496 invalid=0 station_ok=no
[INFO] [1787056314.066983874] [a3_receive_input_gateway]: gateway calibrated=yes frame_age=1.6ms frames=65875 ball=28479 base_poses=65856 invalid=0 station_ok=no
[INFO] [1787056315.067013186] [a3_receive_input_gateway]: gateway calibrated=yes frame_age=0.4ms frames=66236 ball=28840 base_poses=66217 invalid=0 station_ok=no
[INFO] [1787056316.066924858] [a3_receive_input_gateway]: gateway calibrated=yes frame_age=0.2ms frames=66595 ball=29199 base_poses=66576 invalid=0 station_ok=no
[INFO] [1787056317.067014024] [a3_receive_input_gateway]: gateway calibrated=yes frame_age=2.0ms frames=66956 ball=29560 base_poses=66937 invalid=0 station_ok=no
[INFO] [1787056318.067003802] [a3_receive_input_gateway]: gateway calibrated=yes frame_age=2.5ms frames=67316 ball=29920 base_poses=67297 invalid=0 station_ok=no
[INFO] [1787056319.067169616] [a3_receive_input_gateway]: gateway calibrated=yes frame_age=3.2ms frames=67676 ball=30280 base_poses=67657 invalid=0 station_ok=no
[INFO] [1787056320.066955210] [a3_receive_input_gateway]: gateway calibrated=yes frame_age=2.1ms frames=68036 ball=30640 base_poses=68017 invalid=0 station_ok=no
[INFO] [1787056321.066964971] [a3_receive_input_gateway]: gateway calibrated=yes frame_age=0.5ms frames=68397 ball=31001 base_poses=68378 invalid=0 station_ok=no
[INFO] [1787056322.067144840] [a3_receive_input_gateway]: gateway calibrated=yes frame_age=1.3ms frames=68757 ball=31361 base_poses=68738 invalid=0 station_ok=no
[INFO] [1787056323.067134256] [a3_receive_input_gateway]: gateway calibrated=yes frame_age=0.2ms frames=69118 ball=31722 base_poses=69099 invalid=0 station_ok=no
[INFO] [1787056324.066973036] [a3_receive_input_gateway]: gateway calibrated=yes frame_age=0.6ms frames=69478 ball=32082 base_poses=69459 invalid=0 station_ok=no
[INFO] [1787056325.066998581] [a3_receive_input_gateway]: gateway calibrated=yes frame_age=1.5ms frames=69838 ball=32442 base_poses=69819 invalid=0 station_ok=no
[INFO] [1787056326.067067698] [a3_receive_input_gateway]: gateway calibrated=yes frame_age=2.2ms frames=70198 ball=32802 base_poses=70179 invalid=0 station_ok=no
[INFO] [1787056327.067053891] [a3_receive_input_gateway]: gateway calibrated=yes frame_age=0.2ms frames=70558 ball=33162 base_poses=70539 invalid=0 station_ok=no
[INFO] [1787056328.067415171] [a3_receive_input_gateway]: gateway calibrated=yes frame_age=3.7ms frames=70918 ball=33522 base_poses=70899 invalid=0 station_ok=no
[INFO] [1787056329.067062124] [a3_receive_input_gateway]: gateway calibrated=yes frame_age=1.9ms frames=71278 ball=33882 base_poses=71259 invalid=0 station_ok=no
[INFO] [1787056330.066963277] [a3_receive_input_gateway]: gateway calibrated=yes frame_age=0.4ms frames=71639 ball=34243 base_poses=71620 invalid=0 station_ok=no
[INFO] [1787056331.066985773] [a3_receive_input_gateway]: gateway calibrated=yes frame_age=1.3ms frames=71999 ball=34603 base_poses=71980 invalid=0 station_ok=no
[INFO] [1787056332.067016486] [a3_receive_input_gateway]: gateway calibrated=yes frame_age=1.5ms frames=72359 ball=34963 base_poses=72340 invalid=0 station_ok=no
[INFO] [1787056333.066962859] [a3_receive_input_gateway]: gateway calibrated=yes frame_age=0.4ms frames=72720 ball=35324 base_poses=72701 invalid=0 station_ok=no
[INFO] [1787056334.066972308] [a3_receive_input_gateway]: gateway calibrated=yes frame_age=0.8ms frames=73080 ball=35684 base_poses=73061 invalid=0 station_ok=no
[INFO] [1787056335.067010745] [a3_receive_input_gateway]: gateway calibrated=yes frame_age=1.5ms frames=73440 ball=36044 base_poses=73421 invalid=0 station_ok=no
[INFO] [1787056336.067053570] [a3_receive_input_gateway]: gateway calibrated=yes frame_age=0.2ms frames=73800 ball=36404 base_poses=73781 invalid=0 station_ok=no
[INFO] [1787056337.066997329] [a3_receive_input_gateway]: gateway calibrated=yes frame_age=2.7ms frames=74160 ball=36764 base_poses=74141 invalid=0 station_ok=no
[INFO] [1787056338.066982367] [a3_receive_input_gateway]: gateway calibrated=yes frame_age=0.6ms frames=74520 ball=37124 base_poses=74501 invalid=0 station_ok=no
[INFO] [1787056339.066983110] [a3_receive_input_gateway]: gateway calibrated=yes frame_age=3.8ms frames=74880 ball=37484 base_poses=74861 invalid=0 station_ok=no
[INFO] [1787056340.066987738] [a3_receive_input_gateway]: gateway calibrated=yes frame_age=2.4ms frames=75240 ball=37844 base_poses=75221 invalid=0 station_ok=no
[INFO] [1787056341.066984883] [a3_receive_input_gateway]: gateway calibrated=yes frame_age=1.0ms frames=75601 ball=38205 base_poses=75582 invalid=0 station_ok=no
[INFO] [1787056342.067181877] [a3_receive_input_gateway]: gateway calibrated=yes frame_age=1.5ms frames=75961 ball=38565 base_poses=75942 invalid=0 station_ok=no
[INFO] [1787056343.067205027] [a3_receive_input_gateway]: gateway calibrated=yes frame_age=0.2ms frames=76322 ball=38926 base_poses=76303 invalid=0 station_ok=no
[INFO] [1787056344.066958205] [a3_receive_input_gateway]: gateway calibrated=yes frame_age=0.4ms frames=76682 ball=39286 base_poses=76663 invalid=0 station_ok=no
[INFO] [1787056345.066995911] [a3_receive_input_gateway]: gateway calibrated=yes frame_age=2.8ms frames=77041 ball=39645 base_poses=77022 invalid=0 station_ok=no
[INFO] [1787056346.067092409] [a3_receive_input_gateway]: gateway calibrated=yes frame_age=1.5ms frames=77402 ball=40006 base_poses=77383 invalid=0 station_ok=no
[INFO] [1787056347.067041181] [a3_receive_input_gateway]: gateway calibrated=yes frame_age=0.2ms frames=77762 ball=40366 base_poses=77743 invalid=0 station_ok=no
[INFO] [1787056348.067006730] [a3_receive_input_gateway]: gateway calibrated=yes frame_age=2.7ms frames=78122 ball=40726 base_poses=78103 invalid=0 station_ok=no
[INFO] [1787056349.067427862] [a3_receive_input_gateway]: gateway calibrated=yes frame_age=3.6ms frames=78482 ball=41086 base_poses=78463 invalid=0 station_ok=no
[INFO] [1787056350.067047590] [a3_receive_input_gateway]: gateway calibrated=yes frame_age=3.9ms frames=78842 ball=41446 base_poses=78823 invalid=0 station_ok=no
[INFO] [1787056351.066973364] [a3_receive_input_gateway]: gateway calibrated=yes frame_age=0.3ms frames=79203 ball=41807 base_poses=79184 invalid=0 station_ok=no
[INFO] [1787056352.066972054] [a3_receive_input_gateway]: gateway calibrated=yes frame_age=0.9ms frames=79563 ball=42167 base_poses=79544 invalid=0 station_ok=no
[INFO] [1787056353.067152383] [a3_receive_input_gateway]: gateway calibrated=yes frame_age=1.4ms frames=79923 ball=42527 base_poses=79904 invalid=0 station_ok=no
[INFO] [1787056354.067245550] [a3_receive_input_gateway]: gateway calibrated=yes frame_age=1.3ms frames=80283 ball=42887 base_poses=80264 invalid=0 station_ok=no
[INFO] [1787056355.066968663] [a3_receive_input_gateway]: gateway calibrated=yes frame_age=0.6ms frames=80643 ball=43247 base_poses=80624 invalid=0 station_ok=no
[INFO] [1787056356.067982584] [a3_receive_input_gateway]: gateway calibrated=yes frame_age=0.5ms frames=81003 ball=43607 base_poses=80984 invalid=0 station_ok=no
[INFO] [1787056357.067001197] [a3_receive_input_gateway]: gateway calibrated=yes frame_age=1.3ms frames=81362 ball=43966 base_poses=81343 invalid=0 station_ok=no
[INFO] [1787056358.067060501] [a3_receive_input_gateway]: gateway calibrated=yes frame_age=2.5ms frames=81722 ball=44326 base_poses=81703 invalid=0 station_ok=no
[INFO] [1787056359.067002327] [a3_receive_input_gateway]: gateway calibrated=yes frame_age=3.8ms frames=82081 ball=44685 base_poses=82062 invalid=0 station_ok=no
[INFO] [1787056360.067375105] [a3_receive_input_gateway]: gateway calibrated=yes frame_age=1.7ms frames=82442 ball=45046 base_poses=82423 invalid=0 station_ok=no
[INFO] [1787056361.066996930] [a3_receive_input_gateway]: gateway calibrated=yes frame_age=2.6ms frames=82801 ball=45405 base_poses=82782 invalid=0 station_ok=no
[INFO] [1787056362.067418521] [a3_receive_input_gateway]: gateway calibrated=yes frame_age=0.2ms frames=83162 ball=45766 base_poses=83143 invalid=0 station_ok=no
[INFO] [1787056363.067140579] [a3_receive_input_gateway]: gateway calibrated=yes frame_age=1.4ms frames=83521 ball=46125 base_poses=83502 invalid=0 station_ok=no
[INFO] [1787056364.066977464] [a3_receive_input_gateway]: gateway calibrated=yes frame_age=0.7ms frames=83881 ball=46485 base_poses=83862 invalid=0 station_ok=no
[INFO] [1787056365.066961769] [a3_receive_input_gateway]: gateway calibrated=yes frame_age=0.5ms frames=84241 ball=46845 base_poses=84222 invalid=0 station_ok=no
[INFO] [1787056366.067250722] [a3_receive_input_gateway]: gateway calibrated=yes frame_age=0.2ms frames=84601 ball=47205 base_poses=84582 invalid=0 station_ok=no
[INFO] [1787056367.066982877] [a3_receive_input_gateway]: gateway calibrated=yes frame_age=1.1ms frames=84960 ball=47564 base_poses=84941 invalid=0 station_ok=no
[INFO] [1787056368.066982329] [a3_receive_input_gateway]: gateway calibrated=yes frame_age=1.0ms frames=85320 ball=47924 base_poses=85301 invalid=0 station_ok=no
[INFO] [1787056369.066959566] [a3_receive_input_gateway]: gateway calibrated=yes frame_age=0.5ms frames=85680 ball=48284 base_poses=85661 invalid=0 station_ok=no
[INFO] [1787056370.066972514] [a3_receive_input_gateway]: gateway calibrated=yes frame_age=0.3ms frames=86040 ball=48644 base_poses=86021 invalid=0 station_ok=no
[INFO] [1787056371.067158589] [a3_receive_input_gateway]: gateway calibrated=yes frame_age=0.2ms frames=86400 ball=49004 base_poses=86381 invalid=0 station_ok=no
[INFO] [1787056372.067091777] [a3_receive_input_gateway]: gateway calibrated=yes frame_age=3.4ms frames=86759 ball=49363 base_poses=86740 invalid=0 station_ok=no
[INFO] [1787056373.066971254] [a3_receive_input_gateway]: gateway calibrated=yes frame_age=1.2ms frames=87119 ball=49723 base_poses=87100 invalid=0 station_ok=no
[INFO] [1787056374.066973323] [a3_receive_input_gateway]: gateway calibrated=yes frame_age=0.5ms frames=87479 ball=50083 base_poses=87460 invalid=0 station_ok=no
[INFO] [1787056375.066984983] [a3_receive_input_gateway]: gateway calibrated=yes frame_age=0.7ms frames=87839 ball=50443 base_poses=87820 invalid=0 station_ok=no
[INFO] [1787056376.068396233] [a3_receive_input_gateway]: gateway calibrated=yes frame_age=5.7ms frames=88198 ball=50802 base_poses=88179 invalid=0 station_ok=no
[INFO] [1787056377.067110539] [a3_receive_input_gateway]: gateway calibrated=yes frame_age=0.2ms frames=88559 ball=51163 base_poses=88540 invalid=0 station_ok=no
[INFO] [1787056378.067357133] [a3_receive_input_gateway]: gateway calibrated=yes frame_age=0.2ms frames=88919 ball=51523 base_poses=88900 invalid=0 station_ok=no
[INFO] [1787056379.067008132] [a3_receive_input_gateway]: gateway calibrated=yes frame_age=3.8ms frames=89278 ball=51882 base_poses=89259 invalid=0 station_ok=no
[INFO] [1787056380.066991142] [a3_receive_input_gateway]: gateway calibrated=yes frame_age=0.8ms frames=89639 ball=52243 base_poses=89620 invalid=0 station_ok=no
[INFO] [1787056381.067584293] [a3_receive_input_gateway]: gateway calibrated=yes frame_age=4.1ms frames=89998 ball=52602 base_poses=89979 invalid=0 station_ok=no
[INFO] [1787056382.067030328] [a3_receive_input_gateway]: gateway calibrated=yes frame_age=3.2ms frames=90358 ball=52962 base_poses=90339 invalid=0 station_ok=no
[INFO] [1787056383.067011332] [a3_receive_input_gateway]: gateway calibrated=yes frame_age=3.0ms frames=90718 ball=53322 base_poses=90699 invalid=0 station_ok=no
[INFO] [1787056384.067033725] [a3_receive_input_gateway]: gateway calibrated=yes frame_age=3.2ms frames=91078 ball=53682 base_poses=91059 invalid=0 station_ok=no
[INFO] [1787056385.067372891] [a3_receive_input_gateway]: gateway calibrated=yes frame_age=2.5ms frames=91438 ball=54042 base_poses=91419 invalid=0 station_ok=no
[INFO] [1787056386.070514380] [a3_receive_input_gateway]: gateway calibrated=yes frame_age=5.5ms frames=91798 ball=54402 base_poses=91779 invalid=0 station_ok=no
[INFO] [1787056387.068147460] [a3_receive_input_gateway]: gateway calibrated=yes frame_age=3.8ms frames=92158 ball=54762 base_poses=92139 invalid=0 station_ok=no
[INFO] [1787056388.067036152] [a3_receive_input_gateway]: gateway calibrated=yes frame_age=2.7ms frames=92518 ball=55122 base_poses=92499 invalid=0 station_ok=no
[INFO] [1787056389.066961074] [a3_receive_input_gateway]: gateway calibrated=yes frame_age=0.5ms frames=92878 ball=55482 base_poses=92859 invalid=0 station_ok=no
[INFO] [1787056390.067045481] [a3_receive_input_gateway]: gateway calibrated=yes frame_age=2.6ms frames=93238 ball=55842 base_poses=93219 invalid=0 station_ok=no
[INFO] [1787056391.066935949] [a3_receive_input_gateway]: gateway calibrated=yes frame_age=0.2ms frames=93598 ball=56202 base_poses=93579 invalid=0 station_ok=no
[INFO] [1787056392.067027469] [a3_receive_input_gateway]: gateway calibrated=yes frame_age=2.6ms frames=93958 ball=56562 base_poses=93939 invalid=0 station_ok=no
[INFO] [1787056393.067221085] [a3_receive_input_gateway]: gateway calibrated=yes frame_age=0.2ms frames=94318 ball=56922 base_poses=94299 invalid=0 station_ok=no
[INFO] [1787056394.067038043] [a3_receive_input_gateway]: gateway calibrated=yes frame_age=2.5ms frames=94678 ball=57282 base_poses=94659 invalid=0 station_ok=no
[INFO] [1787056395.066961110] [a3_receive_input_gateway]: gateway calibrated=yes frame_age=0.5ms frames=95038 ball=57642 base_poses=95019 invalid=0 station_ok=no
[INFO] [1787056396.067433337] [a3_receive_input_gateway]: gateway calibrated=yes frame_age=2.0ms frames=95398 ball=58002 base_poses=95379 invalid=0 station_ok=no
[INFO] [1787056397.066972257] [a3_receive_input_gateway]: gateway calibrated=yes frame_age=0.7ms frames=95758 ball=58362 base_poses=95739 invalid=0 station_ok=no
[INFO] [1787056398.066992969] [a3_receive_input_gateway]: gateway calibrated=yes frame_age=0.7ms frames=96118 ball=58722 base_poses=96099 invalid=0 station_ok=no
[INFO] [1787056399.067029253] [a3_receive_input_gateway]: gateway calibrated=yes frame_age=0.2ms frames=96478 ball=59082 base_poses=96459 invalid=0 station_ok=no
[INFO] [1787056400.067192091] [a3_receive_input_gateway]: gateway calibrated=yes frame_age=0.9ms frames=96838 ball=59442 base_poses=96819 invalid=0 station_ok=no
[INFO] [1787056401.068040491] [a3_receive_input_gateway]: gateway calibrated=yes frame_age=3.1ms frames=97197 ball=59801 base_poses=97178 invalid=0 station_ok=no
[INFO] [1787056402.068431192] [a3_receive_input_gateway]: gateway calibrated=yes frame_age=2.1ms frames=97558 ball=60162 base_poses=97539 invalid=0 station_ok=no
[INFO] [1787056403.067122837] [a3_receive_input_gateway]: gateway calibrated=yes frame_age=0.3ms frames=97917 ball=60521 base_poses=97898 invalid=0 station_ok=no
[INFO] [1787056404.068607097] [a3_receive_input_gateway]: gateway calibrated=yes frame_age=6.8ms frames=98277 ball=60881 base_poses=98258 invalid=0 station_ok=no
[INFO] [1787056405.066984781] [a3_receive_input_gateway]: gateway calibrated=yes frame_age=1.3ms frames=98638 ball=61242 base_poses=98619 invalid=0 station_ok=no
[INFO] [1787056406.067016392] [a3_receive_input_gateway]: gateway calibrated=yes frame_age=1.4ms frames=98998 ball=61602 base_poses=98979 invalid=0 station_ok=no
[INFO] [1787056407.067176086] [a3_receive_input_gateway]: gateway calibrated=yes frame_age=0.5ms frames=99358 ball=61962 base_poses=99339 invalid=0 station_ok=no
[INFO] [1787056408.067933804] [a3_receive_input_gateway]: gateway calibrated=yes frame_age=6.5ms frames=99717 ball=62321 base_poses=99698 invalid=0 station_ok=no
[INFO] [1787056409.067234913] [a3_receive_input_gateway]: gateway calibrated=yes frame_age=0.2ms frames=100079 ball=62683 base_poses=100060 invalid=0 station_ok=no
[INFO] [1787056410.068435598] [a3_receive_input_gateway]: gateway calibrated=yes frame_age=0.6ms frames=100438 ball=63042 base_poses=100419 invalid=0 station_ok=no
[INFO] [1787056411.067023959] [a3_receive_input_gateway]: gateway calibrated=yes frame_age=0.2ms frames=100799 ball=63403 base_poses=100780 invalid=0 station_ok=no
[INFO] [1787056412.067223594] [a3_receive_input_gateway]: gateway calibrated=yes frame_age=0.5ms frames=101159 ball=63763 base_poses=101140 invalid=0 station_ok=no
[INFO] [1787056413.066986593] [a3_receive_input_gateway]: gateway calibrated=yes frame_age=0.5ms frames=101519 ball=64123 base_poses=101500 invalid=0 station_ok=no
[INFO] [1787056414.067632332] [a3_receive_input_gateway]: gateway calibrated=yes frame_age=0.6ms frames=101879 ball=64483 base_poses=101860 invalid=0 station_ok=no
[INFO] [1787056415.066979192] [a3_receive_input_gateway]: gateway calibrated=yes frame_age=0.9ms frames=102239 ball=64843 base_poses=102220 invalid=0 station_ok=no
[INFO] [1787056416.067001051] [a3_receive_input_gateway]: gateway calibrated=yes frame_age=1.1ms frames=102599 ball=65203 base_poses=102580 invalid=0 station_ok=no
[INFO] [1787056417.066985514] [a3_receive_input_gateway]: gateway calibrated=yes frame_age=1.2ms frames=102959 ball=65563 base_poses=102940 invalid=0 station_ok=no
[INFO] [1787056418.067433473] [a3_receive_input_gateway]: gateway calibrated=yes frame_age=1.2ms frames=103319 ball=65923 base_poses=103300 invalid=0 station_ok=no
[INFO] [1787056419.067234204] [a3_receive_input_gateway]: gateway calibrated=yes frame_age=1.6ms frames=103679 ball=66283 base_poses=103660 invalid=0 station_ok=no
[INFO] [1787056420.067488400] [a3_receive_input_gateway]: gateway calibrated=yes frame_age=2.3ms frames=104039 ball=66643 base_poses=104020 invalid=0 station_ok=no
[INFO] [1787056421.067010315] [a3_receive_input_gateway]: gateway calibrated=yes frame_age=3.8ms frames=104398 ball=67002 base_poses=104379 invalid=0 station_ok=no
[INFO] [1787056422.067548731] [a3_receive_input_gateway]: gateway calibrated=yes frame_age=1.9ms frames=104759 ball=67363 base_poses=104740 invalid=0 station_ok=no
[INFO] [1787056423.067582462] [a3_receive_input_gateway]: gateway calibrated=yes frame_age=2.6ms frames=105119 ball=67723 base_poses=105100 invalid=0 station_ok=no
[INFO] [1787056424.067010184] [a3_receive_input_gateway]: gateway calibrated=yes frame_age=2.7ms frames=105479 ball=68083 base_poses=105460 invalid=0 station_ok=no
[INFO] [1787056425.067034763] [a3_receive_input_gateway]: gateway calibrated=yes frame_age=3.0ms frames=105839 ball=68443 base_poses=105820 invalid=0 station_ok=no
[INFO] [1787056426.068053958] [a3_receive_input_gateway]: gateway calibrated=yes frame_age=5.9ms frames=106198 ball=68802 base_poses=106179 invalid=0 station_ok=no
[INFO] [1787056427.066971513] [a3_receive_input_gateway]: gateway calibrated=yes frame_age=0.5ms frames=106559 ball=69163 base_poses=106540 invalid=0 station_ok=no
[INFO] [1787056428.067337859] [a3_receive_input_gateway]: gateway calibrated=yes frame_age=2.7ms frames=106919 ball=69523 base_poses=106900 invalid=0 station_ok=no
[INFO] [1787056429.067947192] [a3_receive_input_gateway]: gateway calibrated=yes frame_age=6.5ms frames=107278 ball=69882 base_poses=107259 invalid=0 station_ok=no
[INFO] [1787056430.067441279] [a3_receive_input_gateway]: gateway calibrated=yes frame_age=0.3ms frames=107639 ball=70243 base_poses=107620 invalid=0 station_ok=no
[INFO] [1787056431.067272607] [a3_receive_input_gateway]: gateway calibrated=yes frame_age=0.2ms frames=108000 ball=70604 base_poses=107981 invalid=0 station_ok=no
[INFO] [1787056432.068376435] [a3_receive_input_gateway]: gateway calibrated=yes frame_age=1.8ms frames=108360 ball=70964 base_poses=108341 invalid=0 station_ok=no
[INFO] [1787056433.066966573] [a3_receive_input_gateway]: gateway calibrated=yes frame_age=0.6ms frames=108720 ball=71324 base_poses=108701 invalid=0 station_ok=no
[INFO] [1787056434.066977267] [a3_receive_input_gateway]: gateway calibrated=yes frame_age=1.0ms frames=109080 ball=71684 base_poses=109061 invalid=0 station_ok=no
[INFO] [1787056435.067352161] [a3_receive_input_gateway]: gateway calibrated=yes frame_age=3.1ms frames=109439 ball=72043 base_poses=109420 invalid=0 station_ok=no
[INFO] [1787056436.067483125] [a3_receive_input_gateway]: gateway calibrated=yes frame_age=2.0ms frames=109800 ball=72404 base_poses=109781 invalid=0 station_ok=no
[INFO] [1787056437.067457996] [a3_receive_input_gateway]: gateway calibrated=yes frame_age=0.2ms frames=110161 ball=72765 base_poses=110142 invalid=0 station_ok=no
[INFO] [1787056438.067021022] [a3_receive_input_gateway]: gateway calibrated=yes frame_age=2.0ms frames=110520 ball=73124 base_poses=110501 invalid=0 station_ok=no
[INFO] [1787056439.066973225] [a3_receive_input_gateway]: gateway calibrated=yes frame_age=0.4ms frames=110881 ball=73485 base_poses=110862 invalid=0 station_ok=no
[INFO] [1787056440.066988879] [a3_receive_input_gateway]: gateway calibrated=yes frame_age=0.2ms frames=111241 ball=73845 base_poses=111222 invalid=0 station_ok=no
[INFO] [1787056441.067015656] [a3_receive_input_gateway]: gateway calibrated=yes frame_age=2.8ms frames=111600 ball=74204 base_poses=111581 invalid=0 station_ok=no
[INFO] [1787056442.067042215] [a3_receive_input_gateway]: gateway calibrated=yes frame_age=3.4ms frames=111960 ball=74564 base_poses=111941 invalid=0 station_ok=no
[INFO] [1787056443.067058832] [a3_receive_input_gateway]: gateway calibrated=yes frame_age=3.6ms frames=112320 ball=74924 base_poses=112301 invalid=0 station_ok=no
[INFO] [1787056444.067117834] [a3_receive_input_gateway]: gateway calibrated=yes frame_age=3.9ms frames=112680 ball=75284 base_poses=112661 invalid=0 station_ok=no
[INFO] [1787056445.067217839] [a3_receive_input_gateway]: gateway calibrated=yes frame_age=0.2ms frames=113041 ball=75645 base_poses=113022 invalid=0 station_ok=no
[INFO] [1787056446.067933031] [a3_receive_input_gateway]: gateway calibrated=yes frame_age=0.5ms frames=113401 ball=76005 base_poses=113382 invalid=0 station_ok=no
[INFO] [1787056447.066922437] [a3_receive_input_gateway]: gateway calibrated=yes frame_age=0.3ms frames=113761 ball=76365 base_poses=113742 invalid=0 station_ok=no
[INFO] [1787056448.066974907] [a3_receive_input_gateway]: gateway calibrated=yes frame_age=0.7ms frames=114121 ball=76725 base_poses=114102 invalid=0 station_ok=no
[INFO] [1787056449.066985937] [a3_receive_input_gateway]: gateway calibrated=yes frame_age=1.1ms frames=114481 ball=77085 base_poses=114462 invalid=0 station_ok=no
[INFO] [1787056450.067146407] [a3_receive_input_gateway]: gateway calibrated=yes frame_age=1.5ms frames=114841 ball=77445 base_poses=114822 invalid=0 station_ok=no
[INFO] [1787056451.067001806] [a3_receive_input_gateway]: gateway calibrated=yes frame_age=1.7ms frames=115201 ball=77805 base_poses=115182 invalid=0 station_ok=no
[INFO] [1787056452.066980951] [a3_receive_input_gateway]: gateway calibrated=yes frame_age=0.2ms frames=115562 ball=78166 base_poses=115543 invalid=0 station_ok=no
[INFO] [1787056453.066986661] [a3_receive_input_gateway]: gateway calibrated=yes frame_age=0.3ms frames=115922 ball=78526 base_poses=115903 invalid=0 station_ok=no
[INFO] [1787056454.066994811] [a3_receive_input_gateway]: gateway calibrated=yes frame_age=0.7ms frames=116282 ball=78886 base_poses=116263 invalid=0 station_ok=no
[INFO] [1787056455.067149389] [a3_receive_input_gateway]: gateway calibrated=yes frame_age=1.0ms frames=116642 ball=79246 base_poses=116623 invalid=0 station_ok=no
[INFO] [1787056456.067563969] [a3_receive_input_gateway]: gateway calibrated=yes frame_age=0.5ms frames=117002 ball=79606 base_poses=116983 invalid=0 station_ok=no
[INFO] [1787056457.067181872] [a3_receive_input_gateway]: gateway calibrated=yes frame_age=1.8ms frames=117362 ball=79966 base_poses=117343 invalid=0 station_ok=no
[INFO] [1787056458.066985858] [a3_receive_input_gateway]: gateway calibrated=yes frame_age=1.2ms frames=117722 ball=80326 base_poses=117703 invalid=0 station_ok=no
[INFO] [1787056459.067019000] [a3_receive_input_gateway]: gateway calibrated=yes frame_age=2.2ms frames=118082 ball=80686 base_poses=118063 invalid=0 station_ok=no
[INFO] [1787056460.067023438] [a3_receive_input_gateway]: gateway calibrated=yes frame_age=2.5ms frames=118442 ball=81046 base_poses=118423 invalid=0 station_ok=no
[INFO] [1787056461.066955394] [a3_receive_input_gateway]: gateway calibrated=yes frame_age=2.8ms frames=118802 ball=81406 base_poses=118783 invalid=0 station_ok=no
[INFO] [1787056462.067062608] [a3_receive_input_gateway]: gateway calibrated=yes frame_age=3.2ms frames=119162 ball=81766 base_poses=119143 invalid=0 station_ok=no
[INFO] [1787056463.067003927] [a3_receive_input_gateway]: gateway calibrated=yes frame_age=3.6ms frames=119522 ball=82126 base_poses=119503 invalid=0 station_ok=no
[INFO] [1787056464.067286747] [a3_receive_input_gateway]: gateway calibrated=yes frame_age=0.2ms frames=119883 ball=82487 base_poses=119864 invalid=0 station_ok=no
[INFO] [1787056465.067020479] [a3_receive_input_gateway]: gateway calibrated=yes frame_age=0.2ms frames=120243 ball=82847 base_poses=120224 invalid=0 station_ok=no
[INFO] [1787056466.067157971] [a3_receive_input_gateway]: gateway calibrated=yes frame_age=0.3ms frames=120603 ball=83207 base_poses=120584 invalid=0 station_ok=no
[INFO] [1787056467.066960412] [a3_receive_input_gateway]: gateway calibrated=yes frame_age=0.6ms frames=120963 ball=83567 base_poses=120944 invalid=0 station_ok=no
[INFO] [1787056468.066984677] [a3_receive_input_gateway]: gateway calibrated=yes frame_age=0.9ms frames=121323 ball=83927 base_poses=121304 invalid=0 station_ok=no
[INFO] [1787056469.067019382] [a3_receive_input_gateway]: gateway calibrated=yes frame_age=1.4ms frames=121683 ball=84287 base_poses=121664 invalid=0 station_ok=no
[INFO] [1787056470.067009514] [a3_receive_input_gateway]: gateway calibrated=yes frame_age=1.6ms frames=122043 ball=84647 base_poses=122024 invalid=0 station_ok=no
[INFO] [1787056471.067019003] [a3_receive_input_gateway]: gateway calibrated=yes frame_age=0.2ms frames=122404 ball=85008 base_poses=122385 invalid=0 station_ok=no
[INFO] [1787056472.066975311] [a3_receive_input_gateway]: gateway calibrated=yes frame_age=0.4ms frames=122764 ball=85368 base_poses=122745 invalid=0 station_ok=no
[INFO] [1787056473.066974315] [a3_receive_input_gateway]: gateway calibrated=yes frame_age=0.6ms frames=123124 ball=85728 base_poses=123105 invalid=0 station_ok=no
[INFO] [1787056474.066987101] [a3_receive_input_gateway]: gateway calibrated=yes frame_age=0.5ms frames=123484 ball=86088 base_poses=123465 invalid=0 station_ok=no
[INFO] [1787056475.067990934] [a3_receive_input_gateway]: gateway calibrated=yes frame_age=4.2ms frames=123843 ball=86447 base_poses=123824 invalid=0 station_ok=no
[INFO] [1787056476.067279375] [a3_receive_input_gateway]: gateway calibrated=yes frame_age=3.5ms frames=124203 ball=86807 base_poses=124184 invalid=0 station_ok=no
[INFO] [1787056477.066988841] [a3_receive_input_gateway]: gateway calibrated=yes frame_age=1.2ms frames=124564 ball=87168 base_poses=124545 invalid=0 station_ok=no
[INFO] [1787056478.068333186] [a3_receive_input_gateway]: gateway calibrated=yes frame_age=0.6ms frames=124924 ball=87528 base_poses=124905 invalid=0 station_ok=no
[INFO] [1787056479.067103087] [a3_receive_input_gateway]: gateway calibrated=yes frame_age=2.3ms frames=125284 ball=87888 base_poses=125265 invalid=0 station_ok=no
[INFO] [1787056480.067383459] [a3_receive_input_gateway]: gateway calibrated=yes frame_age=0.6ms frames=125644 ball=88248 base_poses=125625 invalid=0 station_ok=no
[INFO] [1787056481.067151900] [a3_receive_input_gateway]: gateway calibrated=yes frame_age=3.5ms frames=126004 ball=88608 base_poses=125985 invalid=0 station_ok=no
[INFO] [1787056482.067221746] [a3_receive_input_gateway]: gateway calibrated=yes frame_age=3.7ms frames=126364 ball=88968 base_poses=126345 invalid=0 station_ok=no
[INFO] [1787056483.067086804] [a3_receive_input_gateway]: gateway calibrated=yes frame_age=3.4ms frames=126724 ball=89328 base_poses=126705 invalid=0 station_ok=no
[INFO] [1787056484.066996231] [a3_receive_input_gateway]: gateway calibrated=yes frame_age=1.5ms frames=127084 ball=89688 base_poses=127065 invalid=0 station_ok=no
[INFO] [1787056485.067294398] [a3_receive_input_gateway]: gateway calibrated=yes frame_age=3.8ms frames=127444 ball=90048 base_poses=127425 invalid=0 station_ok=no
[INFO] [1787056486.067142856] [a3_receive_input_gateway]: gateway calibrated=yes frame_age=3.4ms frames=127804 ball=90408 base_poses=127785 invalid=0 station_ok=no
[INFO] [1787056487.067044623] [a3_receive_input_gateway]: gateway calibrated=yes frame_age=1.7ms frames=128164 ball=90768 base_poses=128145 invalid=0 station_ok=no
[INFO] [1787056488.066999592] [a3_receive_input_gateway]: gateway calibrated=yes frame_age=1.7ms frames=128524 ball=91128 base_poses=128505 invalid=0 station_ok=no
[INFO] [1787056489.067028280] [a3_receive_input_gateway]: gateway calibrated=yes frame_age=1.6ms frames=128884 ball=91488 base_poses=128865 invalid=0 station_ok=no
[INFO] [1787056490.067061781] [a3_receive_input_gateway]: gateway calibrated=yes frame_age=1.1ms frames=129244 ball=91848 base_poses=129225 invalid=0 station_ok=no
