[INFO] [1787070704.680200826] [hope_planner]: HOPE planner started: strike_planes=FH:-0.210,BH:0.100 m, landing=[ 2.055  -0.7625], split_y=-1.173 m, new_task_tts=[0.250,1.000] s, ball_rearm=(vx_in<=-0.50, vx_out>=-0.10 m/s, confirm=5/10, x>=0.30 m), live_margins=(y=0.000m, z=0.000m, racket_v=0.000m/s), solve_period=0.020 s, ball_pose_index=0
[WARN] [1787070742.518855485] [hope_planner]: predicted command is outside the grounded Isaac target envelopes; command not published (FH: y=-0.8002 outside [-1.5250, -1.1725]; BH: z=0.0206 outside [0.0800, 0.4500])
[WARN] [1787070742.539360843] [hope_planner]: TTS_GATE ball=4 side=BACKHAND decision=ACCEPT tts=0.5067s window=[0.2500, 1.0000]s est_x=2.5940m est_vx=-8.4451m/s
[WARN] [1787070742.553463955] [hope_planner]: PLANNER_TASK_PUBLISHED ball=4 task=1 side=BACKHAND tts=0.5067s target=[0.1000,-0.7657,0.2860] racket_v=[1.2226,0.0348,0.5157]
[WARN] [1787070743.350241829] [hope_planner]: STRIKE_PLANE_CROSS ball=4 plane=BACKHAND x=0.100 measured_y=-0.7985 measured_z=0.2607 result=ACCEPT: task_id=1 revision=29 side=BACKHAND tts=0.0074s target=[0.1000,-0.7952,0.2620] racket_v=[1.8449,0.0689,0.6849]
[WARN] [1787070744.470677285] [hope_planner]: BALL_REARM ball=5 reason=confirmed incoming cycle x=2.400m vx=-2.336m/s (hysteresis+consecutive-sample gate)
[WARN] [1787070749.730153149] [hope_planner]: predicted command is outside the grounded Isaac target envelopes; command not published (FH: y=-0.7012 outside [-1.5250, -1.1725], z=0.5609 outside [0.0800, 0.4500]; BH: z=0.0545 outside [0.0800, 0.4500])
[WARN] [1787070749.799061046] [hope_planner]: TTS_GATE ball=8 side=BACKHAND decision=WAIT tts=1.3929s window=[0.2500, 1.0000]s est_x=2.4267m est_vx=-4.2211m/s
[WARN] [1787070749.920030876] [hope_planner]: TTS_GATE ball=8 side=BACKHAND decision=ACCEPT tts=0.9191s window=[0.2500, 1.0000]s est_x=2.0627m est_vx=-2.9551m/s
[WARN] [1787070749.933982395] [hope_planner]: PLANNER_TASK_PUBLISHED ball=8 task=2 side=BACKHAND tts=0.9191s target=[0.1000,-0.8242,0.2302] racket_v=[1.9362,0.0841,1.0598]
[WARN] [1787070751.999267442] [hope_planner]: predicted command is outside the grounded Isaac target envelopes; command not published (FH: y=-0.1042 outside [-1.5250, -1.1725]; BH: z=0.5537 outside [0.0800, 0.4500])
[WARN] [1787070752.086057079] [hope_planner]: BALL_REARM ball=9 reason=confirmed incoming cycle x=2.815m vx=-3.527m/s (hysteresis+consecutive-sample gate)
[WARN] [1787070752.086307318] [hope_planner]: TTS_GATE ball=9 side=BACKHAND decision=WAIT tts=1.1844s window=[0.2500, 1.0000]s est_x=2.8154m est_vx=-3.5275m/s
[WARN] [1787070752.213866815] [hope_planner]: TTS_GATE ball=9 side=BACKHAND decision=ACCEPT tts=0.9623s window=[0.2500, 1.0000]s est_x=2.3528m est_vx=-3.5387m/s
[WARN] [1787070752.227828422] [hope_planner]: PLANNER_TASK_PUBLISHED ball=9 task=3 side=BACKHAND tts=0.9623s target=[0.1000,-0.6374,0.3595] racket_v=[1.7452,-0.1748,0.9200]
[WARN] [1787070754.437253552] [hope_planner]: predicted command is outside the grounded Isaac target envelopes; command not published (FH: z=0.6122 outside [0.0800, 0.4500]; BH: z=0.7756 outside [0.0800, 0.4500])
[WARN] [1787070754.503843118] [hope_planner]: BALL_REARM ball=10 reason=confirmed incoming cycle x=2.581m vx=-4.521m/s (hysteresis+consecutive-sample gate)
[WARN] [1787070754.504075900] [hope_planner]: TTS_GATE ball=10 side=BACKHAND decision=ACCEPT tts=0.6756s window=[0.2500, 1.0000]s est_x=2.5812m est_vx=-4.5215m/s
[WARN] [1787070754.518355884] [hope_planner]: PLANNER_TASK_PUBLISHED ball=10 task=4 side=BACKHAND tts=0.6756s target=[0.1000,-0.9214,0.2108] racket_v=[2.2357,0.1657,0.3768]
[WARN] [1787070755.334948446] [hope_planner]: STRIKE_PLANE_CROSS ball=10 plane=BACKHAND x=0.100 measured_y=-1.0914 measured_z=0.4832 result=ACCEPT: task_id=4 revision=18 side=BACKHAND tts=0.0703s target=[0.1000,-1.0751,0.4497] racket_v=[1.7774,0.2655,0.5601]
[WARN] [1787070757.160323887] [hope_planner]: predicted command is outside the grounded Isaac target envelopes; command not published (FH: y=-0.8782 outside [-1.5250, -1.1725]; BH: z=0.0501 outside [0.0800, 0.4500])
[WARN] [1787070757.203874877] [hope_planner]: TTS_GATE ball=11 side=FOREHAND decision=ACCEPT tts=0.8579s window=[0.2500, 1.0000]s est_x=2.1360m est_vx=-3.8815m/s
[WARN] [1787070757.217926330] [hope_planner]: PLANNER_TASK_PUBLISHED ball=11 task=5 side=FOREHAND tts=0.8579s target=[-0.2100,-1.2399,0.4079] racket_v=[2.4617,0.4985,0.8503]
[WARN] [1787070758.044564320] [hope_planner]: STRIKE_PLANE_CROSS ball=11 plane=BACKHAND x=0.100 measured_y=-0.9101 measured_z=0.1188 result=REJECT: active task is locked to FOREHAND
[WARN] [1787070758.177956998] [hope_planner]: locked FH task has no admitted same-side revision; command not published (FH: y=-0.9209 outside [-1.5250, -1.1725])
[WARN] [1787070758.232795310] [hope_planner]: STRIKE_PLANE_CROSS ball=11 plane=FOREHAND x=-0.210 measured_y=-0.9242 measured_z=0.2544 result=ACCEPT: task_id=5 revision=1 side=FOREHAND tts=1.1798s target=[-0.2100,-1.2236,0.3216] racket_v=[2.9245,0.5825,0.9364]
[WARN] [1787070765.436141429] [hope_planner]: TTS_GATE ball=13 side=BACKHAND decision=WAIT tts=1.6763s window=[0.2500, 1.0000]s est_x=2.6055m est_vx=-3.9679m/s
[WARN] [1787070765.602065651] [hope_planner]: TTS_GATE ball=13 side=BACKHAND decision=ACCEPT tts=0.7708s window=[0.2500, 1.0000]s est_x=1.9792m est_vx=-3.3052m/s
[WARN] [1787070765.616386760] [hope_planner]: PLANNER_TASK_PUBLISHED ball=13 task=6 side=BACKHAND tts=0.7708s target=[0.1000,-0.6040,0.2251] racket_v=[2.0171,-0.1025,0.9969]
[WARN] [1787070765.797871272] [hope_planner]: locked BH task has no admitted same-side revision; command not published (FH: y=-0.6577 outside [-1.5250, -1.1725]; BH: z=0.0770 outside [0.0800, 0.4500])
[WARN] [1787070771.917634417] [hope_planner]: TTS_GATE ball=14 side=BACKHAND decision=ACCEPT tts=0.7358s window=[0.2500, 1.0000]s est_x=2.7582m est_vx=-6.6128m/s
[WARN] [1787070771.931541118] [hope_planner]: PLANNER_TASK_PUBLISHED ball=14 task=7 side=BACKHAND tts=0.7358s target=[0.1000,-0.7907,0.1696] racket_v=[2.3471,0.0840,0.6421]
[WARN] [1787070772.000862631] [hope_planner]: locked BH task has no admitted same-side revision; command not published (FH: y=-0.8148 outside [-1.5250, -1.1725]; BH: z=0.0520 outside [0.0800, 0.4500])
[WARN] [1787070774.223038700] [hope_planner]: predicted command is outside the grounded Isaac target envelopes; command not published (FH: y=-0.2961 outside [-1.5250, -1.1725]; BH: z=0.6255 outside [0.0800, 0.4500])
[WARN] [1787070774.360819561] [hope_planner]: BALL_REARM ball=15 reason=confirmed incoming cycle x=2.252m vx=-3.384m/s (hysteresis+consecutive-sample gate)
[WARN] [1787070774.361025953] [hope_planner]: TTS_GATE ball=15 side=BACKHAND decision=ACCEPT tts=0.9207s window=[0.2500, 1.0000]s est_x=2.2518m est_vx=-3.3836m/s
[WARN] [1787070774.374926309] [hope_planner]: PLANNER_TASK_PUBLISHED ball=15 task=8 side=BACKHAND tts=0.9207s target=[0.1000,-0.5570,0.4359] racket_v=[1.9256,-0.3077,0.8172]
[WARN] [1787070774.906002194] [hope_planner]: PLANNER_TASK_PUBLISHED ball=15 task=9 side=BACKHAND tts=0.4539s target=[0.1000,-0.2096,0.2190] racket_v=[1.6641,-0.5967,1.0165]
[WARN] [1787070775.311078533] [hope_planner]: STRIKE_PLANE_CROSS ball=15 plane=BACKHAND x=0.100 measured_y=-0.4434 measured_z=0.3750 result=ACCEPT: task_id=9 revision=19 side=BACKHAND tts=0.0147s target=[0.1000,-0.4459,0.3612] racket_v=[1.8213,-0.3807,0.9176]
[WARN] [1787070795.428911815] [hope_planner]: predicted command is outside the grounded Isaac target envelopes; command not published (BH: y=-1.3020 outside [-1.1725, 0.0000])
[WARN] [1787070795.443543496] [hope_planner]: TTS_GATE ball=18 side=BACKHAND decision=ACCEPT tts=0.8243s window=[0.2500, 1.0000]s est_x=2.4284m est_vx=-4.2593m/s
[WARN] [1787070795.457457880] [hope_planner]: PLANNER_TASK_PUBLISHED ball=18 task=10 side=BACKHAND tts=0.8243s target=[0.1000,-1.1596,0.1293] racket_v=[1.6798,0.3335,1.0376]
[WARN] [1787070805.871392055] [hope_planner]: PLANNER_TASK_PUBLISHED ball=18 task=11 side=BACKHAND tts=0.6759s target=[0.1000,-0.6760,0.2720] racket_v=[2.2576,-0.0703,0.4467]
[WARN] [1787070806.473571700] [hope_planner]: locked BH task has no admitted same-side revision; command not published (FH: y=-0.5557 outside [-1.5250, -1.1725]; BH: z=0.0713 outside [0.0800, 0.4500])
[WARN] [1787070807.022117533] [hope_planner]: STRIKE_PLANE_CROSS ball=18 plane=BACKHAND x=0.100 measured_y=-0.4757 measured_z=0.2271 result=ACCEPT: task_id=11 revision=49 side=BACKHAND tts=0.0027s target=[0.1000,-0.4760,0.2235] racket_v=[2.5077,-0.3350,0.8076]
[WARN] [1787070815.594051796] [hope_planner]: TTS_GATE ball=19 side=BACKHAND decision=ACCEPT tts=0.6547s window=[0.2500, 1.0000]s est_x=2.6700m est_vx=-7.1903m/s
[WARN] [1787070815.608504483] [hope_planner]: PLANNER_TASK_PUBLISHED ball=19 task=12 side=BACKHAND tts=0.6547s target=[0.1000,-0.8165,0.1000] racket_v=[1.2055,0.0699,0.7459]
[WARN] [1787070815.700343024] [hope_planner]: locked BH task has no admitted same-side revision; command not published (BH: y=-1.2765 outside [-1.1725, 0.0000], z=0.4710 outside [0.0800, 0.4500])
[WARN] [1787070820.530585992] [hope_planner]: TTS_GATE ball=21 side=BACKHAND decision=ACCEPT tts=0.5917s window=[0.2500, 1.0000]s est_x=2.5262m est_vx=-5.0741m/s
[WARN] [1787070820.544551525] [hope_planner]: PLANNER_TASK_PUBLISHED ball=21 task=13 side=BACKHAND tts=0.5917s target=[0.1000,-0.4700,0.2104] racket_v=[2.1405,-0.3061,0.4366]
[WARN] [1787070820.549491792] [hope_planner]: locked BH task has no admitted same-side revision; command not published (FH: y=-0.5123 outside [-1.5250, -1.1725]; BH: z=0.5971 outside [0.0800, 0.4500])
[WARN] [1787070822.624130077] [hope_planner]: TTS_GATE ball=21 side=BACKHAND decision=WAIT tts=1.0734s window=[0.2500, 1.0000]s est_x=2.2470m est_vx=-3.0241m/s
[WARN] [1787070822.641608837] [hope_planner]: predicted command is outside the grounded Isaac target envelopes; command not published (FH: y=-0.7923 outside [-1.5250, -1.1725], z=0.4687 outside [0.0800, 0.4500]; BH: z=0.6611 outside [0.0800, 0.4500])
[WARN] [1787070822.678276524] [hope_planner]: PLANNER_TASK_PUBLISHED ball=21 task=14 side=BACKHAND tts=0.4996s target=[0.1000,-0.7777,0.4303] racket_v=[1.1001,-0.0273,0.5010]
[WARN] [1787070822.710669732] [hope_planner]: BALL_REARM ball=22 reason=confirmed incoming cycle x=1.963m vx=-3.137m/s (hysteresis+consecutive-sample gate)
[WARN] [1787070823.703938282] [hope_planner]: STRIKE_PLANE_CROSS ball=22 plane=BACKHAND x=0.100 measured_y=-0.8043 measured_z=0.1703 result=ACCEPT: task_id=14 revision=43 side=BACKHAND tts=0.0153s target=[0.1000,-0.8156,0.1698] racket_v=[2.3369,0.1115,0.5335]
[WARN] [1787070824.673060901] [hope_planner]: TTS_GATE ball=22 side=BACKHAND decision=ACCEPT tts=0.6901s window=[0.2500, 1.0000]s est_x=2.8634m est_vx=-5.2495m/s
[WARN] [1787070824.687066203] [hope_planner]: PLANNER_TASK_PUBLISHED ball=22 task=15 side=BACKHAND tts=0.6901s target=[0.1000,-0.8027,0.3302] racket_v=[2.0680,0.0283,0.4582]
[WARN] [1787070824.705111095] [hope_planner]: locked BH task has no admitted same-side revision; command not published (BH: vx=0.7252 outside [1.0500, 3.1000], vz=0.2852 outside [0.3500, 1.5000])
[WARN] [1787070824.756112943] [hope_planner]: BALL_REARM ball=23 reason=confirmed incoming cycle x=2.509m vx=-5.149m/s (hysteresis+consecutive-sample gate)
[WARN] [1787070826.851021743] [hope_planner]: predicted command is outside the grounded Isaac target envelopes; command not published (FH: y=-0.9377 outside [-1.5250, -1.1725], z=1.1647 outside [0.0800, 0.4500]; BH: z=1.4185 outside [0.0800, 0.4500])
[WARN] [1787070826.919392820] [hope_planner]: BALL_REARM ball=24 reason=confirmed incoming cycle x=2.531m vx=-3.028m/s (hysteresis+consecutive-sample gate)
[WARN] [1787070826.919645703] [hope_planner]: TTS_GATE ball=24 side=BACKHAND decision=WAIT tts=1.1920s window=[0.2500, 1.0000]s est_x=2.5310m est_vx=-3.0284m/s
[WARN] [1787070827.152997471] [hope_planner]: TTS_GATE ball=24 side=BACKHAND decision=ACCEPT tts=0.9712s window=[0.2500, 1.0000]s est_x=1.8406m est_vx=-2.6775m/s
[WARN] [1787070827.167173379] [hope_planner]: PLANNER_TASK_PUBLISHED ball=24 task=16 side=BACKHAND tts=0.9712s target=[0.1000,-1.0191,0.2966] racket_v=[1.7437,0.2253,1.0521]
[WARN] [1787070829.317170343] [hope_planner]: predicted command is outside the grounded Isaac target envelopes; command not published (BH: vz=0.2030 outside [0.3500, 1.5000])
[WARN] [1787070829.389272170] [hope_planner]: BALL_REARM ball=25 reason=confirmed incoming cycle x=2.599m vx=-3.423m/s (hysteresis+consecutive-sample gate)
[WARN] [1787070829.412026545] [hope_planner]: TTS_GATE ball=25 side=BACKHAND decision=WAIT tts=1.3326s window=[0.2500, 1.0000]s est_x=2.5532m est_vx=-2.8432m/s
[WARN] [1787070829.539405961] [hope_planner]: TTS_GATE ball=25 side=BACKHAND decision=ACCEPT tts=0.9970s window=[0.2500, 1.0000]s est_x=2.1620m est_vx=-3.0279m/s
[WARN] [1787070829.553528433] [hope_planner]: PLANNER_TASK_PUBLISHED ball=25 task=17 side=BACKHAND tts=0.9970s target=[0.1000,-0.5946,0.4476] racket_v=[1.8836,-0.1375,0.8910]
[WARN] [1787070830.333735401] [hope_planner]: locked BH task has no admitted same-side revision; command not published (BH: z=0.4780 outside [0.0800, 0.4500])
[WARN] [1787070831.833736913] [hope_planner]: PLANNER_TASK_PUBLISHED ball=25 task=18 side=BACKHAND tts=0.7492s target=[0.1000,-0.8978,0.3781] racket_v=[2.2238,0.1246,0.5356]
[WARN] [1787070831.837879142] [hope_planner]: locked BH task has no admitted same-side revision; command not published (FH: y=-0.7405 outside [-1.5250, -1.1725], z=0.6395 outside [0.0800, 0.4500]; BH: z=0.8151 outside [0.0800, 0.4500])
[WARN] [1787070831.908425711] [hope_planner]: BALL_REARM ball=26 reason=confirmed incoming cycle x=2.115m vx=-2.699m/s (hysteresis+consecutive-sample gate)
[WARN] [1787070833.017032461] [hope_planner]: STRIKE_PLANE_CROSS ball=26 plane=BACKHAND x=0.100 measured_y=-0.8800 measured_z=0.2640 result=ACCEPT: task_id=18 revision=48 side=BACKHAND tts=0.0136s target=[0.1000,-0.8775,0.2621] racket_v=[2.5307,0.0819,0.8325]
[WARN] [1787070849.156736613] [hope_planner]: TTS_GATE ball=27 side=BACKHAND decision=WAIT tts=1.0913s window=[0.2500, 1.0000]s est_x=2.7182m est_vx=-5.0375m/s
[WARN] [1787070849.177565646] [hope_planner]: TTS_GATE ball=27 side=BACKHAND decision=ACCEPT tts=0.7752s window=[0.2500, 1.0000]s est_x=2.6264m est_vx=-6.1014m/s
[WARN] [1787070849.191568537] [hope_planner]: PLANNER_TASK_PUBLISHED ball=27 task=19 side=BACKHAND tts=0.7752s target=[0.1000,-0.7093,0.2361] racket_v=[2.3290,-0.0307,0.6775]
[WARN] [1787070849.328364157] [hope_planner]: locked BH task has no admitted same-side revision; command not published (FH: y=0.1459 outside [-1.5250, -1.1725], z=0.4779 outside [0.0800, 0.4500]; BH: y=0.0541 outside [-1.1725, 0.0000], z=0.5012 outside [0.0800, 0.4500])
[WARN] [1787070850.456751424] [hope_planner]: STRIKE_PLANE_CROSS ball=27 plane=BACKHAND x=0.100 measured_y=-0.6878 measured_z=0.2157 result=ACCEPT: task_id=19 revision=37 side=BACKHAND tts=0.0198s target=[0.1000,-0.6948,0.2197] racket_v=[2.3406,-0.0411,0.7707]
[WARN] [1787070862.767146354] [hope_planner]: TTS_GATE ball=28 side=BACKHAND decision=WAIT tts=1.9512s window=[0.2500, 1.0000]s est_x=2.5994m est_vx=-4.0298m/s
[WARN] [1787070862.845432805] [hope_planner]: TTS_GATE ball=28 side=BACKHAND decision=ACCEPT tts=0.6452s window=[0.2500, 1.0000]s est_x=2.3257m est_vx=-4.4731m/s
[WARN] [1787070862.859443643] [hope_planner]: PLANNER_TASK_PUBLISHED ball=28 task=20 side=BACKHAND tts=0.6452s target=[0.1000,-0.1689,0.2502] racket_v=[2.1374,-0.6069,0.7205]
[WARN] [1787070863.477693356] [hope_planner]: locked BH task has no admitted same-side revision; command not published (BH: y=-1.4155 outside [-1.1725, 0.0000])
[WARN] [1787070867.246979764] [hope_planner]: TTS_GATE ball=29 side=BACKHAND decision=WAIT tts=1.9964s window=[0.2500, 1.0000]s est_x=2.8622m est_vx=-4.0527m/s
[WARN] [1787070867.265349889] [hope_planner]: predicted command is outside the grounded Isaac target envelopes; command not published (BH: z=0.0501 outside [0.0800, 0.4500])
[WARN] [1787070867.761612287] [hope_planner]: TTS_GATE ball=29 side=BACKHAND decision=ACCEPT tts=0.9130s window=[0.2500, 1.0000]s est_x=1.4252m est_vx=-2.4940m/s
[WARN] [1787070867.775572557] [hope_planner]: PLANNER_TASK_PUBLISHED ball=29 task=21 side=BACKHAND tts=0.9130s target=[0.1000,-0.5403,0.2591] racket_v=[2.4673,-0.2540,1.0399]
[WARN] [1787070868.284157928] [hope_planner]: locked BH task has no admitted same-side revision; command not published (FH: y=-0.4964 outside [-1.5250, -1.1725]; BH: z=0.0620 outside [0.0800, 0.4500])
[WARN] [1787070922.798220102] [hope_planner]: TTS_GATE ball=31 side=BACKHAND decision=ACCEPT tts=0.5865s window=[0.2500, 1.0000]s est_x=2.3589m est_vx=-4.8167m/s
[WARN] [1787070922.812451857] [hope_planner]: PLANNER_TASK_PUBLISHED ball=31 task=22 side=BACKHAND tts=0.5865s target=[0.1000,-0.3068,0.2645] racket_v=[2.1464,-0.4690,0.4582]
[WARN] [1787070929.132412608] [hope_planner]: predicted command is outside the grounded Isaac target envelopes; command not published (FH: y=-0.3185 outside [-1.5250, -1.1725]; BH: z=0.4885 outside [0.0800, 0.4500])
[WARN] [1787070929.154691962] [hope_planner]: TTS_GATE ball=32 side=BACKHAND decision=ACCEPT tts=0.6403s window=[0.2500, 1.0000]s est_x=2.2016m est_vx=-4.0511m/s
[WARN] [1787070929.168812611] [hope_planner]: PLANNER_TASK_PUBLISHED ball=32 task=23 side=BACKHAND tts=0.6403s target=[0.1000,-0.8155,0.3023] racket_v=[2.2334,0.0795,0.3963]
[WARN] [1787070929.947142696] [hope_planner]: STRIKE_PLANE_CROSS ball=32 plane=BACKHAND x=0.100 measured_y=-0.4221 measured_z=0.5136 result=ACCEPT: task_id=23 revision=6 side=BACKHAND tts=0.1238s target=[0.1000,-0.4570,0.4470] racket_v=[2.0961,-0.2498,0.7350]
[WARN] [1787070930.127635571] [hope_planner]: STRIKE_PLANE_CROSS ball=32 plane=FOREHAND x=-0.210 measured_y=-0.3884 measured_z=0.3380 result=REJECT: predicted position y=-0.3723 outside [-1.5250, -1.1725]
