[INFO] [1785159183.057289761] [hope_planner]: HOPE planner started: strike_planes=FH:-0.210,BH:0.100 m, landing=[ 2.055  -0.7625], split_y=-1.173 m, new_task_tts=[0.250,1.000] s, ball_rearm=(vx_in<=-0.50, vx_out>=-0.10 m/s, confirm=5/10, x>=0.30 m), live_margins=(y=0.070m, z=0.040m, racket_v=0.150m/s), solve_period=0.020 s, ball_pose_index=0
[WARN] [1785159195.478314009] [hope_planner]: predicted command is outside the grounded Isaac target envelopes; command not published (FH: y=-0.8516 outside [-1.5925, -1.2125], z=0.0883 outside [0.2000, 0.4900])
[WARN] [1785159195.563497767] [hope_planner]: STRIKE_PLANE_CROSS ball=1 plane=FOREHAND x=-0.210 measured_y=-0.8525 measured_z=0.1485 result=REJECT: predicted position y=-0.8523 outside [-1.5925, -1.2125], z=0.1487 outside [0.2000, 0.4900]
[WARN] [1785159279.330198845] [hope_planner]: TTS_GATE ball=5 side=BACKHAND decision=WAIT tts=1.1020s window=[0.2500, 1.0000]s est_x=2.3791m est_vx=-3.4588m/s
[WARN] [1785159279.352113655] [hope_planner]: TTS_GATE ball=5 side=BACKHAND decision=ACCEPT tts=0.5124s window=[0.2500, 1.0000]s est_x=2.2189m est_vx=-5.1388m/s
[WARN] [1785159279.366100462] [hope_planner]: PLANNER_TASK_PUBLISHED ball=5 task=1 side=BACKHAND tts=0.5124s target=[0.1000,-0.7105,0.2313] racket_v=[2.0699,0.0057,0.4896]
[WARN] [1785159279.388797517] [hope_planner]: locked BH task has no admitted same-side revision; command not published (BH: vx=0.7718 outside [0.9000, 3.1500])
[WARN] [1785159279.865131762] [hope_planner]: STRIKE_PLANE_CROSS ball=5 plane=BACKHAND x=0.100 measured_y=-0.6967 measured_z=0.2945 result=ACCEPT: task_id=1 revision=13 side=BACKHAND tts=0.0082s target=[0.1000,-0.6973,0.2957] racket_v=[1.7193,0.0024,0.4469]
[WARN] [1785159281.438681359] [hope_planner]: STRIKE_PLANE_CROSS ball=5 plane=FOREHAND x=-0.210 measured_y=-0.3837 measured_z=-0.0239 result=REJECT: no usable future crossing within 2.00s (plane not reached or dead-ball crossing)
[WARN] [1785159295.436392708] [hope_planner]: predicted command is outside the grounded Isaac target envelopes; command not published (FH: y=-0.8598 outside [-1.5925, -1.2125], z=0.0918 outside [0.2000, 0.4900]; BH: z=0.3964 outside [0.0400, 0.3800])
[WARN] [1785159295.459760175] [hope_planner]: TTS_GATE ball=7 side=BACKHAND decision=ACCEPT tts=0.4795s window=[0.2500, 1.0000]s est_x=2.1512m est_vx=-4.9409m/s
[WARN] [1785159295.473744282] [hope_planner]: PLANNER_TASK_PUBLISHED ball=7 task=2 side=BACKHAND tts=0.4795s target=[0.1000,-0.8360,0.0419] racket_v=[2.2120,0.1368,0.4465]
[WARN] [1785159297.388516574] [hope_planner]: predicted command is outside the grounded Isaac target envelopes; command not published (FH: y=-1.0712 outside [-1.5925, -1.2125]; BH: z=0.4472 outside [0.0400, 0.3800])
[WARN] [1785159297.434624345] [hope_planner]: BALL_REARM ball=8 reason=confirmed incoming cycle x=2.521m vx=-6.970m/s (hysteresis+consecutive-sample gate)
[WARN] [1785159297.434862344] [hope_planner]: TTS_GATE ball=8 side=BACKHAND decision=ACCEPT tts=0.4077s window=[0.2500, 1.0000]s est_x=2.5211m est_vx=-6.9695m/s
[WARN] [1785159297.526583016] [hope_planner]: PLANNER_TASK_PUBLISHED ball=8 task=3 side=BACKHAND tts=0.4349s target=[0.1000,-1.1099,0.1684] racket_v=[2.0048,0.2099,0.3893]
[WARN] [1785159301.592648552] [hope_planner]: TTS_GATE ball=8 side=BACKHAND decision=WAIT tts=1.4425s window=[0.2500, 1.0000]s est_x=2.3667m est_vx=-2.8006m/s
[WARN] [1785159301.611370555] [hope_planner]: predicted command is outside the grounded Isaac target envelopes; command not published (FH: y=-0.8516 outside [-1.5925, -1.2125]; BH: z=0.4411 outside [0.0400, 0.3800])
[WARN] [1785159301.648681399] [hope_planner]: PLANNER_TASK_PUBLISHED ball=8 task=4 side=BACKHAND tts=0.4795s target=[0.1000,-0.8247,0.1531] racket_v=[0.9589,0.0655,0.5806]
[WARN] [1785159302.407585410] [hope_planner]: STRIKE_PLANE_CROSS ball=8 plane=BACKHAND x=0.100 measured_y=-0.7974 measured_z=0.4046 result=ACCEPT: task_id=4 revision=13 side=BACKHAND tts=0.2896s target=[0.1000,-0.7975,0.3464] racket_v=[1.8553,0.0764,0.8323]
[WARN] [1785159303.786751315] [hope_planner]: predicted command is outside the grounded Isaac target envelopes; command not published (BH: y=-1.1333 outside [-1.1325, -0.5925])
[WARN] [1785159303.858303804] [hope_planner]: BALL_REARM ball=9 reason=confirmed incoming cycle x=2.406m vx=-7.659m/s (hysteresis+consecutive-sample gate)
[WARN] [1785159303.935089004] [hope_planner]: TTS_GATE ball=9 side=BACKHAND decision=ACCEPT tts=0.4758s window=[0.2500, 1.0000]s est_x=2.1188m est_vx=-4.9976m/s
[WARN] [1785159303.949265497] [hope_planner]: PLANNER_TASK_PUBLISHED ball=9 task=5 side=BACKHAND tts=0.4758s target=[0.1000,-1.0895,0.1199] racket_v=[2.1709,0.2287,0.3453]
[WARN] [1785159305.327646723] [hope_planner]: BALL_REARM ball=10 reason=confirmed incoming cycle x=3.038m vx=-1.686m/s (hysteresis+consecutive-sample gate)
[WARN] [1785159310.299721913] [hope_planner]: TTS_GATE ball=12 side=BACKHAND decision=WAIT tts=1.1660s window=[0.2500, 1.0000]s est_x=2.3804m est_vx=-3.0071m/s
[WARN] [1785159310.320347362] [hope_planner]: TTS_GATE ball=12 side=BACKHAND decision=ACCEPT tts=0.6163s window=[0.2500, 1.0000]s est_x=2.2595m est_vx=-4.1331m/s
[WARN] [1785159310.334301315] [hope_planner]: PLANNER_TASK_PUBLISHED ball=12 task=6 side=BACKHAND tts=0.6163s target=[0.1000,-0.7636,0.1025] racket_v=[2.3324,0.0451,0.4072]
[WARN] [1785159310.342840481] [hope_planner]: locked BH task has no admitted same-side revision; command not published (FH: y=-0.8161 outside [-1.5925, -1.2125]; BH: z=0.5018 outside [0.0400, 0.3800])
[WARN] [1785159311.046951100] [hope_planner]: STRIKE_PLANE_CROSS ball=12 plane=BACKHAND x=0.100 measured_y=-0.7426 measured_z=0.4682 result=ACCEPT: task_id=6 revision=2 side=BACKHAND tts=0.4646s target=[0.1000,-0.7698,0.1862] racket_v=[2.2489,0.0527,0.4099]
[WARN] [1785159318.527356932] [hope_planner]: TTS_GATE ball=14 side=BACKHAND decision=WAIT tts=1.7971s window=[0.2500, 1.0000]s est_x=2.4938m est_vx=-2.7799m/s
[WARN] [1785159318.545065110] [hope_planner]: predicted command is outside the grounded Isaac target envelopes; command not published (FH: y=-0.8248 outside [-1.5925, -1.2125], z=0.1241 outside [0.2000, 0.4900]; BH: z=0.4181 outside [0.0400, 0.3800])
[WARN] [1785159318.574989430] [hope_planner]: TTS_GATE ball=14 side=BACKHAND decision=ACCEPT tts=0.5702s window=[0.2500, 1.0000]s est_x=2.2748m est_vx=-4.6148m/s
[WARN] [1785159318.589240009] [hope_planner]: PLANNER_TASK_PUBLISHED ball=14 task=7 side=BACKHAND tts=0.5702s target=[0.1000,-0.8191,0.1927] racket_v=[2.1939,0.1114,0.4130]
[WARN] [1785159325.374932320] [hope_planner]: TTS_GATE ball=16 side=BACKHAND decision=WAIT tts=1.3669s window=[0.2500, 1.0000]s est_x=2.4805m est_vx=-2.9790m/s
[WARN] [1785159325.394011238] [hope_planner]: TTS_GATE ball=16 side=BACKHAND decision=ACCEPT tts=0.7038s window=[0.2500, 1.0000]s est_x=2.3689m est_vx=-4.0948m/s
[WARN] [1785159325.407912186] [hope_planner]: PLANNER_TASK_PUBLISHED ball=16 task=8 side=BACKHAND tts=0.7038s target=[0.1000,-0.8763,0.3693] racket_v=[2.2025,0.1643,0.4034]
[WARN] [1785159325.442250790] [hope_planner]: locked BH task has no admitted same-side revision; command not published (FH: y=-0.9345 outside [-1.5925, -1.2125]; BH: z=0.4950 outside [0.0400, 0.3800])
[WARN] [1785159331.028927945] [hope_planner]: TTS_GATE ball=18 side=BACKHAND decision=ACCEPT tts=0.8369s window=[0.2500, 1.0000]s est_x=2.4208m est_vx=-4.1155m/s
[WARN] [1785159331.042716347] [hope_planner]: PLANNER_TASK_PUBLISHED ball=18 task=9 side=BACKHAND tts=0.8369s target=[0.1000,-0.8157,0.1713] racket_v=[1.7115,0.0773,1.0069]
[WARN] [1785159331.102012727] [hope_planner]: locked BH task has no admitted same-side revision; command not published (FH: y=-0.8941 outside [-1.5925, -1.2125]; BH: z=0.0348 outside [0.0400, 0.3800])
[WARN] [1785159332.398765944] [hope_planner]: STRIKE_PLANE_CROSS ball=18 plane=BACKHAND x=0.100 measured_y=-0.9706 measured_z=0.0978 result=ACCEPT: task_id=9 revision=22 side=BACKHAND tts=0.0204s target=[0.1000,-0.9706,0.0966] racket_v=[2.3364,0.2735,1.1884]
[WARN] [1785159333.035238601] [hope_planner]: BALL_REARM ball=19 reason=confirmed incoming cycle x=1.218m vx=-0.640m/s (hysteresis+consecutive-sample gate)
[WARN] [1785159334.834683047] [hope_planner]: STRIKE_PLANE_CROSS ball=19 plane=BACKHAND x=0.100 measured_y=-1.3097 measured_z=0.0223 result=REJECT: no usable future crossing within 2.00s (plane not reached or dead-ball crossing)
[WARN] [1785159335.364377534] [hope_planner]: STRIKE_PLANE_CROSS ball=19 plane=FOREHAND x=-0.210 measured_y=-1.3518 measured_z=-0.4719 result=REJECT: no usable future crossing within 2.00s (plane not reached or dead-ball crossing)
[WARN] [1785159351.472165065] [hope_planner]: TTS_GATE ball=22 side=BACKHAND decision=WAIT tts=1.0475s window=[0.2500, 1.0000]s est_x=2.4490m est_vx=-3.5094m/s
[WARN] [1785159351.494162000] [hope_planner]: TTS_GATE ball=22 side=BACKHAND decision=ACCEPT tts=0.5454s window=[0.2500, 1.0000]s est_x=2.3035m est_vx=-4.9453m/s
[WARN] [1785159351.508360490] [hope_planner]: PLANNER_TASK_PUBLISHED ball=22 task=10 side=BACKHAND tts=0.5454s target=[0.1000,-0.8920,0.2073] racket_v=[2.1266,0.1814,0.4379]
[WARN] [1785159351.531174673] [hope_planner]: locked BH task has no admitted same-side revision; command not published (BH: vx=0.8561 outside [0.9000, 3.1500])
[WARN] [1785159352.181919663] [hope_planner]: STRIKE_PLANE_CROSS ball=22 plane=BACKHAND x=0.100 measured_y=-0.8792 measured_z=0.3548 result=ACCEPT: task_id=10 revision=18 side=BACKHAND tts=0.0134s target=[0.1000,-0.8789,0.3539] racket_v=[1.8069,0.1409,0.6765]
[WARN] [1785159353.431797777] [hope_planner]: predicted command is outside the grounded Isaac target envelopes; command not published (BH: vx=0.7595 outside [0.9000, 3.1500])
[WARN] [1785159353.466411984] [hope_planner]: BALL_REARM ball=23 reason=confirmed incoming cycle x=2.379m vx=-8.481m/s (hysteresis+consecutive-sample gate)
[WARN] [1785159354.047950290] [hope_planner]: STRIKE_PLANE_CROSS ball=23 plane=BACKHAND x=0.100 measured_y=-0.7584 measured_z=0.4108 result=REJECT: predicted position z=0.4109 outside [0.0400, 0.3800]
[WARN] [1785159358.607227297] [hope_planner]: TTS_GATE ball=24 side=BACKHAND decision=WAIT tts=1.2212s window=[0.2500, 1.0000]s est_x=2.4808m est_vx=-3.1986m/s
[WARN] [1785159358.630123488] [hope_planner]: TTS_GATE ball=24 side=BACKHAND decision=ACCEPT tts=0.6447s window=[0.2500, 1.0000]s est_x=2.3542m est_vx=-4.3957m/s
[WARN] [1785159358.645217761] [hope_planner]: PLANNER_TASK_PUBLISHED ball=24 task=11 side=BACKHAND tts=0.6447s target=[0.1000,-0.8183,0.3165] racket_v=[2.1756,0.0987,0.4209]
[WARN] [1785159358.690893204] [hope_planner]: locked BH task has no admitted same-side revision; command not published (BH: vx=0.8949 outside [0.9000, 3.1500])
[WARN] [1785159360.637075754] [hope_planner]: predicted command is outside the grounded Isaac target envelopes; command not published (BH: y=-1.2171 outside [-1.1325, -0.5925])
[WARN] [1785159360.700393271] [hope_planner]: BALL_REARM ball=25 reason=confirmed incoming cycle x=2.500m vx=-7.735m/s (hysteresis+consecutive-sample gate)
[WARN] [1785159361.361129428] [hope_planner]: STRIKE_PLANE_CROSS ball=25 plane=BACKHAND x=0.100 measured_y=-1.2126 measured_z=0.3848 result=REJECT: no usable future crossing within 2.00s (plane not reached or dead-ball crossing)
[WARN] [1785159361.474045210] [hope_planner]: STRIKE_PLANE_CROSS ball=25 plane=FOREHAND x=-0.210 measured_y=-1.1963 measured_z=0.5509 result=REJECT: predicted position y=-1.1963 outside [-1.5925, -1.2125], z=0.5512 outside [0.2000, 0.4900]
[WARN] [1785159378.062849379] [hope_planner]: predicted command is outside the grounded Isaac target envelopes; command not published (FH: y=-0.8855 outside [-1.5925, -1.2125]; BH: z=0.4287 outside [0.0400, 0.3800])
[WARN] [1785159378.084521452] [hope_planner]: TTS_GATE ball=30 side=BACKHAND decision=ACCEPT tts=0.4683s window=[0.2500, 1.0000]s est_x=2.1442m est_vx=-5.0045m/s
[WARN] [1785159378.098551012] [hope_planner]: PLANNER_TASK_PUBLISHED ball=30 task=12 side=BACKHAND tts=0.4683s target=[0.1000,-0.8580,0.2685] racket_v=[0.9751,0.0737,0.5153]
[WARN] [1785159379.886784599] [hope_planner]: predicted command is outside the grounded Isaac target envelopes; command not published (FH: y=-0.6849 outside [-1.5925, -1.2125]; BH: z=0.4591 outside [0.0400, 0.3800])
[WARN] [1785159379.961409979] [hope_planner]: BALL_REARM ball=31 reason=confirmed incoming cycle x=2.042m vx=-5.923m/s (hysteresis+consecutive-sample gate)
[WARN] [1785159379.984510835] [hope_planner]: TTS_GATE ball=31 side=BACKHAND decision=ACCEPT tts=0.4071s window=[0.2500, 1.0000]s est_x=1.9764m est_vx=-5.2364m/s
[WARN] [1785159380.052543114] [hope_planner]: PLANNER_TASK_PUBLISHED ball=31 task=13 side=BACKHAND tts=0.7443s target=[0.1000,-0.7540,0.3623] racket_v=[1.8854,-0.0750,0.8749]
[WARN] [1785159380.665719414] [hope_planner]: STRIKE_PLANE_CROSS ball=31 plane=BACKHAND x=0.100 measured_y=-0.7005 measured_z=0.3900 result=ACCEPT: task_id=13 revision=15 side=BACKHAND tts=0.2122s target=[0.1000,-0.7009,0.3629] racket_v=[1.8452,-0.1483,0.6923]
[WARN] [1785159381.916118604] [hope_planner]: predicted command is outside the grounded Isaac target envelopes; command not published (FH: y=-0.4461 outside [-1.5925, -1.2125], z=0.8964 outside [0.2000, 0.4900]; BH: y=-0.4813 outside [-1.1325, -0.5925], z=0.7383 outside [0.0400, 0.3800])
[WARN] [1785159381.962416971] [hope_planner]: BALL_REARM ball=32 reason=confirmed incoming cycle x=3.506m vx=-5.953m/s (hysteresis+consecutive-sample gate)
[WARN] [1785159382.069116059] [hope_planner]: TTS_GATE ball=32 side=BACKHAND decision=WAIT tts=1.5427s window=[0.2500, 1.0000]s est_x=3.2348m est_vx=-3.2667m/s
[WARN] [1785159382.739677755] [hope_planner]: TTS_GATE ball=32 side=BACKHAND decision=ACCEPT tts=0.9722s window=[0.2500, 1.0000]s est_x=1.3602m est_vx=-2.3717m/s
[WARN] [1785159382.753909474] [hope_planner]: PLANNER_TASK_PUBLISHED ball=32 task=14 side=BACKHAND tts=0.9722s target=[0.1000,-0.9702,0.2211] racket_v=[2.7372,0.2828,0.4226]
[WARN] [1785159382.937509717] [hope_planner]: locked BH task has no admitted same-side revision; command not published (FH: z=0.5541 outside [0.2000, 0.4900]; BH: y=-1.2516 outside [-1.1325, -0.5925])
[WARN] [1785159383.623599093] [hope_planner]: STRIKE_PLANE_CROSS ball=32 plane=BACKHAND x=0.100 measured_y=-1.3489 measured_z=0.1330 result=ACCEPT: task_id=14 revision=3 side=BACKHAND tts=0.9349s target=[0.1000,-0.9748,0.3201] racket_v=[2.6912,0.2849,0.3965]
[WARN] [1785159383.875027196] [hope_planner]: STRIKE_PLANE_CROSS ball=32 plane=FOREHAND x=-0.210 measured_y=-1.4706 measured_z=0.5257 result=REJECT: predicted position z=0.5252 outside [0.2000, 0.4900]
[WARN] [1785159390.109407382] [hope_planner]: STRIKE_PLANE_CROSS ball=34 plane=FOREHAND x=-0.210 measured_y=-2.3074 measured_z=0.0133 result=REJECT: no usable future crossing within 2.00s (plane not reached or dead-ball crossing)
[WARN] [1785159390.116727331] [hope_planner]: predicted command is outside the grounded Isaac target envelopes; command not published (FH: y=-2.3062 outside [-1.5925, -1.2125], z=0.0158 outside [0.2000, 0.4900])
[WARN] [1785159407.966488638] [hope_planner]: predicted command is outside the grounded Isaac target envelopes; command not published (BH: y=-1.5571 outside [-1.1325, -0.5925])
[WARN] [1785159408.011089651] [hope_planner]: TTS_GATE ball=40 side=FOREHAND decision=ACCEPT tts=0.6672s window=[0.2500, 1.0000]s est_x=2.3707m est_vx=-5.6986m/s
[WARN] [1785159408.024895247] [hope_planner]: PLANNER_TASK_PUBLISHED ball=40 task=15 side=FOREHAND tts=0.6672s target=[-0.2100,-1.2471,0.4201] racket_v=[2.2498,0.4922,0.6514]
[WARN] [1785159412.457768293] [hope_planner]: TTS_GATE ball=40 side=FOREHAND decision=WAIT tts=1.3254s window=[0.2500, 1.0000]s est_x=2.5194m est_vx=-3.8740m/s
[WARN] [1785159412.479482584] [hope_planner]: predicted command is outside the grounded Isaac target envelopes; command not published (FH: y=-1.1539 outside [-1.5925, -1.2125]; BH: z=0.4215 outside [0.0400, 0.3800])
[WARN] [1785159413.932890843] [hope_planner]: predicted command is outside the grounded Isaac target envelopes; command not published (BH: y=-1.4293 outside [-1.1325, -0.5925])
[WARN] [1785159413.997543843] [hope_planner]: PLANNER_TASK_PUBLISHED ball=40 task=16 side=BACKHAND tts=0.7653s target=[0.1000,-0.8109,0.2661] racket_v=[1.7176,0.0617,0.9065]
[WARN] [1785159418.988085748] [hope_planner]: TTS_GATE ball=41 side=BACKHAND decision=ACCEPT tts=0.7825s window=[0.2500, 1.0000]s est_x=2.2965m est_vx=-3.9644m/s
[WARN] [1785159419.001981852] [hope_planner]: PLANNER_TASK_PUBLISHED ball=41 task=17 side=BACKHAND tts=0.7825s target=[0.1000,-0.8658,0.3119] racket_v=[1.9187,0.1298,0.8591]
[WARN] [1785159419.048845329] [hope_planner]: locked BH task has no admitted same-side revision; command not published (BH: vx=0.8964 outside [0.9000, 3.1500])
[WARN] [1785159421.370666320] [hope_planner]: predicted command is outside the grounded Isaac target envelopes; command not published (BH: z=0.5604 outside [0.0400, 0.3800])
[WARN] [1785159421.436627286] [hope_planner]: BALL_REARM ball=42 reason=confirmed incoming cycle x=3.000m vx=-5.888m/s (hysteresis+consecutive-sample gate)
[WARN] [1785159422.384025286] [hope_planner]: predicted command is outside the grounded Isaac target envelopes; command not published (FH: y=-0.8522 outside [-1.5925, -1.2125], z=0.9060 outside [0.2000, 0.4900]; BH: z=0.7824 outside [0.0400, 0.3800])
[WARN] [1785159422.550067469] [hope_planner]: STRIKE_PLANE_CROSS ball=42 plane=BACKHAND x=0.100 measured_y=-0.9042 measured_z=0.7857 result=REJECT: predicted position z=0.7829 outside [0.0400, 0.3800]
[WARN] [1785159422.740617035] [hope_planner]: STRIKE_PLANE_CROSS ball=42 plane=FOREHAND x=-0.210 measured_y=-0.8501 measured_z=0.9334 result=REJECT: predicted position y=-0.8429 outside [-1.5925, -1.2125], z=0.9150 outside [0.2000, 0.4900]
[WARN] [1785159432.998356547] [hope_planner]: STRIKE_PLANE_CROSS ball=44 plane=FOREHAND x=-0.210 measured_y=-2.1224 measured_z=0.0062 result=REJECT: no usable future crossing within 2.00s (plane not reached or dead-ball crossing)
[WARN] [1785159442.273653233] [hope_planner]: TTS_GATE ball=45 side=BACKHAND decision=WAIT tts=1.0619s window=[0.2500, 1.0000]s est_x=2.3721m est_vx=-3.4221m/s
[WARN] [1785159442.296661320] [hope_planner]: TTS_GATE ball=45 side=BACKHAND decision=ACCEPT tts=0.5185s window=[0.2500, 1.0000]s est_x=2.2263m est_vx=-4.9528m/s
[WARN] [1785159442.310604517] [hope_planner]: PLANNER_TASK_PUBLISHED ball=45 task=18 side=BACKHAND tts=0.5185s target=[0.1000,-0.8514,0.1724] racket_v=[2.1407,0.1422,0.4640]
[WARN] [1785159442.332010576] [hope_planner]: locked BH task has no admitted same-side revision; command not published (BH: vx=0.8373 outside [0.9000, 3.1500])
[WARN] [1785159442.907412250] [hope_planner]: STRIKE_PLANE_CROSS ball=45 plane=BACKHAND x=0.100 measured_y=-0.8338 measured_z=0.3322 result=ACCEPT: task_id=18 revision=15 side=BACKHAND tts=0.0112s target=[0.1000,-0.8339,0.3322] racket_v=[1.7881,0.1062,0.5674]
[WARN] [1785159443.024280082] [hope_planner]: STRIKE_PLANE_CROSS ball=45 plane=FOREHAND x=-0.210 measured_y=-0.8788 measured_z=0.2654 result=REJECT: predicted position y=-0.8782 outside [-1.5925, -1.2125]
[WARN] [1785159453.073847681] [hope_planner]: predicted command is outside the grounded Isaac target envelopes; command not published (BH: z=0.4841 outside [0.0400, 0.3800])
[WARN] [1785159453.096266387] [hope_planner]: TTS_GATE ball=46 side=BACKHAND decision=ACCEPT tts=0.6727s window=[0.2500, 1.0000]s est_x=2.3029m est_vx=-3.8394m/s
[WARN] [1785159453.110225758] [hope_planner]: PLANNER_TASK_PUBLISHED ball=46 task=19 side=BACKHAND tts=0.6727s target=[0.1000,-0.9251,0.3614] racket_v=[1.0140,0.1053,0.6156]
[WARN] [1785159454.033315994] [hope_planner]: STRIKE_PLANE_CROSS ball=46 plane=BACKHAND x=0.100 measured_y=-0.9519 measured_z=0.5990 result=ACCEPT: task_id=19 revision=1 side=BACKHAND tts=0.6113s target=[0.1000,-0.9793,0.1916] racket_v=[2.3326,0.2897,0.3172]
[WARN] [1785159454.348988545] [hope_planner]: predicted command is outside the grounded Isaac target envelopes; command not published (FH: z=0.1952 outside [0.2000, 0.4900])
[WARN] [1785159454.374792402] [hope_planner]: TTS_GATE ball=46 side=FOREHAND decision=DROP tts=0.1372s window=[0.2500, 1.0000]s est_x=-0.1492m est_vx=-0.4502m/s
[WARN] [1785159454.374994320] [hope_planner]: incoming ball reached the planner too late for a new task; dropping this ball without consuming task_id
[WARN] [1785159454.507197823] [hope_planner]: STRIKE_PLANE_CROSS ball=46 plane=FOREHAND x=-0.210 measured_y=-1.2591 measured_z=0.3184 result=REJECT: time_to_strike=0.0139s is too late for admission window [0.2500, 1.0000]s; physical ball dropped
[WARN] [1785159471.407238118] [hope_planner]: predicted command is outside the grounded Isaac target envelopes; command not published (FH: y=-0.5953 outside [-1.5925, -1.2125]; BH: z=0.0266 outside [0.0400, 0.3800])
[WARN] [1785159471.429833877] [hope_planner]: TTS_GATE ball=52 side=BACKHAND decision=ACCEPT tts=0.6181s window=[0.2500, 1.0000]s est_x=2.0974m est_vx=-3.8853m/s
[WARN] [1785159471.443953096] [hope_planner]: PLANNER_TASK_PUBLISHED ball=52 task=20 side=BACKHAND tts=0.6181s target=[0.1000,-0.6095,0.2190] racket_v=[2.3048,-0.1931,0.4462]
[WARN] [1785159473.308314466] [hope_planner]: predicted command is outside the grounded Isaac target envelopes; command not published (BH: z=0.5792 outside [0.0400, 0.3800])
[WARN] [1785159473.378098687] [hope_planner]: BALL_REARM ball=53 reason=confirmed incoming cycle x=2.532m vx=-6.430m/s (hysteresis+consecutive-sample gate)
[WARN] [1785159473.453901230] [hope_planner]: TTS_GATE ball=53 side=BACKHAND decision=ACCEPT tts=0.6585s window=[0.2500, 1.0000]s est_x=2.3214m est_vx=-3.9603m/s
[WARN] [1785159474.224820490] [hope_planner]: STRIKE_PLANE_CROSS ball=53 plane=BACKHAND x=0.100 measured_y=-0.8259 measured_z=0.4291 result=REJECT: predicted position z=0.4293 outside [0.0400, 0.3800]
[WARN] [1785159474.308503629] [hope_planner]: predicted command is outside the grounded Isaac target envelopes; command not published (FH: y=-0.7831 outside [-1.5925, -1.2125], z=0.6449 outside [0.2000, 0.4900])
[WARN] [1785159475.274901071] [hope_planner]: STRIKE_PLANE_CROSS ball=53 plane=FOREHAND x=-0.210 measured_y=-1.1552 measured_z=-0.0375 result=REJECT: predicted position y=-1.1557 outside [-1.5925, -1.2125], z=-0.0363 outside [0.2000, 0.4900]
[WARN] [1785159484.436109354] [hope_planner]: TTS_GATE ball=54 side=BACKHAND decision=WAIT tts=1.5981s window=[0.2500, 1.0000]s est_x=2.4377m est_vx=-2.8041m/s
[WARN] [1785159484.455262299] [hope_planner]: TTS_GATE ball=54 side=BACKHAND decision=ACCEPT tts=0.6632s window=[0.2500, 1.0000]s est_x=2.3035m est_vx=-4.2311m/s
[WARN] [1785159484.469267639] [hope_planner]: PLANNER_TASK_PUBLISHED ball=54 task=21 side=BACKHAND tts=0.6632s target=[0.1000,-0.7269,0.3585] racket_v=[2.1784,0.0008,0.4516]
[WARN] [1785159484.503264207] [hope_planner]: locked BH task has no admitted same-side revision; command not published (FH: y=-0.8220 outside [-1.5925, -1.2125]; BH: z=0.5274 outside [0.0400, 0.3800])
[WARN] [1785159486.270719830] [hope_planner]: PLANNER_TASK_PUBLISHED ball=54 task=22 side=BACKHAND tts=0.7947s target=[0.1000,-0.8122,0.0762] racket_v=[1.5352,-0.0023,0.9932]
[WARN] [1785159486.317810856] [hope_planner]: locked BH task has no admitted same-side revision; command not published (BH: vz=0.2902 outside [0.3000, 1.6000])
[WARN] [1785159486.326369016] [hope_planner]: BALL_REARM ball=55 reason=confirmed incoming cycle x=2.090m vx=-9.381m/s (hysteresis+consecutive-sample gate)
[WARN] [1785159490.126370494] [hope_planner]: TTS_GATE ball=56 side=BACKHAND decision=ACCEPT tts=0.9333s window=[0.2500, 1.0000]s est_x=2.3391m est_vx=-3.4374m/s
[WARN] [1785159490.140524591] [hope_planner]: PLANNER_TASK_PUBLISHED ball=56 task=23 side=BACKHAND tts=0.9333s target=[0.1000,-0.7833,0.3467] racket_v=[1.8933,0.0488,0.9181]
[WARN] [1785159490.169765894] [hope_planner]: locked BH task has no admitted same-side revision; command not published (FH: y=-0.8594 outside [-1.5925, -1.2125]; BH: z=0.4903 outside [0.0400, 0.3800])
[WARN] [1785159491.986572189] [hope_planner]: PLANNER_TASK_PUBLISHED ball=56 task=24 side=BACKHAND tts=0.9143s target=[0.1000,-0.6972,0.1443] racket_v=[1.6329,-0.0877,1.0466]
[WARN] [1785159492.019162646] [hope_planner]: locked BH task has no admitted same-side revision; command not published (FH: y=-0.6213 outside [-1.5925, -1.2125]; BH: z=0.0357 outside [0.0400, 0.3800])
[WARN] [1785159492.044551727] [hope_planner]: BALL_REARM ball=57 reason=confirmed incoming cycle x=2.096m vx=-6.787m/s (hysteresis+consecutive-sample gate)
[WARN] [1785159493.664508576] [hope_planner]: BALL_REARM ball=58 reason=confirmed incoming cycle x=2.856m vx=-1.636m/s (hysteresis+consecutive-sample gate)
[WARN] [1785159496.154746027] [hope_planner]: TTS_GATE ball=58 side=BACKHAND decision=WAIT tts=1.9091s window=[0.2500, 1.0000]s est_x=2.4687m est_vx=-2.8192m/s
[WARN] [1785159496.172069488] [hope_planner]: predicted command is outside the grounded Isaac target envelopes; command not published (FH: y=-0.7408 outside [-1.5925, -1.2125]; BH: z=0.4038 outside [0.0400, 0.3800])
[WARN] [1785159496.195366897] [hope_planner]: TTS_GATE ball=58 side=BACKHAND decision=ACCEPT tts=0.4477s window=[0.2500, 1.0000]s est_x=2.2023m est_vx=-5.3982m/s
[WARN] [1785159496.209330835] [hope_planner]: PLANNER_TASK_PUBLISHED ball=58 task=25 side=BACKHAND tts=0.4477s target=[0.1000,-0.7584,0.1392] racket_v=[0.9163,0.0300,0.5276]
[WARN] [1785159498.379356260] [hope_planner]: BALL_REARM ball=59 reason=confirmed incoming cycle x=3.364m vx=-1.591m/s (hysteresis+consecutive-sample gate)
[WARN] [1785159500.948506345] [hope_planner]: TTS_GATE ball=60 side=BACKHAND decision=WAIT tts=1.5517s window=[0.2500, 1.0000]s est_x=2.4306m est_vx=-2.9580m/s
[WARN] [1785159500.963944503] [hope_planner]: TTS_GATE ball=60 side=BACKHAND decision=ACCEPT tts=0.6339s window=[0.2500, 1.0000]s est_x=2.2971m est_vx=-4.4927m/s
[WARN] [1785159500.977960363] [hope_planner]: PLANNER_TASK_PUBLISHED ball=60 task=26 side=BACKHAND tts=0.6339s target=[0.1000,-0.7705,0.3497] racket_v=[2.1094,0.0522,0.5244]
[WARN] [1785159501.001702411] [hope_planner]: locked BH task has no admitted same-side revision; command not published (BH: vx=0.8970 outside [0.9000, 3.1500])
[WARN] [1785159501.599838657] [hope_planner]: STRIKE_PLANE_CROSS ball=60 plane=BACKHAND x=0.100 measured_y=-0.7784 measured_z=0.3745 result=ACCEPT: task_id=26 revision=13 side=BACKHAND tts=0.0151s target=[0.1000,-0.7785,0.3738] racket_v=[1.8221,0.0599,0.5527]
[WARN] [1785159505.004900452] [hope_planner]: TTS_GATE ball=61 side=BACKHAND decision=WAIT tts=1.0470s window=[0.2500, 1.0000]s est_x=2.3948m est_vx=-3.3313m/s
[WARN] [1785159505.021337141] [hope_planner]: TTS_GATE ball=61 side=BACKHAND decision=ACCEPT tts=0.6052s window=[0.2500, 1.0000]s est_x=2.2756m est_vx=-4.4662m/s
[WARN] [1785159505.036932048] [hope_planner]: PLANNER_TASK_PUBLISHED ball=61 task=27 side=BACKHAND tts=0.6052s target=[0.1000,-0.8244,0.2786] racket_v=[2.1748,0.1096,0.4363]
[WARN] [1785159505.069908233] [hope_planner]: locked BH task has no admitted same-side revision; command not published (FH: y=-0.8908 outside [-1.5925, -1.2125]; BH: z=0.4073 outside [0.0400, 0.3800])
[WARN] [1785159506.778800005] [hope_planner]: predicted command is outside the grounded Isaac target envelopes; command not published (BH: y=-0.5582 outside [-1.1325, -0.5925])
[WARN] [1785159506.844591154] [hope_planner]: BALL_REARM ball=62 reason=confirmed incoming cycle x=1.755m vx=-7.706m/s (hysteresis+consecutive-sample gate)
[WARN] [1785159507.307859294] [hope_planner]: STRIKE_PLANE_CROSS ball=62 plane=BACKHAND x=0.100 measured_y=-0.5328 measured_z=0.3341 result=REJECT: predicted position y=-0.5322 outside [-1.1325, -0.5925]
[WARN] [1785159507.407874724] [hope_planner]: STRIKE_PLANE_CROSS ball=62 plane=FOREHAND x=-0.210 measured_y=-0.4390 measured_z=0.2613 result=REJECT: predicted position y=-0.4397 outside [-1.5925, -1.2125]
