[INFO] [1787114004.141316306] [hope_planner]: HOPE planner started: strike_planes=FH:-0.210,BH:0.100 m, landing=[ 2.055  -0.7625], split_y=-1.173 m, new_task_tts=[0.250,1.000] s, ball_rearm=(vx_in<=-0.50, vx_out>=-0.10 m/s, confirm=5/10, x>=0.30 m), live_margins=(y=0.000m, z=0.000m, racket_v=0.000m/s), solve_period=0.020 s, ball_pose_index=0
[WARN] [1787114153.541713564] [hope_planner]: TTS_GATE ball=16 side=BACKHAND decision=WAIT tts=1.6712s window=[0.2500, 1.0000]s est_x=2.7694m est_vx=-4.2857m/s
[WARN] [1787114153.554614584] [hope_planner]: TTS_GATE ball=16 side=BACKHAND decision=ACCEPT tts=0.6643s window=[0.2500, 1.0000]s est_x=2.6599m est_vx=-6.9719m/s
[WARN] [1787114153.569041117] [hope_planner]: PLANNER_TASK_PUBLISHED ball=16 task=1 side=BACKHAND tts=0.6643s target=[0.1000,-0.4682,0.1054] racket_v=[2.3697,-0.2899,0.6372]
[WARN] [1787114153.713404028] [hope_planner]: locked BH task has no admitted same-side revision; command not published (FH: y=-0.2588 outside [-1.5250, -1.1725]; BH: z=0.0756 outside [0.0800, 0.4500])
[WARN] [1787114184.582207564] [hope_planner]: TTS_GATE ball=18 side=BACKHAND decision=ACCEPT tts=0.9909s window=[0.2500, 1.0000]s est_x=2.3124m est_vx=-2.8293m/s
[WARN] [1787114184.596452871] [hope_planner]: predicted command is outside the grounded Isaac target envelopes; command not published (BH: vz=0.2468 outside [0.3500, 1.5000])
[WARN] [1787114184.645962500] [hope_planner]: TTS_GATE ball=18 side=FOREHAND decision=WAIT tts=1.2713s window=[0.2500, 1.0000]s est_x=2.1083m est_vx=-3.1537m/s
[WARN] [1787114184.680557404] [hope_planner]: PLANNER_TASK_PUBLISHED ball=18 task=2 side=BACKHAND tts=0.8160s target=[0.1000,-1.1226,0.2062] racket_v=[1.9176,0.3788,1.0351]
[WARN] [1787114194.099335125] [hope_planner]: TTS_GATE ball=20 side=BACKHAND decision=ACCEPT tts=0.7095s window=[0.2500, 1.0000]s est_x=2.7741m est_vx=-6.9742m/s
[WARN] [1787114194.113429344] [hope_planner]: PLANNER_TASK_PUBLISHED ball=20 task=3 side=BACKHAND tts=0.7095s target=[0.1000,-1.1232,0.1208] racket_v=[2.3343,0.4772,0.5932]
[WARN] [1787114194.235392508] [hope_planner]: locked BH task has no admitted same-side revision; command not published (BH: y=-1.7830 outside [-1.1725, 0.0000], z=0.5308 outside [0.0800, 0.4500])
[WARN] [1787114194.844656188] [hope_planner]: STRIKE_PLANE_CROSS ball=20 plane=BACKHAND x=0.100 measured_y=-1.0175 measured_z=0.2292 result=ACCEPT: task_id=3 revision=27 side=BACKHAND tts=0.0081s target=[0.1000,-1.0161,0.2241] racket_v=[1.6312,0.2434,0.5774]
[WARN] [1787114196.947298205] [hope_planner]: predicted command is outside the grounded Isaac target envelopes; command not published (BH: z=0.0538 outside [0.0800, 0.4500])
[WARN] [1787114196.967741372] [hope_planner]: TTS_GATE ball=21 side=BACKHAND decision=WAIT tts=1.3269s window=[0.2500, 1.0000]s est_x=2.6357m est_vx=-4.5539m/s
[WARN] [1787114197.156267753] [hope_planner]: TTS_GATE ball=21 side=BACKHAND decision=ACCEPT tts=0.7963s window=[0.2500, 1.0000]s est_x=2.0195m est_vx=-3.3625m/s
[WARN] [1787114197.170278884] [hope_planner]: PLANNER_TASK_PUBLISHED ball=21 task=4 side=BACKHAND tts=0.7963s target=[0.1000,-0.3810,0.1828] racket_v=[1.9184,-0.3367,1.0637]
[WARN] [1787114199.045676195] [hope_planner]: predicted command is outside the grounded Isaac target envelopes; command not published (BH: vx=0.9929 outside [1.0500, 3.1000])
[WARN] [1787114199.099413417] [hope_planner]: BALL_REARM ball=22 reason=confirmed incoming cycle x=2.139m vx=-3.183m/s (hysteresis+consecutive-sample gate)
[WARN] [1787114199.121739976] [hope_planner]: TTS_GATE ball=22 side=BACKHAND decision=ACCEPT tts=0.9244s window=[0.2500, 1.0000]s est_x=2.0712m est_vx=-3.0960m/s
[WARN] [1787114199.137092456] [hope_planner]: PLANNER_TASK_PUBLISHED ball=22 task=5 side=BACKHAND tts=0.9244s target=[0.1000,-0.3721,0.3025] racket_v=[1.8409,-0.4384,0.9851]
[WARN] [1787114201.229501093] [hope_planner]: predicted command is outside the grounded Isaac target envelopes; command not published (FH: y=-0.6446 outside [-1.5250, -1.1725], z=0.5652 outside [0.0800, 0.4500]; BH: z=0.6228 outside [0.0800, 0.4500])
[WARN] [1787114201.312581983] [hope_planner]: BALL_REARM ball=23 reason=confirmed incoming cycle x=2.712m vx=-3.649m/s (hysteresis+consecutive-sample gate)
[WARN] [1787114201.377003656] [hope_planner]: TTS_GATE ball=23 side=BACKHAND decision=WAIT tts=1.0671s window=[0.2500, 1.0000]s est_x=2.4958m est_vx=-3.3561m/s
[WARN] [1787114201.419447078] [hope_planner]: TTS_GATE ball=23 side=BACKHAND decision=ACCEPT tts=0.9612s window=[0.2500, 1.0000]s est_x=2.3529m est_vx=-3.4653m/s
[WARN] [1787114201.433454364] [hope_planner]: PLANNER_TASK_PUBLISHED ball=23 task=6 side=BACKHAND tts=0.9612s target=[0.1000,-0.8205,0.4488] racket_v=[1.8567,0.0654,0.8446]
[WARN] [1787114203.666139163] [hope_planner]: predicted command is outside the grounded Isaac target envelopes; command not published (FH: y=-0.6985 outside [-1.5250, -1.1725], z=0.5254 outside [0.0800, 0.4500]; BH: z=0.7702 outside [0.0800, 0.4500])
[WARN] [1787114203.735379160] [hope_planner]: BALL_REARM ball=24 reason=confirmed incoming cycle x=2.093m vx=-2.919m/s (hysteresis+consecutive-sample gate)
[WARN] [1787114203.755741283] [hope_planner]: TTS_GATE ball=24 side=BACKHAND decision=WAIT tts=1.0177s window=[0.2500, 1.0000]s est_x=2.0404m est_vx=-2.7426m/s
[WARN] [1787114203.863821633] [hope_planner]: TTS_GATE ball=24 side=BACKHAND decision=ACCEPT tts=0.9129s window=[0.2500, 1.0000]s est_x=1.7392m est_vx=-2.6509m/s
[WARN] [1787114203.877698252] [hope_planner]: PLANNER_TASK_PUBLISHED ball=24 task=7 side=BACKHAND tts=0.9129s target=[0.1000,-0.7544,0.2942] racket_v=[1.7842,-0.0265,1.0461]
[WARN] [1787114204.368968994] [hope_planner]: PLANNER_TASK_PUBLISHED ball=24 task=8 side=BACKHAND tts=0.5550s target=[0.1000,-0.7407,0.2175] racket_v=[2.7758,-0.0366,0.7760]
[WARN] [1787114204.773377614] [hope_planner]: STRIKE_PLANE_CROSS ball=24 plane=BACKHAND x=0.100 measured_y=-0.6397 measured_z=0.3119 result=ACCEPT: task_id=8 revision=18 side=BACKHAND tts=0.0007s target=[0.1000,-0.6398,0.3151] racket_v=[1.8047,-0.1466,1.0170]
[WARN] [1787114205.874633005] [hope_planner]: predicted command is outside the grounded Isaac target envelopes; command not published (FH: y=-0.3180 outside [-1.5250, -1.1725], z=0.5966 outside [0.0800, 0.4500]; BH: z=0.8770 outside [0.0800, 0.4500])
[WARN] [1787114205.944971484] [hope_planner]: BALL_REARM ball=25 reason=confirmed incoming cycle x=2.516m vx=-3.027m/s (hysteresis+consecutive-sample gate)
[WARN] [1787114205.945210824] [hope_planner]: TTS_GATE ball=25 side=BACKHAND decision=WAIT tts=1.2289s window=[0.2500, 1.0000]s est_x=2.5164m est_vx=-3.0269m/s
[WARN] [1787114206.399521446] [hope_planner]: TTS_GATE ball=25 side=BACKHAND decision=ACCEPT tts=0.9469s window=[0.2500, 1.0000]s est_x=1.3408m est_vx=-2.4646m/s
[WARN] [1787114206.413476945] [hope_planner]: PLANNER_TASK_PUBLISHED ball=25 task=9 side=BACKHAND tts=0.9469s target=[0.1000,-0.6457,0.3911] racket_v=[2.5549,-0.1130,0.7666]
[WARN] [1787114207.362600058] [hope_planner]: STRIKE_PLANE_CROSS ball=25 plane=BACKHAND x=0.100 measured_y=-0.5234 measured_z=0.4191 result=ACCEPT: task_id=9 revision=34 side=BACKHAND tts=0.0009s target=[0.1000,-0.5228,0.4183] racket_v=[2.4400,-0.2553,0.7282]
[WARN] [1787114224.827233099] [hope_planner]: TTS_GATE ball=27 side=BACKHAND decision=WAIT tts=1.8366s window=[0.2500, 1.0000]s est_x=2.7548m est_vx=-3.9770m/s
[WARN] [1787114224.843510160] [hope_planner]: TTS_GATE ball=27 side=BACKHAND decision=ACCEPT tts=0.6561s window=[0.2500, 1.0000]s est_x=2.6228m est_vx=-6.7045m/s
[WARN] [1787114224.857588943] [hope_planner]: PLANNER_TASK_PUBLISHED ball=27 task=10 side=BACKHAND tts=0.6561s target=[0.1000,-0.8155,0.1190] racket_v=[1.3135,0.0766,0.7865]
[WARN] [1787114224.908274496] [hope_planner]: locked BH task has no admitted same-side revision; command not published (FH: y=-1.0453 outside [-1.5250, -1.1725]; BH: z=0.0738 outside [0.0800, 0.4500])
[WARN] [1787114230.499663857] [hope_planner]: predicted command is outside the grounded Isaac target envelopes; command not published (FH: y=-1.5818 outside [-1.5250, -1.1725]; BH: y=-1.4629 outside [-1.1725, 0.0000])
[WARN] [1787114230.527412568] [hope_planner]: TTS_GATE ball=28 side=BACKHAND decision=WAIT tts=1.8749s window=[0.2500, 1.0000]s est_x=2.7480m est_vx=-4.1570m/s
[WARN] [1787114230.869426762] [hope_planner]: TTS_GATE ball=28 side=BACKHAND decision=ACCEPT tts=0.8848s window=[0.2500, 1.0000]s est_x=1.7409m est_vx=-2.8831m/s
[WARN] [1787114230.883271683] [hope_planner]: PLANNER_TASK_PUBLISHED ball=28 task=11 side=BACKHAND tts=0.8848s target=[0.1000,-0.8450,0.1835] racket_v=[2.6422,0.1406,0.9001]
[WARN] [1787114231.518330233] [hope_planner]: locked BH task has no admitted same-side revision; command not published (FH: y=-0.7934 outside [-1.5250, -1.1725]; BH: z=0.0652 outside [0.0800, 0.4500])
[WARN] [1787114232.605905855] [hope_planner]: predicted command is outside the grounded Isaac target envelopes; command not published (FH: y=-0.5994 outside [-1.5250, -1.1725], z=0.8773 outside [0.0800, 0.4500]; BH: z=1.0040 outside [0.0800, 0.4500])
[WARN] [1787114232.668754992] [hope_planner]: PLANNER_TASK_PUBLISHED ball=28 task=12 side=BACKHAND tts=0.8354s target=[0.1000,-0.7892,0.4349] racket_v=[2.3788,-0.0009,0.4227]
[WARN] [1787114232.676065269] [hope_planner]: BALL_REARM ball=29 reason=confirmed incoming cycle x=1.953m vx=-2.714m/s (hysteresis+consecutive-sample gate)
[WARN] [1787114234.615672282] [hope_planner]: TTS_GATE ball=29 side=BACKHAND decision=ACCEPT tts=0.8407s window=[0.2500, 1.0000]s est_x=2.7988m est_vx=-4.1326m/s
[WARN] [1787114234.629729016] [hope_planner]: predicted command is outside the grounded Isaac target envelopes; command not published (BH: vz=0.2477 outside [0.3500, 1.5000])
[WARN] [1787114234.700881762] [hope_planner]: BALL_REARM ball=30 reason=confirmed incoming cycle x=2.470m vx=-3.631m/s (hysteresis+consecutive-sample gate)
[WARN] [1787114234.785689040] [hope_planner]: TTS_GATE ball=30 side=BACKHAND decision=ACCEPT tts=0.6906s window=[0.2500, 1.0000]s est_x=2.1601m est_vx=-3.7481m/s
[WARN] [1787114235.316548240] [hope_planner]: TTS_GATE ball=30 side=BACKHAND decision=DROP tts=0.2208s window=[0.2500, 1.0000]s est_x=0.5667m est_vx=-2.2025m/s
[WARN] [1787114235.316987941] [hope_planner]: incoming ball reached the planner too late for a new task; dropping this ball without consuming task_id
[WARN] [1787114235.568134710] [hope_planner]: STRIKE_PLANE_CROSS ball=30 plane=BACKHAND x=0.100 measured_y=-0.7527 measured_z=0.6713 result=REJECT: predicted position z=0.6686 outside [0.0800, 0.4500]
[WARN] [1787114235.643755289] [hope_planner]: predicted command is outside the grounded Isaac target envelopes; command not published (FH: y=-0.7390 outside [-1.5250, -1.1725], z=0.6323 outside [0.0800, 0.4500])
[WARN] [1787114235.751622965] [hope_planner]: STRIKE_PLANE_CROSS ball=30 plane=FOREHAND x=-0.210 measured_y=-0.7445 measured_z=0.6281 result=REJECT: predicted position y=-0.7436 outside [-1.5250, -1.1725], z=0.6233 outside [0.0800, 0.4500]
[WARN] [1787114236.476977860] [hope_planner]: PLANNER_TASK_PUBLISHED ball=30 task=13 side=BACKHAND tts=0.5108s target=[0.1000,-0.8246,0.3408] racket_v=[2.7454,0.1580,0.8851]
[WARN] [1787114247.726681543] [hope_planner]: TTS_GATE ball=31 side=BACKHAND decision=ACCEPT tts=0.6403s window=[0.2500, 1.0000]s est_x=2.3901m est_vx=-4.4547m/s
[WARN] [1787114247.740625374] [hope_planner]: PLANNER_TASK_PUBLISHED ball=31 task=14 side=BACKHAND tts=0.6403s target=[0.1000,-0.9607,0.2740] racket_v=[2.1936,0.2351,0.4351]
[WARN] [1787114247.761604238] [hope_planner]: locked BH task has no admitted same-side revision; command not published (BH: vx=0.9910 outside [1.0500, 3.1000])
[WARN] [1787114249.696081323] [hope_planner]: predicted command is outside the grounded Isaac target envelopes; command not published (FH: y=-1.1157 outside [-1.5250, -1.1725])
[WARN] [1787114249.765713095] [hope_planner]: BALL_REARM ball=32 reason=confirmed incoming cycle x=2.267m vx=-3.164m/s (hysteresis+consecutive-sample gate)
[WARN] [1787114249.785552074] [hope_planner]: TTS_GATE ball=32 side=FOREHAND decision=WAIT tts=1.3584s window=[0.2500, 1.0000]s est_x=2.2041m est_vx=-3.1544m/s
[WARN] [1787114249.828369438] [hope_planner]: TTS_GATE ball=32 side=BACKHAND decision=ACCEPT tts=0.8787s window=[0.2500, 1.0000]s est_x=2.0583m est_vx=-3.2367m/s
[WARN] [1787114249.842300960] [hope_planner]: PLANNER_TASK_PUBLISHED ball=32 task=15 side=BACKHAND tts=0.8787s target=[0.1000,-1.1131,0.3081] racket_v=[1.8566,0.3243,0.9791]
[WARN] [1787114251.824591213] [hope_planner]: PLANNER_TASK_PUBLISHED ball=32 task=16 side=BACKHAND tts=0.7078s target=[0.1000,-0.7003,0.3689] racket_v=[2.1269,-0.1062,0.3813]
[WARN] [1787114251.831299532] [hope_planner]: locked BH task has no admitted same-side revision; command not published (FH: y=-0.5641 outside [-1.5250, -1.1725]; BH: z=0.5315 outside [0.0800, 0.4500])
[WARN] [1787114251.875665041] [hope_planner]: BALL_REARM ball=33 reason=confirmed incoming cycle x=2.439m vx=-3.791m/s (hysteresis+consecutive-sample gate)
[WARN] [1787114252.797678861] [hope_planner]: STRIKE_PLANE_CROSS ball=33 plane=BACKHAND x=0.100 measured_y=-0.6376 measured_z=0.4927 result=ACCEPT: task_id=16 revision=21 side=BACKHAND tts=0.0885s target=[0.1000,-0.6189,0.4412] racket_v=[1.8352,-0.1735,0.8295]
[WARN] [1787114254.090601391] [hope_planner]: predicted command is outside the grounded Isaac target envelopes; command not published (FH: z=0.0646 outside [0.0800, 0.4500]; BH: y=-1.3423 outside [-1.1725, 0.0000])
[WARN] [1787114254.110101929] [hope_planner]: TTS_GATE ball=33 side=FOREHAND decision=ACCEPT tts=0.7545s window=[0.2500, 1.0000]s est_x=2.8661m est_vx=-5.0713m/s
[WARN] [1787114254.158949379] [hope_planner]: BALL_REARM ball=34 reason=confirmed incoming cycle x=2.755m vx=-3.039m/s (hysteresis+consecutive-sample gate)
[WARN] [1787114254.181057046] [hope_planner]: TTS_GATE ball=34 side=BACKHAND decision=WAIT tts=1.5879s window=[0.2500, 1.0000]s est_x=2.6897m est_vx=-2.9506m/s
[WARN] [1787114257.239485508] [hope_planner]: TTS_GATE ball=34 side=BACKHAND decision=ACCEPT tts=0.5735s window=[0.2500, 1.0000]s est_x=2.5607m est_vx=-7.4794m/s
[WARN] [1787114257.253400570] [hope_planner]: PLANNER_TASK_PUBLISHED ball=34 task=17 side=BACKHAND tts=0.5735s target=[0.1000,-0.9014,0.2723] racket_v=[1.2839,0.1228,0.6110]
[WARN] [1787114257.392051963] [hope_planner]: locked BH task has no admitted same-side revision; command not published (BH: z=0.0696 outside [0.0800, 0.4500])
