[INFO] [1787199596.927348906] [hope_planner]: HOPE planner started: strike_planes=FH:-0.210,BH:0.100 m, landing=[ 2.055  -0.7625], split_y=-1.173 m, new_task_tts=[0.250,1.000] s, ball_rearm=(vx_in<=-0.50, vx_out>=-0.10 m/s, confirm=5/10, x>=0.30 m), live_margins=(y=0.000m, z=0.000m, racket_v=0.000m/s), solve_period=0.020 s, ball_pose_index=0
[WARN] [1787199638.488122594] [hope_planner]: predicted command is outside the grounded Isaac target envelopes; command not published (BH: y=4.6577 outside [-1.1725, 0.0000])
[WARN] [1787199638.592517062] [hope_planner]: TTS_GATE ball=5 side=FOREHAND decision=WAIT tts=1.1249s window=[0.2500, 1.0000]s est_x=1.9381m est_vx=-2.7289m/s
[WARN] [1787199638.612878248] [hope_planner]: TTS_GATE ball=5 side=BACKHAND decision=ACCEPT tts=0.5746s window=[0.2500, 1.0000]s est_x=1.8401m est_vx=-3.6257m/s
[WARN] [1787199638.634366781] [hope_planner]: PLANNER_TASK_PUBLISHED ball=5 task=1 side=BACKHAND tts=0.5746s target=[0.1000,-0.9102,0.2609] racket_v=[2.0563,0.2087,0.6245]
[WARN] [1787199639.049469511] [hope_planner]: PLANNER_TASK_PUBLISHED ball=5 task=2 side=BACKHAND tts=0.4034s target=[0.1000,-0.7837,0.0887] racket_v=[1.7394,-0.0053,1.1355]
[WARN] [1787199639.377798719] [hope_planner]: STRIKE_PLANE_CROSS ball=5 plane=BACKHAND x=0.100 measured_y=-0.9838 measured_z=0.1270 result=ACCEPT: task_id=2 revision=12 side=BACKHAND tts=0.0406s target=[0.1000,-1.0011,0.1469] racket_v=[1.7775,0.2754,0.9451]
[WARN] [1787199639.564975233] [hope_planner]: STRIKE_PLANE_CROSS ball=5 plane=FOREHAND x=-0.210 measured_y=-1.0413 measured_z=-0.2110 result=REJECT: no usable future crossing within 2.00s (plane not reached or dead-ball crossing)
[WARN] [1787199646.959473838] [hope_planner]: predicted command is outside the grounded Isaac target envelopes; command not published (FH: y=-0.9890 outside [-1.5250, -1.1725]; BH: y=-1.4885 outside [-1.1725, 0.0000], z=0.0538 outside [0.0800, 0.4500])
[WARN] [1787199646.985730281] [hope_planner]: TTS_GATE ball=6 side=BACKHAND decision=ACCEPT tts=0.3061s window=[0.2500, 1.0000]s est_x=0.6834m est_vx=-2.4884m/s
[WARN] [1787199646.999778929] [hope_planner]: PLANNER_TASK_PUBLISHED ball=6 task=3 side=BACKHAND tts=0.3061s target=[0.1000,-0.5853,0.2968] racket_v=[1.2900,-0.6404,0.4397]
[WARN] [1787199648.705130794] [hope_planner]: STRIKE_PLANE_CROSS ball=7 plane=FOREHAND x=-0.210 measured_y=-0.8360 measured_z=0.8187 result=WAIT: estimator needs at least 6 samples
[WARN] [1787199735.998184331] [hope_planner]: predicted command is outside the grounded Isaac target envelopes; command not published (FH: y=0.0911 outside [-1.5250, -1.1725])
[WARN] [1787199738.972074200] [hope_planner]: TTS_GATE ball=9 side=BACKHAND decision=ACCEPT tts=0.9643s window=[0.2500, 1.0000]s est_x=2.3514m est_vx=-3.1725m/s
[WARN] [1787199738.986132334] [hope_planner]: PLANNER_TASK_PUBLISHED ball=9 task=4 side=BACKHAND tts=0.9643s target=[0.1000,-1.0386,0.1307] racket_v=[1.5792,0.2253,1.0515]
[WARN] [1787199739.023774815] [hope_planner]: locked BH task has no admitted same-side revision; command not published (BH: vz=0.2718 outside [0.3500, 1.5000])
[WARN] [1787199742.070359673] [hope_planner]: TTS_GATE ball=10 side=FOREHAND decision=ACCEPT tts=0.5475s window=[0.2500, 1.0000]s est_x=1.9607m est_vx=-4.6244m/s
[WARN] [1787199742.084389152] [hope_planner]: predicted command is outside the grounded Isaac target envelopes; command not published (FH: vx=1.6320 outside [1.7500, 3.4000])
[WARN] [1787199742.108248621] [hope_planner]: PLANNER_TASK_PUBLISHED ball=10 task=5 side=BACKHAND tts=0.7850s target=[0.1000,-0.7457,0.1218] racket_v=[2.1884,-0.0116,1.0615]
[WARN] [1787199748.612095468] [hope_planner]: predicted command is outside the grounded Isaac target envelopes; command not published (FH: z=0.7084 outside [0.0800, 0.4500]; BH: y=-1.4095 outside [-1.1725, 0.0000], z=0.8074 outside [0.0800, 0.4500])
[WARN] [1787199748.691740306] [hope_planner]: TTS_GATE ball=12 side=BACKHAND decision=ACCEPT tts=0.8544s window=[0.2500, 1.0000]s est_x=1.8809m est_vx=-2.4508m/s
[WARN] [1787199748.705870383] [hope_planner]: PLANNER_TASK_PUBLISHED ball=12 task=6 side=BACKHAND tts=0.8544s target=[0.1000,-0.5621,0.1479] racket_v=[1.0822,-0.1193,0.8754]
[WARN] [1787199750.368473968] [hope_planner]: TTS_GATE ball=12 side=BACKHAND decision=WAIT tts=1.4348s window=[0.2500, 1.0000]s est_x=2.8951m est_vx=-2.8492m/s
[WARN] [1787199750.468252360] [hope_planner]: predicted command is outside the grounded Isaac target envelopes; command not published (FH: y=-0.3615 outside [-1.5250, -1.1725]; BH: z=0.4717 outside [0.0800, 0.4500])
[WARN] [1787199750.536646561] [hope_planner]: BALL_REARM ball=13 reason=confirmed incoming cycle x=2.051m vx=-4.784m/s (hysteresis+consecutive-sample gate)
[WARN] [1787199750.536849370] [hope_planner]: TTS_GATE ball=13 side=BACKHAND decision=ACCEPT tts=0.4760s window=[0.2500, 1.0000]s est_x=2.0509m est_vx=-4.7837m/s
[WARN] [1787199751.149052046] [hope_planner]: STRIKE_PLANE_CROSS ball=13 plane=BACKHAND x=0.100 measured_y=-0.3327 measured_z=0.5262 result=REJECT: predicted position z=0.5236 outside [0.0800, 0.4500]
[WARN] [1787199751.296701864] [hope_planner]: STRIKE_PLANE_CROSS ball=13 plane=FOREHAND x=-0.210 measured_y=-0.2514 measured_z=0.5318 result=REJECT: no usable future crossing within 2.00s (plane not reached or dead-ball crossing)
[WARN] [1787199754.407846041] [hope_planner]: predicted command is outside the grounded Isaac target envelopes; command not published (FH: y=0.6278 outside [-1.5250, -1.1725])
[WARN] [1787199765.986561283] [hope_planner]: TTS_GATE ball=16 side=BACKHAND decision=ACCEPT tts=0.7934s window=[0.2500, 1.0000]s est_x=2.5727m est_vx=-4.7057m/s
[WARN] [1787199766.000758530] [hope_planner]: PLANNER_TASK_PUBLISHED ball=16 task=7 side=BACKHAND tts=0.7934s target=[0.1000,-0.5618,0.1688] racket_v=[2.2771,-0.1809,0.4778]
[WARN] [1787199766.028555813] [hope_planner]: locked BH task has no admitted same-side revision; command not published (FH: y=-0.6415 outside [-1.5250, -1.1725]; BH: z=0.5274 outside [0.0800, 0.4500])
[WARN] [1787199769.517922947] [hope_planner]: predicted command is outside the grounded Isaac target envelopes; command not published (FH: y=-0.7445 outside [-1.5250, -1.1725]; BH: z=0.0402 outside [0.0800, 0.4500])
[WARN] [1787199769.541201875] [hope_planner]: TTS_GATE ball=17 side=BACKHAND decision=ACCEPT tts=0.8366s window=[0.2500, 1.0000]s est_x=2.0530m est_vx=-2.8779m/s
[WARN] [1787199769.555376879] [hope_planner]: PLANNER_TASK_PUBLISHED ball=17 task=8 side=BACKHAND tts=0.8366s target=[0.1000,-0.2528,0.4181] racket_v=[2.2299,-0.5468,0.5802]
[WARN] [1787199771.283352360] [hope_planner]: PLANNER_TASK_PUBLISHED ball=17 task=9 side=BACKHAND tts=0.8404s target=[0.1000,-0.9937,0.3363] racket_v=[1.8264,0.1232,0.8207]
[WARN] [1787199771.338493895] [hope_planner]: locked BH task has no admitted same-side revision; command not published (BH: vx=0.8392 outside [1.0500, 3.1000])
[WARN] [1787199771.365626183] [hope_planner]: BALL_REARM ball=18 reason=confirmed incoming cycle x=2.005m vx=-5.724m/s (hysteresis+consecutive-sample gate)
[WARN] [1787199771.786136632] [hope_planner]: TTS_GATE ball=18 side=BACKHAND decision=ACCEPT tts=0.5032s window=[0.2500, 1.0000]s est_x=0.8352m est_vx=-1.6289m/s
[WARN] [1787199771.800439524] [hope_planner]: PLANNER_TASK_PUBLISHED ball=18 task=10 side=BACKHAND tts=0.5032s target=[0.1000,-0.5914,0.2082] racket_v=[2.5061,-0.3311,0.8108]
[WARN] [1787199772.210763081] [hope_planner]: STRIKE_PLANE_CROSS ball=18 plane=BACKHAND x=0.100 measured_y=-0.7708 measured_z=0.0467 result=ACCEPT: task_id=10 revision=11 side=BACKHAND tts=0.0860s target=[0.1000,-0.8249,0.0899] racket_v=[1.7414,0.0533,1.1674]
[WARN] [1787199772.434944104] [hope_planner]: STRIKE_PLANE_CROSS ball=18 plane=FOREHAND x=-0.210 measured_y=-0.6992 measured_z=0.3217 result=REJECT: no usable future crossing within 2.00s (plane not reached or dead-ball crossing)
[WARN] [1787199778.772751275] [hope_planner]: TTS_GATE ball=21 side=BACKHAND decision=ACCEPT tts=0.7064s window=[0.2500, 1.0000]s est_x=1.8901m est_vx=-2.9310m/s
[WARN] [1787199778.786789796] [hope_planner]: PLANNER_TASK_PUBLISHED ball=21 task=11 side=BACKHAND tts=0.7064s target=[0.1000,-0.9210,0.0949] racket_v=[2.3982,0.2267,0.4300]
[WARN] [1787199779.307763637] [hope_planner]: locked BH task has no admitted same-side revision; command not published (BH: vz=0.3266 outside [0.3500, 1.5000])
[WARN] [1787199781.182742415] [hope_planner]: predicted command is outside the grounded Isaac target envelopes; command not published (BH: y=-1.2677 outside [-1.1725, 0.0000])
[WARN] [1787199781.249842020] [hope_planner]: TTS_GATE ball=22 side=BACKHAND decision=ACCEPT tts=0.5691s window=[0.2500, 1.0000]s est_x=2.0558m est_vx=-5.0089m/s
[WARN] [1787199781.268886107] [hope_planner]: PLANNER_TASK_PUBLISHED ball=22 task=12 side=BACKHAND tts=0.5691s target=[0.1000,-1.0919,0.2361] racket_v=[1.3091,0.2230,0.7100]
[WARN] [1787199783.784479699] [hope_planner]: TTS_GATE ball=23 side=BACKHAND decision=ACCEPT tts=0.8945s window=[0.2500, 1.0000]s est_x=2.4363m est_vx=-4.1114m/s
[WARN] [1787199783.798382543] [hope_planner]: PLANNER_TASK_PUBLISHED ball=23 task=13 side=BACKHAND tts=0.8945s target=[0.1000,-1.1658,0.3617] racket_v=[2.1557,0.4188,0.6732]
[WARN] [1787199784.424878729] [hope_planner]: locked BH task has no admitted same-side revision; command not published (FH: y=0.5011 outside [-1.5250, -1.1725], z=0.7621 outside [0.0800, 0.4500]; BH: y=0.2177 outside [-1.1725, 0.0000], z=0.7539 outside [0.0800, 0.4500])
[WARN] [1787199785.740193338] [hope_planner]: PLANNER_TASK_PUBLISHED ball=23 task=14 side=BACKHAND tts=0.5934s target=[0.1000,-0.9936,0.3078] racket_v=[1.8706,0.0960,0.5631]
[WARN] [1787199785.744724376] [hope_planner]: locked BH task has no admitted same-side revision; command not published (FH: y=-0.8274 outside [-1.5250, -1.1725]; BH: z=0.0291 outside [0.0800, 0.4500])
[WARN] [1787199785.788321941] [hope_planner]: BALL_REARM ball=24 reason=confirmed incoming cycle x=1.973m vx=-6.889m/s (hysteresis+consecutive-sample gate)
[WARN] [1787199786.466076234] [hope_planner]: STRIKE_PLANE_CROSS ball=24 plane=BACKHAND x=0.100 measured_y=-1.0180 measured_z=0.1789 result=ACCEPT: task_id=14 revision=26 side=BACKHAND tts=0.0192s target=[0.1000,-1.0244,0.1900] racket_v=[1.7201,0.1553,0.9047]
[WARN] [1787199786.970939735] [hope_planner]: predicted command is outside the grounded Isaac target envelopes; command not published (BH: y=0.2294 outside [-1.1725, 0.0000])
[WARN] [1787199790.842785033] [hope_planner]: TTS_GATE ball=26 side=BACKHAND decision=ACCEPT tts=0.8235s window=[0.2500, 1.0000]s est_x=2.0675m est_vx=-3.2509m/s
[WARN] [1787199790.856762468] [hope_planner]: PLANNER_TASK_PUBLISHED ball=26 task=15 side=BACKHAND tts=0.8235s target=[0.1000,-0.6860,0.1574] racket_v=[2.2930,-0.0750,0.9485]
[WARN] [1787199790.982406299] [hope_planner]: locked BH task has no admitted same-side revision; command not published (FH: y=-0.9720 outside [-1.5250, -1.1725]; BH: z=0.0679 outside [0.0800, 0.4500])
[WARN] [1787199791.734156258] [hope_planner]: STRIKE_PLANE_CROSS ball=26 plane=BACKHAND x=0.100 measured_y=-0.9072 measured_z=0.1491 result=ACCEPT: task_id=15 revision=35 side=BACKHAND tts=0.0204s target=[0.1000,-0.9028,0.1587] racket_v=[2.5041,0.0959,0.7642]
[WARN] [1787199799.162301754] [hope_planner]: predicted command is outside the grounded Isaac target envelopes; command not published (FH: y=-7.1164 outside [-1.5250, -1.1725], z=4.3523 outside [0.0800, 0.4500]; BH: y=-6.3282 outside [-1.1725, 0.0000], z=4.0449 outside [0.0800, 0.4500])
[WARN] [1787199799.940805247] [hope_planner]: TTS_GATE ball=28 side=BACKHAND decision=ACCEPT tts=0.5555s window=[0.2500, 1.0000]s est_x=2.3897m est_vx=-6.0536m/s
[WARN] [1787199799.954899910] [hope_planner]: PLANNER_TASK_PUBLISHED ball=28 task=16 side=BACKHAND tts=0.5555s target=[0.1000,-0.5785,0.3285] racket_v=[1.2249,-0.0691,0.5615]
[WARN] [1787199800.762225543] [hope_planner]: STRIKE_PLANE_CROSS ball=28 plane=BACKHAND x=0.100 measured_y=-0.5007 measured_z=0.3630 result=ACCEPT: task_id=16 revision=32 side=BACKHAND tts=0.0187s target=[0.1000,-0.4984,0.3532] racket_v=[1.9061,-0.1869,0.5938]
[WARN] [1787199802.333882288] [hope_planner]: predicted command is outside the grounded Isaac target envelopes; command not published (BH: y=-1.5112 outside [-1.1725, 0.0000])
[WARN] [1787199802.368966550] [hope_planner]: TTS_GATE ball=29 side=FOREHAND decision=ACCEPT tts=0.9086s window=[0.2500, 1.0000]s est_x=2.1002m est_vx=-4.1752m/s
[WARN] [1787199802.383096560] [hope_planner]: PLANNER_TASK_PUBLISHED ball=29 task=17 side=FOREHAND tts=0.9086s target=[-0.2100,-1.3256,0.2015] racket_v=[2.3374,0.5882,1.0637]
[WARN] [1787199803.154948022] [hope_planner]: STRIKE_PLANE_CROSS ball=29 plane=BACKHAND x=0.100 measured_y=-1.0199 measured_z=0.3212 result=REJECT: active task is locked to FOREHAND
[WARN] [1787199803.294562941] [hope_planner]: STRIKE_PLANE_CROSS ball=29 plane=FOREHAND x=-0.210 measured_y=-1.1043 measured_z=0.2208 result=ACCEPT: task_id=17 revision=3 side=FOREHAND tts=0.6832s target=[-0.2100,-1.1880,0.2217] racket_v=[2.3098,0.4513,1.0497]
[WARN] [1787199808.883381695] [hope_planner]: TTS_GATE ball=31 side=BACKHAND decision=ACCEPT tts=0.4826s window=[0.2500, 1.0000]s est_x=2.6113m est_vx=-7.3822m/s
[WARN] [1787199808.897889979] [hope_planner]: PLANNER_TASK_PUBLISHED ball=31 task=18 side=BACKHAND tts=0.4826s target=[0.1000,-0.9637,0.3215] racket_v=[1.1387,0.1454,0.4192]
[WARN] [1787199808.902140940] [hope_planner]: locked BH task has no admitted same-side revision; command not published (FH: y=-0.8872 outside [-1.5250, -1.1725], z=0.4710 outside [0.0800, 0.4500]; BH: z=0.5196 outside [0.0800, 0.4500])
[WARN] [1787199811.924755271] [hope_planner]: TTS_GATE ball=32 side=BACKHAND decision=ACCEPT tts=0.7152s window=[0.2500, 1.0000]s est_x=2.4899m est_vx=-4.9172m/s
[WARN] [1787199811.939815146] [hope_planner]: PLANNER_TASK_PUBLISHED ball=32 task=19 side=BACKHAND tts=0.7152s target=[0.1000,-0.5852,0.1186] racket_v=[2.2591,-0.1410,0.5468]
[WARN] [1787199811.949427852] [hope_planner]: locked BH task has no admitted same-side revision; command not published (FH: y=-1.1721 outside [-1.5250, -1.1725]; BH: z=0.4549 outside [0.0800, 0.4500])
[WARN] [1787199812.846766562] [hope_planner]: STRIKE_PLANE_CROSS ball=32 plane=BACKHAND x=0.100 measured_y=-0.9497 measured_z=0.2780 result=ACCEPT: task_id=19 revision=31 side=BACKHAND tts=0.0120s target=[0.1000,-0.9601,0.2868] racket_v=[1.9512,0.2430,0.8145]
[WARN] [1787199813.591751298] [hope_planner]: BALL_REARM ball=33 reason=confirmed incoming cycle x=2.548m vx=-1.701m/s (hysteresis+consecutive-sample gate)
[WARN] [1787199815.063949418] [hope_planner]: predicted command is outside the grounded Isaac target envelopes; command not published (BH: y=-1.2340 outside [-1.1725, 0.0000])
[WARN] [1787199816.162677223] [hope_planner]: predicted command is outside the grounded Isaac target envelopes; command not published (FH: y=-2.0362 outside [-1.5250, -1.1725]; BH: y=-1.7981 outside [-1.1725, 0.0000])
[WARN] [1787199817.661198442] [hope_planner]: STRIKE_PLANE_CROSS ball=33 plane=BACKHAND x=0.100 measured_y=-1.6855 measured_z=-0.7071 result=REJECT: no usable future crossing within 2.00s (plane not reached or dead-ball crossing)
[WARN] [1787199818.078480072] [hope_planner]: STRIKE_PLANE_CROSS ball=33 plane=FOREHAND x=-0.210 measured_y=-1.9005 measured_z=-0.6317 result=REJECT: estimated ball velocity is not incoming (vx >= 0)
[WARN] [1787199820.893686017] [hope_planner]: TTS_GATE ball=35 side=BACKHAND decision=ACCEPT tts=0.5453s window=[0.2500, 1.0000]s est_x=2.2874m est_vx=-5.0541m/s
[WARN] [1787199820.907786740] [hope_planner]: PLANNER_TASK_PUBLISHED ball=35 task=20 side=BACKHAND tts=0.5453s target=[0.1000,-0.4077,0.1859] racket_v=[1.7425,-0.2545,0.6920]
[WARN] [1787199820.976136501] [hope_planner]: locked BH task has no admitted same-side revision; command not published (FH: y=-3.0710 outside [-1.5250, -1.1725]; BH: y=-2.7122 outside [-1.1725, 0.0000], z=0.8092 outside [0.0800, 0.4500])
[WARN] [1787199821.675425819] [hope_planner]: STRIKE_PLANE_CROSS ball=35 plane=BACKHAND x=0.100 measured_y=-0.7680 measured_z=0.2646 result=ACCEPT: task_id=20 revision=31 side=BACKHAND tts=0.0016s target=[0.1000,-0.7686,0.2578] racket_v=[1.9069,0.1195,0.5901]
[WARN] [1787199822.616429171] [hope_planner]: TTS_GATE ball=35 side=BACKHAND decision=WAIT tts=1.1652s window=[0.2500, 1.0000]s est_x=3.3603m est_vx=-4.3319m/s
[WARN] [1787199827.692970227] [hope_planner]: TTS_GATE ball=36 side=BACKHAND decision=ACCEPT tts=0.6457s window=[0.2500, 1.0000]s est_x=2.0348m est_vx=-3.7009m/s
[WARN] [1787199827.707748006] [hope_planner]: PLANNER_TASK_PUBLISHED ball=36 task=21 side=BACKHAND tts=0.6457s target=[0.1000,-0.6381,0.2352] racket_v=[1.9547,-0.1206,0.7789]
[WARN] [1787199828.256324165] [hope_planner]: locked BH task has no admitted same-side revision; command not published (FH: y=-1.0318 outside [-1.5250, -1.1725], z=0.7494 outside [0.0800, 0.4500]; BH: z=0.6359 outside [0.0800, 0.4500])
[WARN] [1787199829.586241503] [hope_planner]: predicted command is outside the grounded Isaac target envelopes; command not published (FH: y=-0.4631 outside [-1.5250, -1.1725], z=0.8313 outside [0.0800, 0.4500]; BH: z=0.7537 outside [0.0800, 0.4500])
[WARN] [1787199833.478123764] [hope_planner]: predicted command is outside the grounded Isaac target envelopes; command not published (FH: z=0.5324 outside [0.0800, 0.4500]; BH: y=-1.2391 outside [-1.1725, 0.0000])
[WARN] [1787199833.504894190] [hope_planner]: TTS_GATE ball=37 side=BACKHAND decision=WAIT tts=1.2288s window=[0.2500, 1.0000]s est_x=1.9772m est_vx=-2.0811m/s
[WARN] [1787199833.542956976] [hope_planner]: TTS_GATE ball=37 side=BACKHAND decision=ACCEPT tts=0.9869s window=[0.2500, 1.0000]s est_x=1.8702m est_vx=-2.4019m/s
[WARN] [1787199833.557013732] [hope_planner]: PLANNER_TASK_PUBLISHED ball=37 task=22 side=BACKHAND tts=0.9869s target=[0.1000,-0.7540,0.2042] racket_v=[2.5303,-0.0442,0.8456]
[WARN] [1787199835.267593024] [hope_planner]: PLANNER_TASK_PUBLISHED ball=37 task=23 side=BACKHAND tts=0.5789s target=[0.1000,-0.5410,0.2887] racket_v=[1.8419,-0.2353,0.3834]
[WARN] [1787199835.275065953] [hope_planner]: locked BH task has no admitted same-side revision; command not published (FH: y=-0.4594 outside [-1.5250, -1.1725]; BH: z=0.0755 outside [0.0800, 0.4500])
[WARN] [1787199835.304492338] [hope_planner]: BALL_REARM ball=38 reason=confirmed incoming cycle x=2.185m vx=-6.597m/s (hysteresis+consecutive-sample gate)
[WARN] [1787199836.761648002] [hope_planner]: predicted command is outside the grounded Isaac target envelopes; command not published (FH: y=-0.5965 outside [-1.5250, -1.1725]; BH: z=0.0229 outside [0.0800, 0.4500])
[WARN] [1787199836.840618526] [hope_planner]: BALL_REARM ball=39 reason=confirmed incoming cycle x=1.987m vx=-5.930m/s (hysteresis+consecutive-sample gate)
[WARN] [1787199836.840865400] [hope_planner]: TTS_GATE ball=39 side=BACKHAND decision=ACCEPT tts=0.3604s window=[0.2500, 1.0000]s est_x=1.9875m est_vx=-5.9303m/s
[WARN] [1787199836.879554047] [hope_planner]: PLANNER_TASK_PUBLISHED ball=39 task=24 side=BACKHAND tts=0.4000s target=[0.1000,-0.7446,0.1665] racket_v=[1.7917,0.0278,0.3514]
[WARN] [1787199838.374145950] [hope_planner]: PLANNER_TASK_PUBLISHED ball=39 task=25 side=BACKHAND tts=0.5970s target=[0.1000,-0.6615,0.3707] racket_v=[1.8009,-0.1509,0.4566]
[WARN] [1787199838.414494873] [hope_planner]: locked BH task has no admitted same-side revision; command not published (BH: vx=0.3694 outside [1.0500, 3.1000], vz=0.1321 outside [0.3500, 1.5000])
[WARN] [1787199838.422111274] [hope_planner]: BALL_REARM ball=40 reason=confirmed incoming cycle x=2.021m vx=-7.336m/s (hysteresis+consecutive-sample gate)
[WARN] [1787199839.837235454] [hope_planner]: TTS_GATE ball=40 side=BACKHAND decision=ACCEPT tts=0.9984s window=[0.2500, 1.0000]s est_x=2.6169m est_vx=-3.7738m/s
[WARN] [1787199839.852150167] [hope_planner]: PLANNER_TASK_PUBLISHED ball=40 task=26 side=BACKHAND tts=0.9984s target=[0.1000,-0.2554,0.2277] racket_v=[2.1115,-0.5607,0.9348]
[WARN] [1787199839.927221535] [hope_planner]: locked BH task has no admitted same-side revision; command not published (BH: vz=0.2547 outside [0.3500, 1.5000])
[WARN] [1787199839.960640078] [hope_planner]: BALL_REARM ball=41 reason=confirmed incoming cycle x=1.938m vx=-6.698m/s (hysteresis+consecutive-sample gate)
[WARN] [1787199843.381480381] [hope_planner]: TTS_GATE ball=41 side=BACKHAND decision=ACCEPT tts=0.3546s window=[0.2500, 1.0000]s est_x=0.3186m est_vx=-0.8354m/s
[WARN] [1787199843.395568637] [hope_planner]: PLANNER_TASK_PUBLISHED ball=41 task=27 side=BACKHAND tts=0.3546s target=[0.1000,-0.1439,0.0845] racket_v=[2.6171,-0.8543,1.2896]
[WARN] [1787199843.487834324] [hope_planner]: locked BH task has no admitted same-side revision; command not published (BH: z=0.0503 outside [0.0800, 0.4500])
[WARN] [1787199844.214576672] [hope_planner]: STRIKE_PLANE_CROSS ball=42 plane=BACKHAND x=0.100 measured_y=-0.2091 measured_z=0.0404 result=REJECT: predicted position z=0.0589 outside [0.0800, 0.4500]
[WARN] [1787199852.474899592] [hope_planner]: predicted command is outside the grounded Isaac target envelopes; command not published (FH: y=1.1438 outside [-1.5250, -1.1725]; BH: z=0.0541 outside [0.0800, 0.4500])
[WARN] [1787199853.140122076] [hope_planner]: TTS_GATE ball=43 side=BACKHAND decision=WAIT tts=1.8509s window=[0.2500, 1.0000]s est_x=1.2927m est_vx=-1.0114m/s
[WARN] [1787199854.317456483] [hope_planner]: TTS_GATE ball=43 side=BACKHAND decision=ACCEPT tts=0.5765s window=[0.2500, 1.0000]s est_x=0.6324m est_vx=-1.1286m/s
[WARN] [1787199854.331559010] [hope_planner]: PLANNER_TASK_PUBLISHED ball=43 task=28 side=BACKHAND tts=0.5765s target=[0.1000,-0.7448,0.0832] racket_v=[2.5961,-0.0175,1.2542]
[WARN] [1787199854.692338710] [hope_planner]: locked BH task has no admitted same-side revision; command not published (BH: z=0.0200 outside [0.0800, 0.4500])
[WARN] [1787199855.616412628] [hope_planner]: STRIKE_PLANE_CROSS ball=43 plane=BACKHAND x=0.100 measured_y=-0.5262 measured_z=0.0320 result=ACCEPT: task_id=28 revision=0 side=BACKHAND tts=0.5765s target=[0.1000,-0.7448,0.0832] racket_v=[2.5961,-0.0175,1.2542]
[WARN] [1787199856.773115903] [hope_planner]: STRIKE_PLANE_CROSS ball=44 plane=FOREHAND x=-0.210 measured_y=-0.4205 measured_z=-0.6541 result=REJECT: no usable future crossing within 2.00s (plane not reached or dead-ball crossing)
[WARN] [1787199862.258934356] [hope_planner]: STRIKE_PLANE_CROSS ball=46 plane=FOREHAND x=-0.210 measured_y=-0.6530 measured_z=-0.7219 result=WAIT: estimator needs at least 6 samples
[WARN] [1787199864.867530589] [hope_planner]: STRIKE_PLANE_CROSS ball=47 plane=FOREHAND x=-0.210 measured_y=-0.4479 measured_z=-0.7227 result=WAIT: estimator needs at least 6 samples
[WARN] [1787199880.553300007] [hope_planner]: predicted command is outside the grounded Isaac target envelopes; command not published (FH: y=-0.6825 outside [-1.5250, -1.1725], z=0.8748 outside [0.0800, 0.4500]; BH: z=1.0394 outside [0.0800, 0.4500])
[WARN] [1787199880.576023580] [hope_planner]: TTS_GATE ball=49 side=BACKHAND decision=ACCEPT tts=0.8770s window=[0.2500, 1.0000]s est_x=1.9556m est_vx=-2.6894m/s
[WARN] [1787199880.589981738] [hope_planner]: PLANNER_TASK_PUBLISHED ball=49 task=29 side=BACKHAND tts=0.8770s target=[0.1000,-0.4597,0.1644] racket_v=[1.8561,-0.2684,1.0769]
[WARN] [1787199883.993312488] [hope_planner]: predicted command is outside the grounded Isaac target envelopes; command not published (BH: y=-1.3690 outside [-1.1725, 0.0000])
[WARN] [1787199884.005863126] [hope_planner]: TTS_GATE ball=50 side=BACKHAND decision=ACCEPT tts=0.7791s window=[0.2500, 1.0000]s est_x=2.3803m est_vx=-4.4388m/s
[WARN] [1787199884.019960316] [hope_planner]: PLANNER_TASK_PUBLISHED ball=50 task=30 side=BACKHAND tts=0.7791s target=[0.1000,-0.8535,0.0869] racket_v=[2.3236,0.1516,0.4167]
[WARN] [1787199889.372161529] [hope_planner]: predicted command is outside the grounded Isaac target envelopes; command not published (FH: y=-2.1621 outside [-1.5250, -1.1725], z=1.8658 outside [0.0800, 0.4500]; BH: y=-2.0531 outside [-1.1725, 0.0000], z=1.6519 outside [0.0800, 0.4500])
[WARN] [1787199890.021669621] [hope_planner]: TTS_GATE ball=51 side=BACKHAND decision=WAIT tts=1.5059s window=[0.2500, 1.0000]s est_x=2.5432m est_vx=-3.0312m/s
[WARN] [1787199890.053985559] [hope_planner]: TTS_GATE ball=51 side=BACKHAND decision=ACCEPT tts=0.4076s window=[0.2500, 1.0000]s est_x=2.2421m est_vx=-7.5292m/s
[WARN] [1787199890.156395935] [hope_planner]: PLANNER_TASK_PUBLISHED ball=51 task=31 side=BACKHAND tts=0.4859s target=[0.1000,-1.0696,0.2942] racket_v=[1.2763,0.1996,0.6169]
[WARN] [1787199890.583000525] [hope_planner]: locked BH task has no admitted same-side revision; command not published (BH: z=0.0499 outside [0.0800, 0.4500])
[WARN] [1787199891.588247738] [hope_planner]: predicted command is outside the grounded Isaac target envelopes; command not published (FH: vx=1.2424 outside [1.7500, 3.4000])
[WARN] [1787199891.622326384] [hope_planner]: BALL_REARM ball=52 reason=confirmed incoming cycle x=2.509m vx=-4.544m/s (hysteresis+consecutive-sample gate)
[WARN] [1787199891.809018436] [hope_planner]: TTS_GATE ball=52 side=FOREHAND decision=ACCEPT tts=0.6840s window=[0.2500, 1.0000]s est_x=1.8184m est_vx=-3.9600m/s
[WARN] [1787199891.822888161] [hope_planner]: PLANNER_TASK_PUBLISHED ball=52 task=32 side=FOREHAND tts=0.6840s target=[-0.2100,-1.4453,0.3661] racket_v=[2.2492,0.6244,0.8323]
[WARN] [1787199892.575637134] [hope_planner]: STRIKE_PLANE_CROSS ball=52 plane=BACKHAND x=0.100 measured_y=-1.6270 measured_z=0.2625 result=REJECT: predicted position y=-1.5817 outside [-1.1725, 0.0000]
[WARN] [1787199892.812212952] [hope_planner]: STRIKE_PLANE_CROSS ball=52 plane=FOREHAND x=-0.210 measured_y=-1.7260 measured_z=-0.3573 result=ACCEPT: task_id=32 revision=1 side=FOREHAND tts=0.3621s target=[-0.2100,-1.4296,0.3534] racket_v=[3.0482,0.7325,0.9188]
[WARN] [1787199901.184286415] [hope_planner]: predicted command is outside the grounded Isaac target envelopes; command not published (FH: y=-0.5621 outside [-1.5250, -1.1725]; BH: z=0.0607 outside [0.0800, 0.4500])
[WARN] [1787199901.206236496] [hope_planner]: TTS_GATE ball=54 side=BACKHAND decision=ACCEPT tts=0.3916s window=[0.2500, 1.0000]s est_x=2.1915m est_vx=-7.6802m/s
[WARN] [1787199901.289831114] [hope_planner]: PLANNER_TASK_PUBLISHED ball=54 task=33 side=BACKHAND tts=0.7343s target=[0.1000,-0.7278,0.1188] racket_v=[2.1870,-0.0252,1.0063]
[WARN] [1787199902.665332861] [hope_planner]: PLANNER_TASK_PUBLISHED ball=54 task=34 side=FOREHAND tts=0.7172s target=[-0.2100,-1.3173,0.3070] racket_v=[2.2187,0.4513,0.7146]
[WARN] [1787199902.673524545] [hope_planner]: locked FH task has no admitted same-side revision; command not published (FH: y=-0.9281 outside [-1.5250, -1.1725]; BH: inside position region)
[WARN] [1787199902.739586488] [hope_planner]: BALL_REARM ball=55 reason=confirmed incoming cycle x=2.217m vx=-4.375m/s (hysteresis+consecutive-sample gate)
[WARN] [1787199903.341456958] [hope_planner]: STRIKE_PLANE_CROSS ball=55 plane=BACKHAND x=0.100 measured_y=-1.0413 measured_z=0.3275 result=REJECT: active task is locked to FOREHAND
[WARN] [1787199903.467008771] [hope_planner]: STRIKE_PLANE_CROSS ball=55 plane=FOREHAND x=-0.210 measured_y=-1.0247 measured_z=0.2073 result=ACCEPT: task_id=34 revision=2 side=FOREHAND tts=0.4024s target=[-0.2100,-1.3514,0.1823] racket_v=[2.7904,0.7509,0.8748]
[WARN] [1787199912.450706707] [hope_planner]: TTS_GATE ball=57 side=BACKHAND decision=WAIT tts=1.0895s window=[0.2500, 1.0000]s est_x=2.4404m est_vx=-3.5777m/s
[WARN] [1787199912.467353738] [hope_planner]: predicted command is outside the grounded Isaac target envelopes; command not published (FH: y=-0.5067 outside [-1.5250, -1.1725]; BH: z=0.0338 outside [0.0800, 0.4500])
[WARN] [1787199912.532839283] [hope_planner]: TTS_GATE ball=57 side=BACKHAND decision=ACCEPT tts=0.8427s window=[0.2500, 1.0000]s est_x=2.1153m est_vx=-3.0608m/s
[WARN] [1787199912.546821530] [hope_planner]: PLANNER_TASK_PUBLISHED ball=57 task=35 side=BACKHAND tts=0.8427s target=[0.1000,-0.0349,0.1785] racket_v=[1.9150,-0.6686,1.0413]
[WARN] [1787199913.122895218] [hope_planner]: PLANNER_TASK_PUBLISHED ball=57 task=36 side=BACKHAND tts=0.3108s target=[0.1000,-0.7139,0.1925] racket_v=[1.7868,-0.0059,0.9819]
[WARN] [1787199913.408376042] [hope_planner]: STRIKE_PLANE_CROSS ball=57 plane=BACKHAND x=0.100 measured_y=-0.7133 measured_z=0.2295 result=ACCEPT: task_id=36 revision=13 side=BACKHAND tts=0.0090s target=[0.1000,-0.7152,0.2263] racket_v=[1.8159,0.0174,0.9792]
[WARN] [1787199914.233674063] [hope_planner]: predicted command is outside the grounded Isaac target envelopes; command not published (BH: vx=0.6262 outside [1.0500, 3.1000], vz=0.2215 outside [0.3500, 1.5000])
[WARN] [1787199914.279125249] [hope_planner]: BALL_REARM ball=58 reason=confirmed incoming cycle x=2.126m vx=-7.306m/s (hysteresis+consecutive-sample gate)
[WARN] [1787199914.304398979] [hope_planner]: TTS_GATE ball=58 side=BACKHAND decision=ACCEPT tts=0.4686s window=[0.2500, 1.0000]s est_x=2.0509m est_vx=-4.9137m/s
[WARN] [1787199914.318387326] [hope_planner]: PLANNER_TASK_PUBLISHED ball=58 task=37 side=BACKHAND tts=0.4686s target=[0.1000,-0.8853,0.1768] racket_v=[1.8645,0.1960,0.4310]
[WARN] [1787199917.800127722] [hope_planner]: predicted command is outside the grounded Isaac target envelopes; command not published (FH: y=-3.3476 outside [-1.5250, -1.1725], z=0.4993 outside [0.0800, 0.4500]; BH: y=-3.0466 outside [-1.1725, 0.0000], z=0.6544 outside [0.0800, 0.4500])
[WARN] [1787199917.875910975] [hope_planner]: TTS_GATE ball=59 side=FOREHAND decision=ACCEPT tts=0.6289s window=[0.2500, 1.0000]s est_x=2.2680m est_vx=-5.9699m/s
[WARN] [1787199917.922468817] [hope_planner]: TTS_GATE ball=59 side=BACKHAND decision=WAIT tts=1.1048s window=[0.2500, 1.0000]s est_x=2.1714m est_vx=-2.4408m/s
[WARN] [1787199917.978550362] [hope_planner]: PLANNER_TASK_PUBLISHED ball=59 task=38 side=BACKHAND tts=0.9343s target=[0.1000,-0.4111,0.0851] racket_v=[2.6209,-0.4459,0.8187]
[WARN] [1787199919.621879615] [hope_planner]: predicted command is outside the grounded Isaac target envelopes; command not published (FH: y=-0.2389 outside [-1.5250, -1.1725], z=0.5726 outside [0.0800, 0.4500]; BH: z=0.4821 outside [0.0800, 0.4500])
[WARN] [1787199919.718083046] [hope_planner]: BALL_REARM ball=60 reason=confirmed incoming cycle x=2.465m vx=-3.458m/s (hysteresis+consecutive-sample gate)
[WARN] [1787199920.530437385] [hope_planner]: TTS_GATE ball=60 side=BACKHAND decision=ACCEPT tts=0.2780s window=[0.2500, 1.0000]s est_x=0.4308m est_vx=-1.2203m/s
[WARN] [1787199920.544504728] [hope_planner]: PLANNER_TASK_PUBLISHED ball=60 task=39 side=BACKHAND tts=0.2780s target=[0.1000,-0.4125,0.4277] racket_v=[1.8636,-0.3890,0.9457]
[WARN] [1787199920.637961715] [hope_planner]: locked BH task has no admitted same-side revision; command not published (BH: z=0.5413 outside [0.0800, 0.4500])
[WARN] [1787199920.753908045] [hope_planner]: STRIKE_PLANE_CROSS ball=60 plane=BACKHAND x=0.100 measured_y=-0.4517 measured_z=0.5830 result=ACCEPT: task_id=39 revision=0 side=BACKHAND tts=0.2780s target=[0.1000,-0.4125,0.4277] racket_v=[1.8636,-0.3890,0.9457]
[WARN] [1787199921.019736017] [hope_planner]: STRIKE_PLANE_CROSS ball=60 plane=FOREHAND x=-0.210 measured_y=-0.3636 measured_z=-0.0019 result=REJECT: no usable future crossing within 2.00s (plane not reached or dead-ball crossing)
[WARN] [1787199922.787859127] [hope_planner]: TTS_GATE ball=61 side=BACKHAND decision=ACCEPT tts=0.4369s window=[0.2500, 1.0000]s est_x=2.1549m est_vx=-5.8865m/s
[WARN] [1787199922.802078452] [hope_planner]: PLANNER_TASK_PUBLISHED ball=61 task=40 side=BACKHAND tts=0.4369s target=[0.1000,-0.2550,0.2771] racket_v=[1.7069,-0.0316,0.3628]
