[INFO] [1785152237.655413742] [hope_planner]: HOPE planner started: strike_planes=FH:-0.210,BH:0.100 m, landing=[ 2.055  -0.7625], split_y=-1.173 m, new_task_tts=[0.250,1.000] s, ball_rearm=(vx_in<=-0.50, vx_out>=-0.10 m/s, confirm=5/10, x>=0.30 m), live_margins=(y=0.070m, z=0.040m, racket_v=0.150m/s), solve_period=0.020 s, ball_pose_index=0
[WARN] [1785152342.993314439] [hope_planner]: TTS_GATE ball=5 side=BACKHAND decision=ACCEPT tts=0.9441s window=[0.2500, 1.0000]s est_x=2.4908m est_vx=-3.8694m/s
[WARN] [1785152343.009170178] [hope_planner]: PLANNER_TASK_PUBLISHED ball=5 task=1 side=BACKHAND tts=0.9441s target=[0.1000,-0.9040,0.0723] racket_v=[2.7154,0.1908,0.7949]
[WARN] [1785152343.078804221] [hope_planner]: locked BH task has no admitted same-side revision; command not published (BH: vx=0.7458 outside [0.9000, 3.1500])
[WARN] [1785152343.652019320] [hope_planner]: STRIKE_PLANE_CROSS ball=5 plane=BACKHAND x=0.100 measured_y=-0.9737 measured_z=0.3303 result=ACCEPT: task_id=1 revision=20 side=BACKHAND tts=0.0176s target=[0.1000,-0.9735,0.3297] racket_v=[1.6809,0.1687,0.6259]
[WARN] [1785152344.616630134] [hope_planner]: predicted command is outside the grounded Isaac target envelopes; command not published (BH: y=-1.3337 outside [-1.1325, -0.5925])
[WARN] [1785152344.687794600] [hope_planner]: BALL_REARM ball=6 reason=confirmed incoming cycle x=2.130m vx=-10.327m/s (hysteresis+consecutive-sample gate)
[WARN] [1785152344.712031864] [hope_planner]: TTS_GATE ball=6 side=FOREHAND decision=ACCEPT tts=0.2559s window=[0.2500, 1.0000]s est_x=1.9860m est_vx=-9.8918m/s
[WARN] [1785152344.803203500] [hope_planner]: PLANNER_TASK_PUBLISHED ball=6 task=2 side=FOREHAND tts=0.4000s target=[-0.2100,-1.3276,0.2679] racket_v=[2.3931,0.4846,0.4406]
[WARN] [1785152345.093885632] [hope_planner]: STRIKE_PLANE_CROSS ball=6 plane=BACKHAND x=0.100 measured_y=-1.3469 measured_z=0.0596 result=WAIT: estimator needs at least 6 samples
[WARN] [1785152345.160076894] [hope_planner]: STRIKE_PLANE_CROSS ball=6 plane=FOREHAND x=-0.210 measured_y=-1.3589 measured_z=0.2076 result=ACCEPT: task_id=2 revision=12 side=FOREHAND tts=0.0241s target=[-0.2100,-1.3587,0.2066] racket_v=[2.0297,0.4156,0.4107]
[WARN] [1785152346.425092911] [hope_planner]: BALL_REARM ball=7 reason=confirmed incoming cycle x=1.667m vx=-0.607m/s (hysteresis+consecutive-sample gate)
[WARN] [1785152354.093318801] [hope_planner]: TTS_GATE ball=8 side=BACKHAND decision=ACCEPT tts=0.8804s window=[0.2500, 1.0000]s est_x=2.2984m est_vx=-3.6808m/s
[WARN] [1785152354.107259430] [hope_planner]: PLANNER_TASK_PUBLISHED ball=8 task=3 side=BACKHAND tts=0.8804s target=[0.1000,-0.7538,0.1055] racket_v=[1.6916,0.0118,1.1005]
[WARN] [1785152354.152924084] [hope_planner]: locked BH task has no admitted same-side revision; command not published (BH: vx=0.8012 outside [0.9000, 3.1500])
[WARN] [1785152354.686485363] [hope_planner]: STRIKE_PLANE_CROSS ball=8 plane=BACKHAND x=0.100 measured_y=-0.8023 measured_z=0.3565 result=ACCEPT: task_id=3 revision=12 side=BACKHAND tts=0.0232s target=[0.1000,-0.8016,0.3558] racket_v=[1.7909,0.0586,0.4958]
[WARN] [1785152356.283752044] [hope_planner]: BALL_REARM ball=9 reason=confirmed incoming cycle x=3.360m vx=-1.801m/s (hysteresis+consecutive-sample gate)
[WARN] [1785152357.281523072] [hope_planner]: TTS_GATE ball=9 side=BACKHAND decision=WAIT tts=1.3950s window=[0.2500, 1.0000]s est_x=2.5677m est_vx=-3.2245m/s
[WARN] [1785152357.298883707] [hope_planner]: TTS_GATE ball=9 side=BACKHAND decision=ACCEPT tts=0.5852s window=[0.2500, 1.0000]s est_x=2.4199m est_vx=-4.8592m/s
[WARN] [1785152357.312803200] [hope_planner]: PLANNER_TASK_PUBLISHED ball=9 task=4 side=BACKHAND tts=0.5852s target=[0.1000,-1.0258,0.2015] racket_v=[2.1600,0.3082,0.4211]
[WARN] [1785152357.323840178] [hope_planner]: locked BH task has no admitted same-side revision; command not published (FH: y=-1.1163 outside [-1.5925, -1.2125]; BH: z=0.4976 outside [0.0400, 0.3800])
[WARN] [1785152357.885192050] [hope_planner]: STRIKE_PLANE_CROSS ball=9 plane=BACKHAND x=0.100 measured_y=-1.0230 measured_z=0.2872 result=ACCEPT: task_id=4 revision=12 side=BACKHAND tts=0.0045s target=[0.1000,-1.0232,0.2874] racket_v=[1.7908,0.2562,0.3798]
[WARN] [1785152358.752971197] [hope_planner]: predicted command is outside the grounded Isaac target envelopes; command not published (FH: z=0.0977 outside [0.2000, 0.4900]; BH: y=-1.3145 outside [-1.1325, -0.5925])
[WARN] [1785152358.788954788] [hope_planner]: PLANNER_TASK_PUBLISHED ball=9 task=5 side=FOREHAND tts=0.5530s target=[-0.2100,-1.2559,0.2477] racket_v=[2.1194,0.3838,0.7459]
[WARN] [1785152358.823127883] [hope_planner]: BALL_REARM ball=10 reason=confirmed incoming cycle x=2.013m vx=-8.793m/s (hysteresis+consecutive-sample gate)
[WARN] [1785152364.776776628] [hope_planner]: TTS_GATE ball=10 side=BACKHAND decision=ACCEPT tts=0.7745s window=[0.2500, 1.0000]s est_x=2.4973m est_vx=-4.4094m/s
[WARN] [1785152364.790752933] [hope_planner]: PLANNER_TASK_PUBLISHED ball=10 task=6 side=BACKHAND tts=0.7745s target=[0.1000,-1.0010,0.3204] racket_v=[1.8930,0.2437,0.8123]
[WARN] [1785152364.839530657] [hope_planner]: locked BH task has no admitted same-side revision; command not published (BH: vx=0.7388 outside [0.9000, 3.1500])
[WARN] [1785152365.420994019] [hope_planner]: STRIKE_PLANE_CROSS ball=10 plane=BACKHAND x=0.100 measured_y=-0.9966 measured_z=0.3547 result=ACCEPT: task_id=6 revision=17 side=BACKHAND tts=0.0184s target=[0.1000,-0.9961,0.3539] racket_v=[1.7130,0.2187,0.5468]
[WARN] [1785152367.155224642] [hope_planner]: STRIKE_PLANE_CROSS ball=10 plane=FOREHAND x=-0.210 measured_y=-0.5788 measured_z=-0.6181 result=WAIT: estimator needs at least 6 samples
