[WARN] [1785144778.680914049] [a3_pc_rl_deploy]: model_21500 runner in OBSERVE: actuation=ENABLED; waiting for synchronized MDU state + PPMocap table/base calibration; P then D are both required
[INFO] [1785144778.681073898] [a3_pc_rl_deploy]: HOTKEYS (no Enter): P=default pose; D=enter live policy after all gates; I=status; C=recalibrate table (OBSERVE only); S=normal stop; X=immediate halt; H=help; Q=quit (OBSERVE only). There are no F/B synthetic-ball keys: live planner commands select each swing.
[WARN] [1785144778.832675261] [a3_pc_rl_deploy]: PPMOCAP CALIBRATED: canonical origin=near-left tabletop; +X=robot-to-opponent +Y=robot-left +Z=up
[WARN] [1785144779.652454289] [a3_pc_rl_deploy]: DEFAULT POSE START: 5.0s ramp; D remains locked until pose and PPMocap/planner gates are ready
[WARN] [1785144784.632643933] [a3_pc_rl_deploy]: DEFAULT_HOLD: waiting for pose settling
[WARN] [1785144785.632804957] [a3_pc_rl_deploy]: DEFAULT POSE READY: pose_ready=yes; D still locked: base height 0.193m outside [0.250,0.360]
[ERROR] [1785144802.532621303] [a3_pc_rl_deploy]: D rejected: PPMocap/planner gate: base height 0.180m outside [0.250,0.360]
[ERROR] [1785144805.252432704] [a3_pc_rl_deploy]: D rejected: PPMocap/planner gate: base height 0.180m outside [0.250,0.360]
[ERROR] [1785144805.532449437] [a3_pc_rl_deploy]: D rejected: PPMocap/planner gate: base height 0.180m outside [0.250,0.360]
[ERROR] [1785144805.692485189] [a3_pc_rl_deploy]: D rejected: PPMocap/planner gate: base height 0.180m outside [0.250,0.360]
[ERROR] [1785144805.832444997] [a3_pc_rl_deploy]: D rejected: PPMocap/planner gate: base height 0.180m outside [0.250,0.360]
[ERROR] [1785144805.972714652] [a3_pc_rl_deploy]: D rejected: PPMocap/planner gate: base height 0.180m outside [0.250,0.360]
[ERROR] [1785144806.132472277] [a3_pc_rl_deploy]: D rejected: PPMocap/planner gate: base height 0.180m outside [0.250,0.360]
[ERROR] [1785144806.292735277] [a3_pc_rl_deploy]: D rejected: PPMocap/planner gate: base height 0.180m outside [0.250,0.360]
[ERROR] [1785144806.432416730] [a3_pc_rl_deploy]: D rejected: PPMocap/planner gate: base height 0.180m outside [0.250,0.360]
[ERROR] [1785144806.572876117] [a3_pc_rl_deploy]: D rejected: PPMocap/planner gate: base height 0.180m outside [0.250,0.360]
[ERROR] [1785144806.752436913] [a3_pc_rl_deploy]: D rejected: PPMocap/planner gate: base height 0.180m outside [0.250,0.360]
[ERROR] [1785144806.892416449] [a3_pc_rl_deploy]: D rejected: PPMocap/planner gate: base height 0.180m outside [0.250,0.360]
[ERROR] [1785144807.052507091] [a3_pc_rl_deploy]: D rejected: PPMocap/planner gate: base height 0.180m outside [0.250,0.360]
[ERROR] [1785144807.192686981] [a3_pc_rl_deploy]: D rejected: PPMocap/planner gate: base height 0.180m outside [0.250,0.360]
[ERROR] [1785144807.352428519] [a3_pc_rl_deploy]: D rejected: PPMocap/planner gate: base height 0.180m outside [0.250,0.360]
[ERROR] [1785144807.512701776] [a3_pc_rl_deploy]: D rejected: PPMocap/planner gate: base height 0.180m outside [0.250,0.360]
[ERROR] [1785144807.652494953] [a3_pc_rl_deploy]: D rejected: PPMocap/planner gate: base height 0.180m outside [0.250,0.360]
[ERROR] [1785144807.812419066] [a3_pc_rl_deploy]: D rejected: PPMocap/planner gate: base height 0.180m outside [0.250,0.360]
[ERROR] [1785144807.992470804] [a3_pc_rl_deploy]: D rejected: PPMocap/planner gate: base height 0.180m outside [0.250,0.360]
[ERROR] [1785144808.192459493] [a3_pc_rl_deploy]: D rejected: PPMocap/planner gate: base height 0.180m outside [0.250,0.360]
[ERROR] [1785144808.412452553] [a3_pc_rl_deploy]: D rejected: PPMocap/planner gate: base height 0.180m outside [0.250,0.360]
[ERROR] [1785144808.592504019] [a3_pc_rl_deploy]: D rejected: PPMocap/planner gate: base height 0.180m outside [0.250,0.360]
[ERROR] [1785144808.752512645] [a3_pc_rl_deploy]: D rejected: PPMocap/planner gate: base height 0.180m outside [0.250,0.360]
[ERROR] [1785144809.172709828] [a3_pc_rl_deploy]: D rejected: PPMocap/planner gate: base height 0.180m outside [0.250,0.360]
[ERROR] [1785144809.332584464] [a3_pc_rl_deploy]: D rejected: PPMocap/planner gate: base height 0.180m outside [0.250,0.360]
[ERROR] [1785144809.492428877] [a3_pc_rl_deploy]: D rejected: PPMocap/planner gate: base height 0.180m outside [0.250,0.360]
[ERROR] [1785144809.632429841] [a3_pc_rl_deploy]: D rejected: PPMocap/planner gate: base height 0.180m outside [0.250,0.360]
[ERROR] [1785144809.792590070] [a3_pc_rl_deploy]: D rejected: PPMocap/planner gate: base height 0.180m outside [0.250,0.360]
[ERROR] [1785144809.952565329] [a3_pc_rl_deploy]: D rejected: PPMocap/planner gate: base height 0.180m outside [0.250,0.360]
[ERROR] [1785144810.152430695] [a3_pc_rl_deploy]: D rejected: PPMocap/planner gate: base height 0.180m outside [0.250,0.360]
[ERROR] [1785144810.312435891] [a3_pc_rl_deploy]: D rejected: PPMocap/planner gate: base height 0.180m outside [0.250,0.360]
[ERROR] [1785144810.512484617] [a3_pc_rl_deploy]: D rejected: PPMocap/planner gate: base height 0.180m outside [0.250,0.360]
[ERROR] [1785144810.692430934] [a3_pc_rl_deploy]: D rejected: PPMocap/planner gate: base height 0.180m outside [0.250,0.360]
[ERROR] [1785144810.853106265] [a3_pc_rl_deploy]: D rejected: PPMocap/planner gate: base height 0.180m outside [0.250,0.360]
[ERROR] [1785144811.032543273] [a3_pc_rl_deploy]: D rejected: PPMocap/planner gate: base height 0.180m outside [0.250,0.360]
[ERROR] [1785144811.192384215] [a3_pc_rl_deploy]: D rejected: PPMocap/planner gate: base height 0.180m outside [0.250,0.360]
[ERROR] [1785144811.372530733] [a3_pc_rl_deploy]: D rejected: PPMocap/planner gate: base height 0.180m outside [0.250,0.360]
[ERROR] [1785144811.532454717] [a3_pc_rl_deploy]: D rejected: PPMocap/planner gate: base height 0.180m outside [0.250,0.360]
[ERROR] [1785144811.692419730] [a3_pc_rl_deploy]: D rejected: PPMocap/planner gate: base height 0.180m outside [0.250,0.360]
[ERROR] [1785144812.435115569] [a3_pc_rl_deploy]: Ctrl-C: immediate zero-gain stop
