[WARN] [1786989323.938992486] [a3_receive_input_gateway]: receive gateway started: mocap=/ppmocap/frame planner_input=/a3_mocap/ball_poses base_pose=/a3_mocap/pelvis_pose; inference=off joint_commands=off
[INFO] [1786989323.939869510] [a3_receive_input_gateway]: ball tracking: visible
[WARN] [1786989323.990145144] [a3_receive_input_gateway]: PPMocap calibrated: origin=near-left tabletop, +X=robot-to-opponent, +Y=robot-left, +Z=up
[INFO] [1786989324.932078337] [a3_receive_input_gateway]: gateway calibrated=yes frame_age=1.3ms frames=359 ball=340 base_poses=340 invalid=0 station_ok=no
[INFO] [1786989325.931420296] [a3_receive_input_gateway]: gateway calibrated=yes frame_age=0.4ms frames=720 ball=701 base_poses=701 invalid=0 station_ok=no
[INFO] [1786989326.931369659] [a3_receive_input_gateway]: gateway calibrated=yes frame_age=0.2ms frames=1080 ball=1061 base_poses=1061 invalid=0 station_ok=no
[INFO] [1786989327.931422170] [a3_receive_input_gateway]: gateway calibrated=yes frame_age=0.3ms frames=1440 ball=1421 base_poses=1421 invalid=0 station_ok=no
[INFO] [1786989328.931632367] [a3_receive_input_gateway]: gateway calibrated=yes frame_age=0.3ms frames=1800 ball=1781 base_poses=1781 invalid=0 station_ok=no
[INFO] [1786989329.931429917] [a3_receive_input_gateway]: gateway calibrated=yes frame_age=0.4ms frames=2160 ball=2141 base_poses=2141 invalid=0 station_ok=no
[INFO] [1786989330.931415237] [a3_receive_input_gateway]: gateway calibrated=yes frame_age=0.6ms frames=2520 ball=2501 base_poses=2501 invalid=0 station_ok=no
[INFO] [1786989331.931483032] [a3_receive_input_gateway]: gateway calibrated=yes frame_age=2.5ms frames=2879 ball=2860 base_poses=2860 invalid=0 station_ok=no
[INFO] [1786989332.931411787] [a3_receive_input_gateway]: gateway calibrated=yes frame_age=0.5ms frames=3240 ball=3221 base_poses=3221 invalid=0 station_ok=no
[INFO] [1786989333.931457132] [a3_receive_input_gateway]: gateway calibrated=yes frame_age=2.6ms frames=3599 ball=3580 base_poses=3580 invalid=0 station_ok=no
[INFO] [1786989334.931487866] [a3_receive_input_gateway]: gateway calibrated=yes frame_age=2.5ms frames=3959 ball=3940 base_poses=3940 invalid=0 station_ok=no
[INFO] [1786989335.931466596] [a3_receive_input_gateway]: gateway calibrated=yes frame_age=2.7ms frames=4319 ball=4300 base_poses=4300 invalid=0 station_ok=no
[INFO] [1786989336.931458954] [a3_receive_input_gateway]: gateway calibrated=yes frame_age=2.7ms frames=4679 ball=4660 base_poses=4660 invalid=0 station_ok=no
[INFO] [1786989337.931504656] [a3_receive_input_gateway]: gateway calibrated=yes frame_age=2.6ms frames=5039 ball=5020 base_poses=5020 invalid=0 station_ok=no
[INFO] [1786989338.931476418] [a3_receive_input_gateway]: gateway calibrated=yes frame_age=2.8ms frames=5399 ball=5380 base_poses=5380 invalid=0 station_ok=no
[INFO] [1786989339.931503795] [a3_receive_input_gateway]: gateway calibrated=yes frame_age=2.6ms frames=5759 ball=5740 base_poses=5740 invalid=0 station_ok=no
[INFO] [1786989340.931449642] [a3_receive_input_gateway]: gateway calibrated=yes frame_age=2.8ms frames=6119 ball=6100 base_poses=6100 invalid=0 station_ok=no
[INFO] [1786989341.931465420] [a3_receive_input_gateway]: gateway calibrated=yes frame_age=2.8ms frames=6479 ball=6460 base_poses=6460 invalid=0 station_ok=no
[INFO] [1786989342.931479072] [a3_receive_input_gateway]: gateway calibrated=yes frame_age=2.4ms frames=6839 ball=6820 base_poses=6820 invalid=0 station_ok=no
[INFO] [1786989343.931399767] [a3_receive_input_gateway]: gateway calibrated=yes frame_age=2.9ms frames=7199 ball=7180 base_poses=7180 invalid=0 station_ok=no
[INFO] [1786989344.931495228] [a3_receive_input_gateway]: gateway calibrated=yes frame_age=2.8ms frames=7559 ball=7540 base_poses=7540 invalid=0 station_ok=no
[INFO] [1786989345.931449879] [a3_receive_input_gateway]: gateway calibrated=yes frame_age=3.1ms frames=7919 ball=7900 base_poses=7900 invalid=0 station_ok=no
[INFO] [1786989346.931472213] [a3_receive_input_gateway]: gateway calibrated=yes frame_age=2.8ms frames=8279 ball=8260 base_poses=8260 invalid=0 station_ok=no
[INFO] [1786989347.931488368] [a3_receive_input_gateway]: gateway calibrated=yes frame_age=3.1ms frames=8639 ball=8620 base_poses=8620 invalid=0 station_ok=no
[INFO] [1786989348.931659782] [a3_receive_input_gateway]: gateway calibrated=yes frame_age=3.3ms frames=8999 ball=8980 base_poses=8980 invalid=0 station_ok=no
[INFO] [1786989349.931537988] [a3_receive_input_gateway]: gateway calibrated=yes frame_age=3.2ms frames=9359 ball=9340 base_poses=9340 invalid=0 station_ok=no
[INFO] [1786989350.931423048] [a3_receive_input_gateway]: gateway calibrated=yes frame_age=1.0ms frames=9719 ball=9700 base_poses=9700 invalid=0 station_ok=no
[INFO] [1786989351.931499554] [a3_receive_input_gateway]: gateway calibrated=yes frame_age=3.3ms frames=10079 ball=10060 base_poses=10060 invalid=0 station_ok=no
[INFO] [1786989352.931711178] [a3_receive_input_gateway]: gateway calibrated=yes frame_age=3.2ms frames=10439 ball=10420 base_poses=10420 invalid=0 station_ok=no
[INFO] [1786989353.931448149] [a3_receive_input_gateway]: gateway calibrated=yes frame_age=1.2ms frames=10799 ball=10780 base_poses=10780 invalid=0 station_ok=no
[INFO] [1786989354.932100544] [a3_receive_input_gateway]: gateway calibrated=yes frame_age=1.4ms frames=11159 ball=11140 base_poses=11140 invalid=0 station_ok=no
[INFO] [1786989355.931383905] [a3_receive_input_gateway]: gateway calibrated=yes frame_age=1.2ms frames=11519 ball=11500 base_poses=11500 invalid=0 station_ok=no
[INFO] [1786989356.931455660] [a3_receive_input_gateway]: gateway calibrated=yes frame_age=1.1ms frames=11879 ball=11860 base_poses=11860 invalid=0 station_ok=no
[INFO] [1786989357.931444644] [a3_receive_input_gateway]: gateway calibrated=yes frame_age=1.3ms frames=12239 ball=12220 base_poses=12220 invalid=0 station_ok=no
[INFO] [1786989358.931679461] [a3_receive_input_gateway]: gateway calibrated=yes frame_age=0.8ms frames=12599 ball=12580 base_poses=12580 invalid=0 station_ok=no
[INFO] [1786989359.931454119] [a3_receive_input_gateway]: gateway calibrated=yes frame_age=1.3ms frames=12959 ball=12940 base_poses=12940 invalid=0 station_ok=no
[INFO] [1786989360.931511339] [a3_receive_input_gateway]: gateway calibrated=yes frame_age=1.4ms frames=13319 ball=13300 base_poses=13300 invalid=0 station_ok=no
[INFO] [1786989361.931464241] [a3_receive_input_gateway]: gateway calibrated=yes frame_age=1.4ms frames=13679 ball=13660 base_poses=13660 invalid=0 station_ok=no
[INFO] [1786989362.931430744] [a3_receive_input_gateway]: gateway calibrated=yes frame_age=1.4ms frames=14039 ball=14020 base_poses=14020 invalid=0 station_ok=no
[INFO] [1786989363.931476262] [a3_receive_input_gateway]: gateway calibrated=yes frame_age=1.6ms frames=14399 ball=14380 base_poses=14380 invalid=0 station_ok=no
[INFO] [1786989364.931467377] [a3_receive_input_gateway]: gateway calibrated=yes frame_age=1.5ms frames=14759 ball=14740 base_poses=14740 invalid=0 station_ok=no
[INFO] [1786989365.931456106] [a3_receive_input_gateway]: gateway calibrated=yes frame_age=1.6ms frames=15119 ball=15100 base_poses=15100 invalid=0 station_ok=no
[INFO] [1786989366.931475773] [a3_receive_input_gateway]: gateway calibrated=yes frame_age=1.6ms frames=15479 ball=15460 base_poses=15460 invalid=0 station_ok=no
[INFO] [1786989367.931555878] [a3_receive_input_gateway]: gateway calibrated=yes frame_age=1.4ms frames=15839 ball=15820 base_poses=15820 invalid=0 station_ok=no
[INFO] [1786989368.931463229] [a3_receive_input_gateway]: gateway calibrated=yes frame_age=1.8ms frames=16199 ball=16180 base_poses=16180 invalid=0 station_ok=no
[INFO] [1786989369.931463252] [a3_receive_input_gateway]: gateway calibrated=yes frame_age=1.6ms frames=16559 ball=16540 base_poses=16540 invalid=0 station_ok=no
[INFO] [1786989370.931442258] [a3_receive_input_gateway]: gateway calibrated=yes frame_age=1.5ms frames=16919 ball=16900 base_poses=16900 invalid=0 station_ok=no
[INFO] [1786989371.931477395] [a3_receive_input_gateway]: gateway calibrated=yes frame_age=1.7ms frames=17279 ball=17260 base_poses=17260 invalid=0 station_ok=no
[INFO] [1786989372.931675980] [a3_receive_input_gateway]: gateway calibrated=yes frame_age=0.1ms frames=17640 ball=17621 base_poses=17621 invalid=0 station_ok=no
[INFO] [1786989373.931650544] [a3_receive_input_gateway]: gateway calibrated=yes frame_age=0.1ms frames=18000 ball=17981 base_poses=17981 invalid=0 station_ok=no
[INFO] [1786989374.931480440] [a3_receive_input_gateway]: gateway calibrated=yes frame_age=1.6ms frames=18359 ball=18340 base_poses=18340 invalid=0 station_ok=no
[INFO] [1786989375.931647754] [a3_receive_input_gateway]: gateway calibrated=yes frame_age=0.2ms frames=18720 ball=18701 base_poses=18701 invalid=0 station_ok=no
[INFO] [1786989376.931664266] [a3_receive_input_gateway]: gateway calibrated=yes frame_age=0.2ms frames=19080 ball=19061 base_poses=19061 invalid=0 station_ok=no
[INFO] [1786989377.931436315] [a3_receive_input_gateway]: gateway calibrated=yes frame_age=1.8ms frames=19439 ball=19420 base_poses=19420 invalid=0 station_ok=no
[INFO] [1786989378.931515012] [a3_receive_input_gateway]: gateway calibrated=yes frame_age=0.1ms frames=19800 ball=19781 base_poses=19781 invalid=0 station_ok=no
[INFO] [1786989379.931686734] [a3_receive_input_gateway]: gateway calibrated=yes frame_age=0.1ms frames=20160 ball=20141 base_poses=20141 invalid=0 station_ok=no
[INFO] [1786989380.931499257] [a3_receive_input_gateway]: gateway calibrated=yes frame_age=0.2ms frames=20520 ball=20501 base_poses=20501 invalid=0 station_ok=no
[INFO] [1786989381.932118331] [a3_receive_input_gateway]: gateway calibrated=yes frame_age=0.2ms frames=20880 ball=20861 base_poses=20861 invalid=0 station_ok=no
[INFO] [1786989382.931517521] [a3_receive_input_gateway]: gateway calibrated=yes frame_age=1.9ms frames=21239 ball=21220 base_poses=21220 invalid=0 station_ok=no
[INFO] [1786989383.931535409] [a3_receive_input_gateway]: gateway calibrated=yes frame_age=0.2ms frames=21600 ball=21581 base_poses=21581 invalid=0 station_ok=no
[INFO] [1786989384.931606666] [a3_receive_input_gateway]: gateway calibrated=yes frame_age=0.2ms frames=21960 ball=21941 base_poses=21941 invalid=0 station_ok=no
[INFO] [1786989385.931507072] [a3_receive_input_gateway]: gateway calibrated=yes frame_age=2.1ms frames=22319 ball=22300 base_poses=22300 invalid=0 station_ok=no
[INFO] [1786989386.931696211] [a3_receive_input_gateway]: gateway calibrated=yes frame_age=0.2ms frames=22680 ball=22661 base_poses=22661 invalid=0 station_ok=no
[INFO] [1786989387.931466641] [a3_receive_input_gateway]: gateway calibrated=yes frame_age=2.1ms frames=23039 ball=23020 base_poses=23020 invalid=0 station_ok=no
[INFO] [1786989388.931561241] [a3_receive_input_gateway]: gateway calibrated=yes frame_age=1.8ms frames=23399 ball=23380 base_poses=23380 invalid=0 station_ok=no
[INFO] [1786989389.931501187] [a3_receive_input_gateway]: gateway calibrated=yes frame_age=2.3ms frames=23759 ball=23740 base_poses=23740 invalid=0 station_ok=no
[INFO] [1786989390.931468675] [a3_receive_input_gateway]: gateway calibrated=yes frame_age=2.1ms frames=24119 ball=24100 base_poses=24100 invalid=0 station_ok=no
[INFO] [1786989391.931495481] [a3_receive_input_gateway]: gateway calibrated=yes frame_age=2.1ms frames=24479 ball=24460 base_poses=24460 invalid=0 station_ok=no
[INFO] [1786989392.931933163] [a3_receive_input_gateway]: gateway calibrated=yes frame_age=2.6ms frames=24839 ball=24820 base_poses=24820 invalid=0 station_ok=no
[INFO] [1786989393.931472496] [a3_receive_input_gateway]: gateway calibrated=yes frame_age=2.3ms frames=25199 ball=25180 base_poses=25180 invalid=0 station_ok=no
[INFO] [1786989394.931664515] [a3_receive_input_gateway]: gateway calibrated=yes frame_age=2.1ms frames=25559 ball=25540 base_poses=25540 invalid=0 station_ok=no
[INFO] [1786989395.931453844] [a3_receive_input_gateway]: gateway calibrated=yes frame_age=2.5ms frames=25919 ball=25900 base_poses=25900 invalid=0 station_ok=no
[INFO] [1786989396.931471265] [a3_receive_input_gateway]: gateway calibrated=yes frame_age=2.6ms frames=26279 ball=26260 base_poses=26260 invalid=0 station_ok=no
[INFO] [1786989397.931436095] [a3_receive_input_gateway]: gateway calibrated=yes frame_age=2.6ms frames=26639 ball=26620 base_poses=26620 invalid=0 station_ok=no
[INFO] [1786989398.931639344] [a3_receive_input_gateway]: gateway calibrated=yes frame_age=2.9ms frames=26999 ball=26980 base_poses=26980 invalid=0 station_ok=no
[INFO] [1786989399.931491730] [a3_receive_input_gateway]: gateway calibrated=yes frame_age=2.5ms frames=27359 ball=27340 base_poses=27340 invalid=0 station_ok=no
[INFO] [1786989400.931458845] [a3_receive_input_gateway]: gateway calibrated=yes frame_age=2.5ms frames=27719 ball=27700 base_poses=27700 invalid=0 station_ok=no
[INFO] [1786989401.931463054] [a3_receive_input_gateway]: gateway calibrated=yes frame_age=2.7ms frames=28079 ball=28060 base_poses=28060 invalid=0 station_ok=no
[INFO] [1786989402.931474542] [a3_receive_input_gateway]: gateway calibrated=yes frame_age=2.8ms frames=28439 ball=28420 base_poses=28420 invalid=0 station_ok=no
[INFO] [1786989403.931731100] [a3_receive_input_gateway]: gateway calibrated=yes frame_age=0.5ms frames=28799 ball=28780 base_poses=28780 invalid=0 station_ok=no
[INFO] [1786989404.931667821] [a3_receive_input_gateway]: gateway calibrated=yes frame_age=1.9ms frames=29159 ball=29140 base_poses=29140 invalid=0 station_ok=no
[INFO] [1786989405.931411559] [a3_receive_input_gateway]: gateway calibrated=yes frame_age=0.8ms frames=29519 ball=29500 base_poses=29500 invalid=0 station_ok=no
[INFO] [1786989406.931410364] [a3_receive_input_gateway]: gateway calibrated=yes frame_age=0.5ms frames=29879 ball=29860 base_poses=29860 invalid=0 station_ok=no
[INFO] [1786989407.931417621] [a3_receive_input_gateway]: gateway calibrated=yes frame_age=0.8ms frames=30239 ball=30220 base_poses=30220 invalid=0 station_ok=no
[INFO] [1786989408.931420760] [a3_receive_input_gateway]: gateway calibrated=yes frame_age=0.6ms frames=30599 ball=30580 base_poses=30580 invalid=0 station_ok=no
[INFO] [1786989409.931521364] [a3_receive_input_gateway]: gateway calibrated=yes frame_age=0.9ms frames=30959 ball=30940 base_poses=30940 invalid=0 station_ok=no
[INFO] [1786989410.931886306] [a3_receive_input_gateway]: gateway calibrated=yes frame_age=0.7ms frames=31319 ball=31300 base_poses=31300 invalid=0 station_ok=no
[INFO] [1786989411.099081924] [a3_receive_input_gateway]: ball tracking: lost
[INFO] [1786989411.931401888] [a3_receive_input_gateway]: gateway calibrated=yes frame_age=0.5ms frames=31679 ball=31360 base_poses=31660 invalid=0 station_ok=no
[INFO] [1786989412.931402177] [a3_receive_input_gateway]: gateway calibrated=yes frame_age=0.8ms frames=32039 ball=31360 base_poses=32020 invalid=0 station_ok=no
[INFO] [1786989413.090806582] [a3_receive_input_gateway]: ball tracking: visible
[INFO] [1786989413.931415498] [a3_receive_input_gateway]: gateway calibrated=yes frame_age=0.7ms frames=32399 ball=31663 base_poses=32380 invalid=0 station_ok=no
[INFO] [1786989414.931895980] [a3_receive_input_gateway]: gateway calibrated=yes frame_age=0.6ms frames=32759 ball=32023 base_poses=32740 invalid=0 station_ok=yes
[INFO] [1786989415.574433112] [a3_receive_input_gateway]: ball tracking: lost
[INFO] [1786989415.931417108] [a3_receive_input_gateway]: gateway calibrated=yes frame_age=1.0ms frames=33119 ball=32254 base_poses=33100 invalid=0 station_ok=yes
[INFO] [1786989416.708383433] [a3_receive_input_gateway]: ball tracking: visible
[INFO] [1786989416.931813693] [a3_receive_input_gateway]: gateway calibrated=yes frame_age=1.2ms frames=33479 ball=32335 base_poses=33460 invalid=0 station_ok=yes
[INFO] [1786989417.931636523] [a3_receive_input_gateway]: gateway calibrated=yes frame_age=1.2ms frames=33839 ball=32695 base_poses=33820 invalid=0 station_ok=yes
[INFO] [1786989418.931430491] [a3_receive_input_gateway]: gateway calibrated=yes frame_age=0.6ms frames=34199 ball=33055 base_poses=34180 invalid=0 station_ok=yes
[INFO] [1786989419.932015340] [a3_receive_input_gateway]: gateway calibrated=yes frame_age=1.6ms frames=34559 ball=33415 base_poses=34540 invalid=0 station_ok=yes
[INFO] [1786989420.136350126] [a3_receive_input_gateway]: ball tracking: lost
[INFO] [1786989420.408491456] [a3_receive_input_gateway]: ball tracking: visible
[INFO] [1786989420.536512566] [a3_receive_input_gateway]: ball tracking: lost
[INFO] [1786989420.776591569] [a3_receive_input_gateway]: ball tracking: visible
[INFO] [1786989420.931417471] [a3_receive_input_gateway]: gateway calibrated=yes frame_age=1.0ms frames=34919 ball=33590 base_poses=34900 invalid=0 station_ok=yes
[INFO] [1786989421.931459598] [a3_receive_input_gateway]: gateway calibrated=yes frame_age=1.1ms frames=35279 ball=33950 base_poses=35260 invalid=0 station_ok=yes
[INFO] [1786989422.931458492] [a3_receive_input_gateway]: gateway calibrated=yes frame_age=1.0ms frames=35639 ball=34310 base_poses=35620 invalid=0 station_ok=yes
[INFO] [1786989423.931573191] [a3_receive_input_gateway]: gateway calibrated=yes frame_age=0.8ms frames=35999 ball=34670 base_poses=35980 invalid=0 station_ok=yes
[INFO] [1786989424.931413473] [a3_receive_input_gateway]: gateway calibrated=yes frame_age=1.1ms frames=36359 ball=35030 base_poses=36340 invalid=0 station_ok=yes
[INFO] [1786989425.931456576] [a3_receive_input_gateway]: gateway calibrated=yes frame_age=1.2ms frames=36719 ball=35390 base_poses=36700 invalid=0 station_ok=yes
[INFO] [1786989426.931444998] [a3_receive_input_gateway]: gateway calibrated=yes frame_age=1.1ms frames=37079 ball=35750 base_poses=37060 invalid=0 station_ok=yes
[INFO] [1786989427.931470645] [a3_receive_input_gateway]: gateway calibrated=yes frame_age=1.4ms frames=37439 ball=36110 base_poses=37420 invalid=0 station_ok=yes
[INFO] [1786989428.931463501] [a3_receive_input_gateway]: gateway calibrated=yes frame_age=1.4ms frames=37799 ball=36470 base_poses=37780 invalid=0 station_ok=yes
[INFO] [1786989429.931451250] [a3_receive_input_gateway]: gateway calibrated=yes frame_age=1.5ms frames=38159 ball=36830 base_poses=38140 invalid=0 station_ok=yes
[INFO] [1786989430.931456407] [a3_receive_input_gateway]: gateway calibrated=yes frame_age=1.5ms frames=38519 ball=37190 base_poses=38500 invalid=0 station_ok=yes
[INFO] [1786989431.931421227] [a3_receive_input_gateway]: gateway calibrated=yes frame_age=1.4ms frames=38879 ball=37550 base_poses=38860 invalid=0 station_ok=yes
[INFO] [1786989432.931464386] [a3_receive_input_gateway]: gateway calibrated=yes frame_age=1.5ms frames=39239 ball=37910 base_poses=39220 invalid=0 station_ok=yes
[INFO] [1786989433.931458972] [a3_receive_input_gateway]: gateway calibrated=yes frame_age=1.4ms frames=39599 ball=38270 base_poses=39580 invalid=0 station_ok=yes
[INFO] [1786989434.931486790] [a3_receive_input_gateway]: gateway calibrated=yes frame_age=1.6ms frames=39959 ball=38630 base_poses=39940 invalid=0 station_ok=yes
[INFO] [1786989435.931459947] [a3_receive_input_gateway]: gateway calibrated=yes frame_age=1.5ms frames=40319 ball=38990 base_poses=40300 invalid=0 station_ok=yes
[INFO] [1786989436.931465453] [a3_receive_input_gateway]: gateway calibrated=yes frame_age=1.3ms frames=40679 ball=39350 base_poses=40660 invalid=0 station_ok=yes
[INFO] [1786989437.931476075] [a3_receive_input_gateway]: gateway calibrated=yes frame_age=1.7ms frames=41039 ball=39710 base_poses=41020 invalid=0 station_ok=yes
[INFO] [1786989438.931414138] [a3_receive_input_gateway]: gateway calibrated=yes frame_age=1.5ms frames=41399 ball=40070 base_poses=41380 invalid=0 station_ok=yes
[INFO] [1786989439.931509585] [a3_receive_input_gateway]: gateway calibrated=yes frame_age=1.8ms frames=41759 ball=40430 base_poses=41740 invalid=0 station_ok=yes
[INFO] [1786989440.931474239] [a3_receive_input_gateway]: gateway calibrated=yes frame_age=1.6ms frames=42119 ball=40790 base_poses=42100 invalid=0 station_ok=yes
[INFO] [1786989441.931418170] [a3_receive_input_gateway]: gateway calibrated=yes frame_age=1.7ms frames=42479 ball=41150 base_poses=42460 invalid=0 station_ok=yes
[INFO] [1786989442.931486367] [a3_receive_input_gateway]: gateway calibrated=yes frame_age=1.8ms frames=42839 ball=41510 base_poses=42820 invalid=0 station_ok=yes
[INFO] [1786989443.931479351] [a3_receive_input_gateway]: gateway calibrated=yes frame_age=1.7ms frames=43199 ball=41870 base_poses=43180 invalid=0 station_ok=yes
[INFO] [1786989444.931465920] [a3_receive_input_gateway]: gateway calibrated=yes frame_age=1.9ms frames=43559 ball=42230 base_poses=43540 invalid=0 station_ok=yes
[INFO] [1786989445.931413377] [a3_receive_input_gateway]: gateway calibrated=yes frame_age=1.8ms frames=43919 ball=42590 base_poses=43900 invalid=0 station_ok=yes
[INFO] [1786989446.931484962] [a3_receive_input_gateway]: gateway calibrated=yes frame_age=1.6ms frames=44279 ball=42950 base_poses=44260 invalid=0 station_ok=yes
[INFO] [1786989447.931508773] [a3_receive_input_gateway]: gateway calibrated=yes frame_age=1.8ms frames=44639 ball=43310 base_poses=44620 invalid=0 station_ok=yes
[INFO] [1786989448.931505945] [a3_receive_input_gateway]: gateway calibrated=yes frame_age=1.9ms frames=44999 ball=43670 base_poses=44980 invalid=0 station_ok=yes
[INFO] [1786989449.931762616] [a3_receive_input_gateway]: gateway calibrated=yes frame_age=2.1ms frames=45359 ball=44030 base_poses=45340 invalid=0 station_ok=yes
[INFO] [1786989450.931443224] [a3_receive_input_gateway]: gateway calibrated=yes frame_age=2.0ms frames=45719 ball=44390 base_poses=45700 invalid=0 station_ok=yes
[INFO] [1786989451.931456938] [a3_receive_input_gateway]: gateway calibrated=yes frame_age=2.1ms frames=46079 ball=44750 base_poses=46060 invalid=0 station_ok=yes
[INFO] [1786989452.931713052] [a3_receive_input_gateway]: gateway calibrated=yes frame_age=1.8ms frames=46439 ball=45110 base_poses=46420 invalid=0 station_ok=yes
[INFO] [1786989453.931463381] [a3_receive_input_gateway]: gateway calibrated=yes frame_age=2.0ms frames=46799 ball=45470 base_poses=46780 invalid=0 station_ok=yes
[INFO] [1786989454.931519001] [a3_receive_input_gateway]: gateway calibrated=yes frame_age=2.2ms frames=47159 ball=45830 base_poses=47140 invalid=0 station_ok=yes
[INFO] [1786989455.931461516] [a3_receive_input_gateway]: gateway calibrated=yes frame_age=1.9ms frames=47519 ball=46190 base_poses=47500 invalid=0 station_ok=yes
[INFO] [1786989456.931642651] [a3_receive_input_gateway]: gateway calibrated=yes frame_age=0.2ms frames=47879 ball=46550 base_poses=47860 invalid=0 station_ok=yes
[INFO] [1786989457.931451270] [a3_receive_input_gateway]: gateway calibrated=yes frame_age=0.2ms frames=48239 ball=46910 base_poses=48220 invalid=0 station_ok=yes
[INFO] [1786989458.931615837] [a3_receive_input_gateway]: gateway calibrated=yes frame_age=0.2ms frames=48599 ball=47270 base_poses=48580 invalid=0 station_ok=yes
[INFO] [1786989459.931438950] [a3_receive_input_gateway]: gateway calibrated=yes frame_age=0.3ms frames=48959 ball=47630 base_poses=48940 invalid=0 station_ok=yes
[INFO] [1786989460.931634486] [a3_receive_input_gateway]: gateway calibrated=yes frame_age=0.2ms frames=49319 ball=47990 base_poses=49300 invalid=0 station_ok=yes
[INFO] [1786989461.931374607] [a3_receive_input_gateway]: gateway calibrated=yes frame_age=0.2ms frames=49679 ball=48350 base_poses=49660 invalid=0 station_ok=yes
[INFO] [1786989462.931486470] [a3_receive_input_gateway]: gateway calibrated=yes frame_age=0.2ms frames=50039 ball=48710 base_poses=50020 invalid=0 station_ok=yes
[INFO] [1786989463.931626010] [a3_receive_input_gateway]: gateway calibrated=yes frame_age=0.2ms frames=50399 ball=49070 base_poses=50380 invalid=0 station_ok=yes
[INFO] [1786989464.931570517] [a3_receive_input_gateway]: gateway calibrated=yes frame_age=0.2ms frames=50759 ball=49430 base_poses=50740 invalid=0 station_ok=yes
[INFO] [1786989465.931472772] [a3_receive_input_gateway]: gateway calibrated=yes frame_age=0.2ms frames=51119 ball=49790 base_poses=51100 invalid=0 station_ok=yes
[INFO] [1786989466.931358111] [a3_receive_input_gateway]: gateway calibrated=yes frame_age=0.2ms frames=51479 ball=50150 base_poses=51460 invalid=0 station_ok=yes
[INFO] [1786989467.931413783] [a3_receive_input_gateway]: gateway calibrated=yes frame_age=0.4ms frames=51839 ball=50510 base_poses=51820 invalid=0 station_ok=yes
[INFO] [1786989468.931656060] [a3_receive_input_gateway]: gateway calibrated=yes frame_age=0.3ms frames=52199 ball=50870 base_poses=52180 invalid=0 station_ok=yes
[INFO] [1786989469.931399295] [a3_receive_input_gateway]: gateway calibrated=yes frame_age=0.3ms frames=52559 ball=51230 base_poses=52540 invalid=0 station_ok=yes
[INFO] [1786989470.931433448] [a3_receive_input_gateway]: gateway calibrated=yes frame_age=0.3ms frames=52919 ball=51590 base_poses=52900 invalid=0 station_ok=yes
[INFO] [1786989471.931404437] [a3_receive_input_gateway]: gateway calibrated=yes frame_age=0.4ms frames=53279 ball=51950 base_poses=53260 invalid=0 station_ok=yes
[INFO] [1786989472.932012923] [a3_receive_input_gateway]: gateway calibrated=yes frame_age=0.4ms frames=53639 ball=52310 base_poses=53620 invalid=0 station_ok=yes
[INFO] [1786989473.931413570] [a3_receive_input_gateway]: gateway calibrated=yes frame_age=0.3ms frames=53999 ball=52670 base_poses=53980 invalid=0 station_ok=yes
[INFO] [1786989474.931421471] [a3_receive_input_gateway]: gateway calibrated=yes frame_age=0.6ms frames=54359 ball=53030 base_poses=54340 invalid=0 station_ok=yes
[INFO] [1786989475.931370761] [a3_receive_input_gateway]: gateway calibrated=yes frame_age=0.5ms frames=54719 ball=53390 base_poses=54700 invalid=0 station_ok=yes
[INFO] [1786989476.931407732] [a3_receive_input_gateway]: gateway calibrated=yes frame_age=0.4ms frames=55079 ball=53750 base_poses=55060 invalid=0 station_ok=yes
[INFO] [1786989477.931419802] [a3_receive_input_gateway]: gateway calibrated=yes frame_age=0.6ms frames=55439 ball=54110 base_poses=55420 invalid=0 station_ok=yes
[INFO] [1786989478.931527410] [a3_receive_input_gateway]: gateway calibrated=yes frame_age=0.7ms frames=55799 ball=54470 base_poses=55780 invalid=0 station_ok=yes
[INFO] [1786989479.931417546] [a3_receive_input_gateway]: gateway calibrated=yes frame_age=0.7ms frames=56159 ball=54830 base_poses=56140 invalid=0 station_ok=yes
[INFO] [1786989480.931523468] [a3_receive_input_gateway]: gateway calibrated=yes frame_age=0.4ms frames=56519 ball=55190 base_poses=56500 invalid=0 station_ok=yes
[INFO] [1786989481.931428053] [a3_receive_input_gateway]: gateway calibrated=yes frame_age=0.7ms frames=56879 ball=55550 base_poses=56860 invalid=0 station_ok=yes
[INFO] [1786989482.931423180] [a3_receive_input_gateway]: gateway calibrated=yes frame_age=0.8ms frames=57239 ball=55910 base_poses=57220 invalid=0 station_ok=yes
[INFO] [1786989483.931427639] [a3_receive_input_gateway]: gateway calibrated=yes frame_age=0.8ms frames=57599 ball=56270 base_poses=57580 invalid=0 station_ok=yes
[INFO] [1786989484.931408434] [a3_receive_input_gateway]: gateway calibrated=yes frame_age=0.4ms frames=57959 ball=56630 base_poses=57940 invalid=0 station_ok=yes
[INFO] [1786989485.931426313] [a3_receive_input_gateway]: gateway calibrated=yes frame_age=0.5ms frames=58319 ball=56990 base_poses=58300 invalid=0 station_ok=yes
[INFO] [1786989486.931694170] [a3_receive_input_gateway]: gateway calibrated=yes frame_age=0.6ms frames=58679 ball=57350 base_poses=58660 invalid=0 station_ok=yes
[INFO] [1786989487.931408864] [a3_receive_input_gateway]: gateway calibrated=yes frame_age=0.5ms frames=59039 ball=57710 base_poses=59020 invalid=0 station_ok=yes
[INFO] [1786989488.931416814] [a3_receive_input_gateway]: gateway calibrated=yes frame_age=0.7ms frames=59399 ball=58070 base_poses=59380 invalid=0 station_ok=yes
[INFO] [1786989489.931421005] [a3_receive_input_gateway]: gateway calibrated=yes frame_age=0.8ms frames=59759 ball=58430 base_poses=59740 invalid=0 station_ok=yes
[INFO] [1786989490.931414029] [a3_receive_input_gateway]: gateway calibrated=yes frame_age=0.7ms frames=60119 ball=58790 base_poses=60100 invalid=0 station_ok=yes
[INFO] [1786989491.931424582] [a3_receive_input_gateway]: gateway calibrated=yes frame_age=1.0ms frames=60479 ball=59150 base_poses=60460 invalid=0 station_ok=yes
[INFO] [1786989492.931506962] [a3_receive_input_gateway]: gateway calibrated=yes frame_age=0.9ms frames=60839 ball=59510 base_poses=60820 invalid=0 station_ok=yes
[INFO] [1786989493.931442365] [a3_receive_input_gateway]: gateway calibrated=yes frame_age=1.0ms frames=61199 ball=59870 base_poses=61180 invalid=0 station_ok=yes
[INFO] [1786989494.931453227] [a3_receive_input_gateway]: gateway calibrated=yes frame_age=0.9ms frames=61559 ball=60230 base_poses=61540 invalid=0 station_ok=yes
[INFO] [1786989495.931368503] [a3_receive_input_gateway]: gateway calibrated=yes frame_age=1.1ms frames=61919 ball=60590 base_poses=61900 invalid=0 station_ok=yes
[INFO] [1786989496.931481744] [a3_receive_input_gateway]: gateway calibrated=yes frame_age=0.9ms frames=62279 ball=60950 base_poses=62260 invalid=0 station_ok=yes
[INFO] [1786989497.931409518] [a3_receive_input_gateway]: gateway calibrated=yes frame_age=0.8ms frames=62639 ball=61310 base_poses=62620 invalid=0 station_ok=yes
[INFO] [1786989498.931443904] [a3_receive_input_gateway]: gateway calibrated=yes frame_age=1.0ms frames=62999 ball=61670 base_poses=62980 invalid=0 station_ok=yes
[INFO] [1786989499.931458330] [a3_receive_input_gateway]: gateway calibrated=yes frame_age=1.0ms frames=63359 ball=62030 base_poses=63340 invalid=0 station_ok=yes
[INFO] [1786989500.931466824] [a3_receive_input_gateway]: gateway calibrated=yes frame_age=1.2ms frames=63719 ball=62390 base_poses=63700 invalid=0 station_ok=yes
[INFO] [1786989501.931362568] [a3_receive_input_gateway]: gateway calibrated=yes frame_age=1.1ms frames=64079 ball=62750 base_poses=64060 invalid=0 station_ok=yes
[INFO] [1786989502.931486806] [a3_receive_input_gateway]: gateway calibrated=yes frame_age=1.2ms frames=64439 ball=63110 base_poses=64420 invalid=0 station_ok=yes
[INFO] [1786989503.931811352] [a3_receive_input_gateway]: gateway calibrated=yes frame_age=1.7ms frames=64799 ball=63470 base_poses=64780 invalid=0 station_ok=yes
[INFO] [1786989504.931375751] [a3_receive_input_gateway]: gateway calibrated=yes frame_age=1.1ms frames=65159 ball=63830 base_poses=65140 invalid=0 station_ok=yes
[INFO] [1786989505.931427326] [a3_receive_input_gateway]: gateway calibrated=yes frame_age=1.3ms frames=65519 ball=64190 base_poses=65500 invalid=0 station_ok=yes
[INFO] [1786989506.931788667] [a3_receive_input_gateway]: gateway calibrated=yes frame_age=1.6ms frames=65879 ball=64550 base_poses=65860 invalid=0 station_ok=yes
[INFO] [1786989507.931444248] [a3_receive_input_gateway]: gateway calibrated=yes frame_age=1.1ms frames=66239 ball=64910 base_poses=66220 invalid=0 station_ok=yes
[INFO] [1786989508.931499150] [a3_receive_input_gateway]: gateway calibrated=yes frame_age=3.3ms frames=66598 ball=65269 base_poses=66579 invalid=0 station_ok=yes
[INFO] [1786989509.931441891] [a3_receive_input_gateway]: gateway calibrated=yes frame_age=3.2ms frames=66958 ball=65629 base_poses=66939 invalid=0 station_ok=yes
[INFO] [1786989510.932552795] [a3_receive_input_gateway]: gateway calibrated=yes frame_age=4.1ms frames=67318 ball=65989 base_poses=67299 invalid=0 station_ok=yes
[INFO] [1786989511.931450403] [a3_receive_input_gateway]: gateway calibrated=yes frame_age=3.5ms frames=67678 ball=66349 base_poses=67659 invalid=0 station_ok=yes
[INFO] [1786989512.931531760] [a3_receive_input_gateway]: gateway calibrated=yes frame_age=3.6ms frames=68038 ball=66709 base_poses=68019 invalid=0 station_ok=yes
[INFO] [1786989513.931453430] [a3_receive_input_gateway]: gateway calibrated=yes frame_age=3.6ms frames=68398 ball=67069 base_poses=68379 invalid=0 station_ok=yes
[INFO] [1786989514.931507825] [a3_receive_input_gateway]: gateway calibrated=yes frame_age=3.6ms frames=68758 ball=67429 base_poses=68739 invalid=0 station_ok=yes
[INFO] [1786989515.931503197] [a3_receive_input_gateway]: gateway calibrated=yes frame_age=3.5ms frames=69118 ball=67789 base_poses=69099 invalid=0 station_ok=yes
[INFO] [1786989516.931631710] [a3_receive_input_gateway]: gateway calibrated=yes frame_age=3.3ms frames=69478 ball=68149 base_poses=69459 invalid=0 station_ok=yes
[INFO] [1786989517.931452975] [a3_receive_input_gateway]: gateway calibrated=yes frame_age=3.4ms frames=69838 ball=68509 base_poses=69819 invalid=0 station_ok=yes
[INFO] [1786989518.931490991] [a3_receive_input_gateway]: gateway calibrated=yes frame_age=3.4ms frames=70198 ball=68869 base_poses=70179 invalid=0 station_ok=yes
[INFO] [1786989519.931443333] [a3_receive_input_gateway]: gateway calibrated=yes frame_age=3.6ms frames=70558 ball=69229 base_poses=70539 invalid=0 station_ok=yes
[INFO] [1786989520.931492227] [a3_receive_input_gateway]: gateway calibrated=yes frame_age=3.6ms frames=70918 ball=69589 base_poses=70899 invalid=0 station_ok=yes
[INFO] [1786989521.931485492] [a3_receive_input_gateway]: gateway calibrated=yes frame_age=3.6ms frames=71278 ball=69949 base_poses=71259 invalid=0 station_ok=yes
[INFO] [1786989522.931460470] [a3_receive_input_gateway]: gateway calibrated=yes frame_age=3.7ms frames=71638 ball=70309 base_poses=71619 invalid=0 station_ok=yes
[INFO] [1786989523.931519375] [a3_receive_input_gateway]: gateway calibrated=yes frame_age=3.8ms frames=71998 ball=70669 base_poses=71979 invalid=0 station_ok=yes
[INFO] [1786989524.931465375] [a3_receive_input_gateway]: gateway calibrated=yes frame_age=3.7ms frames=72358 ball=71029 base_poses=72339 invalid=0 station_ok=yes
[INFO] [1786989525.931501095] [a3_receive_input_gateway]: gateway calibrated=yes frame_age=3.6ms frames=72718 ball=71389 base_poses=72699 invalid=0 station_ok=yes
[INFO] [1786989526.931468062] [a3_receive_input_gateway]: gateway calibrated=yes frame_age=1.7ms frames=73078 ball=71749 base_poses=73059 invalid=0 station_ok=yes
[INFO] [1786989527.931465784] [a3_receive_input_gateway]: gateway calibrated=yes frame_age=3.5ms frames=73438 ball=72109 base_poses=73419 invalid=0 station_ok=yes
[INFO] [1786989528.931393986] [a3_receive_input_gateway]: gateway calibrated=yes frame_age=1.7ms frames=73798 ball=72469 base_poses=73779 invalid=0 station_ok=yes
[INFO] [1786989529.931436329] [a3_receive_input_gateway]: gateway calibrated=yes frame_age=1.2ms frames=74158 ball=72829 base_poses=74139 invalid=0 station_ok=yes
[INFO] [1786989530.931467411] [a3_receive_input_gateway]: gateway calibrated=yes frame_age=1.5ms frames=74518 ball=73189 base_poses=74499 invalid=0 station_ok=yes
[INFO] [1786989531.931446069] [a3_receive_input_gateway]: gateway calibrated=yes frame_age=1.5ms frames=74878 ball=73549 base_poses=74859 invalid=0 station_ok=yes
[INFO] [1786989532.931465074] [a3_receive_input_gateway]: gateway calibrated=yes frame_age=1.5ms frames=75238 ball=73909 base_poses=75219 invalid=0 station_ok=yes
[INFO] [1786989533.931971338] [a3_receive_input_gateway]: gateway calibrated=yes frame_age=0.3ms frames=75599 ball=74270 base_poses=75580 invalid=0 station_ok=yes
[INFO] [1786989534.932236512] [a3_receive_input_gateway]: gateway calibrated=yes frame_age=0.4ms frames=75959 ball=74630 base_poses=75940 invalid=0 station_ok=yes
[INFO] [1786989535.931632050] [a3_receive_input_gateway]: gateway calibrated=yes frame_age=1.6ms frames=76318 ball=74989 base_poses=76299 invalid=0 station_ok=yes
[INFO] [1786989536.931422022] [a3_receive_input_gateway]: gateway calibrated=yes frame_age=1.9ms frames=76678 ball=75349 base_poses=76659 invalid=0 station_ok=yes
[INFO] [1786989537.931799004] [a3_receive_input_gateway]: gateway calibrated=yes frame_age=0.2ms frames=77039 ball=75710 base_poses=77020 invalid=0 station_ok=yes
[INFO] [1786989538.931797913] [a3_receive_input_gateway]: gateway calibrated=yes frame_age=0.2ms frames=77399 ball=76070 base_poses=77380 invalid=0 station_ok=yes
[INFO] [1786989539.931639145] [a3_receive_input_gateway]: gateway calibrated=yes frame_age=0.2ms frames=77759 ball=76430 base_poses=77740 invalid=0 station_ok=yes
[INFO] [1786989540.931462416] [a3_receive_input_gateway]: gateway calibrated=yes frame_age=1.7ms frames=78118 ball=76789 base_poses=78099 invalid=0 station_ok=yes
[INFO] [1786989541.931746315] [a3_receive_input_gateway]: gateway calibrated=yes frame_age=0.2ms frames=78479 ball=77150 base_poses=78460 invalid=0 station_ok=yes
[INFO] [1786989542.931477967] [a3_receive_input_gateway]: gateway calibrated=yes frame_age=0.2ms frames=78839 ball=77510 base_poses=78820 invalid=0 station_ok=yes
[INFO] [1786989543.931902246] [a3_receive_input_gateway]: gateway calibrated=yes frame_age=0.4ms frames=79199 ball=77870 base_poses=79180 invalid=0 station_ok=yes
[INFO] [1786989544.931349260] [a3_receive_input_gateway]: gateway calibrated=yes frame_age=0.2ms frames=79559 ball=78230 base_poses=79540 invalid=0 station_ok=yes
[INFO] [1786989545.931597203] [a3_receive_input_gateway]: gateway calibrated=yes frame_age=0.2ms frames=79919 ball=78590 base_poses=79900 invalid=0 station_ok=yes
[INFO] [1786989546.931944413] [a3_receive_input_gateway]: gateway calibrated=yes frame_age=0.8ms frames=80279 ball=78950 base_poses=80260 invalid=0 station_ok=yes
[INFO] [1786989547.931725518] [a3_receive_input_gateway]: gateway calibrated=yes frame_age=0.2ms frames=80639 ball=79310 base_poses=80620 invalid=0 station_ok=yes
[INFO] [1786989548.931387008] [a3_receive_input_gateway]: gateway calibrated=yes frame_age=0.2ms frames=80999 ball=79670 base_poses=80980 invalid=0 station_ok=yes
[INFO] [1786989549.931431260] [a3_receive_input_gateway]: gateway calibrated=yes frame_age=0.3ms frames=81359 ball=80030 base_poses=81340 invalid=0 station_ok=yes
[INFO] [1786989550.931553289] [a3_receive_input_gateway]: gateway calibrated=yes frame_age=0.3ms frames=81719 ball=80390 base_poses=81700 invalid=0 station_ok=yes
[INFO] [1786989551.932556295] [a3_receive_input_gateway]: gateway calibrated=yes frame_age=0.6ms frames=82079 ball=80750 base_poses=82060 invalid=0 station_ok=yes
[INFO] [1786989552.931442682] [a3_receive_input_gateway]: gateway calibrated=yes frame_age=0.2ms frames=82439 ball=81110 base_poses=82420 invalid=0 station_ok=yes
[INFO] [1786989553.931408354] [a3_receive_input_gateway]: gateway calibrated=yes frame_age=0.3ms frames=82799 ball=81470 base_poses=82780 invalid=0 station_ok=yes
[INFO] [1786989554.931416661] [a3_receive_input_gateway]: gateway calibrated=yes frame_age=0.3ms frames=83159 ball=81830 base_poses=83140 invalid=0 station_ok=yes
[INFO] [1786989555.931408969] [a3_receive_input_gateway]: gateway calibrated=yes frame_age=0.4ms frames=83519 ball=82190 base_poses=83500 invalid=0 station_ok=yes
[INFO] [1786989556.931505383] [a3_receive_input_gateway]: gateway calibrated=yes frame_age=0.2ms frames=83879 ball=82550 base_poses=83860 invalid=0 station_ok=yes
[INFO] [1786989557.931408872] [a3_receive_input_gateway]: gateway calibrated=yes frame_age=0.3ms frames=84239 ball=82910 base_poses=84220 invalid=0 station_ok=yes
[INFO] [1786989558.931413814] [a3_receive_input_gateway]: gateway calibrated=yes frame_age=0.5ms frames=84599 ball=83270 base_poses=84580 invalid=0 station_ok=yes
[INFO] [1786989559.931417681] [a3_receive_input_gateway]: gateway calibrated=yes frame_age=0.2ms frames=84959 ball=83630 base_poses=84940 invalid=0 station_ok=yes
[INFO] [1786989560.931457505] [a3_receive_input_gateway]: gateway calibrated=yes frame_age=2.1ms frames=85318 ball=83989 base_poses=85299 invalid=0 station_ok=yes
[INFO] [1786989561.931436854] [a3_receive_input_gateway]: gateway calibrated=yes frame_age=2.5ms frames=85678 ball=84349 base_poses=85659 invalid=0 station_ok=yes
[INFO] [1786989562.931667985] [a3_receive_input_gateway]: gateway calibrated=yes frame_age=2.5ms frames=86038 ball=84709 base_poses=86019 invalid=0 station_ok=yes
[INFO] [1786989563.931463746] [a3_receive_input_gateway]: gateway calibrated=yes frame_age=2.5ms frames=86398 ball=85069 base_poses=86379 invalid=0 station_ok=yes
[INFO] [1786989564.931626601] [a3_receive_input_gateway]: gateway calibrated=yes frame_age=2.7ms frames=86758 ball=85429 base_poses=86739 invalid=0 station_ok=yes
[INFO] [1786989565.931548070] [a3_receive_input_gateway]: gateway calibrated=yes frame_age=2.4ms frames=87118 ball=85789 base_poses=87099 invalid=0 station_ok=yes
[INFO] [1786989566.931468953] [a3_receive_input_gateway]: gateway calibrated=yes frame_age=2.7ms frames=87478 ball=86149 base_poses=87459 invalid=0 station_ok=yes
[INFO] [1786989567.931419457] [a3_receive_input_gateway]: gateway calibrated=yes frame_age=2.4ms frames=87838 ball=86509 base_poses=87819 invalid=0 station_ok=yes
[INFO] [1786989568.931451958] [a3_receive_input_gateway]: gateway calibrated=yes frame_age=2.5ms frames=88198 ball=86869 base_poses=88179 invalid=0 station_ok=yes
[INFO] [1786989569.931434098] [a3_receive_input_gateway]: gateway calibrated=yes frame_age=2.7ms frames=88558 ball=87229 base_poses=88539 invalid=0 station_ok=yes
[INFO] [1786989570.931451715] [a3_receive_input_gateway]: gateway calibrated=yes frame_age=2.7ms frames=88918 ball=87589 base_poses=88899 invalid=0 station_ok=yes
[INFO] [1786989571.931442014] [a3_receive_input_gateway]: gateway calibrated=yes frame_age=2.7ms frames=89278 ball=87949 base_poses=89259 invalid=0 station_ok=yes
[INFO] [1786989572.931553733] [a3_receive_input_gateway]: gateway calibrated=yes frame_age=2.6ms frames=89638 ball=88309 base_poses=89619 invalid=0 station_ok=yes
[INFO] [1786989573.931476379] [a3_receive_input_gateway]: gateway calibrated=yes frame_age=2.6ms frames=89998 ball=88669 base_poses=89979 invalid=0 station_ok=yes
[INFO] [1786989574.931455464] [a3_receive_input_gateway]: gateway calibrated=yes frame_age=2.8ms frames=90358 ball=89029 base_poses=90339 invalid=0 station_ok=yes
[INFO] [1786989575.931446965] [a3_receive_input_gateway]: gateway calibrated=yes frame_age=2.7ms frames=90718 ball=89389 base_poses=90699 invalid=0 station_ok=yes
[INFO] [1786989576.931495841] [a3_receive_input_gateway]: gateway calibrated=yes frame_age=2.8ms frames=91078 ball=89749 base_poses=91059 invalid=0 station_ok=yes
[INFO] [1786989577.931471304] [a3_receive_input_gateway]: gateway calibrated=yes frame_age=2.6ms frames=91438 ball=90109 base_poses=91419 invalid=0 station_ok=yes
[INFO] [1786989578.931535637] [a3_receive_input_gateway]: gateway calibrated=yes frame_age=2.8ms frames=91798 ball=90469 base_poses=91779 invalid=0 station_ok=yes
[INFO] [1786989579.931511905] [a3_receive_input_gateway]: gateway calibrated=yes frame_age=2.9ms frames=92158 ball=90829 base_poses=92139 invalid=0 station_ok=yes
[INFO] [1786989580.931419078] [a3_receive_input_gateway]: gateway calibrated=yes frame_age=0.8ms frames=92518 ball=91189 base_poses=92499 invalid=0 station_ok=yes
[INFO] [1786989581.931491244] [a3_receive_input_gateway]: gateway calibrated=yes frame_age=2.8ms frames=92878 ball=91549 base_poses=92859 invalid=0 station_ok=yes
[INFO] [1786989582.931425686] [a3_receive_input_gateway]: gateway calibrated=yes frame_age=0.8ms frames=93238 ball=91909 base_poses=93219 invalid=0 station_ok=yes
[INFO] [1786989583.931367917] [a3_receive_input_gateway]: gateway calibrated=yes frame_age=0.6ms frames=93598 ball=92269 base_poses=93579 invalid=0 station_ok=yes
[INFO] [1786989584.931397540] [a3_receive_input_gateway]: gateway calibrated=yes frame_age=0.8ms frames=93958 ball=92629 base_poses=93939 invalid=0 station_ok=yes
[INFO] [1786989585.931747573] [a3_receive_input_gateway]: gateway calibrated=yes frame_age=0.6ms frames=94318 ball=92989 base_poses=94299 invalid=0 station_ok=yes
[INFO] [1786989586.931736772] [a3_receive_input_gateway]: gateway calibrated=yes frame_age=0.9ms frames=94678 ball=93349 base_poses=94659 invalid=0 station_ok=yes
[INFO] [1786989587.931424880] [a3_receive_input_gateway]: gateway calibrated=yes frame_age=0.8ms frames=95038 ball=93709 base_poses=95019 invalid=0 station_ok=yes
[INFO] [1786989588.931401528] [a3_receive_input_gateway]: gateway calibrated=yes frame_age=0.7ms frames=95398 ball=94069 base_poses=95379 invalid=0 station_ok=yes
[INFO] [1786989589.931414834] [a3_receive_input_gateway]: gateway calibrated=yes frame_age=0.8ms frames=95758 ball=94429 base_poses=95739 invalid=0 station_ok=yes
[INFO] [1786989590.931419160] [a3_receive_input_gateway]: gateway calibrated=yes frame_age=1.1ms frames=96118 ball=94789 base_poses=96099 invalid=0 station_ok=yes
[INFO] [1786989591.931430193] [a3_receive_input_gateway]: gateway calibrated=yes frame_age=0.9ms frames=96478 ball=95149 base_poses=96459 invalid=0 station_ok=yes
[INFO] [1786989592.931423343] [a3_receive_input_gateway]: gateway calibrated=yes frame_age=0.9ms frames=96838 ball=95509 base_poses=96819 invalid=0 station_ok=yes
[INFO] [1786989593.931711510] [a3_receive_input_gateway]: gateway calibrated=yes frame_age=1.2ms frames=97198 ball=95869 base_poses=97179 invalid=0 station_ok=yes
[INFO] [1786989594.931415978] [a3_receive_input_gateway]: gateway calibrated=yes frame_age=1.0ms frames=97558 ball=96229 base_poses=97539 invalid=0 station_ok=yes
[INFO] [1786989595.931462021] [a3_receive_input_gateway]: gateway calibrated=yes frame_age=1.0ms frames=97918 ball=96589 base_poses=97899 invalid=0 station_ok=yes
[INFO] [1786989596.931934131] [a3_receive_input_gateway]: gateway calibrated=yes frame_age=1.2ms frames=98278 ball=96949 base_poses=98259 invalid=0 station_ok=yes
[INFO] [1786989597.931453682] [a3_receive_input_gateway]: gateway calibrated=yes frame_age=1.0ms frames=98638 ball=97309 base_poses=98619 invalid=0 station_ok=yes
[INFO] [1786989598.931411626] [a3_receive_input_gateway]: gateway calibrated=yes frame_age=0.8ms frames=98998 ball=97669 base_poses=98979 invalid=0 station_ok=yes
[INFO] [1786989599.931403761] [a3_receive_input_gateway]: gateway calibrated=yes frame_age=1.0ms frames=99358 ball=98029 base_poses=99339 invalid=0 station_ok=yes
[INFO] [1786989600.931398396] [a3_receive_input_gateway]: gateway calibrated=yes frame_age=0.8ms frames=99718 ball=98389 base_poses=99699 invalid=0 station_ok=yes
[INFO] [1786989601.931447080] [a3_receive_input_gateway]: gateway calibrated=yes frame_age=1.2ms frames=100078 ball=98749 base_poses=100059 invalid=0 station_ok=yes
[INFO] [1786989602.931426632] [a3_receive_input_gateway]: gateway calibrated=yes frame_age=1.3ms frames=100438 ball=99109 base_poses=100419 invalid=0 station_ok=yes
[INFO] [1786989603.931456406] [a3_receive_input_gateway]: gateway calibrated=yes frame_age=1.4ms frames=100798 ball=99469 base_poses=100779 invalid=0 station_ok=yes
[INFO] [1786989604.931461564] [a3_receive_input_gateway]: gateway calibrated=yes frame_age=1.2ms frames=101158 ball=99829 base_poses=101139 invalid=0 station_ok=yes
[INFO] [1786989605.931506384] [a3_receive_input_gateway]: gateway calibrated=yes frame_age=0.9ms frames=101518 ball=100189 base_poses=101499 invalid=0 station_ok=yes
[INFO] [1786989606.931518955] [a3_receive_input_gateway]: gateway calibrated=yes frame_age=1.3ms frames=101878 ball=100549 base_poses=101859 invalid=0 station_ok=yes
[INFO] [1786989607.931437814] [a3_receive_input_gateway]: gateway calibrated=yes frame_age=1.2ms frames=102238 ball=100909 base_poses=102219 invalid=0 station_ok=yes
[INFO] [1786989608.931659957] [a3_receive_input_gateway]: gateway calibrated=yes frame_age=1.2ms frames=102598 ball=101269 base_poses=102579 invalid=0 station_ok=yes
[INFO] [1786989609.931464979] [a3_receive_input_gateway]: gateway calibrated=yes frame_age=1.4ms frames=102958 ball=101629 base_poses=102939 invalid=0 station_ok=yes
[INFO] [1786989610.931460165] [a3_receive_input_gateway]: gateway calibrated=yes frame_age=1.3ms frames=103318 ball=101989 base_poses=103299 invalid=0 station_ok=yes
[INFO] [1786989611.931554815] [a3_receive_input_gateway]: gateway calibrated=yes frame_age=1.2ms frames=103678 ball=102349 base_poses=103659 invalid=0 station_ok=yes
[INFO] [1786989612.931357429] [a3_receive_input_gateway]: gateway calibrated=yes frame_age=1.3ms frames=104038 ball=102709 base_poses=104019 invalid=0 station_ok=yes
[INFO] [1786989613.931454234] [a3_receive_input_gateway]: gateway calibrated=yes frame_age=1.5ms frames=104398 ball=103069 base_poses=104379 invalid=0 station_ok=yes
[INFO] [1786989614.931414442] [a3_receive_input_gateway]: gateway calibrated=yes frame_age=1.5ms frames=104758 ball=103429 base_poses=104739 invalid=0 station_ok=yes
[INFO] [1786989615.931404815] [a3_receive_input_gateway]: gateway calibrated=yes frame_age=1.6ms frames=105118 ball=103789 base_poses=105099 invalid=0 station_ok=yes
[INFO] [1786989616.931475082] [a3_receive_input_gateway]: gateway calibrated=yes frame_age=1.4ms frames=105478 ball=104149 base_poses=105459 invalid=0 station_ok=yes
[INFO] [1786989617.931527317] [a3_receive_input_gateway]: gateway calibrated=yes frame_age=1.6ms frames=105838 ball=104509 base_poses=105819 invalid=0 station_ok=yes
[INFO] [1786989618.931479719] [a3_receive_input_gateway]: gateway calibrated=yes frame_age=1.4ms frames=106198 ball=104869 base_poses=106179 invalid=0 station_ok=yes
[INFO] [1786989619.931448645] [a3_receive_input_gateway]: gateway calibrated=yes frame_age=1.6ms frames=106558 ball=105229 base_poses=106539 invalid=0 station_ok=yes
[INFO] [1786989620.931926663] [a3_receive_input_gateway]: gateway calibrated=yes frame_age=1.7ms frames=106918 ball=105589 base_poses=106899 invalid=0 station_ok=yes
[INFO] [1786989621.931463759] [a3_receive_input_gateway]: gateway calibrated=yes frame_age=1.6ms frames=107278 ball=105949 base_poses=107259 invalid=0 station_ok=yes
[INFO] [1786989622.931964756] [a3_receive_input_gateway]: gateway calibrated=yes frame_age=2.1ms frames=107638 ball=106309 base_poses=107619 invalid=0 station_ok=yes
[INFO] [1786989623.931522607] [a3_receive_input_gateway]: gateway calibrated=yes frame_age=1.8ms frames=107998 ball=106669 base_poses=107979 invalid=0 station_ok=yes
[INFO] [1786989624.931448704] [a3_receive_input_gateway]: gateway calibrated=yes frame_age=1.7ms frames=108358 ball=107029 base_poses=108339 invalid=0 station_ok=yes
[INFO] [1786989625.931427073] [a3_receive_input_gateway]: gateway calibrated=yes frame_age=1.6ms frames=108718 ball=107389 base_poses=108699 invalid=0 station_ok=yes
[INFO] [1786989626.931429033] [a3_receive_input_gateway]: gateway calibrated=yes frame_age=1.8ms frames=109078 ball=107749 base_poses=109059 invalid=0 station_ok=yes
[INFO] [1786989627.931749948] [a3_receive_input_gateway]: gateway calibrated=yes frame_age=1.7ms frames=109438 ball=108109 base_poses=109419 invalid=0 station_ok=yes
[INFO] [1786989628.931460497] [a3_receive_input_gateway]: gateway calibrated=yes frame_age=1.9ms frames=109798 ball=108469 base_poses=109779 invalid=0 station_ok=yes
[INFO] [1786989629.932583250] [a3_receive_input_gateway]: gateway calibrated=yes frame_age=2.9ms frames=110158 ball=108829 base_poses=110139 invalid=0 station_ok=yes
[INFO] [1786989630.931579018] [a3_receive_input_gateway]: gateway calibrated=yes frame_age=1.8ms frames=110518 ball=109189 base_poses=110499 invalid=0 station_ok=yes
[INFO] [1786989631.931569211] [a3_receive_input_gateway]: gateway calibrated=yes frame_age=1.7ms frames=110878 ball=109549 base_poses=110859 invalid=0 station_ok=yes
[INFO] [1786989632.931383522] [a3_receive_input_gateway]: gateway calibrated=yes frame_age=3.7ms frames=111237 ball=109908 base_poses=111218 invalid=0 station_ok=yes
[INFO] [1786989633.931386823] [a3_receive_input_gateway]: gateway calibrated=yes frame_age=3.5ms frames=111597 ball=110268 base_poses=111578 invalid=0 station_ok=yes
[INFO] [1786989634.931655633] [a3_receive_input_gateway]: gateway calibrated=yes frame_age=1.8ms frames=111958 ball=110629 base_poses=111939 invalid=0 station_ok=yes
[INFO] [1786989635.931519430] [a3_receive_input_gateway]: gateway calibrated=yes frame_age=3.6ms frames=112317 ball=110988 base_poses=112298 invalid=0 station_ok=yes
[INFO] [1786989636.931803372] [a3_receive_input_gateway]: gateway calibrated=yes frame_age=3.9ms frames=112677 ball=111348 base_poses=112658 invalid=0 station_ok=yes
[INFO] [1786989637.931771997] [a3_receive_input_gateway]: gateway calibrated=yes frame_age=0.2ms frames=113038 ball=111709 base_poses=113019 invalid=0 station_ok=yes
[INFO] [1786989638.931444281] [a3_receive_input_gateway]: gateway calibrated=yes frame_age=3.9ms frames=113397 ball=112068 base_poses=113378 invalid=0 station_ok=yes
[INFO] [1786989639.931654300] [a3_receive_input_gateway]: gateway calibrated=yes frame_age=0.2ms frames=113758 ball=112429 base_poses=113739 invalid=0 station_ok=yes
[INFO] [1786989640.931487790] [a3_receive_input_gateway]: gateway calibrated=yes frame_age=3.9ms frames=114117 ball=112788 base_poses=114098 invalid=0 station_ok=yes
[INFO] [1786989641.931825601] [a3_receive_input_gateway]: gateway calibrated=yes frame_age=0.2ms frames=114478 ball=113149 base_poses=114459 invalid=0 station_ok=yes
[INFO] [1786989642.931575579] [a3_receive_input_gateway]: gateway calibrated=yes frame_age=4.0ms frames=114837 ball=113508 base_poses=114818 invalid=0 station_ok=yes
[INFO] [1786989643.931706335] [a3_receive_input_gateway]: gateway calibrated=yes frame_age=0.2ms frames=115198 ball=113869 base_poses=115179 invalid=0 station_ok=yes
[INFO] [1786989644.931865949] [a3_receive_input_gateway]: gateway calibrated=yes frame_age=0.3ms frames=115558 ball=114229 base_poses=115539 invalid=0 station_ok=yes
[INFO] [1786989645.931556095] [a3_receive_input_gateway]: gateway calibrated=yes frame_age=0.2ms frames=115918 ball=114589 base_poses=115899 invalid=0 station_ok=yes
[INFO] [1786989646.931538563] [a3_receive_input_gateway]: gateway calibrated=yes frame_age=0.2ms frames=116278 ball=114949 base_poses=116259 invalid=0 station_ok=yes
[INFO] [1786989647.931653619] [a3_receive_input_gateway]: gateway calibrated=yes frame_age=0.2ms frames=116638 ball=115309 base_poses=116619 invalid=0 station_ok=yes
[INFO] [1786989648.931680255] [a3_receive_input_gateway]: gateway calibrated=yes frame_age=0.2ms frames=116998 ball=115669 base_poses=116979 invalid=0 station_ok=yes
[INFO] [1786989649.931668161] [a3_receive_input_gateway]: gateway calibrated=yes frame_age=0.2ms frames=117358 ball=116029 base_poses=117339 invalid=0 station_ok=yes
[INFO] [1786989650.931463846] [a3_receive_input_gateway]: gateway calibrated=yes frame_age=4.1ms frames=117717 ball=116388 base_poses=117698 invalid=0 station_ok=yes
[INFO] [1786989651.931457048] [a3_receive_input_gateway]: gateway calibrated=yes frame_age=0.2ms frames=118078 ball=116749 base_poses=118059 invalid=0 station_ok=yes
[INFO] [1786989652.931572808] [a3_receive_input_gateway]: gateway calibrated=yes frame_age=0.2ms frames=118438 ball=117109 base_poses=118419 invalid=0 station_ok=yes
[INFO] [1786989653.931750350] [a3_receive_input_gateway]: gateway calibrated=yes frame_age=0.2ms frames=118798 ball=117469 base_poses=118779 invalid=0 station_ok=yes
[INFO] [1786989654.932056034] [a3_receive_input_gateway]: gateway calibrated=yes frame_age=0.4ms frames=119158 ball=117829 base_poses=119139 invalid=0 station_ok=yes
[INFO] [1786989655.931605806] [a3_receive_input_gateway]: gateway calibrated=yes frame_age=0.2ms frames=119518 ball=118189 base_poses=119499 invalid=0 station_ok=yes
[INFO] [1786989656.931430437] [a3_receive_input_gateway]: gateway calibrated=yes frame_age=0.3ms frames=119878 ball=118549 base_poses=119859 invalid=0 station_ok=yes
[INFO] [1786989657.931644172] [a3_receive_input_gateway]: gateway calibrated=yes frame_age=0.2ms frames=120238 ball=118909 base_poses=120219 invalid=0 station_ok=yes
[INFO] [1786989658.932172394] [a3_receive_input_gateway]: gateway calibrated=yes frame_age=0.5ms frames=120598 ball=119269 base_poses=120579 invalid=0 station_ok=yes
[INFO] [1786989659.931412148] [a3_receive_input_gateway]: gateway calibrated=yes frame_age=0.3ms frames=120958 ball=119629 base_poses=120939 invalid=0 station_ok=yes
[INFO] [1786989660.931528154] [a3_receive_input_gateway]: gateway calibrated=yes frame_age=0.2ms frames=121318 ball=119989 base_poses=121299 invalid=0 station_ok=yes
[INFO] [1786989661.931428921] [a3_receive_input_gateway]: gateway calibrated=yes frame_age=0.3ms frames=121678 ball=120349 base_poses=121659 invalid=0 station_ok=yes
[INFO] [1786989662.931494928] [a3_receive_input_gateway]: gateway calibrated=yes frame_age=0.2ms frames=122038 ball=120709 base_poses=122019 invalid=0 station_ok=yes
[INFO] [1786989663.931388322] [a3_receive_input_gateway]: gateway calibrated=yes frame_age=0.2ms frames=122398 ball=121069 base_poses=122379 invalid=0 station_ok=yes
[INFO] [1786989664.931478553] [a3_receive_input_gateway]: gateway calibrated=yes frame_age=0.4ms frames=122758 ball=121429 base_poses=122739 invalid=0 station_ok=yes
[INFO] [1786989665.931418651] [a3_receive_input_gateway]: gateway calibrated=yes frame_age=0.4ms frames=123118 ball=121789 base_poses=123099 invalid=0 station_ok=yes
[INFO] [1786989666.931420872] [a3_receive_input_gateway]: gateway calibrated=yes frame_age=0.5ms frames=123478 ball=122149 base_poses=123459 invalid=0 station_ok=yes
[INFO] [1786989667.931626496] [a3_receive_input_gateway]: gateway calibrated=yes frame_age=0.3ms frames=123838 ball=122509 base_poses=123819 invalid=0 station_ok=yes
[INFO] [1786989668.931427902] [a3_receive_input_gateway]: gateway calibrated=yes frame_age=0.3ms frames=124198 ball=122869 base_poses=124179 invalid=0 station_ok=yes
[INFO] [1786989669.931410080] [a3_receive_input_gateway]: gateway calibrated=yes frame_age=0.4ms frames=124558 ball=123229 base_poses=124539 invalid=0 station_ok=yes
[INFO] [1786989670.932308921] [a3_receive_input_gateway]: gateway calibrated=yes frame_age=0.6ms frames=124918 ball=123589 base_poses=124899 invalid=0 station_ok=yes
[INFO] [1786989671.931480596] [a3_receive_input_gateway]: gateway calibrated=yes frame_age=0.2ms frames=125278 ball=123949 base_poses=125259 invalid=0 station_ok=yes
[INFO] [1786989672.931402368] [a3_receive_input_gateway]: gateway calibrated=yes frame_age=0.4ms frames=125638 ball=124309 base_poses=125619 invalid=0 station_ok=yes
[INFO] [1786989673.931405959] [a3_receive_input_gateway]: gateway calibrated=yes frame_age=0.5ms frames=125998 ball=124669 base_poses=125979 invalid=0 station_ok=yes
[INFO] [1786989674.931420019] [a3_receive_input_gateway]: gateway calibrated=yes frame_age=0.5ms frames=126358 ball=125029 base_poses=126339 invalid=0 station_ok=yes
[INFO] [1786989675.931412807] [a3_receive_input_gateway]: gateway calibrated=yes frame_age=0.6ms frames=126718 ball=125389 base_poses=126699 invalid=0 station_ok=yes
[INFO] [1786989676.931413522] [a3_receive_input_gateway]: gateway calibrated=yes frame_age=0.6ms frames=127078 ball=125749 base_poses=127059 invalid=0 station_ok=yes
[INFO] [1786989677.931409034] [a3_receive_input_gateway]: gateway calibrated=yes frame_age=0.6ms frames=127438 ball=126109 base_poses=127419 invalid=0 station_ok=yes
[INFO] [1786989678.931432871] [a3_receive_input_gateway]: gateway calibrated=yes frame_age=0.6ms frames=127798 ball=126469 base_poses=127779 invalid=0 station_ok=yes
[INFO] [1786989679.931416717] [a3_receive_input_gateway]: gateway calibrated=yes frame_age=0.6ms frames=128158 ball=126829 base_poses=128139 invalid=0 station_ok=yes
[INFO] [1786989680.931537675] [a3_receive_input_gateway]: gateway calibrated=yes frame_age=2.7ms frames=128517 ball=127188 base_poses=128498 invalid=0 station_ok=yes
[INFO] [1786989681.931899059] [a3_receive_input_gateway]: gateway calibrated=yes frame_age=1.1ms frames=128878 ball=127549 base_poses=128859 invalid=0 station_ok=yes
[INFO] [1786989682.931416188] [a3_receive_input_gateway]: gateway calibrated=yes frame_age=0.3ms frames=129238 ball=127909 base_poses=129219 invalid=0 station_ok=yes
[INFO] [1786989683.931401503] [a3_receive_input_gateway]: gateway calibrated=yes frame_age=0.5ms frames=129598 ball=128269 base_poses=129579 invalid=0 station_ok=yes
[INFO] [1786989684.931597199] [a3_receive_input_gateway]: gateway calibrated=yes frame_age=2.9ms frames=129957 ball=128628 base_poses=129938 invalid=0 station_ok=yes
[INFO] [1786989685.931449562] [a3_receive_input_gateway]: gateway calibrated=yes frame_age=2.6ms frames=130317 ball=128988 base_poses=130298 invalid=0 station_ok=yes
[INFO] [1786989686.931432243] [a3_receive_input_gateway]: gateway calibrated=yes frame_age=2.7ms frames=130677 ball=129348 base_poses=130658 invalid=0 station_ok=yes
[INFO] [1786989687.931556078] [a3_receive_input_gateway]: gateway calibrated=yes frame_age=2.7ms frames=131037 ball=129708 base_poses=131018 invalid=0 station_ok=yes
[INFO] [1786989688.931662291] [a3_receive_input_gateway]: gateway calibrated=yes frame_age=2.6ms frames=131397 ball=130068 base_poses=131378 invalid=0 station_ok=yes
[INFO] [1786989689.931495805] [a3_receive_input_gateway]: gateway calibrated=yes frame_age=2.8ms frames=131757 ball=130428 base_poses=131738 invalid=0 station_ok=yes
[INFO] [1786989690.931491215] [a3_receive_input_gateway]: gateway calibrated=yes frame_age=2.8ms frames=132117 ball=130788 base_poses=132098 invalid=0 station_ok=yes
[INFO] [1786989691.932042137] [a3_receive_input_gateway]: gateway calibrated=yes frame_age=3.2ms frames=132477 ball=131148 base_poses=132458 invalid=0 station_ok=yes
[INFO] [1786989692.931443187] [a3_receive_input_gateway]: gateway calibrated=yes frame_age=2.9ms frames=132837 ball=131508 base_poses=132818 invalid=0 station_ok=yes
[INFO] [1786989693.931517684] [a3_receive_input_gateway]: gateway calibrated=yes frame_age=3.0ms frames=133197 ball=131868 base_poses=133178 invalid=0 station_ok=yes
[INFO] [1786989694.931847136] [a3_receive_input_gateway]: gateway calibrated=yes frame_age=3.2ms frames=133557 ball=132228 base_poses=133538 invalid=0 station_ok=yes
[INFO] [1786989695.931435694] [a3_receive_input_gateway]: gateway calibrated=yes frame_age=2.6ms frames=133917 ball=132588 base_poses=133898 invalid=0 station_ok=yes
[INFO] [1786989696.931428655] [a3_receive_input_gateway]: gateway calibrated=yes frame_age=2.7ms frames=134277 ball=132948 base_poses=134258 invalid=0 station_ok=yes
[INFO] [1786989697.931482412] [a3_receive_input_gateway]: gateway calibrated=yes frame_age=2.9ms frames=134637 ball=133308 base_poses=134618 invalid=0 station_ok=yes
[INFO] [1786989698.931514379] [a3_receive_input_gateway]: gateway calibrated=yes frame_age=3.0ms frames=134997 ball=133668 base_poses=134978 invalid=0 station_ok=yes
[INFO] [1786989699.931472995] [a3_receive_input_gateway]: gateway calibrated=yes frame_age=2.8ms frames=135357 ball=134028 base_poses=135338 invalid=0 station_ok=yes
[INFO] [1786989700.931472182] [a3_receive_input_gateway]: gateway calibrated=yes frame_age=2.6ms frames=135717 ball=134388 base_poses=135698 invalid=0 station_ok=yes
[INFO] [1786989701.931409024] [a3_receive_input_gateway]: gateway calibrated=yes frame_age=0.8ms frames=136077 ball=134748 base_poses=136058 invalid=0 station_ok=yes
[INFO] [1786989702.931467775] [a3_receive_input_gateway]: gateway calibrated=yes frame_age=2.8ms frames=136437 ball=135108 base_poses=136418 invalid=0 station_ok=yes
[INFO] [1786989703.931449392] [a3_receive_input_gateway]: gateway calibrated=yes frame_age=2.8ms frames=136797 ball=135468 base_poses=136778 invalid=0 station_ok=yes
[INFO] [1786989704.931634570] [a3_receive_input_gateway]: gateway calibrated=yes frame_age=0.6ms frames=137157 ball=135828 base_poses=137138 invalid=0 station_ok=yes
[INFO] [1786989705.931412510] [a3_receive_input_gateway]: gateway calibrated=yes frame_age=1.1ms frames=137517 ball=136188 base_poses=137498 invalid=0 station_ok=yes
[INFO] [1786989706.931927454] [a3_receive_input_gateway]: gateway calibrated=yes frame_age=1.2ms frames=137877 ball=136548 base_poses=137858 invalid=0 station_ok=yes
[INFO] [1786989707.931410768] [a3_receive_input_gateway]: gateway calibrated=yes frame_age=1.0ms frames=138237 ball=136908 base_poses=138218 invalid=0 station_ok=yes
[INFO] [1786989708.931455643] [a3_receive_input_gateway]: gateway calibrated=yes frame_age=2.6ms frames=138597 ball=137268 base_poses=138578 invalid=0 station_ok=yes
[INFO] [1786989709.931419503] [a3_receive_input_gateway]: gateway calibrated=yes frame_age=1.1ms frames=138957 ball=137628 base_poses=138938 invalid=0 station_ok=yes
[INFO] [1786989710.931467348] [a3_receive_input_gateway]: gateway calibrated=yes frame_age=1.1ms frames=139317 ball=137988 base_poses=139298 invalid=0 station_ok=yes
[INFO] [1786989711.931412645] [a3_receive_input_gateway]: gateway calibrated=yes frame_age=1.1ms frames=139677 ball=138348 base_poses=139658 invalid=0 station_ok=yes
[INFO] [1786989712.931695336] [a3_receive_input_gateway]: gateway calibrated=yes frame_age=1.4ms frames=140037 ball=138708 base_poses=140018 invalid=0 station_ok=yes
[INFO] [1786989713.931522920] [a3_receive_input_gateway]: gateway calibrated=yes frame_age=1.0ms frames=140397 ball=139068 base_poses=140378 invalid=0 station_ok=yes
