[0.006s] Invoking command in '/home/bth/workspace/a3_remote_bridge/.hope_ros2/build/hope_msgs': CMAKE_PREFIX_PATH=${CMAKE_PREFIX_PATH}:/home/bth/workspace/Mocap/install/ppmocap_tools:/home/bth/workspace/Mocap/install/ppmocap_prediction:/opt/ros/humble /usr/bin/cmake /home/bth/workspace/a3_remote_bridge/26.7.25发球部署/pingpang_ustc-srf/hope_ws/src/hope_msgs -DPython3_EXECUTABLE=/usr/bin/python3 -DCMAKE_INSTALL_PREFIX=/home/bth/workspace/a3_remote_bridge/.hope_ros2/install/hope_msgs
[0.051s] -- The C compiler identification is GNU 11.4.0
[0.087s] -- The CXX compiler identification is GNU 11.4.0
[0.092s] -- Detecting C compiler ABI info
[0.146s] -- Detecting C compiler ABI info - done
[0.149s] -- Check for working C compiler: /usr/bin/cc - skipped
[0.149s] -- Detecting C compile features
[0.149s] -- Detecting C compile features - done
[0.151s] -- Detecting CXX compiler ABI info
[0.205s] -- Detecting CXX compiler ABI info - done
[0.211s] -- Check for working CXX compiler: /usr/bin/c++ - skipped
[0.212s] -- Detecting CXX compile features
[0.212s] -- Detecting CXX compile features - done
[0.213s] -- Found ament_cmake: 1.3.13 (/opt/ros/humble/share/ament_cmake/cmake)
[0.310s] -- Found Python3: /usr/bin/python3 (found version "3.10.12") found components: Interpreter 
[0.356s] -- Found geometry_msgs: 4.9.1 (/opt/ros/humble/share/geometry_msgs/cmake)
[0.374s] -- Found rosidl_generator_c: 3.1.8 (/opt/ros/humble/share/rosidl_generator_c/cmake)
[0.376s] -- Found rosidl_adapter: 3.1.8 (/opt/ros/humble/share/rosidl_adapter/cmake)
[0.380s] -- Found rosidl_generator_cpp: 3.1.8 (/opt/ros/humble/share/rosidl_generator_cpp/cmake)
[0.385s] -- Using all available rosidl_typesupport_c: rosidl_typesupport_fastrtps_c;rosidl_typesupport_introspection_c
[0.393s] -- Using all available rosidl_typesupport_cpp: rosidl_typesupport_fastrtps_cpp;rosidl_typesupport_introspection_cpp
[0.409s] -- Found rosidl_default_generators: 1.2.0 (/opt/ros/humble/share/rosidl_default_generators/cmake)
[0.569s] -- Found ament_cmake_ros: 0.10.0 (/opt/ros/humble/share/ament_cmake_ros/cmake)
[0.787s] -- Using all available rosidl_typesupport_c: rosidl_typesupport_fastrtps_c;rosidl_typesupport_introspection_c
[0.885s] -- Using all available rosidl_typesupport_cpp: rosidl_typesupport_fastrtps_cpp;rosidl_typesupport_introspection_cpp
[0.901s] -- Found PythonInterp: /usr/bin/python3 (found suitable version "3.10.12", minimum required is "3.6") 
[0.901s] -- Found python_cmake_module: 0.10.0 (/opt/ros/humble/share/python_cmake_module/cmake)
[0.919s] -- Found PythonLibs: /usr/lib/x86_64-linux-gnu/libpython3.10.so (found suitable version "3.10.12", minimum required is "3.5") 
[0.919s] -- Using PYTHON_EXECUTABLE: /usr/bin/python3
[0.919s] -- Using PYTHON_INCLUDE_DIRS: /usr/include/python3.10
[0.919s] -- Using PYTHON_LIBRARIES: /usr/lib/x86_64-linux-gnu/libpython3.10.so
[0.932s] -- Found PythonExtra: .so  
[0.966s] -- Found ament_lint_auto: 0.12.15 (/opt/ros/humble/share/ament_lint_auto/cmake)
[0.975s] -- Added test 'lint_cmake' to check CMake code style
[0.975s] -- Added test 'xmllint' to check XML markup files
[0.976s] -- Configuring done
[0.990s] -- Generating done
[0.995s] -- Build files have been written to: /home/bth/workspace/a3_remote_bridge/.hope_ros2/build/hope_msgs
[1.002s] Invoked command in '/home/bth/workspace/a3_remote_bridge/.hope_ros2/build/hope_msgs' returned '0': CMAKE_PREFIX_PATH=${CMAKE_PREFIX_PATH}:/home/bth/workspace/Mocap/install/ppmocap_tools:/home/bth/workspace/Mocap/install/ppmocap_prediction:/opt/ros/humble /usr/bin/cmake /home/bth/workspace/a3_remote_bridge/26.7.25发球部署/pingpang_ustc-srf/hope_ws/src/hope_msgs -DPython3_EXECUTABLE=/usr/bin/python3 -DCMAKE_INSTALL_PREFIX=/home/bth/workspace/a3_remote_bridge/.hope_ros2/install/hope_msgs
[1.002s] Invoking command in '/home/bth/workspace/a3_remote_bridge/.hope_ros2/build/hope_msgs': CMAKE_PREFIX_PATH=${CMAKE_PREFIX_PATH}:/home/bth/workspace/Mocap/install/ppmocap_tools:/home/bth/workspace/Mocap/install/ppmocap_prediction:/opt/ros/humble /usr/bin/cmake --build /home/bth/workspace/a3_remote_bridge/.hope_ros2/build/hope_msgs -- -j20 -l20
[1.029s] [  3%] Generating C code for ROS interfaces
[1.038s] [  6%] Generating C++ code for ROS interfaces
[1.045s] [  6%] Built target ament_cmake_python_copy_hope_msgs
[1.152s] running egg_info
[1.154s] creating hope_msgs.egg-info
[1.154s] writing hope_msgs.egg-info/PKG-INFO
[1.154s] writing dependency_links to hope_msgs.egg-info/dependency_links.txt
[1.154s] writing top-level names to hope_msgs.egg-info/top_level.txt
[1.154s] writing manifest file 'hope_msgs.egg-info/SOURCES.txt'
[1.154s] reading manifest file 'hope_msgs.egg-info/SOURCES.txt'
[1.154s] writing manifest file 'hope_msgs.egg-info/SOURCES.txt'
[1.174s] [  6%] Built target ament_cmake_python_build_hope_msgs_egg
[1.190s] [  9%] Building C object CMakeFiles/hope_msgs__rosidl_generator_c.dir/rosidl_generator_c/hope_msgs/msg/detail/racket_command__functions.c.o
[1.190s] [  9%] Built target hope_msgs__cpp
[1.198s] [ 12%] Generating C++ type support dispatch for ROS interfaces
[1.198s] [ 16%] Generating C++ introspection for ROS interfaces
[1.203s] [ 19%] Generating C++ type support for eProsima Fast-RTPS
[1.220s] [ 22%] Linking C shared library libhope_msgs__rosidl_generator_c.so
[1.245s] [ 22%] Built target hope_msgs__rosidl_generator_c
[1.253s] [ 25%] Generating C type support dispatch for ROS interfaces
[1.253s] [ 29%] Generating C introspection for ROS interfaces
[1.254s] [ 32%] Generating C type support for eProsima Fast-RTPS
[1.345s] [ 35%] Building CXX object CMakeFiles/hope_msgs__rosidl_typesupport_cpp.dir/rosidl_typesupport_cpp/hope_msgs/msg/racket_command__type_support.cpp.o
[1.348s] [ 38%] Building CXX object CMakeFiles/hope_msgs__rosidl_typesupport_introspection_cpp.dir/rosidl_typesupport_introspection_cpp/hope_msgs/msg/detail/racket_command__type_support.cpp.o
[1.351s] [ 41%] Building CXX object CMakeFiles/hope_msgs__rosidl_typesupport_fastrtps_cpp.dir/rosidl_typesupport_fastrtps_cpp/hope_msgs/msg/detail/dds_fastrtps/racket_command__type_support.cpp.o
[1.399s] [ 45%] Building CXX object CMakeFiles/hope_msgs__rosidl_typesupport_c.dir/rosidl_typesupport_c/hope_msgs/msg/racket_command__type_support.cpp.o
[1.403s] [ 48%] Building C object CMakeFiles/hope_msgs__rosidl_typesupport_introspection_c.dir/rosidl_typesupport_introspection_c/hope_msgs/msg/detail/racket_command__type_support.c.o
[1.418s] [ 51%] Linking CXX shared library libhope_msgs__rosidl_typesupport_c.so
[1.424s] [ 54%] Linking C shared library libhope_msgs__rosidl_typesupport_introspection_c.so
[1.425s] [ 58%] Building CXX object CMakeFiles/hope_msgs__rosidl_typesupport_fastrtps_c.dir/rosidl_typesupport_fastrtps_c/hope_msgs/msg/detail/racket_command__type_support_c.cpp.o
[1.447s] [ 58%] Built target hope_msgs__rosidl_typesupport_introspection_c
[1.449s] [ 58%] Built target hope_msgs__rosidl_typesupport_c
[1.470s] [ 61%] Linking CXX shared library libhope_msgs__rosidl_typesupport_cpp.so
[1.497s] [ 61%] Built target hope_msgs__rosidl_typesupport_cpp
[1.512s] [ 64%] Linking CXX shared library libhope_msgs__rosidl_typesupport_introspection_cpp.so
[1.517s] [ 67%] Linking CXX shared library libhope_msgs__rosidl_typesupport_fastrtps_cpp.so
[1.552s] [ 67%] Built target hope_msgs__rosidl_typesupport_introspection_cpp
[1.567s] [ 67%] Built target hope_msgs__rosidl_typesupport_fastrtps_cpp
[1.575s] [ 70%] Linking CXX shared library libhope_msgs__rosidl_typesupport_fastrtps_c.so
[1.620s] [ 70%] Built target hope_msgs__rosidl_typesupport_fastrtps_c
[1.636s] [ 70%] Built target hope_msgs
[1.649s] [ 74%] Generating Python code for ROS interfaces
[1.852s] [ 74%] Built target hope_msgs__py
[1.867s] [ 77%] Building C object CMakeFiles/hope_msgs__rosidl_generator_py.dir/rosidl_generator_py/hope_msgs/msg/_racket_command_s.c.o
[1.923s] [ 80%] Linking C shared library rosidl_generator_py/hope_msgs/libhope_msgs__rosidl_generator_py.so
[1.951s] [ 80%] Built target hope_msgs__rosidl_generator_py
[1.965s] [ 83%] Building C object CMakeFiles/hope_msgs__rosidl_typesupport_introspection_c__pyext.dir/rosidl_generator_py/hope_msgs/_hope_msgs_s.ep.rosidl_typesupport_introspection_c.c.o
[1.967s] [ 87%] Building C object CMakeFiles/hope_msgs__rosidl_typesupport_fastrtps_c__pyext.dir/rosidl_generator_py/hope_msgs/_hope_msgs_s.ep.rosidl_typesupport_fastrtps_c.c.o
[1.967s] [ 90%] Building C object CMakeFiles/hope_msgs__rosidl_typesupport_c__pyext.dir/rosidl_generator_py/hope_msgs/_hope_msgs_s.ep.rosidl_typesupport_c.c.o
[2.014s] [ 96%] Linking C shared library rosidl_generator_py/hope_msgs/hope_msgs_s__rosidl_typesupport_c.cpython-310-x86_64-linux-gnu.so
[2.015s] [100%] Linking C shared library rosidl_generator_py/hope_msgs/hope_msgs_s__rosidl_typesupport_fastrtps_c.cpython-310-x86_64-linux-gnu.so
[2.015s] [100%] Linking C shared library rosidl_generator_py/hope_msgs/hope_msgs_s__rosidl_typesupport_introspection_c.cpython-310-x86_64-linux-gnu.so
[2.038s] [100%] Built target hope_msgs__rosidl_typesupport_fastrtps_c__pyext
[2.040s] [100%] Built target hope_msgs__rosidl_typesupport_c__pyext
[2.040s] [100%] Built target hope_msgs__rosidl_typesupport_introspection_c__pyext
[2.051s] Invoked command in '/home/bth/workspace/a3_remote_bridge/.hope_ros2/build/hope_msgs' returned '0': CMAKE_PREFIX_PATH=${CMAKE_PREFIX_PATH}:/home/bth/workspace/Mocap/install/ppmocap_tools:/home/bth/workspace/Mocap/install/ppmocap_prediction:/opt/ros/humble /usr/bin/cmake --build /home/bth/workspace/a3_remote_bridge/.hope_ros2/build/hope_msgs -- -j20 -l20
[2.059s] Invoking command in '/home/bth/workspace/a3_remote_bridge/.hope_ros2/build/hope_msgs': CMAKE_PREFIX_PATH=${CMAKE_PREFIX_PATH}:/home/bth/workspace/Mocap/install/ppmocap_tools:/home/bth/workspace/Mocap/install/ppmocap_prediction:/opt/ros/humble /usr/bin/cmake --install /home/bth/workspace/a3_remote_bridge/.hope_ros2/build/hope_msgs
[2.063s] -- Install configuration: ""
[2.063s] -- Installing: /home/bth/workspace/a3_remote_bridge/.hope_ros2/install/hope_msgs/share/ament_index/resource_index/rosidl_interfaces/hope_msgs
[2.064s] -- Installing: /home/bth/workspace/a3_remote_bridge/.hope_ros2/install/hope_msgs/include/hope_msgs/hope_msgs
[2.064s] -- Installing: /home/bth/workspace/a3_remote_bridge/.hope_ros2/install/hope_msgs/include/hope_msgs/hope_msgs/msg
[2.064s] -- Installing: /home/bth/workspace/a3_remote_bridge/.hope_ros2/install/hope_msgs/include/hope_msgs/hope_msgs/msg/rosidl_generator_c__visibility_control.h
[2.064s] -- Installing: /home/bth/workspace/a3_remote_bridge/.hope_ros2/install/hope_msgs/include/hope_msgs/hope_msgs/msg/detail
[2.064s] -- Installing: /home/bth/workspace/a3_remote_bridge/.hope_ros2/install/hope_msgs/include/hope_msgs/hope_msgs/msg/detail/racket_command__struct.h
[2.064s] -- Installing: /home/bth/workspace/a3_remote_bridge/.hope_ros2/install/hope_msgs/include/hope_msgs/hope_msgs/msg/detail/racket_command__type_support.h
[2.064s] -- Installing: /home/bth/workspace/a3_remote_bridge/.hope_ros2/install/hope_msgs/include/hope_msgs/hope_msgs/msg/detail/racket_command__functions.h
[2.064s] -- Installing: /home/bth/workspace/a3_remote_bridge/.hope_ros2/install/hope_msgs/include/hope_msgs/hope_msgs/msg/detail/racket_command__functions.c
[2.064s] -- Installing: /home/bth/workspace/a3_remote_bridge/.hope_ros2/install/hope_msgs/include/hope_msgs/hope_msgs/msg/racket_command.h
[2.064s] -- Installing: /home/bth/workspace/a3_remote_bridge/.hope_ros2/install/hope_msgs/share/hope_msgs/environment/library_path.sh
[2.064s] -- Installing: /home/bth/workspace/a3_remote_bridge/.hope_ros2/install/hope_msgs/share/hope_msgs/environment/library_path.dsv
[2.064s] -- Installing: /home/bth/workspace/a3_remote_bridge/.hope_ros2/install/hope_msgs/lib/libhope_msgs__rosidl_generator_c.so
[2.064s] -- Set runtime path of "/home/bth/workspace/a3_remote_bridge/.hope_ros2/install/hope_msgs/lib/libhope_msgs__rosidl_generator_c.so" to ""
[2.064s] -- Up-to-date: /home/bth/workspace/a3_remote_bridge/.hope_ros2/install/hope_msgs/include/hope_msgs/hope_msgs
[2.064s] -- Up-to-date: /home/bth/workspace/a3_remote_bridge/.hope_ros2/install/hope_msgs/include/hope_msgs/hope_msgs/msg
[2.064s] -- Up-to-date: /home/bth/workspace/a3_remote_bridge/.hope_ros2/install/hope_msgs/include/hope_msgs/hope_msgs/msg/detail
[2.064s] -- Installing: /home/bth/workspace/a3_remote_bridge/.hope_ros2/install/hope_msgs/include/hope_msgs/hope_msgs/msg/detail/racket_command__rosidl_typesupport_fastrtps_c.h
[2.064s] -- Installing: /home/bth/workspace/a3_remote_bridge/.hope_ros2/install/hope_msgs/include/hope_msgs/hope_msgs/msg/rosidl_typesupport_fastrtps_c__visibility_control.h
[2.064s] -- Installing: /home/bth/workspace/a3_remote_bridge/.hope_ros2/install/hope_msgs/lib/libhope_msgs__rosidl_typesupport_fastrtps_c.so
[2.064s] -- Set runtime path of "/home/bth/workspace/a3_remote_bridge/.hope_ros2/install/hope_msgs/lib/libhope_msgs__rosidl_typesupport_fastrtps_c.so" to ""
[2.064s] -- Up-to-date: /home/bth/workspace/a3_remote_bridge/.hope_ros2/install/hope_msgs/include/hope_msgs/hope_msgs
[2.064s] -- Up-to-date: /home/bth/workspace/a3_remote_bridge/.hope_ros2/install/hope_msgs/include/hope_msgs/hope_msgs/msg
[2.064s] -- Up-to-date: /home/bth/workspace/a3_remote_bridge/.hope_ros2/install/hope_msgs/include/hope_msgs/hope_msgs/msg/detail
[2.064s] -- Installing: /home/bth/workspace/a3_remote_bridge/.hope_ros2/install/hope_msgs/include/hope_msgs/hope_msgs/msg/detail/racket_command__struct.hpp
[2.064s] -- Installing: /home/bth/workspace/a3_remote_bridge/.hope_ros2/install/hope_msgs/include/hope_msgs/hope_msgs/msg/detail/racket_command__traits.hpp
[2.064s] -- Installing: /home/bth/workspace/a3_remote_bridge/.hope_ros2/install/hope_msgs/include/hope_msgs/hope_msgs/msg/detail/racket_command__type_support.hpp
[2.064s] -- Installing: /home/bth/workspace/a3_remote_bridge/.hope_ros2/install/hope_msgs/include/hope_msgs/hope_msgs/msg/detail/racket_command__builder.hpp
[2.064s] -- Installing: /home/bth/workspace/a3_remote_bridge/.hope_ros2/install/hope_msgs/include/hope_msgs/hope_msgs/msg/racket_command.hpp
[2.065s] -- Installing: /home/bth/workspace/a3_remote_bridge/.hope_ros2/install/hope_msgs/include/hope_msgs/hope_msgs/msg/rosidl_generator_cpp__visibility_control.hpp
[2.065s] -- Up-to-date: /home/bth/workspace/a3_remote_bridge/.hope_ros2/install/hope_msgs/include/hope_msgs/hope_msgs
[2.065s] -- Up-to-date: /home/bth/workspace/a3_remote_bridge/.hope_ros2/install/hope_msgs/include/hope_msgs/hope_msgs/msg
[2.065s] -- Installing: /home/bth/workspace/a3_remote_bridge/.hope_ros2/install/hope_msgs/include/hope_msgs/hope_msgs/msg/rosidl_typesupport_fastrtps_cpp__visibility_control.h
[2.065s] -- Up-to-date: /home/bth/workspace/a3_remote_bridge/.hope_ros2/install/hope_msgs/include/hope_msgs/hope_msgs/msg/detail
[2.065s] -- Installing: /home/bth/workspace/a3_remote_bridge/.hope_ros2/install/hope_msgs/include/hope_msgs/hope_msgs/msg/detail/racket_command__rosidl_typesupport_fastrtps_cpp.hpp
[2.065s] -- Installing: /home/bth/workspace/a3_remote_bridge/.hope_ros2/install/hope_msgs/include/hope_msgs/hope_msgs/msg/detail/dds_fastrtps
[2.065s] -- Installing: /home/bth/workspace/a3_remote_bridge/.hope_ros2/install/hope_msgs/lib/libhope_msgs__rosidl_typesupport_fastrtps_cpp.so
[2.065s] -- Set runtime path of "/home/bth/workspace/a3_remote_bridge/.hope_ros2/install/hope_msgs/lib/libhope_msgs__rosidl_typesupport_fastrtps_cpp.so" to ""
[2.065s] -- Up-to-date: /home/bth/workspace/a3_remote_bridge/.hope_ros2/install/hope_msgs/include/hope_msgs/hope_msgs
[2.065s] -- Up-to-date: /home/bth/workspace/a3_remote_bridge/.hope_ros2/install/hope_msgs/include/hope_msgs/hope_msgs/msg
[2.065s] -- Up-to-date: /home/bth/workspace/a3_remote_bridge/.hope_ros2/install/hope_msgs/include/hope_msgs/hope_msgs/msg/detail
[2.065s] -- Installing: /home/bth/workspace/a3_remote_bridge/.hope_ros2/install/hope_msgs/include/hope_msgs/hope_msgs/msg/detail/racket_command__type_support.c
[2.065s] -- Installing: /home/bth/workspace/a3_remote_bridge/.hope_ros2/install/hope_msgs/include/hope_msgs/hope_msgs/msg/detail/racket_command__rosidl_typesupport_introspection_c.h
[2.065s] -- Installing: /home/bth/workspace/a3_remote_bridge/.hope_ros2/install/hope_msgs/include/hope_msgs/hope_msgs/msg/rosidl_typesupport_introspection_c__visibility_control.h
[2.065s] -- Installing: /home/bth/workspace/a3_remote_bridge/.hope_ros2/install/hope_msgs/lib/libhope_msgs__rosidl_typesupport_introspection_c.so
[2.065s] -- Set runtime path of "/home/bth/workspace/a3_remote_bridge/.hope_ros2/install/hope_msgs/lib/libhope_msgs__rosidl_typesupport_introspection_c.so" to ""
[2.065s] -- Installing: /home/bth/workspace/a3_remote_bridge/.hope_ros2/install/hope_msgs/lib/libhope_msgs__rosidl_typesupport_c.so
[2.066s] -- Set runtime path of "/home/bth/workspace/a3_remote_bridge/.hope_ros2/install/hope_msgs/lib/libhope_msgs__rosidl_typesupport_c.so" to ""
[2.066s] -- Up-to-date: /home/bth/workspace/a3_remote_bridge/.hope_ros2/install/hope_msgs/include/hope_msgs/hope_msgs
[2.066s] -- Up-to-date: /home/bth/workspace/a3_remote_bridge/.hope_ros2/install/hope_msgs/include/hope_msgs/hope_msgs/msg
[2.066s] -- Up-to-date: /home/bth/workspace/a3_remote_bridge/.hope_ros2/install/hope_msgs/include/hope_msgs/hope_msgs/msg/detail
[2.066s] -- Installing: /home/bth/workspace/a3_remote_bridge/.hope_ros2/install/hope_msgs/include/hope_msgs/hope_msgs/msg/detail/racket_command__type_support.cpp
[2.066s] -- Installing: /home/bth/workspace/a3_remote_bridge/.hope_ros2/install/hope_msgs/include/hope_msgs/hope_msgs/msg/detail/racket_command__rosidl_typesupport_introspection_cpp.hpp
[2.066s] -- Installing: /home/bth/workspace/a3_remote_bridge/.hope_ros2/install/hope_msgs/lib/libhope_msgs__rosidl_typesupport_introspection_cpp.so
[2.066s] -- Set runtime path of "/home/bth/workspace/a3_remote_bridge/.hope_ros2/install/hope_msgs/lib/libhope_msgs__rosidl_typesupport_introspection_cpp.so" to ""
[2.066s] -- Installing: /home/bth/workspace/a3_remote_bridge/.hope_ros2/install/hope_msgs/lib/libhope_msgs__rosidl_typesupport_cpp.so
[2.066s] -- Set runtime path of "/home/bth/workspace/a3_remote_bridge/.hope_ros2/install/hope_msgs/lib/libhope_msgs__rosidl_typesupport_cpp.so" to ""
[2.066s] -- Installing: /home/bth/workspace/a3_remote_bridge/.hope_ros2/install/hope_msgs/share/hope_msgs/environment/pythonpath.sh
[2.066s] -- Installing: /home/bth/workspace/a3_remote_bridge/.hope_ros2/install/hope_msgs/share/hope_msgs/environment/pythonpath.dsv
[2.066s] -- Installing: /home/bth/workspace/a3_remote_bridge/.hope_ros2/install/hope_msgs/local/lib/python3.10/dist-packages/hope_msgs-0.0.0-py3.10.egg-info
[2.066s] -- Installing: /home/bth/workspace/a3_remote_bridge/.hope_ros2/install/hope_msgs/local/lib/python3.10/dist-packages/hope_msgs-0.0.0-py3.10.egg-info/top_level.txt
[2.066s] -- Installing: /home/bth/workspace/a3_remote_bridge/.hope_ros2/install/hope_msgs/local/lib/python3.10/dist-packages/hope_msgs-0.0.0-py3.10.egg-info/PKG-INFO
[2.066s] -- Installing: /home/bth/workspace/a3_remote_bridge/.hope_ros2/install/hope_msgs/local/lib/python3.10/dist-packages/hope_msgs-0.0.0-py3.10.egg-info/SOURCES.txt
[2.066s] -- Installing: /home/bth/workspace/a3_remote_bridge/.hope_ros2/install/hope_msgs/local/lib/python3.10/dist-packages/hope_msgs-0.0.0-py3.10.egg-info/dependency_links.txt
[2.066s] -- Installing: /home/bth/workspace/a3_remote_bridge/.hope_ros2/install/hope_msgs/local/lib/python3.10/dist-packages/hope_msgs
[2.066s] -- Installing: /home/bth/workspace/a3_remote_bridge/.hope_ros2/install/hope_msgs/local/lib/python3.10/dist-packages/hope_msgs/libhope_msgs__rosidl_generator_py.so
[2.066s] -- Installing: /home/bth/workspace/a3_remote_bridge/.hope_ros2/install/hope_msgs/local/lib/python3.10/dist-packages/hope_msgs/_hope_msgs_s.ep.rosidl_typesupport_c.c
[2.066s] -- Installing: /home/bth/workspace/a3_remote_bridge/.hope_ros2/install/hope_msgs/local/lib/python3.10/dist-packages/hope_msgs/_hope_msgs_s.ep.rosidl_typesupport_fastrtps_c.c
[2.066s] -- Installing: /home/bth/workspace/a3_remote_bridge/.hope_ros2/install/hope_msgs/local/lib/python3.10/dist-packages/hope_msgs/__init__.py
[2.066s] -- Installing: /home/bth/workspace/a3_remote_bridge/.hope_ros2/install/hope_msgs/local/lib/python3.10/dist-packages/hope_msgs/hope_msgs_s__rosidl_typesupport_introspection_c.cpython-310-x86_64-linux-gnu.so
[2.066s] -- Installing: /home/bth/workspace/a3_remote_bridge/.hope_ros2/install/hope_msgs/local/lib/python3.10/dist-packages/hope_msgs/_hope_msgs_s.ep.rosidl_typesupport_introspection_c.c
[2.066s] -- Installing: /home/bth/workspace/a3_remote_bridge/.hope_ros2/install/hope_msgs/local/lib/python3.10/dist-packages/hope_msgs/hope_msgs_s__rosidl_typesupport_fastrtps_c.cpython-310-x86_64-linux-gnu.so
[2.066s] -- Installing: /home/bth/workspace/a3_remote_bridge/.hope_ros2/install/hope_msgs/local/lib/python3.10/dist-packages/hope_msgs/hope_msgs_s__rosidl_typesupport_c.cpython-310-x86_64-linux-gnu.so
[2.066s] -- Installing: /home/bth/workspace/a3_remote_bridge/.hope_ros2/install/hope_msgs/local/lib/python3.10/dist-packages/hope_msgs/msg
[2.067s] -- Installing: /home/bth/workspace/a3_remote_bridge/.hope_ros2/install/hope_msgs/local/lib/python3.10/dist-packages/hope_msgs/msg/_racket_command_s.c
[2.067s] -- Installing: /home/bth/workspace/a3_remote_bridge/.hope_ros2/install/hope_msgs/local/lib/python3.10/dist-packages/hope_msgs/msg/__init__.py
[2.067s] -- Installing: /home/bth/workspace/a3_remote_bridge/.hope_ros2/install/hope_msgs/local/lib/python3.10/dist-packages/hope_msgs/msg/_racket_command.py
[2.088s] Listing '/home/bth/workspace/a3_remote_bridge/.hope_ros2/install/hope_msgs/local/lib/python3.10/dist-packages/hope_msgs'...
[2.088s] Compiling '/home/bth/workspace/a3_remote_bridge/.hope_ros2/install/hope_msgs/local/lib/python3.10/dist-packages/hope_msgs/__init__.py'...
[2.088s] Listing '/home/bth/workspace/a3_remote_bridge/.hope_ros2/install/hope_msgs/local/lib/python3.10/dist-packages/hope_msgs/msg'...
[2.088s] Compiling '/home/bth/workspace/a3_remote_bridge/.hope_ros2/install/hope_msgs/local/lib/python3.10/dist-packages/hope_msgs/msg/__init__.py'...
[2.088s] Compiling '/home/bth/workspace/a3_remote_bridge/.hope_ros2/install/hope_msgs/local/lib/python3.10/dist-packages/hope_msgs/msg/_racket_command.py'...
[2.091s] -- Installing: /home/bth/workspace/a3_remote_bridge/.hope_ros2/install/hope_msgs/local/lib/python3.10/dist-packages/hope_msgs/hope_msgs_s__rosidl_typesupport_fastrtps_c.cpython-310-x86_64-linux-gnu.so
[2.091s] -- Set runtime path of "/home/bth/workspace/a3_remote_bridge/.hope_ros2/install/hope_msgs/local/lib/python3.10/dist-packages/hope_msgs/hope_msgs_s__rosidl_typesupport_fastrtps_c.cpython-310-x86_64-linux-gnu.so" to ""
[2.091s] -- Installing: /home/bth/workspace/a3_remote_bridge/.hope_ros2/install/hope_msgs/local/lib/python3.10/dist-packages/hope_msgs/hope_msgs_s__rosidl_typesupport_introspection_c.cpython-310-x86_64-linux-gnu.so
[2.091s] -- Set runtime path of "/home/bth/workspace/a3_remote_bridge/.hope_ros2/install/hope_msgs/local/lib/python3.10/dist-packages/hope_msgs/hope_msgs_s__rosidl_typesupport_introspection_c.cpython-310-x86_64-linux-gnu.so" to ""
[2.091s] -- Installing: /home/bth/workspace/a3_remote_bridge/.hope_ros2/install/hope_msgs/local/lib/python3.10/dist-packages/hope_msgs/hope_msgs_s__rosidl_typesupport_c.cpython-310-x86_64-linux-gnu.so
[2.091s] -- Set runtime path of "/home/bth/workspace/a3_remote_bridge/.hope_ros2/install/hope_msgs/local/lib/python3.10/dist-packages/hope_msgs/hope_msgs_s__rosidl_typesupport_c.cpython-310-x86_64-linux-gnu.so" to ""
[2.091s] -- Installing: /home/bth/workspace/a3_remote_bridge/.hope_ros2/install/hope_msgs/lib/libhope_msgs__rosidl_generator_py.so
[2.091s] -- Set runtime path of "/home/bth/workspace/a3_remote_bridge/.hope_ros2/install/hope_msgs/lib/libhope_msgs__rosidl_generator_py.so" to ""
[2.091s] -- Installing: /home/bth/workspace/a3_remote_bridge/.hope_ros2/install/hope_msgs/share/hope_msgs/msg/RacketCommand.idl
[2.091s] -- Installing: /home/bth/workspace/a3_remote_bridge/.hope_ros2/install/hope_msgs/share/hope_msgs/msg/RacketCommand.msg
[2.091s] -- Installing: /home/bth/workspace/a3_remote_bridge/.hope_ros2/install/hope_msgs/share/ament_index/resource_index/package_run_dependencies/hope_msgs
[2.091s] -- Installing: /home/bth/workspace/a3_remote_bridge/.hope_ros2/install/hope_msgs/share/ament_index/resource_index/parent_prefix_path/hope_msgs
[2.091s] -- Installing: /home/bth/workspace/a3_remote_bridge/.hope_ros2/install/hope_msgs/share/hope_msgs/environment/ament_prefix_path.sh
[2.091s] -- Installing: /home/bth/workspace/a3_remote_bridge/.hope_ros2/install/hope_msgs/share/hope_msgs/environment/ament_prefix_path.dsv
[2.091s] -- Installing: /home/bth/workspace/a3_remote_bridge/.hope_ros2/install/hope_msgs/share/hope_msgs/environment/path.sh
[2.091s] -- Installing: /home/bth/workspace/a3_remote_bridge/.hope_ros2/install/hope_msgs/share/hope_msgs/environment/path.dsv
[2.091s] -- Installing: /home/bth/workspace/a3_remote_bridge/.hope_ros2/install/hope_msgs/share/hope_msgs/local_setup.bash
[2.091s] -- Installing: /home/bth/workspace/a3_remote_bridge/.hope_ros2/install/hope_msgs/share/hope_msgs/local_setup.sh
[2.091s] -- Installing: /home/bth/workspace/a3_remote_bridge/.hope_ros2/install/hope_msgs/share/hope_msgs/local_setup.zsh
[2.092s] -- Installing: /home/bth/workspace/a3_remote_bridge/.hope_ros2/install/hope_msgs/share/hope_msgs/local_setup.dsv
[2.092s] -- Installing: /home/bth/workspace/a3_remote_bridge/.hope_ros2/install/hope_msgs/share/hope_msgs/package.dsv
[2.092s] -- Installing: /home/bth/workspace/a3_remote_bridge/.hope_ros2/install/hope_msgs/share/ament_index/resource_index/packages/hope_msgs
[2.092s] -- Installing: /home/bth/workspace/a3_remote_bridge/.hope_ros2/install/hope_msgs/share/hope_msgs/cmake/export_hope_msgs__rosidl_generator_cExport.cmake
[2.092s] -- Installing: /home/bth/workspace/a3_remote_bridge/.hope_ros2/install/hope_msgs/share/hope_msgs/cmake/export_hope_msgs__rosidl_generator_cExport-noconfig.cmake
[2.092s] -- Installing: /home/bth/workspace/a3_remote_bridge/.hope_ros2/install/hope_msgs/share/hope_msgs/cmake/export_hope_msgs__rosidl_typesupport_fastrtps_cExport.cmake
[2.092s] -- Installing: /home/bth/workspace/a3_remote_bridge/.hope_ros2/install/hope_msgs/share/hope_msgs/cmake/export_hope_msgs__rosidl_typesupport_fastrtps_cExport-noconfig.cmake
[2.092s] -- Installing: /home/bth/workspace/a3_remote_bridge/.hope_ros2/install/hope_msgs/share/hope_msgs/cmake/export_hope_msgs__rosidl_generator_cppExport.cmake
[2.092s] -- Installing: /home/bth/workspace/a3_remote_bridge/.hope_ros2/install/hope_msgs/share/hope_msgs/cmake/export_hope_msgs__rosidl_typesupport_fastrtps_cppExport.cmake
[2.092s] -- Installing: /home/bth/workspace/a3_remote_bridge/.hope_ros2/install/hope_msgs/share/hope_msgs/cmake/export_hope_msgs__rosidl_typesupport_fastrtps_cppExport-noconfig.cmake
[2.092s] -- Installing: /home/bth/workspace/a3_remote_bridge/.hope_ros2/install/hope_msgs/share/hope_msgs/cmake/hope_msgs__rosidl_typesupport_introspection_cExport.cmake
[2.092s] -- Installing: /home/bth/workspace/a3_remote_bridge/.hope_ros2/install/hope_msgs/share/hope_msgs/cmake/hope_msgs__rosidl_typesupport_introspection_cExport-noconfig.cmake
[2.092s] -- Installing: /home/bth/workspace/a3_remote_bridge/.hope_ros2/install/hope_msgs/share/hope_msgs/cmake/hope_msgs__rosidl_typesupport_cExport.cmake
[2.092s] -- Installing: /home/bth/workspace/a3_remote_bridge/.hope_ros2/install/hope_msgs/share/hope_msgs/cmake/hope_msgs__rosidl_typesupport_cExport-noconfig.cmake
[2.092s] -- Installing: /home/bth/workspace/a3_remote_bridge/.hope_ros2/install/hope_msgs/share/hope_msgs/cmake/hope_msgs__rosidl_typesupport_introspection_cppExport.cmake
[2.092s] -- Installing: /home/bth/workspace/a3_remote_bridge/.hope_ros2/install/hope_msgs/share/hope_msgs/cmake/hope_msgs__rosidl_typesupport_introspection_cppExport-noconfig.cmake
[2.092s] -- Installing: /home/bth/workspace/a3_remote_bridge/.hope_ros2/install/hope_msgs/share/hope_msgs/cmake/hope_msgs__rosidl_typesupport_cppExport.cmake
[2.092s] -- Installing: /home/bth/workspace/a3_remote_bridge/.hope_ros2/install/hope_msgs/share/hope_msgs/cmake/hope_msgs__rosidl_typesupport_cppExport-noconfig.cmake
[2.092s] -- Installing: /home/bth/workspace/a3_remote_bridge/.hope_ros2/install/hope_msgs/share/hope_msgs/cmake/export_hope_msgs__rosidl_generator_pyExport.cmake
[2.092s] -- Installing: /home/bth/workspace/a3_remote_bridge/.hope_ros2/install/hope_msgs/share/hope_msgs/cmake/export_hope_msgs__rosidl_generator_pyExport-noconfig.cmake
[2.092s] -- Installing: /home/bth/workspace/a3_remote_bridge/.hope_ros2/install/hope_msgs/share/hope_msgs/cmake/rosidl_cmake-extras.cmake
[2.092s] -- Installing: /home/bth/workspace/a3_remote_bridge/.hope_ros2/install/hope_msgs/share/hope_msgs/cmake/ament_cmake_export_dependencies-extras.cmake
[2.093s] -- Installing: /home/bth/workspace/a3_remote_bridge/.hope_ros2/install/hope_msgs/share/hope_msgs/cmake/ament_cmake_export_include_directories-extras.cmake
[2.093s] -- Installing: /home/bth/workspace/a3_remote_bridge/.hope_ros2/install/hope_msgs/share/hope_msgs/cmake/ament_cmake_export_libraries-extras.cmake
[2.093s] -- Installing: /home/bth/workspace/a3_remote_bridge/.hope_ros2/install/hope_msgs/share/hope_msgs/cmake/ament_cmake_export_targets-extras.cmake
[2.093s] -- Installing: /home/bth/workspace/a3_remote_bridge/.hope_ros2/install/hope_msgs/share/hope_msgs/cmake/rosidl_cmake_export_typesupport_targets-extras.cmake
[2.093s] -- Installing: /home/bth/workspace/a3_remote_bridge/.hope_ros2/install/hope_msgs/share/hope_msgs/cmake/rosidl_cmake_export_typesupport_libraries-extras.cmake
[2.093s] -- Installing: /home/bth/workspace/a3_remote_bridge/.hope_ros2/install/hope_msgs/share/hope_msgs/cmake/hope_msgsConfig.cmake
[2.093s] -- Installing: /home/bth/workspace/a3_remote_bridge/.hope_ros2/install/hope_msgs/share/hope_msgs/cmake/hope_msgsConfig-version.cmake
[2.093s] -- Installing: /home/bth/workspace/a3_remote_bridge/.hope_ros2/install/hope_msgs/share/hope_msgs/package.xml
[2.094s] Invoked command in '/home/bth/workspace/a3_remote_bridge/.hope_ros2/build/hope_msgs' returned '0': CMAKE_PREFIX_PATH=${CMAKE_PREFIX_PATH}:/home/bth/workspace/Mocap/install/ppmocap_tools:/home/bth/workspace/Mocap/install/ppmocap_prediction:/opt/ros/humble /usr/bin/cmake --install /home/bth/workspace/a3_remote_bridge/.hope_ros2/build/hope_msgs
