[0.057s] [34mcolcon[0m [1;30mDEBUG[0m [32mCommand line arguments: ['/home/bth/miniconda3/envs/humanoid-rl-lab/bin/colcon', '--log-base', '/home/bth/workspace/a3_remote_bridge/.hope_ros2/log', 'build', '--build-base', '/home/bth/workspace/a3_remote_bridge/.hope_ros2/build', '--install-base', '/home/bth/workspace/a3_remote_bridge/.hope_ros2/install', '--packages-up-to', 'hope_planner', '--cmake-args', '-DPython3_EXECUTABLE=/home/bth/miniconda3/envs/humanoid-rl-lab/bin/python3'][0m
[0.058s] [34mcolcon[0m [1;30mDEBUG[0m [32mParsed command line arguments: Namespace(log_base='/home/bth/workspace/a3_remote_bridge/.hope_ros2/log', log_level=None, verb_name='build', build_base='/home/bth/workspace/a3_remote_bridge/.hope_ros2/build', install_base='/home/bth/workspace/a3_remote_bridge/.hope_ros2/install', merge_install=False, symlink_install=False, test_result_base=None, continue_on_error=False, executor='parallel', parallel_workers=20, event_handlers=None, ignore_user_meta=False, metas=['./colcon.meta'], base_paths=['.'], packages_ignore=None, packages_ignore_regex=None, paths=None, packages_up_to=['hope_planner'], packages_up_to_regex=None, packages_above=None, packages_above_and_dependencies=None, packages_above_depth=None, packages_select_by_dep=None, packages_skip_by_dep=None, packages_skip_up_to=None, packages_select_build_failed=False, packages_skip_build_finished=False, packages_select_test_failures=False, packages_skip_test_passed=False, packages_select=None, packages_skip=None, packages_select_regex=None, packages_skip_regex=None, packages_start=None, packages_end=None, cmake_args=['-DPython3_EXECUTABLE=/home/bth/miniconda3/envs/humanoid-rl-lab/bin/python3'], cmake_target=None, cmake_target_skip_unavailable=False, cmake_clean_cache=False, cmake_clean_first=False, cmake_force_configure=False, ament_cmake_args=None, catkin_cmake_args=None, catkin_skip_building_tests=False, verb_parser=<colcon_defaults.argument_parser.defaults.DefaultArgumentsDecorator object at 0x77989039b810>, verb_extension=<colcon_core.verb.build.BuildVerb object at 0x77989039b450>, main=<bound method BuildVerb.main of <colcon_core.verb.build.BuildVerb object at 0x77989039b450>>)[0m
[0.111s] [34mcolcon.colcon_core.package_discovery[0m [1;30mLevel 1[0m discover_packages(colcon_meta) check parameters
[0.111s] [34mcolcon.colcon_core.package_discovery[0m [1;30mLevel 1[0m discover_packages(recursive) check parameters
[0.111s] [34mcolcon.colcon_core.package_discovery[0m [1;30mLevel 1[0m discover_packages(ignore) check parameters
[0.111s] [34mcolcon.colcon_core.package_discovery[0m [1;30mLevel 1[0m discover_packages(path) check parameters
[0.111s] [34mcolcon.colcon_core.package_discovery[0m [1;30mLevel 1[0m discover_packages(colcon_meta) discover
[0.111s] [34mcolcon.colcon_core.package_discovery[0m [1;30mLevel 1[0m discover_packages(recursive) discover
[0.111s] [34mcolcon.colcon_core.package_discovery[0m [1;30mINFO[0m Crawling recursively for packages in '/home/bth/workspace/a3_remote_bridge/26.7.25发球部署/pingpang_ustc-srf/hope_ws'
[0.111s] [34mcolcon.colcon_core.package_identification[0m [1;30mLevel 1[0m _identify(.) by extensions ['ignore', 'ignore_ament_install']
[0.111s] [34mcolcon.colcon_core.package_identification[0m [1;30mLevel 1[0m _identify(.) by extension 'ignore'
[0.111s] [34mcolcon.colcon_core.package_identification[0m [1;30mLevel 1[0m _identify(.) by extension 'ignore_ament_install'
[0.111s] [34mcolcon.colcon_core.package_identification[0m [1;30mLevel 1[0m _identify(.) by extensions ['colcon_pkg']
[0.111s] [34mcolcon.colcon_core.package_identification[0m [1;30mLevel 1[0m _identify(.) by extension 'colcon_pkg'
[0.111s] [34mcolcon.colcon_core.package_identification[0m [1;30mLevel 1[0m _identify(.) by extensions ['colcon_meta']
[0.111s] [34mcolcon.colcon_core.package_identification[0m [1;30mLevel 1[0m _identify(.) by extension 'colcon_meta'
[0.111s] [34mcolcon.colcon_core.package_identification[0m [1;30mLevel 1[0m _identify(.) by extensions ['ros']
[0.111s] [34mcolcon.colcon_core.package_identification[0m [1;30mLevel 1[0m _identify(.) by extension 'ros'
[0.120s] [34mcolcon.colcon_core.package_identification[0m [1;30mLevel 1[0m _identify(.) by extensions ['cmake', 'python']
[0.120s] [34mcolcon.colcon_core.package_identification[0m [1;30mLevel 1[0m _identify(.) by extension 'cmake'
[0.120s] [34mcolcon.colcon_core.package_identification[0m [1;30mLevel 1[0m _identify(.) by extension 'python'
[0.120s] [34mcolcon.colcon_core.package_identification[0m [1;30mLevel 1[0m _identify(.) by extensions ['python_setup_py']
[0.120s] [34mcolcon.colcon_core.package_identification[0m [1;30mLevel 1[0m _identify(.) by extension 'python_setup_py'
[0.120s] [34mcolcon.colcon_core.package_identification[0m [1;30mLevel 1[0m _identify(scripts) by extensions ['ignore', 'ignore_ament_install']
[0.120s] [34mcolcon.colcon_core.package_identification[0m [1;30mLevel 1[0m _identify(scripts) by extension 'ignore'
[0.120s] [34mcolcon.colcon_core.package_identification[0m [1;30mLevel 1[0m _identify(scripts) by extension 'ignore_ament_install'
[0.120s] [34mcolcon.colcon_core.package_identification[0m [1;30mLevel 1[0m _identify(scripts) by extensions ['colcon_pkg']
[0.120s] [34mcolcon.colcon_core.package_identification[0m [1;30mLevel 1[0m _identify(scripts) by extension 'colcon_pkg'
[0.120s] [34mcolcon.colcon_core.package_identification[0m [1;30mLevel 1[0m _identify(scripts) by extensions ['colcon_meta']
[0.120s] [34mcolcon.colcon_core.package_identification[0m [1;30mLevel 1[0m _identify(scripts) by extension 'colcon_meta'
[0.120s] [34mcolcon.colcon_core.package_identification[0m [1;30mLevel 1[0m _identify(scripts) by extensions ['ros']
[0.120s] [34mcolcon.colcon_core.package_identification[0m [1;30mLevel 1[0m _identify(scripts) by extension 'ros'
[0.120s] [34mcolcon.colcon_core.package_identification[0m [1;30mLevel 1[0m _identify(scripts) by extensions ['cmake', 'python']
[0.120s] [34mcolcon.colcon_core.package_identification[0m [1;30mLevel 1[0m _identify(scripts) by extension 'cmake'
[0.120s] [34mcolcon.colcon_core.package_identification[0m [1;30mLevel 1[0m _identify(scripts) by extension 'python'
[0.120s] [34mcolcon.colcon_core.package_identification[0m [1;30mLevel 1[0m _identify(scripts) by extensions ['python_setup_py']
[0.120s] [34mcolcon.colcon_core.package_identification[0m [1;30mLevel 1[0m _identify(scripts) by extension 'python_setup_py'
[0.120s] [34mcolcon.colcon_core.package_identification[0m [1;30mLevel 1[0m _identify(src) by extensions ['ignore', 'ignore_ament_install']
[0.120s] [34mcolcon.colcon_core.package_identification[0m [1;30mLevel 1[0m _identify(src) by extension 'ignore'
[0.120s] [34mcolcon.colcon_core.package_identification[0m [1;30mLevel 1[0m _identify(src) by extension 'ignore_ament_install'
[0.120s] [34mcolcon.colcon_core.package_identification[0m [1;30mLevel 1[0m _identify(src) by extensions ['colcon_pkg']
[0.120s] [34mcolcon.colcon_core.package_identification[0m [1;30mLevel 1[0m _identify(src) by extension 'colcon_pkg'
[0.120s] [34mcolcon.colcon_core.package_identification[0m [1;30mLevel 1[0m _identify(src) by extensions ['colcon_meta']
[0.120s] [34mcolcon.colcon_core.package_identification[0m [1;30mLevel 1[0m _identify(src) by extension 'colcon_meta'
[0.120s] [34mcolcon.colcon_core.package_identification[0m [1;30mLevel 1[0m _identify(src) by extensions ['ros']
[0.120s] [34mcolcon.colcon_core.package_identification[0m [1;30mLevel 1[0m _identify(src) by extension 'ros'
[0.120s] [34mcolcon.colcon_core.package_identification[0m [1;30mLevel 1[0m _identify(src) by extensions ['cmake', 'python']
[0.120s] [34mcolcon.colcon_core.package_identification[0m [1;30mLevel 1[0m _identify(src) by extension 'cmake'
[0.120s] [34mcolcon.colcon_core.package_identification[0m [1;30mLevel 1[0m _identify(src) by extension 'python'
[0.120s] [34mcolcon.colcon_core.package_identification[0m [1;30mLevel 1[0m _identify(src) by extensions ['python_setup_py']
[0.120s] [34mcolcon.colcon_core.package_identification[0m [1;30mLevel 1[0m _identify(src) by extension 'python_setup_py'
[0.120s] [34mcolcon.colcon_core.package_identification[0m [1;30mLevel 1[0m _identify(src/hope_bringup) by extensions ['ignore', 'ignore_ament_install']
[0.120s] [34mcolcon.colcon_core.package_identification[0m [1;30mLevel 1[0m _identify(src/hope_bringup) by extension 'ignore'
[0.120s] [34mcolcon.colcon_core.package_identification[0m [1;30mLevel 1[0m _identify(src/hope_bringup) by extension 'ignore_ament_install'
[0.120s] [34mcolcon.colcon_core.package_identification[0m [1;30mLevel 1[0m _identify(src/hope_bringup) by extensions ['colcon_pkg']
[0.120s] [34mcolcon.colcon_core.package_identification[0m [1;30mLevel 1[0m _identify(src/hope_bringup) by extension 'colcon_pkg'
[0.120s] [34mcolcon.colcon_core.package_identification[0m [1;30mLevel 1[0m _identify(src/hope_bringup) by extensions ['colcon_meta']
[0.120s] [34mcolcon.colcon_core.package_identification[0m [1;30mLevel 1[0m _identify(src/hope_bringup) by extension 'colcon_meta'
[0.120s] [34mcolcon.colcon_core.package_identification[0m [1;30mLevel 1[0m _identify(src/hope_bringup) by extensions ['ros']
[0.120s] [34mcolcon.colcon_core.package_identification[0m [1;30mLevel 1[0m _identify(src/hope_bringup) by extension 'ros'
[0.121s] [34mcolcon.colcon_core.package_identification[0m [1;30mDEBUG[0m [32mPackage 'src/hope_bringup' with type 'ros.ament_cmake' and name 'hope_bringup'[0m
[0.121s] [34mcolcon.colcon_core.package_identification[0m [1;30mLevel 1[0m _identify(src/hope_msgs) by extensions ['ignore', 'ignore_ament_install']
[0.121s] [34mcolcon.colcon_core.package_identification[0m [1;30mLevel 1[0m _identify(src/hope_msgs) by extension 'ignore'
[0.121s] [34mcolcon.colcon_core.package_identification[0m [1;30mLevel 1[0m _identify(src/hope_msgs) by extension 'ignore_ament_install'
[0.121s] [34mcolcon.colcon_core.package_identification[0m [1;30mLevel 1[0m _identify(src/hope_msgs) by extensions ['colcon_pkg']
[0.122s] [34mcolcon.colcon_core.package_identification[0m [1;30mLevel 1[0m _identify(src/hope_msgs) by extension 'colcon_pkg'
[0.122s] [34mcolcon.colcon_core.package_identification[0m [1;30mLevel 1[0m _identify(src/hope_msgs) by extensions ['colcon_meta']
[0.122s] [34mcolcon.colcon_core.package_identification[0m [1;30mLevel 1[0m _identify(src/hope_msgs) by extension 'colcon_meta'
[0.122s] [34mcolcon.colcon_core.package_identification[0m [1;30mLevel 1[0m _identify(src/hope_msgs) by extensions ['ros']
[0.122s] [34mcolcon.colcon_core.package_identification[0m [1;30mLevel 1[0m _identify(src/hope_msgs) by extension 'ros'
[0.122s] [34mcolcon.colcon_core.package_identification[0m [1;30mDEBUG[0m [32mPackage 'src/hope_msgs' with type 'ros.ament_cmake' and name 'hope_msgs'[0m
[0.122s] [34mcolcon.colcon_core.package_identification[0m [1;30mLevel 1[0m _identify(src/hope_planner) by extensions ['ignore', 'ignore_ament_install']
[0.122s] [34mcolcon.colcon_core.package_identification[0m [1;30mLevel 1[0m _identify(src/hope_planner) by extension 'ignore'
[0.122s] [34mcolcon.colcon_core.package_identification[0m [1;30mLevel 1[0m _identify(src/hope_planner) by extension 'ignore_ament_install'
[0.122s] [34mcolcon.colcon_core.package_identification[0m [1;30mLevel 1[0m _identify(src/hope_planner) by extensions ['colcon_pkg']
[0.122s] [34mcolcon.colcon_core.package_identification[0m [1;30mLevel 1[0m _identify(src/hope_planner) by extension 'colcon_pkg'
[0.122s] [34mcolcon.colcon_core.package_identification[0m [1;30mLevel 1[0m _identify(src/hope_planner) by extensions ['colcon_meta']
[0.122s] [34mcolcon.colcon_core.package_identification[0m [1;30mLevel 1[0m _identify(src/hope_planner) by extension 'colcon_meta'
[0.122s] [34mcolcon.colcon_core.package_identification[0m [1;30mLevel 1[0m _identify(src/hope_planner) by extensions ['ros']
[0.122s] [34mcolcon.colcon_core.package_identification[0m [1;30mLevel 1[0m _identify(src/hope_planner) by extension 'ros'
[0.122s] [34mcolcon.colcon_core.package_identification[0m [1;30mDEBUG[0m [32mPackage 'src/hope_planner' with type 'ros.ament_python' and name 'hope_planner'[0m
[0.122s] [34mcolcon.colcon_core.package_identification[0m [1;30mLevel 1[0m _identify(src/vrpn_mocap) by extensions ['ignore', 'ignore_ament_install']
[0.122s] [34mcolcon.colcon_core.package_identification[0m [1;30mLevel 1[0m _identify(src/vrpn_mocap) by extension 'ignore'
[0.122s] [34mcolcon.colcon_core.package_identification[0m [1;30mLevel 1[0m _identify(src/vrpn_mocap) by extension 'ignore_ament_install'
[0.122s] [34mcolcon.colcon_core.package_identification[0m [1;30mLevel 1[0m _identify(src/vrpn_mocap) by extensions ['colcon_pkg']
[0.122s] [34mcolcon.colcon_core.package_identification[0m [1;30mLevel 1[0m _identify(src/vrpn_mocap) by extension 'colcon_pkg'
[0.122s] [34mcolcon.colcon_core.package_identification[0m [1;30mLevel 1[0m _identify(src/vrpn_mocap) by extensions ['colcon_meta']
[0.122s] [34mcolcon.colcon_core.package_identification[0m [1;30mLevel 1[0m _identify(src/vrpn_mocap) by extension 'colcon_meta'
[0.122s] [34mcolcon.colcon_core.package_identification[0m [1;30mLevel 1[0m _identify(src/vrpn_mocap) by extensions ['ros']
[0.122s] [34mcolcon.colcon_core.package_identification[0m [1;30mLevel 1[0m _identify(src/vrpn_mocap) by extension 'ros'
[0.123s] [34mcolcon.colcon_core.package_identification[0m [1;30mDEBUG[0m [32mPackage 'src/vrpn_mocap' with type 'ros.ament_cmake' and name 'vrpn_mocap'[0m
[0.123s] [34mcolcon.colcon_core.package_discovery[0m [1;30mLevel 1[0m discover_packages(recursive) using defaults
[0.123s] [34mcolcon.colcon_core.package_discovery[0m [1;30mLevel 1[0m discover_packages(ignore) discover
[0.123s] [34mcolcon.colcon_core.package_discovery[0m [1;30mLevel 1[0m discover_packages(ignore) using defaults
[0.123s] [34mcolcon.colcon_core.package_discovery[0m [1;30mLevel 1[0m discover_packages(path) discover
[0.123s] [34mcolcon.colcon_core.package_discovery[0m [1;30mLevel 1[0m discover_packages(path) using defaults
[0.130s] [34mcolcon.colcon_core.package_selection[0m [1;30mINFO[0m Skipping package 'hope_bringup' in 'src/hope_bringup'
[0.130s] [34mcolcon.colcon_core.package_selection[0m [1;30mINFO[0m Skipping package 'vrpn_mocap' in 'src/vrpn_mocap'
[0.130s] [34mcolcon.colcon_core.verb[0m [1;30mLevel 5[0m set package 'hope_msgs' build argument 'cmake_args' from command line to '['-DPython3_EXECUTABLE=/home/bth/miniconda3/envs/humanoid-rl-lab/bin/python3']'
[0.130s] [34mcolcon.colcon_core.verb[0m [1;30mLevel 5[0m set package 'hope_msgs' build argument 'cmake_target' from command line to 'None'
[0.130s] [34mcolcon.colcon_core.verb[0m [1;30mLevel 5[0m set package 'hope_msgs' build argument 'cmake_target_skip_unavailable' from command line to 'False'
[0.130s] [34mcolcon.colcon_core.verb[0m [1;30mLevel 5[0m set package 'hope_msgs' build argument 'cmake_clean_cache' from command line to 'False'
[0.130s] [34mcolcon.colcon_core.verb[0m [1;30mLevel 5[0m set package 'hope_msgs' build argument 'cmake_clean_first' from command line to 'False'
[0.130s] [34mcolcon.colcon_core.verb[0m [1;30mLevel 5[0m set package 'hope_msgs' build argument 'cmake_force_configure' from command line to 'False'
[0.130s] [34mcolcon.colcon_core.verb[0m [1;30mLevel 5[0m set package 'hope_msgs' build argument 'ament_cmake_args' from command line to 'None'
[0.130s] [34mcolcon.colcon_core.verb[0m [1;30mLevel 5[0m set package 'hope_msgs' build argument 'catkin_cmake_args' from command line to 'None'
[0.130s] [34mcolcon.colcon_core.verb[0m [1;30mLevel 5[0m set package 'hope_msgs' build argument 'catkin_skip_building_tests' from command line to 'False'
[0.130s] [34mcolcon.colcon_core.verb[0m [1;30mDEBUG[0m [32mBuilding package 'hope_msgs' with the following arguments: {'ament_cmake_args': None, 'build_base': '/home/bth/workspace/a3_remote_bridge/.hope_ros2/build/hope_msgs', 'catkin_cmake_args': None, 'catkin_skip_building_tests': False, 'cmake_args': ['-DPython3_EXECUTABLE=/home/bth/miniconda3/envs/humanoid-rl-lab/bin/python3'], 'cmake_clean_cache': False, 'cmake_clean_first': False, 'cmake_force_configure': False, 'cmake_target': None, 'cmake_target_skip_unavailable': False, 'install_base': '/home/bth/workspace/a3_remote_bridge/.hope_ros2/install/hope_msgs', 'merge_install': False, 'path': '/home/bth/workspace/a3_remote_bridge/26.7.25发球部署/pingpang_ustc-srf/hope_ws/src/hope_msgs', 'symlink_install': False, 'test_result_base': None}[0m
[0.130s] [34mcolcon.colcon_core.verb[0m [1;30mLevel 5[0m set package 'hope_planner' build argument 'cmake_args' from command line to '['-DPython3_EXECUTABLE=/home/bth/miniconda3/envs/humanoid-rl-lab/bin/python3']'
[0.130s] [34mcolcon.colcon_core.verb[0m [1;30mLevel 5[0m set package 'hope_planner' build argument 'cmake_target' from command line to 'None'
[0.130s] [34mcolcon.colcon_core.verb[0m [1;30mLevel 5[0m set package 'hope_planner' build argument 'cmake_target_skip_unavailable' from command line to 'False'
[0.130s] [34mcolcon.colcon_core.verb[0m [1;30mLevel 5[0m set package 'hope_planner' build argument 'cmake_clean_cache' from command line to 'False'
[0.130s] [34mcolcon.colcon_core.verb[0m [1;30mLevel 5[0m set package 'hope_planner' build argument 'cmake_clean_first' from command line to 'False'
[0.130s] [34mcolcon.colcon_core.verb[0m [1;30mLevel 5[0m set package 'hope_planner' build argument 'cmake_force_configure' from command line to 'False'
[0.130s] [34mcolcon.colcon_core.verb[0m [1;30mLevel 5[0m set package 'hope_planner' build argument 'ament_cmake_args' from command line to 'None'
[0.130s] [34mcolcon.colcon_core.verb[0m [1;30mLevel 5[0m set package 'hope_planner' build argument 'catkin_cmake_args' from command line to 'None'
[0.130s] [34mcolcon.colcon_core.verb[0m [1;30mLevel 5[0m set package 'hope_planner' build argument 'catkin_skip_building_tests' from command line to 'False'
[0.130s] [34mcolcon.colcon_core.verb[0m [1;30mDEBUG[0m [32mBuilding package 'hope_planner' with the following arguments: {'ament_cmake_args': None, 'build_base': '/home/bth/workspace/a3_remote_bridge/.hope_ros2/build/hope_planner', 'catkin_cmake_args': None, 'catkin_skip_building_tests': False, 'cmake_args': ['-DPython3_EXECUTABLE=/home/bth/miniconda3/envs/humanoid-rl-lab/bin/python3'], 'cmake_clean_cache': False, 'cmake_clean_first': False, 'cmake_force_configure': False, 'cmake_target': None, 'cmake_target_skip_unavailable': False, 'install_base': '/home/bth/workspace/a3_remote_bridge/.hope_ros2/install/hope_planner', 'merge_install': False, 'path': '/home/bth/workspace/a3_remote_bridge/26.7.25发球部署/pingpang_ustc-srf/hope_ws/src/hope_planner', 'symlink_install': False, 'test_result_base': None}[0m
[0.130s] [34mcolcon.colcon_core.executor[0m [1;30mINFO[0m Executing jobs using 'parallel' executor
[0.131s] [34mcolcon.colcon_parallel_executor.executor.parallel[0m [1;30mDEBUG[0m [32mrun_until_complete[0m
[0.131s] [34mcolcon.colcon_ros.task.ament_cmake.build[0m [1;30mINFO[0m Building ROS package in '/home/bth/workspace/a3_remote_bridge/26.7.25发球部署/pingpang_ustc-srf/hope_ws/src/hope_msgs' with build type 'ament_cmake'
[0.131s] [34mcolcon.colcon_cmake.task.cmake.build[0m [1;30mINFO[0m Building CMake package in '/home/bth/workspace/a3_remote_bridge/26.7.25发球部署/pingpang_ustc-srf/hope_ws/src/hope_msgs'
[0.131s] [34mcolcon.colcon_core.plugin_system[0m [1;30mINFO[0m Skipping extension 'colcon_core.shell.bat': Not used on non-Windows systems
[0.131s] [34mcolcon.colcon_core.shell[0m [1;30mINFO[0m Skip shell extension 'powershell' for command environment: Not usable outside of PowerShell
[0.131s] [34mcolcon.colcon_core.shell[0m [1;30mDEBUG[0m [32mSkip shell extension 'dsv' for command environment[0m
[0.132s] [34mcolcon.colcon_ros.prefix_path.ament[0m [1;30mWARNING[0m [33mThe path '/home/bth/workspace/a3_remote_bridge/.hope_ros2/install/hope_planner' in the environment variable AMENT_PREFIX_PATH doesn't exist[0m
[0.132s] [34mcolcon.colcon_ros.prefix_path.ament[0m [1;30mWARNING[0m [33mThe path '/home/bth/workspace/a3_remote_bridge/.hope_ros2/install/hope_msgs' in the environment variable AMENT_PREFIX_PATH doesn't exist[0m
[0.132s] [34mcolcon.colcon_ros.prefix_path.catkin[0m [1;30mWARNING[0m [33mThe path '/home/bth/workspace/a3_remote_bridge/.hope_ros2/install/hope_msgs' in the environment variable CMAKE_PREFIX_PATH doesn't exist[0m
[0.136s] [34mcolcon.colcon_core.event_handler.log_command[0m [1;30mDEBUG[0m [32mInvoking command in '/home/bth/workspace/a3_remote_bridge/.hope_ros2/build/hope_msgs': CMAKE_PREFIX_PATH=${CMAKE_PREFIX_PATH}:/home/bth/workspace/a3_remote_bridge/.hope_ros2/install/hope_planner:/home/bth/workspace/Mocap/install/ppmocap_tools:/home/bth/workspace/Mocap/install/ppmocap_prediction:/opt/ros/humble /home/bth/.local/bin/cmake /home/bth/workspace/a3_remote_bridge/26.7.25发球部署/pingpang_ustc-srf/hope_ws/src/hope_msgs -DPython3_EXECUTABLE=/home/bth/miniconda3/envs/humanoid-rl-lab/bin/python3 -DCMAKE_INSTALL_PREFIX=/home/bth/workspace/a3_remote_bridge/.hope_ros2/install/hope_msgs[0m
[1.973s] [34mcolcon.colcon_core.event_handler.log_command[0m [1;30mDEBUG[0m [32mInvoked command in '/home/bth/workspace/a3_remote_bridge/.hope_ros2/build/hope_msgs' returned '0': CMAKE_PREFIX_PATH=${CMAKE_PREFIX_PATH}:/home/bth/workspace/a3_remote_bridge/.hope_ros2/install/hope_planner:/home/bth/workspace/Mocap/install/ppmocap_tools:/home/bth/workspace/Mocap/install/ppmocap_prediction:/opt/ros/humble /home/bth/.local/bin/cmake /home/bth/workspace/a3_remote_bridge/26.7.25发球部署/pingpang_ustc-srf/hope_ws/src/hope_msgs -DPython3_EXECUTABLE=/home/bth/miniconda3/envs/humanoid-rl-lab/bin/python3 -DCMAKE_INSTALL_PREFIX=/home/bth/workspace/a3_remote_bridge/.hope_ros2/install/hope_msgs[0m
[1.974s] [34mcolcon.colcon_core.event_handler.log_command[0m [1;30mDEBUG[0m [32mInvoking command in '/home/bth/workspace/a3_remote_bridge/.hope_ros2/build/hope_msgs': CMAKE_PREFIX_PATH=${CMAKE_PREFIX_PATH}:/home/bth/workspace/a3_remote_bridge/.hope_ros2/install/hope_planner:/home/bth/workspace/Mocap/install/ppmocap_tools:/home/bth/workspace/Mocap/install/ppmocap_prediction:/opt/ros/humble /home/bth/.local/bin/cmake --build /home/bth/workspace/a3_remote_bridge/.hope_ros2/build/hope_msgs -- -j20 -l20[0m
[2.945s] [34mcolcon.colcon_core.event_handler.log_command[0m [1;30mDEBUG[0m [32mInvoked command in '/home/bth/workspace/a3_remote_bridge/.hope_ros2/build/hope_msgs' returned '0': CMAKE_PREFIX_PATH=${CMAKE_PREFIX_PATH}:/home/bth/workspace/a3_remote_bridge/.hope_ros2/install/hope_planner:/home/bth/workspace/Mocap/install/ppmocap_tools:/home/bth/workspace/Mocap/install/ppmocap_prediction:/opt/ros/humble /home/bth/.local/bin/cmake --build /home/bth/workspace/a3_remote_bridge/.hope_ros2/build/hope_msgs -- -j20 -l20[0m
[2.983s] [34mcolcon.colcon_core.event_handler.log_command[0m [1;30mDEBUG[0m [32mInvoking command in '/home/bth/workspace/a3_remote_bridge/.hope_ros2/build/hope_msgs': CMAKE_PREFIX_PATH=${CMAKE_PREFIX_PATH}:/home/bth/workspace/a3_remote_bridge/.hope_ros2/install/hope_planner:/home/bth/workspace/Mocap/install/ppmocap_tools:/home/bth/workspace/Mocap/install/ppmocap_prediction:/opt/ros/humble /home/bth/.local/bin/cmake --install /home/bth/workspace/a3_remote_bridge/.hope_ros2/build/hope_msgs[0m
[3.051s] [34mcolcon.colcon_core.environment[0m [1;30mLevel 1[0m create_environment_scripts_only(hope_msgs)
[3.052s] [34mcolcon.colcon_core.event_handler.log_command[0m [1;30mDEBUG[0m [32mInvoked command in '/home/bth/workspace/a3_remote_bridge/.hope_ros2/build/hope_msgs' returned '0': CMAKE_PREFIX_PATH=${CMAKE_PREFIX_PATH}:/home/bth/workspace/a3_remote_bridge/.hope_ros2/install/hope_planner:/home/bth/workspace/Mocap/install/ppmocap_tools:/home/bth/workspace/Mocap/install/ppmocap_prediction:/opt/ros/humble /home/bth/.local/bin/cmake --install /home/bth/workspace/a3_remote_bridge/.hope_ros2/build/hope_msgs[0m
[3.053s] [34mcolcon.colcon_core.environment[0m [1;30mLevel 1[0m checking '/home/bth/workspace/a3_remote_bridge/.hope_ros2/install/hope_msgs' for CMake module files
[3.054s] [34mcolcon.colcon_core.environment[0m [1;30mLevel 1[0m checking '/home/bth/workspace/a3_remote_bridge/.hope_ros2/install/hope_msgs' for CMake config files
[3.054s] [34mcolcon.colcon_core.shell[0m [1;30mLevel 1[0m create_environment_hook('hope_msgs', 'cmake_prefix_path')
[3.054s] [34mcolcon.colcon_core.shell[0m [1;30mINFO[0m Creating environment hook '/home/bth/workspace/a3_remote_bridge/.hope_ros2/install/hope_msgs/share/hope_msgs/hook/cmake_prefix_path.ps1'
[3.055s] [34mcolcon.colcon_core.shell[0m [1;30mINFO[0m Creating environment descriptor '/home/bth/workspace/a3_remote_bridge/.hope_ros2/install/hope_msgs/share/hope_msgs/hook/cmake_prefix_path.dsv'
[3.055s] [34mcolcon.colcon_core.shell[0m [1;30mINFO[0m Creating environment hook '/home/bth/workspace/a3_remote_bridge/.hope_ros2/install/hope_msgs/share/hope_msgs/hook/cmake_prefix_path.sh'
[3.055s] [34mcolcon.colcon_core.environment[0m [1;30mLevel 1[0m checking '/home/bth/workspace/a3_remote_bridge/.hope_ros2/install/hope_msgs/lib'
[3.055s] [34mcolcon.colcon_core.shell[0m [1;30mLevel 1[0m create_environment_hook('hope_msgs', 'ld_library_path_lib')
[3.055s] [34mcolcon.colcon_core.shell[0m [1;30mINFO[0m Creating environment hook '/home/bth/workspace/a3_remote_bridge/.hope_ros2/install/hope_msgs/share/hope_msgs/hook/ld_library_path_lib.ps1'
[3.056s] [34mcolcon.colcon_core.shell[0m [1;30mINFO[0m Creating environment descriptor '/home/bth/workspace/a3_remote_bridge/.hope_ros2/install/hope_msgs/share/hope_msgs/hook/ld_library_path_lib.dsv'
[3.056s] [34mcolcon.colcon_core.shell[0m [1;30mINFO[0m Creating environment hook '/home/bth/workspace/a3_remote_bridge/.hope_ros2/install/hope_msgs/share/hope_msgs/hook/ld_library_path_lib.sh'
[3.056s] [34mcolcon.colcon_core.environment[0m [1;30mLevel 1[0m checking '/home/bth/workspace/a3_remote_bridge/.hope_ros2/install/hope_msgs/bin'
[3.056s] [34mcolcon.colcon_core.environment[0m [1;30mLevel 1[0m checking '/home/bth/workspace/a3_remote_bridge/.hope_ros2/install/hope_msgs/lib/pkgconfig/hope_msgs.pc'
[3.057s] [34mcolcon.colcon_core.environment[0m [1;30mLevel 1[0m checking '/home/bth/workspace/a3_remote_bridge/.hope_ros2/install/hope_msgs/lib/python3.11/site-packages'
[3.057s] [34mcolcon.colcon_core.shell[0m [1;30mLevel 1[0m create_environment_hook('hope_msgs', 'pythonpath')
[3.057s] [34mcolcon.colcon_core.shell[0m [1;30mINFO[0m Creating environment hook '/home/bth/workspace/a3_remote_bridge/.hope_ros2/install/hope_msgs/share/hope_msgs/hook/pythonpath.ps1'
[3.057s] [34mcolcon.colcon_core.shell[0m [1;30mINFO[0m Creating environment descriptor '/home/bth/workspace/a3_remote_bridge/.hope_ros2/install/hope_msgs/share/hope_msgs/hook/pythonpath.dsv'
[3.057s] [34mcolcon.colcon_core.shell[0m [1;30mINFO[0m Creating environment hook '/home/bth/workspace/a3_remote_bridge/.hope_ros2/install/hope_msgs/share/hope_msgs/hook/pythonpath.sh'
[3.057s] [34mcolcon.colcon_core.environment[0m [1;30mLevel 1[0m checking '/home/bth/workspace/a3_remote_bridge/.hope_ros2/install/hope_msgs/bin'
[3.057s] [34mcolcon.colcon_core.shell[0m [1;30mINFO[0m Creating package script '/home/bth/workspace/a3_remote_bridge/.hope_ros2/install/hope_msgs/share/hope_msgs/package.ps1'
[3.058s] [34mcolcon.colcon_core.shell[0m [1;30mINFO[0m Creating package descriptor '/home/bth/workspace/a3_remote_bridge/.hope_ros2/install/hope_msgs/share/hope_msgs/package.dsv'
[3.058s] [34mcolcon.colcon_core.shell[0m [1;30mINFO[0m Creating package script '/home/bth/workspace/a3_remote_bridge/.hope_ros2/install/hope_msgs/share/hope_msgs/package.sh'
[3.059s] [34mcolcon.colcon_core.shell[0m [1;30mINFO[0m Creating package script '/home/bth/workspace/a3_remote_bridge/.hope_ros2/install/hope_msgs/share/hope_msgs/package.bash'
[3.059s] [34mcolcon.colcon_core.shell[0m [1;30mINFO[0m Creating package script '/home/bth/workspace/a3_remote_bridge/.hope_ros2/install/hope_msgs/share/hope_msgs/package.zsh'
[3.059s] [34mcolcon.colcon_core.environment[0m [1;30mLevel 1[0m create_file_with_runtime_dependencies(/home/bth/workspace/a3_remote_bridge/.hope_ros2/install/hope_msgs/share/colcon-core/packages/hope_msgs)
[3.059s] [34mcolcon.colcon_core.environment[0m [1;30mLevel 1[0m create_environment_scripts_only(hope_msgs)
[3.060s] [34mcolcon.colcon_core.environment[0m [1;30mLevel 1[0m checking '/home/bth/workspace/a3_remote_bridge/.hope_ros2/install/hope_msgs' for CMake module files
[3.060s] [34mcolcon.colcon_core.environment[0m [1;30mLevel 1[0m checking '/home/bth/workspace/a3_remote_bridge/.hope_ros2/install/hope_msgs' for CMake config files
[3.060s] [34mcolcon.colcon_core.shell[0m [1;30mLevel 1[0m create_environment_hook('hope_msgs', 'cmake_prefix_path')
[3.060s] [34mcolcon.colcon_core.shell[0m [1;30mINFO[0m Creating environment hook '/home/bth/workspace/a3_remote_bridge/.hope_ros2/install/hope_msgs/share/hope_msgs/hook/cmake_prefix_path.ps1'
[3.060s] [34mcolcon.colcon_core.shell[0m [1;30mINFO[0m Creating environment descriptor '/home/bth/workspace/a3_remote_bridge/.hope_ros2/install/hope_msgs/share/hope_msgs/hook/cmake_prefix_path.dsv'
[3.060s] [34mcolcon.colcon_core.shell[0m [1;30mINFO[0m Creating environment hook '/home/bth/workspace/a3_remote_bridge/.hope_ros2/install/hope_msgs/share/hope_msgs/hook/cmake_prefix_path.sh'
[3.060s] [34mcolcon.colcon_core.environment[0m [1;30mLevel 1[0m checking '/home/bth/workspace/a3_remote_bridge/.hope_ros2/install/hope_msgs/lib'
[3.060s] [34mcolcon.colcon_core.shell[0m [1;30mLevel 1[0m create_environment_hook('hope_msgs', 'ld_library_path_lib')
[3.060s] [34mcolcon.colcon_core.shell[0m [1;30mINFO[0m Creating environment hook '/home/bth/workspace/a3_remote_bridge/.hope_ros2/install/hope_msgs/share/hope_msgs/hook/ld_library_path_lib.ps1'
[3.061s] [34mcolcon.colcon_core.shell[0m [1;30mINFO[0m Creating environment descriptor '/home/bth/workspace/a3_remote_bridge/.hope_ros2/install/hope_msgs/share/hope_msgs/hook/ld_library_path_lib.dsv'
[3.061s] [34mcolcon.colcon_core.shell[0m [1;30mINFO[0m Creating environment hook '/home/bth/workspace/a3_remote_bridge/.hope_ros2/install/hope_msgs/share/hope_msgs/hook/ld_library_path_lib.sh'
[3.061s] [34mcolcon.colcon_core.environment[0m [1;30mLevel 1[0m checking '/home/bth/workspace/a3_remote_bridge/.hope_ros2/install/hope_msgs/bin'
[3.061s] [34mcolcon.colcon_core.environment[0m [1;30mLevel 1[0m checking '/home/bth/workspace/a3_remote_bridge/.hope_ros2/install/hope_msgs/lib/pkgconfig/hope_msgs.pc'
[3.061s] [34mcolcon.colcon_core.environment[0m [1;30mLevel 1[0m checking '/home/bth/workspace/a3_remote_bridge/.hope_ros2/install/hope_msgs/lib/python3.11/site-packages'
[3.061s] [34mcolcon.colcon_core.shell[0m [1;30mLevel 1[0m create_environment_hook('hope_msgs', 'pythonpath')
[3.061s] [34mcolcon.colcon_core.shell[0m [1;30mINFO[0m Creating environment hook '/home/bth/workspace/a3_remote_bridge/.hope_ros2/install/hope_msgs/share/hope_msgs/hook/pythonpath.ps1'
[3.061s] [34mcolcon.colcon_core.shell[0m [1;30mINFO[0m Creating environment descriptor '/home/bth/workspace/a3_remote_bridge/.hope_ros2/install/hope_msgs/share/hope_msgs/hook/pythonpath.dsv'
[3.061s] [34mcolcon.colcon_core.shell[0m [1;30mINFO[0m Creating environment hook '/home/bth/workspace/a3_remote_bridge/.hope_ros2/install/hope_msgs/share/hope_msgs/hook/pythonpath.sh'
[3.061s] [34mcolcon.colcon_core.environment[0m [1;30mLevel 1[0m checking '/home/bth/workspace/a3_remote_bridge/.hope_ros2/install/hope_msgs/bin'
[3.061s] [34mcolcon.colcon_core.shell[0m [1;30mINFO[0m Creating package script '/home/bth/workspace/a3_remote_bridge/.hope_ros2/install/hope_msgs/share/hope_msgs/package.ps1'
[3.062s] [34mcolcon.colcon_core.shell[0m [1;30mINFO[0m Creating package descriptor '/home/bth/workspace/a3_remote_bridge/.hope_ros2/install/hope_msgs/share/hope_msgs/package.dsv'
[3.062s] [34mcolcon.colcon_core.shell[0m [1;30mINFO[0m Creating package script '/home/bth/workspace/a3_remote_bridge/.hope_ros2/install/hope_msgs/share/hope_msgs/package.sh'
[3.062s] [34mcolcon.colcon_core.shell[0m [1;30mINFO[0m Creating package script '/home/bth/workspace/a3_remote_bridge/.hope_ros2/install/hope_msgs/share/hope_msgs/package.bash'
[3.063s] [34mcolcon.colcon_core.shell[0m [1;30mINFO[0m Creating package script '/home/bth/workspace/a3_remote_bridge/.hope_ros2/install/hope_msgs/share/hope_msgs/package.zsh'
[3.063s] [34mcolcon.colcon_core.environment[0m [1;30mLevel 1[0m create_file_with_runtime_dependencies(/home/bth/workspace/a3_remote_bridge/.hope_ros2/install/hope_msgs/share/colcon-core/packages/hope_msgs)
[3.063s] [34mcolcon.colcon_ros.task.ament_python.build[0m [1;30mINFO[0m Building ROS package in '/home/bth/workspace/a3_remote_bridge/26.7.25发球部署/pingpang_ustc-srf/hope_ws/src/hope_planner' with build type 'ament_python'
[3.063s] [34mcolcon.colcon_core.shell[0m [1;30mLevel 1[0m create_environment_hook('hope_planner', 'ament_prefix_path')
[3.063s] [34mcolcon.colcon_core.shell[0m [1;30mINFO[0m Creating environment hook '/home/bth/workspace/a3_remote_bridge/.hope_ros2/install/hope_planner/share/hope_planner/hook/ament_prefix_path.ps1'
[3.063s] [34mcolcon.colcon_core.shell[0m [1;30mINFO[0m Creating environment descriptor '/home/bth/workspace/a3_remote_bridge/.hope_ros2/install/hope_planner/share/hope_planner/hook/ament_prefix_path.dsv'
[3.063s] [34mcolcon.colcon_core.shell[0m [1;30mINFO[0m Creating environment hook '/home/bth/workspace/a3_remote_bridge/.hope_ros2/install/hope_planner/share/hope_planner/hook/ament_prefix_path.sh'
[3.064s] [34mcolcon.colcon_core.shell[0m [1;30mINFO[0m Skip shell extension 'powershell' for command environment: Not usable outside of PowerShell
[3.064s] [34mcolcon.colcon_core.shell[0m [1;30mDEBUG[0m [32mSkip shell extension 'dsv' for command environment[0m
[3.184s] [34mcolcon.colcon_core.task.python.build[0m [1;30mINFO[0m Building Python package in '/home/bth/workspace/a3_remote_bridge/26.7.25发球部署/pingpang_ustc-srf/hope_ws/src/hope_planner'
[3.184s] [34mcolcon.colcon_core.shell[0m [1;30mINFO[0m Skip shell extension 'powershell' for command environment: Not usable outside of PowerShell
[3.184s] [34mcolcon.colcon_core.shell[0m [1;30mDEBUG[0m [32mSkip shell extension 'dsv' for command environment[0m
[3.340s] [34mcolcon.colcon_core.task.python.build[0m [1;30mDEBUG[0m [32mAvailable setuptools commands: sdist, rotate, clean, symlink_data, setopt, bdist_rpm, build_clib, install_headers, install_scripts, bdist_wheel, develop, alias, easy_install, egg_info, build, upload_docs, bdist_egg, build_scripts, build_ext, install, build_py, dist_info, test, bdist, register, install_lib, install_data, install_egg_info, check, upload, saveopts, bdist_dumb[0m
[3.342s] [34mcolcon.colcon_core.event_handler.log_command[0m [1;30mDEBUG[0m [32mInvoking command in '/home/bth/workspace/a3_remote_bridge/26.7.25发球部署/pingpang_ustc-srf/hope_ws/src/hope_planner': LD_LIBRARY_PATH=/home/bth/workspace/a3_remote_bridge/.hope_ros2/install/hope_msgs/lib:/home/bth/workspace/a3_remote_bridge/build/thirdparty/joint_msgs:/home/bth/workspace/a3_remote_bridge/build/thirdparty/joint_msgs/rosidl_generator_py/joint_msgs:/home/bth/workspace/a3_remote_bridge/build/thirdparty/joint_msgs:/home/bth/workspace/a3_remote_bridge/build/thirdparty/joint_msgs/rosidl_generator_py/joint_msgs:/opt/openrobots/lib:/home/bth/TensorRT/targets/x86_64-linux-gnu/lib:/usr/local/cuda/lib64:/home/bth/workspace/Mocap/install/ppmocap_driver/lib:/home/bth/workspace/Mocap/install/ppmocap_msgs/lib:/opt/ros/humble/opt/rviz_ogre_vendor/lib:/opt/ros/humble/lib/x86_64-linux-gnu:/opt/ros/humble/lib PYTHONPATH=/home/bth/workspace/a3_remote_bridge/.hope_ros2/build/hope_planner/prefix_override:/home/bth/miniconda3/envs/humanoid-rl-lab/lib/python3.11/site-packages/colcon_core/task/python/colcon_distutils_commands:/home/bth/workspace/a3_remote_bridge/.hope_ros2/install/hope_planner/lib/python3.11/site-packages:/home/bth/workspace/a3_remote_bridge/.hope_ros2/install/hope_msgs/lib/python3.11/site-packages:${PYTHONPATH} /home/bth/miniconda3/envs/humanoid-rl-lab/bin/python3.11 -W ignore:setup.py install is deprecated -W ignore:easy_install command is deprecated setup.py egg_info --egg-base ../../../../../.hope_ros2/build/hope_planner build --build-base /home/bth/workspace/a3_remote_bridge/.hope_ros2/build/hope_planner/build install --record /home/bth/workspace/a3_remote_bridge/.hope_ros2/build/hope_planner/install.log --install-scripts $base/lib/hope_planner --single-version-externally-managed install_data[0m
[3.480s] [34mcolcon.colcon_core.environment[0m [1;30mLevel 1[0m checking '/home/bth/workspace/a3_remote_bridge/.hope_ros2/install/hope_planner' for CMake module files
[3.480s] [34mcolcon.colcon_core.environment[0m [1;30mLevel 1[0m checking '/home/bth/workspace/a3_remote_bridge/.hope_ros2/install/hope_planner' for CMake config files
[3.481s] [34mcolcon.colcon_core.environment[0m [1;30mLevel 1[0m checking '/home/bth/workspace/a3_remote_bridge/.hope_ros2/install/hope_planner/lib'
[3.481s] [34mcolcon.colcon_core.environment[0m [1;30mLevel 1[0m checking '/home/bth/workspace/a3_remote_bridge/.hope_ros2/install/hope_planner/bin'
[3.481s] [34mcolcon.colcon_core.event_handler.log_command[0m [1;30mDEBUG[0m [32mInvoked command in '/home/bth/workspace/a3_remote_bridge/26.7.25发球部署/pingpang_ustc-srf/hope_ws/src/hope_planner' returned '0': LD_LIBRARY_PATH=/home/bth/workspace/a3_remote_bridge/.hope_ros2/install/hope_msgs/lib:/home/bth/workspace/a3_remote_bridge/build/thirdparty/joint_msgs:/home/bth/workspace/a3_remote_bridge/build/thirdparty/joint_msgs/rosidl_generator_py/joint_msgs:/home/bth/workspace/a3_remote_bridge/build/thirdparty/joint_msgs:/home/bth/workspace/a3_remote_bridge/build/thirdparty/joint_msgs/rosidl_generator_py/joint_msgs:/opt/openrobots/lib:/home/bth/TensorRT/targets/x86_64-linux-gnu/lib:/usr/local/cuda/lib64:/home/bth/workspace/Mocap/install/ppmocap_driver/lib:/home/bth/workspace/Mocap/install/ppmocap_msgs/lib:/opt/ros/humble/opt/rviz_ogre_vendor/lib:/opt/ros/humble/lib/x86_64-linux-gnu:/opt/ros/humble/lib PYTHONPATH=/home/bth/workspace/a3_remote_bridge/.hope_ros2/build/hope_planner/prefix_override:/home/bth/miniconda3/envs/humanoid-rl-lab/lib/python3.11/site-packages/colcon_core/task/python/colcon_distutils_commands:/home/bth/workspace/a3_remote_bridge/.hope_ros2/install/hope_planner/lib/python3.11/site-packages:/home/bth/workspace/a3_remote_bridge/.hope_ros2/install/hope_msgs/lib/python3.11/site-packages:${PYTHONPATH} /home/bth/miniconda3/envs/humanoid-rl-lab/bin/python3.11 -W ignore:setup.py install is deprecated -W ignore:easy_install command is deprecated setup.py egg_info --egg-base ../../../../../.hope_ros2/build/hope_planner build --build-base /home/bth/workspace/a3_remote_bridge/.hope_ros2/build/hope_planner/build install --record /home/bth/workspace/a3_remote_bridge/.hope_ros2/build/hope_planner/install.log --install-scripts $base/lib/hope_planner --single-version-externally-managed install_data[0m
[3.481s] [34mcolcon.colcon_core.environment[0m [1;30mLevel 1[0m checking '/home/bth/workspace/a3_remote_bridge/.hope_ros2/install/hope_planner/lib/pkgconfig/hope_planner.pc'
[3.482s] [34mcolcon.colcon_core.environment[0m [1;30mLevel 1[0m checking '/home/bth/workspace/a3_remote_bridge/.hope_ros2/install/hope_planner/lib/python3.11/site-packages'
[3.482s] [34mcolcon.colcon_core.shell[0m [1;30mLevel 1[0m create_environment_hook('hope_planner', 'pythonpath')
[3.482s] [34mcolcon.colcon_core.shell[0m [1;30mINFO[0m Creating environment hook '/home/bth/workspace/a3_remote_bridge/.hope_ros2/install/hope_planner/share/hope_planner/hook/pythonpath.ps1'
[3.482s] [34mcolcon.colcon_core.shell[0m [1;30mINFO[0m Creating environment descriptor '/home/bth/workspace/a3_remote_bridge/.hope_ros2/install/hope_planner/share/hope_planner/hook/pythonpath.dsv'
[3.482s] [34mcolcon.colcon_core.shell[0m [1;30mINFO[0m Creating environment hook '/home/bth/workspace/a3_remote_bridge/.hope_ros2/install/hope_planner/share/hope_planner/hook/pythonpath.sh'
[3.483s] [34mcolcon.colcon_core.environment[0m [1;30mLevel 1[0m checking '/home/bth/workspace/a3_remote_bridge/.hope_ros2/install/hope_planner/bin'
[3.483s] [34mcolcon.colcon_core.environment[0m [1;30mLevel 1[0m create_environment_scripts_only(hope_planner)
[3.483s] [34mcolcon.colcon_core.shell[0m [1;30mINFO[0m Creating package script '/home/bth/workspace/a3_remote_bridge/.hope_ros2/install/hope_planner/share/hope_planner/package.ps1'
[3.483s] [34mcolcon.colcon_core.shell[0m [1;30mINFO[0m Creating package descriptor '/home/bth/workspace/a3_remote_bridge/.hope_ros2/install/hope_planner/share/hope_planner/package.dsv'
[3.484s] [34mcolcon.colcon_core.shell[0m [1;30mINFO[0m Creating package script '/home/bth/workspace/a3_remote_bridge/.hope_ros2/install/hope_planner/share/hope_planner/package.sh'
[3.484s] [34mcolcon.colcon_core.shell[0m [1;30mINFO[0m Creating package script '/home/bth/workspace/a3_remote_bridge/.hope_ros2/install/hope_planner/share/hope_planner/package.bash'
[3.484s] [34mcolcon.colcon_core.shell[0m [1;30mINFO[0m Creating package script '/home/bth/workspace/a3_remote_bridge/.hope_ros2/install/hope_planner/share/hope_planner/package.zsh'
[3.484s] [34mcolcon.colcon_core.environment[0m [1;30mLevel 1[0m create_file_with_runtime_dependencies(/home/bth/workspace/a3_remote_bridge/.hope_ros2/install/hope_planner/share/colcon-core/packages/hope_planner)
[3.484s] [34mcolcon.colcon_parallel_executor.executor.parallel[0m [1;30mDEBUG[0m [32mclosing loop[0m
[3.484s] [34mcolcon.colcon_parallel_executor.executor.parallel[0m [1;30mDEBUG[0m [32mloop closed[0m
[3.484s] [34mcolcon.colcon_parallel_executor.executor.parallel[0m [1;30mDEBUG[0m [32mrun_until_complete finished with '0'[0m
[3.484s] [34mcolcon.colcon_core.event_reactor[0m [1;30mDEBUG[0m [32mjoining thread[0m
[3.486s] [34mcolcon.colcon_core.plugin_system[0m [1;30mINFO[0m Skipping extension 'colcon_notification.desktop_notification.notify2': 'notify2' not found
[3.486s] [34mcolcon.colcon_core.plugin_system[0m [1;30mINFO[0m Skipping extension 'colcon_notification.desktop_notification.terminal_notifier': Not used on non-Darwin systems
[3.486s] [34mcolcon.colcon_core.plugin_system[0m [1;30mINFO[0m Skipping extension 'colcon_notification.desktop_notification.win32': Not used on non-Windows systems
[3.486s] [34mcolcon.colcon_notification.desktop_notification[0m [1;30mINFO[0m Sending desktop notification using 'notify_send'
[3.503s] [34mcolcon.colcon_core.event_reactor[0m [1;30mDEBUG[0m [32mjoined thread[0m
[3.503s] [34mcolcon.colcon_core.shell[0m [1;30mINFO[0m Creating prefix script '/home/bth/workspace/a3_remote_bridge/.hope_ros2/install/local_setup.ps1'
[3.504s] [34mcolcon.colcon_core.shell[0m [1;30mINFO[0m Creating prefix util module '/home/bth/workspace/a3_remote_bridge/.hope_ros2/install/_local_setup_util_ps1.py'
[3.504s] [34mcolcon.colcon_core.shell[0m [1;30mINFO[0m Creating prefix chain script '/home/bth/workspace/a3_remote_bridge/.hope_ros2/install/setup.ps1'
[3.505s] [34mcolcon.colcon_core.shell[0m [1;30mINFO[0m Creating prefix script '/home/bth/workspace/a3_remote_bridge/.hope_ros2/install/local_setup.sh'
[3.505s] [34mcolcon.colcon_core.shell[0m [1;30mINFO[0m Creating prefix util module '/home/bth/workspace/a3_remote_bridge/.hope_ros2/install/_local_setup_util_sh.py'
[3.505s] [34mcolcon.colcon_core.shell[0m [1;30mINFO[0m Creating prefix chain script '/home/bth/workspace/a3_remote_bridge/.hope_ros2/install/setup.sh'
[3.505s] [34mcolcon.colcon_core.shell[0m [1;30mINFO[0m Creating prefix script '/home/bth/workspace/a3_remote_bridge/.hope_ros2/install/local_setup.bash'
[3.505s] [34mcolcon.colcon_core.shell[0m [1;30mINFO[0m Creating prefix chain script '/home/bth/workspace/a3_remote_bridge/.hope_ros2/install/setup.bash'
[3.506s] [34mcolcon.colcon_core.shell[0m [1;30mINFO[0m Creating prefix script '/home/bth/workspace/a3_remote_bridge/.hope_ros2/install/local_setup.zsh'
[3.506s] [34mcolcon.colcon_core.shell[0m [1;30mINFO[0m Creating prefix chain script '/home/bth/workspace/a3_remote_bridge/.hope_ros2/install/setup.zsh'
