[0.064s] colcon DEBUG Command line arguments: ['/usr/bin/colcon', '--log-base', '/home/bth/workspace/a3_remote_bridge/.hope_ros2/log', 'build', '--build-base', '/home/bth/workspace/a3_remote_bridge/.hope_ros2/build', '--install-base', '/home/bth/workspace/a3_remote_bridge/.hope_ros2/install', '--packages-up-to', 'hope_planner', '--cmake-args', '-DPython3_EXECUTABLE=/usr/bin/python3']
[0.064s] colcon DEBUG Parsed command line arguments: Namespace(log_base='/home/bth/workspace/a3_remote_bridge/.hope_ros2/log', log_level=None, verb_name='build', build_base='/home/bth/workspace/a3_remote_bridge/.hope_ros2/build', install_base='/home/bth/workspace/a3_remote_bridge/.hope_ros2/install', merge_install=False, symlink_install=False, test_result_base=None, continue_on_error=False, executor='parallel', parallel_workers=20, event_handlers=None, ignore_user_meta=False, metas=['./colcon.meta'], base_paths=['.'], packages_ignore=None, packages_ignore_regex=None, paths=None, packages_up_to=['hope_planner'], packages_up_to_regex=None, packages_above=None, packages_above_and_dependencies=None, packages_above_depth=None, packages_select_by_dep=None, packages_skip_by_dep=None, packages_skip_up_to=None, packages_select_build_failed=False, packages_skip_build_finished=False, packages_select_test_failures=False, packages_skip_test_passed=False, packages_select=None, packages_skip=None, packages_select_regex=None, packages_skip_regex=None, packages_start=None, packages_end=None, allow_overriding=[], cmake_args=['-DPython3_EXECUTABLE=/usr/bin/python3'], cmake_target=None, cmake_target_skip_unavailable=False, cmake_clean_cache=False, cmake_clean_first=False, cmake_force_configure=False, ament_cmake_args=None, catkin_cmake_args=None, catkin_skip_building_tests=False, mixin_files=None, mixin=None, verb_parser=<colcon_mixin.mixin.mixin_argument.MixinArgumentDecorator object at 0x7ae5035322f0>, verb_extension=<colcon_core.verb.build.BuildVerb object at 0x7ae5036b78b0>, main=<bound method BuildVerb.main of <colcon_core.verb.build.BuildVerb object at 0x7ae5036b78b0>>, mixin_verb=('build',))
[0.088s] colcon.colcon_core.package_discovery Level 1 discover_packages(colcon_meta) check parameters
[0.088s] colcon.colcon_core.package_discovery Level 1 discover_packages(recursive) check parameters
[0.088s] colcon.colcon_core.package_discovery Level 1 discover_packages(ignore) check parameters
[0.088s] colcon.colcon_core.package_discovery Level 1 discover_packages(path) check parameters
[0.088s] colcon.colcon_core.package_discovery Level 1 discover_packages(colcon_meta) discover
[0.088s] colcon.colcon_core.package_discovery Level 1 discover_packages(recursive) discover
[0.088s] colcon.colcon_core.package_discovery INFO Crawling recursively for packages in '/home/bth/workspace/a3_remote_bridge/26.7.25发球部署/pingpang_ustc-srf/hope_ws'
[0.088s] colcon.colcon_core.package_identification Level 1 _identify(.) by extensions ['ignore', 'ignore_ament_install']
[0.088s] colcon.colcon_core.package_identification Level 1 _identify(.) by extension 'ignore'
[0.088s] colcon.colcon_core.package_identification Level 1 _identify(.) by extension 'ignore_ament_install'
[0.088s] colcon.colcon_core.package_identification Level 1 _identify(.) by extensions ['colcon_pkg']
[0.088s] colcon.colcon_core.package_identification Level 1 _identify(.) by extension 'colcon_pkg'
[0.088s] colcon.colcon_core.package_identification Level 1 _identify(.) by extensions ['colcon_meta']
[0.088s] colcon.colcon_core.package_identification Level 1 _identify(.) by extension 'colcon_meta'
[0.088s] colcon.colcon_core.package_identification Level 1 _identify(.) by extensions ['ros']
[0.088s] colcon.colcon_core.package_identification Level 1 _identify(.) by extension 'ros'
[0.089s] colcon.colcon_core.package_identification Level 1 _identify(.) by extensions ['cmake', 'python']
[0.089s] colcon.colcon_core.package_identification Level 1 _identify(.) by extension 'cmake'
[0.089s] colcon.colcon_core.package_identification Level 1 _identify(.) by extension 'python'
[0.089s] colcon.colcon_core.package_identification Level 1 _identify(.) by extensions ['python_setup_py']
[0.089s] colcon.colcon_core.package_identification Level 1 _identify(.) by extension 'python_setup_py'
[0.090s] colcon.colcon_core.package_identification Level 1 _identify(scripts) by extensions ['ignore', 'ignore_ament_install']
[0.090s] colcon.colcon_core.package_identification Level 1 _identify(scripts) by extension 'ignore'
[0.090s] colcon.colcon_core.package_identification Level 1 _identify(scripts) by extension 'ignore_ament_install'
[0.090s] colcon.colcon_core.package_identification Level 1 _identify(scripts) by extensions ['colcon_pkg']
[0.090s] colcon.colcon_core.package_identification Level 1 _identify(scripts) by extension 'colcon_pkg'
[0.090s] colcon.colcon_core.package_identification Level 1 _identify(scripts) by extensions ['colcon_meta']
[0.090s] colcon.colcon_core.package_identification Level 1 _identify(scripts) by extension 'colcon_meta'
[0.090s] colcon.colcon_core.package_identification Level 1 _identify(scripts) by extensions ['ros']
[0.090s] colcon.colcon_core.package_identification Level 1 _identify(scripts) by extension 'ros'
[0.090s] colcon.colcon_core.package_identification Level 1 _identify(scripts) by extensions ['cmake', 'python']
[0.090s] colcon.colcon_core.package_identification Level 1 _identify(scripts) by extension 'cmake'
[0.090s] colcon.colcon_core.package_identification Level 1 _identify(scripts) by extension 'python'
[0.090s] colcon.colcon_core.package_identification Level 1 _identify(scripts) by extensions ['python_setup_py']
[0.090s] colcon.colcon_core.package_identification Level 1 _identify(scripts) by extension 'python_setup_py'
[0.090s] colcon.colcon_core.package_identification Level 1 _identify(src) by extensions ['ignore', 'ignore_ament_install']
[0.090s] colcon.colcon_core.package_identification Level 1 _identify(src) by extension 'ignore'
[0.090s] colcon.colcon_core.package_identification Level 1 _identify(src) by extension 'ignore_ament_install'
[0.090s] colcon.colcon_core.package_identification Level 1 _identify(src) by extensions ['colcon_pkg']
[0.090s] colcon.colcon_core.package_identification Level 1 _identify(src) by extension 'colcon_pkg'
[0.090s] colcon.colcon_core.package_identification Level 1 _identify(src) by extensions ['colcon_meta']
[0.090s] colcon.colcon_core.package_identification Level 1 _identify(src) by extension 'colcon_meta'
[0.090s] colcon.colcon_core.package_identification Level 1 _identify(src) by extensions ['ros']
[0.090s] colcon.colcon_core.package_identification Level 1 _identify(src) by extension 'ros'
[0.090s] colcon.colcon_core.package_identification Level 1 _identify(src) by extensions ['cmake', 'python']
[0.090s] colcon.colcon_core.package_identification Level 1 _identify(src) by extension 'cmake'
[0.090s] colcon.colcon_core.package_identification Level 1 _identify(src) by extension 'python'
[0.090s] colcon.colcon_core.package_identification Level 1 _identify(src) by extensions ['python_setup_py']
[0.090s] colcon.colcon_core.package_identification Level 1 _identify(src) by extension 'python_setup_py'
[0.090s] colcon.colcon_core.package_identification Level 1 _identify(src/hope_bringup) by extensions ['ignore', 'ignore_ament_install']
[0.090s] colcon.colcon_core.package_identification Level 1 _identify(src/hope_bringup) by extension 'ignore'
[0.090s] colcon.colcon_core.package_identification Level 1 _identify(src/hope_bringup) by extension 'ignore_ament_install'
[0.090s] colcon.colcon_core.package_identification Level 1 _identify(src/hope_bringup) by extensions ['colcon_pkg']
[0.090s] colcon.colcon_core.package_identification Level 1 _identify(src/hope_bringup) by extension 'colcon_pkg'
[0.090s] colcon.colcon_core.package_identification Level 1 _identify(src/hope_bringup) by extensions ['colcon_meta']
[0.090s] colcon.colcon_core.package_identification Level 1 _identify(src/hope_bringup) by extension 'colcon_meta'
[0.090s] colcon.colcon_core.package_identification Level 1 _identify(src/hope_bringup) by extensions ['ros']
[0.090s] colcon.colcon_core.package_identification Level 1 _identify(src/hope_bringup) by extension 'ros'
[0.092s] colcon.colcon_core.package_identification DEBUG Package 'src/hope_bringup' with type 'ros.ament_cmake' and name 'hope_bringup'
[0.092s] colcon.colcon_core.package_identification Level 1 _identify(src/hope_msgs) by extensions ['ignore', 'ignore_ament_install']
[0.092s] colcon.colcon_core.package_identification Level 1 _identify(src/hope_msgs) by extension 'ignore'
[0.092s] colcon.colcon_core.package_identification Level 1 _identify(src/hope_msgs) by extension 'ignore_ament_install'
[0.092s] colcon.colcon_core.package_identification Level 1 _identify(src/hope_msgs) by extensions ['colcon_pkg']
[0.092s] colcon.colcon_core.package_identification Level 1 _identify(src/hope_msgs) by extension 'colcon_pkg'
[0.092s] colcon.colcon_core.package_identification Level 1 _identify(src/hope_msgs) by extensions ['colcon_meta']
[0.092s] colcon.colcon_core.package_identification Level 1 _identify(src/hope_msgs) by extension 'colcon_meta'
[0.092s] colcon.colcon_core.package_identification Level 1 _identify(src/hope_msgs) by extensions ['ros']
[0.092s] colcon.colcon_core.package_identification Level 1 _identify(src/hope_msgs) by extension 'ros'
[0.093s] colcon.colcon_core.package_identification DEBUG Package 'src/hope_msgs' with type 'ros.ament_cmake' and name 'hope_msgs'
[0.093s] colcon.colcon_core.package_identification Level 1 _identify(src/hope_planner) by extensions ['ignore', 'ignore_ament_install']
[0.093s] colcon.colcon_core.package_identification Level 1 _identify(src/hope_planner) by extension 'ignore'
[0.093s] colcon.colcon_core.package_identification Level 1 _identify(src/hope_planner) by extension 'ignore_ament_install'
[0.093s] colcon.colcon_core.package_identification Level 1 _identify(src/hope_planner) by extensions ['colcon_pkg']
[0.093s] colcon.colcon_core.package_identification Level 1 _identify(src/hope_planner) by extension 'colcon_pkg'
[0.093s] colcon.colcon_core.package_identification Level 1 _identify(src/hope_planner) by extensions ['colcon_meta']
[0.093s] colcon.colcon_core.package_identification Level 1 _identify(src/hope_planner) by extension 'colcon_meta'
[0.093s] colcon.colcon_core.package_identification Level 1 _identify(src/hope_planner) by extensions ['ros']
[0.093s] colcon.colcon_core.package_identification Level 1 _identify(src/hope_planner) by extension 'ros'
[0.093s] colcon.colcon_core.package_identification DEBUG Package 'src/hope_planner' with type 'ros.ament_python' and name 'hope_planner'
[0.093s] colcon.colcon_core.package_identification Level 1 _identify(src/vrpn_mocap) by extensions ['ignore', 'ignore_ament_install']
[0.093s] colcon.colcon_core.package_identification Level 1 _identify(src/vrpn_mocap) by extension 'ignore'
[0.093s] colcon.colcon_core.package_identification Level 1 _identify(src/vrpn_mocap) by extension 'ignore_ament_install'
[0.093s] colcon.colcon_core.package_identification Level 1 _identify(src/vrpn_mocap) by extensions ['colcon_pkg']
[0.093s] colcon.colcon_core.package_identification Level 1 _identify(src/vrpn_mocap) by extension 'colcon_pkg'
[0.093s] colcon.colcon_core.package_identification Level 1 _identify(src/vrpn_mocap) by extensions ['colcon_meta']
[0.093s] colcon.colcon_core.package_identification Level 1 _identify(src/vrpn_mocap) by extension 'colcon_meta'
[0.093s] colcon.colcon_core.package_identification Level 1 _identify(src/vrpn_mocap) by extensions ['ros']
[0.093s] colcon.colcon_core.package_identification Level 1 _identify(src/vrpn_mocap) by extension 'ros'
[0.094s] colcon.colcon_core.package_identification DEBUG Package 'src/vrpn_mocap' with type 'ros.ament_cmake' and name 'vrpn_mocap'
[0.094s] colcon.colcon_core.package_discovery Level 1 discover_packages(recursive) using defaults
[0.094s] colcon.colcon_core.package_discovery Level 1 discover_packages(ignore) discover
[0.094s] colcon.colcon_core.package_discovery Level 1 discover_packages(ignore) using defaults
[0.094s] colcon.colcon_core.package_discovery Level 1 discover_packages(path) discover
[0.094s] colcon.colcon_core.package_discovery Level 1 discover_packages(path) using defaults
[0.102s] colcon.colcon_core.package_selection INFO Skipping package 'hope_bringup' in 'src/hope_bringup'
[0.102s] colcon.colcon_core.package_selection INFO Skipping package 'vrpn_mocap' in 'src/vrpn_mocap'
[0.102s] colcon.colcon_core.package_discovery Level 1 discover_packages(prefix_path) check parameters
[0.102s] colcon.colcon_core.package_discovery Level 1 discover_packages(prefix_path) discover
[0.104s] colcon.colcon_installed_package_information.package_discovery DEBUG Found 4 installed packages in /home/bth/workspace/Mocap/install
[0.104s] colcon.colcon_installed_package_information.package_discovery DEBUG Found 321 installed packages in /opt/ros/humble
[0.105s] colcon.colcon_core.package_discovery Level 1 discover_packages(prefix_path) using defaults
[0.121s] colcon.colcon_core.verb Level 5 set package 'hope_msgs' build argument 'cmake_args' from command line to '['-DPython3_EXECUTABLE=/usr/bin/python3']'
[0.122s] colcon.colcon_core.verb Level 5 set package 'hope_msgs' build argument 'cmake_target' from command line to 'None'
[0.122s] colcon.colcon_core.verb Level 5 set package 'hope_msgs' build argument 'cmake_target_skip_unavailable' from command line to 'False'
[0.122s] colcon.colcon_core.verb Level 5 set package 'hope_msgs' build argument 'cmake_clean_cache' from command line to 'False'
[0.122s] colcon.colcon_core.verb Level 5 set package 'hope_msgs' build argument 'cmake_clean_first' from command line to 'False'
[0.122s] colcon.colcon_core.verb Level 5 set package 'hope_msgs' build argument 'cmake_force_configure' from command line to 'False'
[0.122s] colcon.colcon_core.verb Level 5 set package 'hope_msgs' build argument 'ament_cmake_args' from command line to 'None'
[0.122s] colcon.colcon_core.verb Level 5 set package 'hope_msgs' build argument 'catkin_cmake_args' from command line to 'None'
[0.122s] colcon.colcon_core.verb Level 5 set package 'hope_msgs' build argument 'catkin_skip_building_tests' from command line to 'False'
[0.122s] colcon.colcon_core.verb DEBUG Building package 'hope_msgs' with the following arguments: {'ament_cmake_args': None, 'build_base': '/home/bth/workspace/a3_remote_bridge/.hope_ros2/build/hope_msgs', 'catkin_cmake_args': None, 'catkin_skip_building_tests': False, 'cmake_args': ['-DPython3_EXECUTABLE=/usr/bin/python3'], 'cmake_clean_cache': False, 'cmake_clean_first': False, 'cmake_force_configure': False, 'cmake_target': None, 'cmake_target_skip_unavailable': False, 'install_base': '/home/bth/workspace/a3_remote_bridge/.hope_ros2/install/hope_msgs', 'merge_install': False, 'path': '/home/bth/workspace/a3_remote_bridge/26.7.25发球部署/pingpang_ustc-srf/hope_ws/src/hope_msgs', 'symlink_install': False, 'test_result_base': None}
[0.122s] colcon.colcon_core.verb Level 5 set package 'hope_planner' build argument 'cmake_args' from command line to '['-DPython3_EXECUTABLE=/usr/bin/python3']'
[0.122s] colcon.colcon_core.verb Level 5 set package 'hope_planner' build argument 'cmake_target' from command line to 'None'
[0.122s] colcon.colcon_core.verb Level 5 set package 'hope_planner' build argument 'cmake_target_skip_unavailable' from command line to 'False'
[0.122s] colcon.colcon_core.verb Level 5 set package 'hope_planner' build argument 'cmake_clean_cache' from command line to 'False'
[0.122s] colcon.colcon_core.verb Level 5 set package 'hope_planner' build argument 'cmake_clean_first' from command line to 'False'
[0.122s] colcon.colcon_core.verb Level 5 set package 'hope_planner' build argument 'cmake_force_configure' from command line to 'False'
[0.122s] colcon.colcon_core.verb Level 5 set package 'hope_planner' build argument 'ament_cmake_args' from command line to 'None'
[0.122s] colcon.colcon_core.verb Level 5 set package 'hope_planner' build argument 'catkin_cmake_args' from command line to 'None'
[0.122s] colcon.colcon_core.verb Level 5 set package 'hope_planner' build argument 'catkin_skip_building_tests' from command line to 'False'
[0.122s] colcon.colcon_core.verb DEBUG Building package 'hope_planner' with the following arguments: {'ament_cmake_args': None, 'build_base': '/home/bth/workspace/a3_remote_bridge/.hope_ros2/build/hope_planner', 'catkin_cmake_args': None, 'catkin_skip_building_tests': False, 'cmake_args': ['-DPython3_EXECUTABLE=/usr/bin/python3'], 'cmake_clean_cache': False, 'cmake_clean_first': False, 'cmake_force_configure': False, 'cmake_target': None, 'cmake_target_skip_unavailable': False, 'install_base': '/home/bth/workspace/a3_remote_bridge/.hope_ros2/install/hope_planner', 'merge_install': False, 'path': '/home/bth/workspace/a3_remote_bridge/26.7.25发球部署/pingpang_ustc-srf/hope_ws/src/hope_planner', 'symlink_install': False, 'test_result_base': None}
[0.122s] colcon.colcon_core.executor INFO Executing jobs using 'parallel' executor
[0.123s] colcon.colcon_parallel_executor.executor.parallel DEBUG run_until_complete
[0.123s] colcon.colcon_ros.task.ament_cmake.build INFO Building ROS package in '/home/bth/workspace/a3_remote_bridge/26.7.25发球部署/pingpang_ustc-srf/hope_ws/src/hope_msgs' with build type 'ament_cmake'
[0.123s] colcon.colcon_cmake.task.cmake.build INFO Building CMake package in '/home/bth/workspace/a3_remote_bridge/26.7.25发球部署/pingpang_ustc-srf/hope_ws/src/hope_msgs'
[0.126s] colcon.colcon_core.plugin_system INFO Skipping extension 'colcon_core.shell.bat': Not used on non-Windows systems
[0.126s] colcon.colcon_core.shell INFO Skip shell extension 'powershell' for command environment: Not usable outside of PowerShell
[0.126s] colcon.colcon_core.shell DEBUG Skip shell extension 'dsv' for command environment
[30.148s] colcon.colcon_core.event_handler.log_command DEBUG Invoking command in '/home/bth/workspace/a3_remote_bridge/.hope_ros2/build/hope_msgs': CMAKE_PREFIX_PATH=${CMAKE_PREFIX_PATH}:/home/bth/workspace/Mocap/install/ppmocap_tools:/home/bth/workspace/Mocap/install/ppmocap_prediction:/opt/ros/humble /usr/bin/cmake /home/bth/workspace/a3_remote_bridge/26.7.25发球部署/pingpang_ustc-srf/hope_ws/src/hope_msgs -DPython3_EXECUTABLE=/usr/bin/python3 -DCMAKE_INSTALL_PREFIX=/home/bth/workspace/a3_remote_bridge/.hope_ros2/install/hope_msgs
[60.172s] colcon.colcon_core.event_handler.log_command DEBUG Invoked command in '/home/bth/workspace/a3_remote_bridge/.hope_ros2/build/hope_msgs' returned '0': CMAKE_PREFIX_PATH=${CMAKE_PREFIX_PATH}:/home/bth/workspace/Mocap/install/ppmocap_tools:/home/bth/workspace/Mocap/install/ppmocap_prediction:/opt/ros/humble /usr/bin/cmake /home/bth/workspace/a3_remote_bridge/26.7.25发球部署/pingpang_ustc-srf/hope_ws/src/hope_msgs -DPython3_EXECUTABLE=/usr/bin/python3 -DCMAKE_INSTALL_PREFIX=/home/bth/workspace/a3_remote_bridge/.hope_ros2/install/hope_msgs
[60.173s] colcon.colcon_core.event_handler.log_command DEBUG Invoking command in '/home/bth/workspace/a3_remote_bridge/.hope_ros2/build/hope_msgs': CMAKE_PREFIX_PATH=${CMAKE_PREFIX_PATH}:/home/bth/workspace/Mocap/install/ppmocap_tools:/home/bth/workspace/Mocap/install/ppmocap_prediction:/opt/ros/humble /usr/bin/cmake --build /home/bth/workspace/a3_remote_bridge/.hope_ros2/build/hope_msgs -- -j20 -l20
[60.777s] colcon.colcon_core.environment Level 1 create_environment_scripts_only(hope_msgs)
[60.778s] colcon.colcon_core.event_handler.log_command DEBUG Invoked command in '/home/bth/workspace/a3_remote_bridge/.hope_ros2/build/hope_msgs' returned '2': CMAKE_PREFIX_PATH=${CMAKE_PREFIX_PATH}:/home/bth/workspace/Mocap/install/ppmocap_tools:/home/bth/workspace/Mocap/install/ppmocap_prediction:/opt/ros/humble /usr/bin/cmake --build /home/bth/workspace/a3_remote_bridge/.hope_ros2/build/hope_msgs -- -j20 -l20
[60.782s] colcon.colcon_core.environment Level 1 checking '/home/bth/workspace/a3_remote_bridge/.hope_ros2/install/hope_msgs' for CMake module files
[60.782s] colcon.colcon_core.environment Level 1 checking '/home/bth/workspace/a3_remote_bridge/.hope_ros2/install/hope_msgs' for CMake config files
[60.783s] colcon.colcon_core.shell Level 1 create_environment_hook('hope_msgs', 'cmake_prefix_path')
[60.783s] colcon.colcon_core.shell INFO Creating environment hook '/home/bth/workspace/a3_remote_bridge/.hope_ros2/install/hope_msgs/share/hope_msgs/hook/cmake_prefix_path.ps1'
[60.783s] colcon.colcon_core.shell INFO Creating environment descriptor '/home/bth/workspace/a3_remote_bridge/.hope_ros2/install/hope_msgs/share/hope_msgs/hook/cmake_prefix_path.dsv'
[60.784s] colcon.colcon_core.shell INFO Creating environment hook '/home/bth/workspace/a3_remote_bridge/.hope_ros2/install/hope_msgs/share/hope_msgs/hook/cmake_prefix_path.sh'
[60.784s] colcon.colcon_core.environment Level 1 checking '/home/bth/workspace/a3_remote_bridge/.hope_ros2/install/hope_msgs/lib'
[60.784s] colcon.colcon_core.shell Level 1 create_environment_hook('hope_msgs', 'ld_library_path_lib')
[60.784s] colcon.colcon_core.shell INFO Creating environment hook '/home/bth/workspace/a3_remote_bridge/.hope_ros2/install/hope_msgs/share/hope_msgs/hook/ld_library_path_lib.ps1'
[60.785s] colcon.colcon_core.shell INFO Creating environment descriptor '/home/bth/workspace/a3_remote_bridge/.hope_ros2/install/hope_msgs/share/hope_msgs/hook/ld_library_path_lib.dsv'
[60.785s] colcon.colcon_core.shell INFO Creating environment hook '/home/bth/workspace/a3_remote_bridge/.hope_ros2/install/hope_msgs/share/hope_msgs/hook/ld_library_path_lib.sh'
[60.785s] colcon.colcon_core.environment Level 1 checking '/home/bth/workspace/a3_remote_bridge/.hope_ros2/install/hope_msgs/bin'
[60.785s] colcon.colcon_core.environment Level 1 checking '/home/bth/workspace/a3_remote_bridge/.hope_ros2/install/hope_msgs/lib/pkgconfig/hope_msgs.pc'
[60.785s] colcon.colcon_core.environment Level 1 checking '/home/bth/workspace/a3_remote_bridge/.hope_ros2/install/hope_msgs/lib/python3.10/site-packages'
[60.785s] colcon.colcon_core.environment Level 1 checking '/home/bth/workspace/a3_remote_bridge/.hope_ros2/install/hope_msgs/bin'
[60.785s] colcon.colcon_core.shell INFO Creating package script '/home/bth/workspace/a3_remote_bridge/.hope_ros2/install/hope_msgs/share/hope_msgs/package.ps1'
[60.786s] colcon.colcon_core.shell INFO Creating package descriptor '/home/bth/workspace/a3_remote_bridge/.hope_ros2/install/hope_msgs/share/hope_msgs/package.dsv'
[60.786s] colcon.colcon_core.shell INFO Creating package script '/home/bth/workspace/a3_remote_bridge/.hope_ros2/install/hope_msgs/share/hope_msgs/package.sh'
[60.787s] colcon.colcon_core.shell INFO Creating package script '/home/bth/workspace/a3_remote_bridge/.hope_ros2/install/hope_msgs/share/hope_msgs/package.bash'
[60.787s] colcon.colcon_core.shell INFO Creating package script '/home/bth/workspace/a3_remote_bridge/.hope_ros2/install/hope_msgs/share/hope_msgs/package.zsh'
[60.788s] colcon.colcon_core.environment Level 1 create_file_with_runtime_dependencies(/home/bth/workspace/a3_remote_bridge/.hope_ros2/install/hope_msgs/share/colcon-core/packages/hope_msgs)
[60.788s] colcon.colcon_parallel_executor.executor.parallel DEBUG closing loop
[60.788s] colcon.colcon_parallel_executor.executor.parallel DEBUG loop closed
[60.788s] colcon.colcon_parallel_executor.executor.parallel DEBUG run_until_complete finished with '2'
[60.788s] colcon.colcon_core.event_reactor DEBUG joining thread
[60.791s] colcon.colcon_core.plugin_system INFO Skipping extension 'colcon_notification.desktop_notification.terminal_notifier': Not used on non-Darwin systems
[60.791s] colcon.colcon_core.plugin_system INFO Skipping extension 'colcon_notification.desktop_notification.win32': Not used on non-Windows systems
[60.791s] colcon.colcon_notification.desktop_notification INFO Sending desktop notification using 'notify2'
[60.791s] colcon.colcon_notification.desktop_notification.notify2 DEBUG Failed to initialize notify2: org.freedesktop.DBus.Error.AccessDenied: Failed to connect to socket /run/user/1000/bus: Operation not permitted
[60.791s] colcon.colcon_core.event_reactor DEBUG joined thread
[60.792s] colcon.colcon_core.shell INFO Creating prefix script '/home/bth/workspace/a3_remote_bridge/.hope_ros2/install/local_setup.ps1'
[60.792s] colcon.colcon_core.shell INFO Creating prefix util module '/home/bth/workspace/a3_remote_bridge/.hope_ros2/install/_local_setup_util_ps1.py'
[60.793s] colcon.colcon_core.shell INFO Creating prefix chain script '/home/bth/workspace/a3_remote_bridge/.hope_ros2/install/setup.ps1'
[60.794s] colcon.colcon_core.shell INFO Creating prefix script '/home/bth/workspace/a3_remote_bridge/.hope_ros2/install/local_setup.sh'
[60.794s] colcon.colcon_core.shell INFO Creating prefix util module '/home/bth/workspace/a3_remote_bridge/.hope_ros2/install/_local_setup_util_sh.py'
[60.795s] colcon.colcon_core.shell INFO Creating prefix chain script '/home/bth/workspace/a3_remote_bridge/.hope_ros2/install/setup.sh'
[60.796s] colcon.colcon_core.shell INFO Creating prefix script '/home/bth/workspace/a3_remote_bridge/.hope_ros2/install/local_setup.bash'
[60.796s] colcon.colcon_core.shell INFO Creating prefix chain script '/home/bth/workspace/a3_remote_bridge/.hope_ros2/install/setup.bash'
[60.796s] colcon.colcon_core.shell INFO Creating prefix script '/home/bth/workspace/a3_remote_bridge/.hope_ros2/install/local_setup.zsh'
[60.797s] colcon.colcon_core.shell INFO Creating prefix chain script '/home/bth/workspace/a3_remote_bridge/.hope_ros2/install/setup.zsh'
