[60.223s] Invoking command in '/home/bth/workspace/a3_remote_bridge/26.7.25发球部署/pingpang_ustc-srf/hope_ws/src/hope_planner': AMENT_PREFIX_PATH=/home/bth/workspace/a3_remote_bridge/.hope_ros2/install/hope_msgs:${AMENT_PREFIX_PATH} CMAKE_PREFIX_PATH=/home/bth/workspace/a3_remote_bridge/.hope_ros2/install/hope_msgs:${CMAKE_PREFIX_PATH} LD_LIBRARY_PATH=/home/bth/workspace/a3_remote_bridge/.hope_ros2/install/hope_msgs/lib:${LD_LIBRARY_PATH} PYTHONPATH=/home/bth/workspace/a3_remote_bridge/.hope_ros2/build/hope_planner/prefix_override:/usr/lib/python3/dist-packages/colcon_core/task/python/colcon_distutils_commands:/home/bth/workspace/a3_remote_bridge/.hope_ros2/install/hope_planner/lib/python3.10/site-packages:/home/bth/workspace/a3_remote_bridge/.hope_ros2/install/hope_msgs/local/lib/python3.10/dist-packages:${PYTHONPATH} /usr/bin/python3 -W ignore:setup.py install is deprecated -W ignore:easy_install command is deprecated setup.py egg_info --egg-base ../../../../../.hope_ros2/build/hope_planner build --build-base /home/bth/workspace/a3_remote_bridge/.hope_ros2/build/hope_planner/build install --record /home/bth/workspace/a3_remote_bridge/.hope_ros2/build/hope_planner/install.log --single-version-externally-managed install_data
[60.322s] running egg_info
[60.322s] writing ../../../../../.hope_ros2/build/hope_planner/hope_planner.egg-info/PKG-INFO
[60.322s] writing dependency_links to ../../../../../.hope_ros2/build/hope_planner/hope_planner.egg-info/dependency_links.txt
[60.322s] writing entry points to ../../../../../.hope_ros2/build/hope_planner/hope_planner.egg-info/entry_points.txt
[60.322s] writing requirements to ../../../../../.hope_ros2/build/hope_planner/hope_planner.egg-info/requires.txt
[60.322s] writing top-level names to ../../../../../.hope_ros2/build/hope_planner/hope_planner.egg-info/top_level.txt
[60.323s] reading manifest file '../../../../../.hope_ros2/build/hope_planner/hope_planner.egg-info/SOURCES.txt'
[60.323s] writing manifest file '../../../../../.hope_ros2/build/hope_planner/hope_planner.egg-info/SOURCES.txt'
[60.323s] running build
[60.324s] running build_py
[60.324s] copying hope_planner/node.py -> /home/bth/workspace/a3_remote_bridge/.hope_ros2/build/hope_planner/build/lib/hope_planner
[60.324s] running install
[60.325s] running install_lib
[60.325s] copying /home/bth/workspace/a3_remote_bridge/.hope_ros2/build/hope_planner/build/lib/hope_planner/node.py -> /home/bth/workspace/a3_remote_bridge/.hope_ros2/install/hope_planner/lib/python3.10/site-packages/hope_planner
[60.325s] byte-compiling /home/bth/workspace/a3_remote_bridge/.hope_ros2/install/hope_planner/lib/python3.10/site-packages/hope_planner/node.py to node.cpython-310.pyc
[60.327s] running install_data
[60.327s] copying config/hope_planner.yaml -> /home/bth/workspace/a3_remote_bridge/.hope_ros2/install/hope_planner/share/hope_planner/config
[60.327s] running install_egg_info
[60.328s] removing '/home/bth/workspace/a3_remote_bridge/.hope_ros2/install/hope_planner/lib/python3.10/site-packages/hope_planner-0.0.0-py3.10.egg-info' (and everything under it)
[60.328s] Copying ../../../../../.hope_ros2/build/hope_planner/hope_planner.egg-info to /home/bth/workspace/a3_remote_bridge/.hope_ros2/install/hope_planner/lib/python3.10/site-packages/hope_planner-0.0.0-py3.10.egg-info
[60.328s] running install_scripts
[60.338s] Installing hope_bag_to_csv script to /home/bth/workspace/a3_remote_bridge/.hope_ros2/install/hope_planner/lib/hope_planner
[60.338s] Installing hope_planner_node script to /home/bth/workspace/a3_remote_bridge/.hope_ros2/install/hope_planner/lib/hope_planner
[60.339s] writing list of installed files to '/home/bth/workspace/a3_remote_bridge/.hope_ros2/build/hope_planner/install.log'
[60.352s] Invoked command in '/home/bth/workspace/a3_remote_bridge/26.7.25发球部署/pingpang_ustc-srf/hope_ws/src/hope_planner' returned '0': AMENT_PREFIX_PATH=/home/bth/workspace/a3_remote_bridge/.hope_ros2/install/hope_msgs:${AMENT_PREFIX_PATH} CMAKE_PREFIX_PATH=/home/bth/workspace/a3_remote_bridge/.hope_ros2/install/hope_msgs:${CMAKE_PREFIX_PATH} LD_LIBRARY_PATH=/home/bth/workspace/a3_remote_bridge/.hope_ros2/install/hope_msgs/lib:${LD_LIBRARY_PATH} PYTHONPATH=/home/bth/workspace/a3_remote_bridge/.hope_ros2/build/hope_planner/prefix_override:/usr/lib/python3/dist-packages/colcon_core/task/python/colcon_distutils_commands:/home/bth/workspace/a3_remote_bridge/.hope_ros2/install/hope_planner/lib/python3.10/site-packages:/home/bth/workspace/a3_remote_bridge/.hope_ros2/install/hope_msgs/local/lib/python3.10/dist-packages:${PYTHONPATH} /usr/bin/python3 -W ignore:setup.py install is deprecated -W ignore:easy_install command is deprecated setup.py egg_info --egg-base ../../../../../.hope_ros2/build/hope_planner build --build-base /home/bth/workspace/a3_remote_bridge/.hope_ros2/build/hope_planner/build install --record /home/bth/workspace/a3_remote_bridge/.hope_ros2/build/hope_planner/install.log --single-version-externally-managed install_data
