-- The C compiler identification is GNU 11.4.0
-- The CXX compiler identification is GNU 11.4.0
-- Detecting C compiler ABI info
-- Detecting C compiler ABI info - done
-- Check for working C compiler: /usr/bin/cc - skipped
-- Detecting C compile features
-- Detecting C compile features - done
-- Detecting CXX compiler ABI info
-- Detecting CXX compiler ABI info - done
-- Check for working CXX compiler: /usr/bin/c++ - skipped
-- Detecting CXX compile features
-- Detecting CXX compile features - done
-- Found ament_cmake: 1.3.13 (/opt/ros/humble/share/ament_cmake/cmake)
-- Found Python3: /usr/bin/python3 (found version "3.10.12") found components: Interpreter 
-- Found geometry_msgs: 4.9.1 (/opt/ros/humble/share/geometry_msgs/cmake)
-- Found rosidl_generator_c: 3.1.8 (/opt/ros/humble/share/rosidl_generator_c/cmake)
-- Found rosidl_adapter: 3.1.8 (/opt/ros/humble/share/rosidl_adapter/cmake)
-- Found rosidl_generator_cpp: 3.1.8 (/opt/ros/humble/share/rosidl_generator_cpp/cmake)
-- Using all available rosidl_typesupport_c: rosidl_typesupport_fastrtps_c;rosidl_typesupport_introspection_c
-- Using all available rosidl_typesupport_cpp: rosidl_typesupport_fastrtps_cpp;rosidl_typesupport_introspection_cpp
-- Found rosidl_default_generators: 1.2.0 (/opt/ros/humble/share/rosidl_default_generators/cmake)
-- Found ament_cmake_ros: 0.10.0 (/opt/ros/humble/share/ament_cmake_ros/cmake)
-- Using all available rosidl_typesupport_c: rosidl_typesupport_fastrtps_c;rosidl_typesupport_introspection_c
-- Using all available rosidl_typesupport_cpp: rosidl_typesupport_fastrtps_cpp;rosidl_typesupport_introspection_cpp
-- Found python_cmake_module: 0.10.0 (/opt/ros/humble/share/python_cmake_module/cmake)
-- Using PYTHON_EXECUTABLE: /home/bth/miniconda3/envs/humanoid-rl-lab/bin/python3
-- Using PYTHON_INCLUDE_DIRS: /home/bth/miniconda3/envs/humanoid-rl-lab/include/python3.11
-- Using PYTHON_LIBRARIES: /home/bth/miniconda3/envs/humanoid-rl-lab/lib/libpython3.11.so
-- Using numpy include directory: /home/bth/miniconda3/envs/humanoid-rl-lab/lib/python3.11/site-packages/numpy/_core/include
-- Found ament_lint_auto: 0.12.15 (/opt/ros/humble/share/ament_lint_auto/cmake)
-- Added test 'lint_cmake' to check CMake code style
-- Added test 'xmllint' to check XML markup files
-- Configuring done
-- Generating done
-- Build files have been written to: /home/bth/workspace/a3_remote_bridge/.hope_ros2/build/hope_msgs
[  3%] Generating C code for ROS interfaces
[  6%] Generating C++ code for ROS interfaces
[  6%] Built target ament_cmake_python_copy_hope_msgs
running egg_info
writing hope_msgs.egg-info/PKG-INFO
writing dependency_links to hope_msgs.egg-info/dependency_links.txt
writing top-level names to hope_msgs.egg-info/top_level.txt
reading manifest file 'hope_msgs.egg-info/SOURCES.txt'
Consolidate compiler generated dependencies of target hope_msgs__rosidl_generator_c
[  9%] Building C object CMakeFiles/hope_msgs__rosidl_generator_c.dir/rosidl_generator_c/hope_msgs/msg/detail/racket_command__functions.c.o
[  9%] Built target hope_msgs__cpp
[ 16%] Generating C++ type support dispatch for ROS interfaces
[ 16%] Generating C++ introspection for ROS interfaces
[ 19%] Generating C++ type support for eProsima Fast-RTPS
[ 22%] Linking C shared library libhope_msgs__rosidl_generator_c.so
[ 22%] Built target hope_msgs__rosidl_generator_c
Consolidate compiler generated dependencies of target hope_msgs__rosidl_typesupport_cpp
[ 25%] Building CXX object CMakeFiles/hope_msgs__rosidl_typesupport_cpp.dir/rosidl_typesupport_cpp/hope_msgs/msg/racket_command__type_support.cpp.o
Consolidate compiler generated dependencies of target hope_msgs__rosidl_typesupport_fastrtps_cpp
Consolidate compiler generated dependencies of target hope_msgs__rosidl_typesupport_introspection_cpp
[ 29%] Building CXX object CMakeFiles/hope_msgs__rosidl_typesupport_fastrtps_cpp.dir/rosidl_typesupport_fastrtps_cpp/hope_msgs/msg/detail/dds_fastrtps/racket_command__type_support.cpp.o
[ 32%] Building CXX object CMakeFiles/hope_msgs__rosidl_typesupport_introspection_cpp.dir/rosidl_typesupport_introspection_cpp/hope_msgs/msg/detail/racket_command__type_support.cpp.o
[ 35%] Linking CXX shared library libhope_msgs__rosidl_typesupport_cpp.so
[ 35%] Built target hope_msgs__rosidl_typesupport_cpp
[ 38%] Linking CXX shared library libhope_msgs__rosidl_typesupport_introspection_cpp.so
[ 41%] Linking CXX shared library libhope_msgs__rosidl_typesupport_fastrtps_cpp.so
[ 41%] Built target hope_msgs__rosidl_typesupport_introspection_cpp
[ 41%] Built target hope_msgs__rosidl_typesupport_fastrtps_cpp
