-- The C compiler identification is GNU 11.4.0
-- The CXX compiler identification is GNU 11.4.0
-- Detecting C compiler ABI info
-- Detecting C compiler ABI info - done
-- Check for working C compiler: /usr/bin/cc - skipped
-- Detecting C compile features
-- Detecting C compile features - done
-- Detecting CXX compiler ABI info
-- Detecting CXX compiler ABI info - done
-- Check for working CXX compiler: /usr/bin/c++ - skipped
-- Detecting CXX compile features
-- Detecting CXX compile features - done
-- Found ament_cmake: 1.3.13 (/opt/ros/humble/share/ament_cmake/cmake)
-- Found Python3: /usr/bin/python3 (found version "3.10.12") found components: Interpreter 
-- Found geometry_msgs: 4.9.1 (/opt/ros/humble/share/geometry_msgs/cmake)
-- Found rosidl_generator_c: 3.1.8 (/opt/ros/humble/share/rosidl_generator_c/cmake)
-- Found rosidl_adapter: 3.1.8 (/opt/ros/humble/share/rosidl_adapter/cmake)
-- Found rosidl_generator_cpp: 3.1.8 (/opt/ros/humble/share/rosidl_generator_cpp/cmake)
-- Using all available rosidl_typesupport_c: rosidl_typesupport_fastrtps_c;rosidl_typesupport_introspection_c
-- Using all available rosidl_typesupport_cpp: rosidl_typesupport_fastrtps_cpp;rosidl_typesupport_introspection_cpp
-- Found rosidl_default_generators: 1.2.0 (/opt/ros/humble/share/rosidl_default_generators/cmake)
-- Found ament_cmake_ros: 0.10.0 (/opt/ros/humble/share/ament_cmake_ros/cmake)
-- Using all available rosidl_typesupport_c: rosidl_typesupport_fastrtps_c;rosidl_typesupport_introspection_c
-- Using all available rosidl_typesupport_cpp: rosidl_typesupport_fastrtps_cpp;rosidl_typesupport_introspection_cpp
-- Found python_cmake_module: 0.10.0 (/opt/ros/humble/share/python_cmake_module/cmake)
-- Using PYTHON_EXECUTABLE: /home/bth/miniconda3/envs/humanoid-rl-lab/bin/python3
-- Using PYTHON_INCLUDE_DIRS: /home/bth/miniconda3/envs/humanoid-rl-lab/include/python3.11
-- Using PYTHON_LIBRARIES: /home/bth/miniconda3/envs/humanoid-rl-lab/lib/libpython3.11.so
-- Using numpy include directory: /home/bth/miniconda3/envs/humanoid-rl-lab/lib/python3.11/site-packages/numpy/_core/include
-- Found ament_lint_auto: 0.12.15 (/opt/ros/humble/share/ament_lint_auto/cmake)
-- Added test 'lint_cmake' to check CMake code style
-- Added test 'xmllint' to check XML markup files
-- Configuring done
-- Generating done
-- Build files have been written to: /home/bth/workspace/a3_remote_bridge/.hope_ros2/build/hope_msgs
[  3%] Generating C code for ROS interfaces
[  6%] Generating C++ code for ROS interfaces
[  6%] Built target ament_cmake_python_copy_hope_msgs
running egg_info
writing hope_msgs.egg-info/PKG-INFO
writing dependency_links to hope_msgs.egg-info/dependency_links.txt
writing top-level names to hope_msgs.egg-info/top_level.txt
reading manifest file 'hope_msgs.egg-info/SOURCES.txt'
Consolidate compiler generated dependencies of target hope_msgs__rosidl_generator_c
Traceback (most recent call last):
  File "/home/bth/workspace/a3_remote_bridge/.hope_ros2/build/hope_msgs/ament_cmake_python/hope_msgs/setup.py", line 4, in <module>
    setup(
  File "/home/bth/.local/lib/python3.10/site-packages/setuptools/__init__.py", line 117, in setup
    return distutils.core.setup(**attrs)  # type: ignore[return-value]
  File "/home/bth/.local/lib/python3.10/site-packages/setuptools/_distutils/core.py", line 186, in setup
    return run_commands(dist)
  File "/home/bth/.local/lib/python3.10/site-packages/setuptools/_distutils/core.py", line 202, in run_commands
    dist.run_commands()
  File "/home/bth/.local/lib/python3.10/site-packages/setuptools/_distutils/dist.py", line 1001, in run_commands
    self.run_command(cmd)
  File "/home/bth/.local/lib/python3.10/site-packages/setuptools/dist.py", line 1107, in run_command
    super().run_command(command)
  File "/home/bth/.local/lib/python3.10/site-packages/setuptools/_distutils/dist.py", line 1020, in run_command
    cmd_obj.run()
  File "/home/bth/.local/lib/python3.10/site-packages/setuptools/command/egg_info.py", line 338, in run
    self.find_sources()
  File "/home/bth/.local/lib/python3.10/site-packages/setuptools/command/egg_info.py", line 346, in find_sources
    mm.run()
  File "/home/bth/.local/lib/python3.10/site-packages/setuptools/command/egg_info.py", line 573, in run
    self.prune_file_list()
  File "/home/bth/.local/lib/python3.10/site-packages/setuptools/command/sdist.py", line 163, in prune_file_list
    super().prune_file_list()
  File "/home/bth/.local/lib/python3.10/site-packages/setuptools/_distutils/command/sdist.py", line 386, in prune_file_list
    base_dir = self.distribution.get_fullname()
  File "/home/bth/.local/lib/python3.10/site-packages/setuptools/_core_metadata.py", line 275, in get_fullname
    return _distribution_fullname(self.get_name(), self.get_version())
  File "/home/bth/.local/lib/python3.10/site-packages/setuptools/_core_metadata.py", line 293, in _distribution_fullname
    canonicalize_version(version, strip_trailing_zero=False),
TypeError: canonicalize_version() got an unexpected keyword argument 'strip_trailing_zero'
[  9%] Building C object CMakeFiles/hope_msgs__rosidl_generator_c.dir/rosidl_generator_c/hope_msgs/msg/detail/racket_command__functions.c.o
[  9%] Built target hope_msgs__cpp
[ 16%] Generating C++ type support dispatch for ROS interfaces
[ 16%] Generating C++ introspection for ROS interfaces
[ 19%] Generating C++ type support for eProsima Fast-RTPS
gmake[2]: *** [CMakeFiles/ament_cmake_python_build_hope_msgs_egg.dir/build.make:70：CMakeFiles/ament_cmake_python_build_hope_msgs_egg] 错误 1
gmake[1]: *** [CMakeFiles/Makefile2:447：CMakeFiles/ament_cmake_python_build_hope_msgs_egg.dir/all] 错误 2
gmake[1]: *** 正在等待未完成的任务....
[ 22%] Linking C shared library libhope_msgs__rosidl_generator_c.so
[ 22%] Built target hope_msgs__rosidl_generator_c
Consolidate compiler generated dependencies of target hope_msgs__rosidl_typesupport_cpp
[ 25%] Building CXX object CMakeFiles/hope_msgs__rosidl_typesupport_cpp.dir/rosidl_typesupport_cpp/hope_msgs/msg/racket_command__type_support.cpp.o
Consolidate compiler generated dependencies of target hope_msgs__rosidl_typesupport_fastrtps_cpp
Consolidate compiler generated dependencies of target hope_msgs__rosidl_typesupport_introspection_cpp
[ 29%] Building CXX object CMakeFiles/hope_msgs__rosidl_typesupport_fastrtps_cpp.dir/rosidl_typesupport_fastrtps_cpp/hope_msgs/msg/detail/dds_fastrtps/racket_command__type_support.cpp.o
[ 32%] Building CXX object CMakeFiles/hope_msgs__rosidl_typesupport_introspection_cpp.dir/rosidl_typesupport_introspection_cpp/hope_msgs/msg/detail/racket_command__type_support.cpp.o
[ 35%] Linking CXX shared library libhope_msgs__rosidl_typesupport_cpp.so
[ 35%] Built target hope_msgs__rosidl_typesupport_cpp
[ 38%] Linking CXX shared library libhope_msgs__rosidl_typesupport_introspection_cpp.so
[ 41%] Linking CXX shared library libhope_msgs__rosidl_typesupport_fastrtps_cpp.so
[ 41%] Built target hope_msgs__rosidl_typesupport_introspection_cpp
[ 41%] Built target hope_msgs__rosidl_typesupport_fastrtps_cpp
gmake: *** [Makefile:146：all] 错误 2
