[30.024s] Invoking command in '/home/bth/workspace/a3_remote_bridge/.hope_ros2/build/hope_msgs': CMAKE_PREFIX_PATH=${CMAKE_PREFIX_PATH}:/home/bth/workspace/Mocap/install/ppmocap_tools:/home/bth/workspace/Mocap/install/ppmocap_prediction:/opt/ros/humble /usr/bin/cmake /home/bth/workspace/a3_remote_bridge/26.7.25发球部署/pingpang_ustc-srf/hope_ws/src/hope_msgs -DPython3_EXECUTABLE=/usr/bin/python3 -DCMAKE_INSTALL_PREFIX=/home/bth/workspace/a3_remote_bridge/.hope_ros2/install/hope_msgs
[30.100s] -- The C compiler identification is GNU 11.4.0
[30.137s] -- The CXX compiler identification is GNU 11.4.0
[30.143s] -- Detecting C compiler ABI info
[30.197s] -- Detecting C compiler ABI info - done
[30.200s] -- Check for working C compiler: /usr/bin/cc - skipped
[30.200s] -- Detecting C compile features
[30.201s] -- Detecting C compile features - done
[30.203s] -- Detecting CXX compiler ABI info
[30.260s] -- Detecting CXX compiler ABI info - done
[30.264s] -- Check for working CXX compiler: /usr/bin/c++ - skipped
[30.264s] -- Detecting CXX compile features
[30.265s] -- Detecting CXX compile features - done
[30.266s] -- Found ament_cmake: 1.3.13 (/opt/ros/humble/share/ament_cmake/cmake)
[30.471s] -- Found Python3: /usr/bin/python3 (found version "3.10.12") found components: Interpreter 
[30.521s] -- Found geometry_msgs: 4.9.1 (/opt/ros/humble/share/geometry_msgs/cmake)
[30.542s] -- Found rosidl_generator_c: 3.1.8 (/opt/ros/humble/share/rosidl_generator_c/cmake)
[30.544s] -- Found rosidl_adapter: 3.1.8 (/opt/ros/humble/share/rosidl_adapter/cmake)
[30.549s] -- Found rosidl_generator_cpp: 3.1.8 (/opt/ros/humble/share/rosidl_generator_cpp/cmake)
[30.554s] -- Using all available rosidl_typesupport_c: rosidl_typesupport_fastrtps_c;rosidl_typesupport_introspection_c
[30.562s] -- Using all available rosidl_typesupport_cpp: rosidl_typesupport_fastrtps_cpp;rosidl_typesupport_introspection_cpp
[30.583s] -- Found rosidl_default_generators: 1.2.0 (/opt/ros/humble/share/rosidl_default_generators/cmake)
[30.751s] -- Found ament_cmake_ros: 0.10.0 (/opt/ros/humble/share/ament_cmake_ros/cmake)
[30.978s] -- Using all available rosidl_typesupport_c: rosidl_typesupport_fastrtps_c;rosidl_typesupport_introspection_c
[31.071s] -- Using all available rosidl_typesupport_cpp: rosidl_typesupport_fastrtps_cpp;rosidl_typesupport_introspection_cpp
[31.090s] -- Found python_cmake_module: 0.10.0 (/opt/ros/humble/share/python_cmake_module/cmake)
[31.111s] -- Using PYTHON_EXECUTABLE: /home/bth/miniconda3/envs/humanoid-rl-lab/bin/python3
[31.111s] -- Using PYTHON_INCLUDE_DIRS: /home/bth/miniconda3/envs/humanoid-rl-lab/include/python3.11
[31.111s] -- Using PYTHON_LIBRARIES: /home/bth/miniconda3/envs/humanoid-rl-lab/lib/libpython3.11.so
[31.180s] -- Using numpy include directory: /home/bth/miniconda3/envs/humanoid-rl-lab/lib/python3.11/site-packages/numpy/_core/include
[31.186s] -- Found ament_lint_auto: 0.12.15 (/opt/ros/humble/share/ament_lint_auto/cmake)
[31.200s] -- Added test 'lint_cmake' to check CMake code style
[31.200s] -- Added test 'xmllint' to check XML markup files
[31.202s] -- Configuring done
[31.219s] -- Generating done
[31.224s] -- Build files have been written to: /home/bth/workspace/a3_remote_bridge/.hope_ros2/build/hope_msgs
[60.048s] Invoked command in '/home/bth/workspace/a3_remote_bridge/.hope_ros2/build/hope_msgs' returned '0': CMAKE_PREFIX_PATH=${CMAKE_PREFIX_PATH}:/home/bth/workspace/Mocap/install/ppmocap_tools:/home/bth/workspace/Mocap/install/ppmocap_prediction:/opt/ros/humble /usr/bin/cmake /home/bth/workspace/a3_remote_bridge/26.7.25发球部署/pingpang_ustc-srf/hope_ws/src/hope_msgs -DPython3_EXECUTABLE=/usr/bin/python3 -DCMAKE_INSTALL_PREFIX=/home/bth/workspace/a3_remote_bridge/.hope_ros2/install/hope_msgs
[60.049s] Invoking command in '/home/bth/workspace/a3_remote_bridge/.hope_ros2/build/hope_msgs': CMAKE_PREFIX_PATH=${CMAKE_PREFIX_PATH}:/home/bth/workspace/Mocap/install/ppmocap_tools:/home/bth/workspace/Mocap/install/ppmocap_prediction:/opt/ros/humble /usr/bin/cmake --build /home/bth/workspace/a3_remote_bridge/.hope_ros2/build/hope_msgs -- -j20 -l20
[60.079s] [  3%] Generating C code for ROS interfaces
[60.092s] [  6%] Generating C++ code for ROS interfaces
[60.094s] [  6%] Built target ament_cmake_python_copy_hope_msgs
[60.208s] running egg_info
[60.218s] writing hope_msgs.egg-info/PKG-INFO
[60.218s] writing dependency_links to hope_msgs.egg-info/dependency_links.txt
[60.218s] writing top-level names to hope_msgs.egg-info/top_level.txt
[60.235s] reading manifest file 'hope_msgs.egg-info/SOURCES.txt'
[60.241s] Consolidate compiler generated dependencies of target hope_msgs__rosidl_generator_c
[60.243s] Traceback (most recent call last):
[60.243s]   File "/home/bth/workspace/a3_remote_bridge/.hope_ros2/build/hope_msgs/ament_cmake_python/hope_msgs/setup.py", line 4, in <module>
[60.243s]     setup(
[60.243s]   File "/home/bth/.local/lib/python3.10/site-packages/setuptools/__init__.py", line 117, in setup
[60.243s]     return distutils.core.setup(**attrs)  # type: ignore[return-value]
[60.243s]   File "/home/bth/.local/lib/python3.10/site-packages/setuptools/_distutils/core.py", line 186, in setup
[60.243s]     return run_commands(dist)
[60.243s]   File "/home/bth/.local/lib/python3.10/site-packages/setuptools/_distutils/core.py", line 202, in run_commands
[60.243s]     dist.run_commands()
[60.243s]   File "/home/bth/.local/lib/python3.10/site-packages/setuptools/_distutils/dist.py", line 1001, in run_commands
[60.245s]     self.run_command(cmd)
[60.245s]   File "/home/bth/.local/lib/python3.10/site-packages/setuptools/dist.py", line 1107, in run_command
[60.245s]     super().run_command(command)
[60.245s]   File "/home/bth/.local/lib/python3.10/site-packages/setuptools/_distutils/dist.py", line 1020, in run_command
[60.245s]     cmd_obj.run()
[60.245s]   File "/home/bth/.local/lib/python3.10/site-packages/setuptools/command/egg_info.py", line 338, in run
[60.245s]     self.find_sources()
[60.245s]   File "/home/bth/.local/lib/python3.10/site-packages/setuptools/command/egg_info.py", line 346, in find_sources
[60.245s]     mm.run()
[60.245s]   File "/home/bth/.local/lib/python3.10/site-packages/setuptools/command/egg_info.py", line 573, in run
[60.245s]     self.prune_file_list()
[60.245s]   File "/home/bth/.local/lib/python3.10/site-packages/setuptools/command/sdist.py", line 163, in prune_file_list
[60.245s]     super().prune_file_list()
[60.245s]   File "/home/bth/.local/lib/python3.10/site-packages/setuptools/_distutils/command/sdist.py", line 386, in prune_file_list
[60.246s]     base_dir = self.distribution.get_fullname()
[60.246s]   File "/home/bth/.local/lib/python3.10/site-packages/setuptools/_core_metadata.py", line 275, in get_fullname
[60.246s]     return _distribution_fullname(self.get_name(), self.get_version())
[60.247s]   File "/home/bth/.local/lib/python3.10/site-packages/setuptools/_core_metadata.py", line 293, in _distribution_fullname
[60.247s]     canonicalize_version(version, strip_trailing_zero=False),
[60.247s] TypeError: canonicalize_version() got an unexpected keyword argument 'strip_trailing_zero'
[60.247s] [  9%] Building C object CMakeFiles/hope_msgs__rosidl_generator_c.dir/rosidl_generator_c/hope_msgs/msg/detail/racket_command__functions.c.o
[60.247s] [  9%] Built target hope_msgs__cpp
[60.255s] [ 16%] Generating C++ type support dispatch for ROS interfaces
[60.255s] [ 16%] Generating C++ introspection for ROS interfaces
[60.259s] [ 19%] Generating C++ type support for eProsima Fast-RTPS
[60.262s] gmake[2]: *** [CMakeFiles/ament_cmake_python_build_hope_msgs_egg.dir/build.make:70：CMakeFiles/ament_cmake_python_build_hope_msgs_egg] 错误 1
[60.262s] gmake[1]: *** [CMakeFiles/Makefile2:447：CMakeFiles/ament_cmake_python_build_hope_msgs_egg.dir/all] 错误 2
[60.262s] gmake[1]: *** 正在等待未完成的任务....
[60.284s] [ 22%] Linking C shared library libhope_msgs__rosidl_generator_c.so
[60.310s] [ 22%] Built target hope_msgs__rosidl_generator_c
[60.401s] Consolidate compiler generated dependencies of target hope_msgs__rosidl_typesupport_cpp
[60.412s] [ 25%] Building CXX object CMakeFiles/hope_msgs__rosidl_typesupport_cpp.dir/rosidl_typesupport_cpp/hope_msgs/msg/racket_command__type_support.cpp.o
[60.413s] Consolidate compiler generated dependencies of target hope_msgs__rosidl_typesupport_fastrtps_cpp
[60.414s] Consolidate compiler generated dependencies of target hope_msgs__rosidl_typesupport_introspection_cpp
[60.421s] [ 29%] Building CXX object CMakeFiles/hope_msgs__rosidl_typesupport_fastrtps_cpp.dir/rosidl_typesupport_fastrtps_cpp/hope_msgs/msg/detail/dds_fastrtps/racket_command__type_support.cpp.o
[60.426s] [ 32%] Building CXX object CMakeFiles/hope_msgs__rosidl_typesupport_introspection_cpp.dir/rosidl_typesupport_introspection_cpp/hope_msgs/msg/detail/racket_command__type_support.cpp.o
[60.540s] [ 35%] Linking CXX shared library libhope_msgs__rosidl_typesupport_cpp.so
[60.571s] [ 35%] Built target hope_msgs__rosidl_typesupport_cpp
[60.588s] [ 38%] Linking CXX shared library libhope_msgs__rosidl_typesupport_introspection_cpp.so
[60.599s] [ 41%] Linking CXX shared library libhope_msgs__rosidl_typesupport_fastrtps_cpp.so
[60.629s] [ 41%] Built target hope_msgs__rosidl_typesupport_introspection_cpp
[60.651s] [ 41%] Built target hope_msgs__rosidl_typesupport_fastrtps_cpp
[60.652s] gmake: *** [Makefile:146：all] 错误 2
[60.655s] Invoked command in '/home/bth/workspace/a3_remote_bridge/.hope_ros2/build/hope_msgs' returned '2': CMAKE_PREFIX_PATH=${CMAKE_PREFIX_PATH}:/home/bth/workspace/Mocap/install/ppmocap_tools:/home/bth/workspace/Mocap/install/ppmocap_prediction:/opt/ros/humble /usr/bin/cmake --build /home/bth/workspace/a3_remote_bridge/.hope_ros2/build/hope_msgs -- -j20 -l20
