-- The C compiler identification is GNU 11.4.0
-- The CXX compiler identification is GNU 11.4.0
-- Detecting C compiler ABI info
-- Detecting C compiler ABI info - done
-- Check for working C compiler: /usr/bin/cc - skipped
-- Detecting C compile features
-- Detecting C compile features - done
-- Detecting CXX compiler ABI info
-- Detecting CXX compiler ABI info - done
-- Check for working CXX compiler: /usr/bin/c++ - skipped
-- Detecting CXX compile features
-- Detecting CXX compile features - done
-- Found ament_cmake: 1.3.13 (/opt/ros/humble/share/ament_cmake/cmake)
-- Found Python3: /usr/bin/python3 (found version "3.10.12") found components: Interpreter 
-- Found geometry_msgs: 4.9.1 (/opt/ros/humble/share/geometry_msgs/cmake)
-- Found rosidl_generator_c: 3.1.8 (/opt/ros/humble/share/rosidl_generator_c/cmake)
-- Found rosidl_adapter: 3.1.8 (/opt/ros/humble/share/rosidl_adapter/cmake)
-- Found rosidl_generator_cpp: 3.1.8 (/opt/ros/humble/share/rosidl_generator_cpp/cmake)
-- Using all available rosidl_typesupport_c: rosidl_typesupport_fastrtps_c;rosidl_typesupport_introspection_c
-- Using all available rosidl_typesupport_cpp: rosidl_typesupport_fastrtps_cpp;rosidl_typesupport_introspection_cpp
-- Found rosidl_default_generators: 1.2.0 (/opt/ros/humble/share/rosidl_default_generators/cmake)
-- Found ament_cmake_ros: 0.10.0 (/opt/ros/humble/share/ament_cmake_ros/cmake)
-- Using all available rosidl_typesupport_c: rosidl_typesupport_fastrtps_c;rosidl_typesupport_introspection_c
-- Using all available rosidl_typesupport_cpp: rosidl_typesupport_fastrtps_cpp;rosidl_typesupport_introspection_cpp
-- Found PythonInterp: /usr/bin/python3 (found suitable version "3.10.12", minimum required is "3.6") 
-- Found python_cmake_module: 0.10.0 (/opt/ros/humble/share/python_cmake_module/cmake)
-- Found PythonLibs: /usr/lib/x86_64-linux-gnu/libpython3.10.so (found suitable version "3.10.12", minimum required is "3.5") 
-- Using PYTHON_EXECUTABLE: /usr/bin/python3
-- Using PYTHON_INCLUDE_DIRS: /usr/include/python3.10
-- Using PYTHON_LIBRARIES: /usr/lib/x86_64-linux-gnu/libpython3.10.so
-- Found PythonExtra: .so  
-- Found ament_lint_auto: 0.12.15 (/opt/ros/humble/share/ament_lint_auto/cmake)
-- Added test 'lint_cmake' to check CMake code style
-- Added test 'xmllint' to check XML markup files
-- Configuring done
-- Generating done
-- Build files have been written to: /home/bth/workspace/a3_remote_bridge/.hope_ros2/build/hope_msgs
Consolidate compiler generated dependencies of target hope_msgs__rosidl_generator_c
[  3%] Built target hope_msgs__cpp
[ 12%] Built target hope_msgs__rosidl_generator_c
Consolidate compiler generated dependencies of target hope_msgs__rosidl_typesupport_fastrtps_cpp
Consolidate compiler generated dependencies of target hope_msgs__rosidl_typesupport_cpp
[ 12%] Built target ament_cmake_python_copy_hope_msgs
Consolidate compiler generated dependencies of target hope_msgs__rosidl_typesupport_introspection_cpp
Consolidate compiler generated dependencies of target hope_msgs__rosidl_typesupport_c
Consolidate compiler generated dependencies of target hope_msgs__rosidl_typesupport_fastrtps_c
Consolidate compiler generated dependencies of target hope_msgs__rosidl_typesupport_introspection_c
[ 22%] Built target hope_msgs__rosidl_typesupport_cpp
[ 32%] Built target hope_msgs__rosidl_typesupport_introspection_cpp
[ 41%] Built target hope_msgs__rosidl_typesupport_fastrtps_cpp
[ 51%] Built target hope_msgs__rosidl_typesupport_c
[ 61%] Built target hope_msgs__rosidl_typesupport_fastrtps_c
[ 70%] Built target hope_msgs__rosidl_typesupport_introspection_c
[ 70%] Built target hope_msgs
[ 74%] Generating Python code for ROS interfaces
running egg_info
writing hope_msgs.egg-info/PKG-INFO
writing dependency_links to hope_msgs.egg-info/dependency_links.txt
writing top-level names to hope_msgs.egg-info/top_level.txt
reading manifest file 'hope_msgs.egg-info/SOURCES.txt'
writing manifest file 'hope_msgs.egg-info/SOURCES.txt'
[ 74%] Built target ament_cmake_python_build_hope_msgs_egg
[ 74%] Built target hope_msgs__py
Consolidate compiler generated dependencies of target hope_msgs__rosidl_generator_py
[ 77%] Building C object CMakeFiles/hope_msgs__rosidl_generator_py.dir/rosidl_generator_py/hope_msgs/msg/_racket_command_s.c.o
[ 80%] Linking C shared library rosidl_generator_py/hope_msgs/libhope_msgs__rosidl_generator_py.so
[ 80%] Built target hope_msgs__rosidl_generator_py
Consolidate compiler generated dependencies of target hope_msgs__rosidl_typesupport_fastrtps_c__pyext
Consolidate compiler generated dependencies of target hope_msgs__rosidl_typesupport_introspection_c__pyext
Consolidate compiler generated dependencies of target hope_msgs__rosidl_typesupport_c__pyext
[ 83%] Building C object CMakeFiles/hope_msgs__rosidl_typesupport_c__pyext.dir/rosidl_generator_py/hope_msgs/_hope_msgs_s.ep.rosidl_typesupport_c.c.o
[ 87%] Building C object CMakeFiles/hope_msgs__rosidl_typesupport_fastrtps_c__pyext.dir/rosidl_generator_py/hope_msgs/_hope_msgs_s.ep.rosidl_typesupport_fastrtps_c.c.o
[ 90%] Building C object CMakeFiles/hope_msgs__rosidl_typesupport_introspection_c__pyext.dir/rosidl_generator_py/hope_msgs/_hope_msgs_s.ep.rosidl_typesupport_introspection_c.c.o
[ 93%] Linking C shared library rosidl_generator_py/hope_msgs/hope_msgs_s__rosidl_typesupport_fastrtps_c.cpython-310-x86_64-linux-gnu.so
[ 96%] Linking C shared library rosidl_generator_py/hope_msgs/hope_msgs_s__rosidl_typesupport_c.cpython-310-x86_64-linux-gnu.so
[100%] Linking C shared library rosidl_generator_py/hope_msgs/hope_msgs_s__rosidl_typesupport_introspection_c.cpython-310-x86_64-linux-gnu.so
[100%] Built target hope_msgs__rosidl_typesupport_c__pyext
[100%] Built target hope_msgs__rosidl_typesupport_fastrtps_c__pyext
[100%] Built target hope_msgs__rosidl_typesupport_introspection_c__pyext
-- Install configuration: ""
-- Up-to-date: /home/bth/workspace/a3_remote_bridge/.hope_ros2/install/hope_msgs/share/ament_index/resource_index/rosidl_interfaces/hope_msgs
-- Up-to-date: /home/bth/workspace/a3_remote_bridge/.hope_ros2/install/hope_msgs/include/hope_msgs/hope_msgs
-- Up-to-date: /home/bth/workspace/a3_remote_bridge/.hope_ros2/install/hope_msgs/include/hope_msgs/hope_msgs/msg
-- Up-to-date: /home/bth/workspace/a3_remote_bridge/.hope_ros2/install/hope_msgs/include/hope_msgs/hope_msgs/msg/rosidl_generator_c__visibility_control.h
-- Up-to-date: /home/bth/workspace/a3_remote_bridge/.hope_ros2/install/hope_msgs/include/hope_msgs/hope_msgs/msg/detail
-- Up-to-date: /home/bth/workspace/a3_remote_bridge/.hope_ros2/install/hope_msgs/include/hope_msgs/hope_msgs/msg/detail/racket_command__struct.h
-- Up-to-date: /home/bth/workspace/a3_remote_bridge/.hope_ros2/install/hope_msgs/include/hope_msgs/hope_msgs/msg/detail/racket_command__type_support.h
-- Up-to-date: /home/bth/workspace/a3_remote_bridge/.hope_ros2/install/hope_msgs/include/hope_msgs/hope_msgs/msg/detail/racket_command__functions.h
-- Up-to-date: /home/bth/workspace/a3_remote_bridge/.hope_ros2/install/hope_msgs/include/hope_msgs/hope_msgs/msg/detail/racket_command__functions.c
-- Up-to-date: /home/bth/workspace/a3_remote_bridge/.hope_ros2/install/hope_msgs/include/hope_msgs/hope_msgs/msg/racket_command.h
-- Up-to-date: /home/bth/workspace/a3_remote_bridge/.hope_ros2/install/hope_msgs/share/hope_msgs/environment/library_path.sh
-- Installing: /home/bth/workspace/a3_remote_bridge/.hope_ros2/install/hope_msgs/share/hope_msgs/environment/library_path.dsv
-- Up-to-date: /home/bth/workspace/a3_remote_bridge/.hope_ros2/install/hope_msgs/lib/libhope_msgs__rosidl_generator_c.so
-- Up-to-date: /home/bth/workspace/a3_remote_bridge/.hope_ros2/install/hope_msgs/include/hope_msgs/hope_msgs
-- Up-to-date: /home/bth/workspace/a3_remote_bridge/.hope_ros2/install/hope_msgs/include/hope_msgs/hope_msgs/msg
-- Up-to-date: /home/bth/workspace/a3_remote_bridge/.hope_ros2/install/hope_msgs/include/hope_msgs/hope_msgs/msg/detail
-- Up-to-date: /home/bth/workspace/a3_remote_bridge/.hope_ros2/install/hope_msgs/include/hope_msgs/hope_msgs/msg/detail/racket_command__rosidl_typesupport_fastrtps_c.h
-- Up-to-date: /home/bth/workspace/a3_remote_bridge/.hope_ros2/install/hope_msgs/include/hope_msgs/hope_msgs/msg/rosidl_typesupport_fastrtps_c__visibility_control.h
-- Up-to-date: /home/bth/workspace/a3_remote_bridge/.hope_ros2/install/hope_msgs/lib/libhope_msgs__rosidl_typesupport_fastrtps_c.so
-- Up-to-date: /home/bth/workspace/a3_remote_bridge/.hope_ros2/install/hope_msgs/include/hope_msgs/hope_msgs
-- Up-to-date: /home/bth/workspace/a3_remote_bridge/.hope_ros2/install/hope_msgs/include/hope_msgs/hope_msgs/msg
-- Up-to-date: /home/bth/workspace/a3_remote_bridge/.hope_ros2/install/hope_msgs/include/hope_msgs/hope_msgs/msg/detail
-- Up-to-date: /home/bth/workspace/a3_remote_bridge/.hope_ros2/install/hope_msgs/include/hope_msgs/hope_msgs/msg/detail/racket_command__struct.hpp
-- Up-to-date: /home/bth/workspace/a3_remote_bridge/.hope_ros2/install/hope_msgs/include/hope_msgs/hope_msgs/msg/detail/racket_command__traits.hpp
-- Up-to-date: /home/bth/workspace/a3_remote_bridge/.hope_ros2/install/hope_msgs/include/hope_msgs/hope_msgs/msg/detail/racket_command__type_support.hpp
-- Up-to-date: /home/bth/workspace/a3_remote_bridge/.hope_ros2/install/hope_msgs/include/hope_msgs/hope_msgs/msg/detail/racket_command__builder.hpp
-- Up-to-date: /home/bth/workspace/a3_remote_bridge/.hope_ros2/install/hope_msgs/include/hope_msgs/hope_msgs/msg/racket_command.hpp
-- Up-to-date: /home/bth/workspace/a3_remote_bridge/.hope_ros2/install/hope_msgs/include/hope_msgs/hope_msgs/msg/rosidl_generator_cpp__visibility_control.hpp
-- Up-to-date: /home/bth/workspace/a3_remote_bridge/.hope_ros2/install/hope_msgs/include/hope_msgs/hope_msgs
-- Up-to-date: /home/bth/workspace/a3_remote_bridge/.hope_ros2/install/hope_msgs/include/hope_msgs/hope_msgs/msg
-- Up-to-date: /home/bth/workspace/a3_remote_bridge/.hope_ros2/install/hope_msgs/include/hope_msgs/hope_msgs/msg/rosidl_typesupport_fastrtps_cpp__visibility_control.h
-- Up-to-date: /home/bth/workspace/a3_remote_bridge/.hope_ros2/install/hope_msgs/include/hope_msgs/hope_msgs/msg/detail
-- Up-to-date: /home/bth/workspace/a3_remote_bridge/.hope_ros2/install/hope_msgs/include/hope_msgs/hope_msgs/msg/detail/racket_command__rosidl_typesupport_fastrtps_cpp.hpp
-- Up-to-date: /home/bth/workspace/a3_remote_bridge/.hope_ros2/install/hope_msgs/include/hope_msgs/hope_msgs/msg/detail/dds_fastrtps
-- Up-to-date: /home/bth/workspace/a3_remote_bridge/.hope_ros2/install/hope_msgs/lib/libhope_msgs__rosidl_typesupport_fastrtps_cpp.so
-- Up-to-date: /home/bth/workspace/a3_remote_bridge/.hope_ros2/install/hope_msgs/include/hope_msgs/hope_msgs
-- Up-to-date: /home/bth/workspace/a3_remote_bridge/.hope_ros2/install/hope_msgs/include/hope_msgs/hope_msgs/msg
-- Up-to-date: /home/bth/workspace/a3_remote_bridge/.hope_ros2/install/hope_msgs/include/hope_msgs/hope_msgs/msg/detail
-- Up-to-date: /home/bth/workspace/a3_remote_bridge/.hope_ros2/install/hope_msgs/include/hope_msgs/hope_msgs/msg/detail/racket_command__type_support.c
-- Up-to-date: /home/bth/workspace/a3_remote_bridge/.hope_ros2/install/hope_msgs/include/hope_msgs/hope_msgs/msg/detail/racket_command__rosidl_typesupport_introspection_c.h
-- Up-to-date: /home/bth/workspace/a3_remote_bridge/.hope_ros2/install/hope_msgs/include/hope_msgs/hope_msgs/msg/rosidl_typesupport_introspection_c__visibility_control.h
-- Up-to-date: /home/bth/workspace/a3_remote_bridge/.hope_ros2/install/hope_msgs/lib/libhope_msgs__rosidl_typesupport_introspection_c.so
-- Up-to-date: /home/bth/workspace/a3_remote_bridge/.hope_ros2/install/hope_msgs/lib/libhope_msgs__rosidl_typesupport_c.so
-- Up-to-date: /home/bth/workspace/a3_remote_bridge/.hope_ros2/install/hope_msgs/include/hope_msgs/hope_msgs
-- Up-to-date: /home/bth/workspace/a3_remote_bridge/.hope_ros2/install/hope_msgs/include/hope_msgs/hope_msgs/msg
-- Up-to-date: /home/bth/workspace/a3_remote_bridge/.hope_ros2/install/hope_msgs/include/hope_msgs/hope_msgs/msg/detail
-- Up-to-date: /home/bth/workspace/a3_remote_bridge/.hope_ros2/install/hope_msgs/include/hope_msgs/hope_msgs/msg/detail/racket_command__type_support.cpp
-- Up-to-date: /home/bth/workspace/a3_remote_bridge/.hope_ros2/install/hope_msgs/include/hope_msgs/hope_msgs/msg/detail/racket_command__rosidl_typesupport_introspection_cpp.hpp
-- Up-to-date: /home/bth/workspace/a3_remote_bridge/.hope_ros2/install/hope_msgs/lib/libhope_msgs__rosidl_typesupport_introspection_cpp.so
-- Up-to-date: /home/bth/workspace/a3_remote_bridge/.hope_ros2/install/hope_msgs/lib/libhope_msgs__rosidl_typesupport_cpp.so
-- Installing: /home/bth/workspace/a3_remote_bridge/.hope_ros2/install/hope_msgs/share/hope_msgs/environment/pythonpath.sh
-- Installing: /home/bth/workspace/a3_remote_bridge/.hope_ros2/install/hope_msgs/share/hope_msgs/environment/pythonpath.dsv
-- Installing: /home/bth/workspace/a3_remote_bridge/.hope_ros2/install/hope_msgs/local/lib/python3.10/dist-packages/hope_msgs-0.0.0-py3.10.egg-info
-- Installing: /home/bth/workspace/a3_remote_bridge/.hope_ros2/install/hope_msgs/local/lib/python3.10/dist-packages/hope_msgs-0.0.0-py3.10.egg-info/top_level.txt
-- Installing: /home/bth/workspace/a3_remote_bridge/.hope_ros2/install/hope_msgs/local/lib/python3.10/dist-packages/hope_msgs-0.0.0-py3.10.egg-info/PKG-INFO
-- Installing: /home/bth/workspace/a3_remote_bridge/.hope_ros2/install/hope_msgs/local/lib/python3.10/dist-packages/hope_msgs-0.0.0-py3.10.egg-info/SOURCES.txt
-- Installing: /home/bth/workspace/a3_remote_bridge/.hope_ros2/install/hope_msgs/local/lib/python3.10/dist-packages/hope_msgs-0.0.0-py3.10.egg-info/dependency_links.txt
-- Installing: /home/bth/workspace/a3_remote_bridge/.hope_ros2/install/hope_msgs/local/lib/python3.10/dist-packages/hope_msgs
-- Installing: /home/bth/workspace/a3_remote_bridge/.hope_ros2/install/hope_msgs/local/lib/python3.10/dist-packages/hope_msgs/hope_msgs_s__rosidl_typesupport_fastrtps_c.cpython-311-x86_64-linux-gnu.so
-- Installing: /home/bth/workspace/a3_remote_bridge/.hope_ros2/install/hope_msgs/local/lib/python3.10/dist-packages/hope_msgs/libhope_msgs__rosidl_generator_py.so
-- Installing: /home/bth/workspace/a3_remote_bridge/.hope_ros2/install/hope_msgs/local/lib/python3.10/dist-packages/hope_msgs/_hope_msgs_s.ep.rosidl_typesupport_c.c
-- Installing: /home/bth/workspace/a3_remote_bridge/.hope_ros2/install/hope_msgs/local/lib/python3.10/dist-packages/hope_msgs/_hope_msgs_s.ep.rosidl_typesupport_fastrtps_c.c
-- Installing: /home/bth/workspace/a3_remote_bridge/.hope_ros2/install/hope_msgs/local/lib/python3.10/dist-packages/hope_msgs/__init__.py
-- Installing: /home/bth/workspace/a3_remote_bridge/.hope_ros2/install/hope_msgs/local/lib/python3.10/dist-packages/hope_msgs/hope_msgs_s__rosidl_typesupport_introspection_c.cpython-311-x86_64-linux-gnu.so
-- Installing: /home/bth/workspace/a3_remote_bridge/.hope_ros2/install/hope_msgs/local/lib/python3.10/dist-packages/hope_msgs/hope_msgs_s__rosidl_typesupport_introspection_c.cpython-310-x86_64-linux-gnu.so
-- Installing: /home/bth/workspace/a3_remote_bridge/.hope_ros2/install/hope_msgs/local/lib/python3.10/dist-packages/hope_msgs/_hope_msgs_s.ep.rosidl_typesupport_introspection_c.c
-- Installing: /home/bth/workspace/a3_remote_bridge/.hope_ros2/install/hope_msgs/local/lib/python3.10/dist-packages/hope_msgs/hope_msgs_s__rosidl_typesupport_c.cpython-311-x86_64-linux-gnu.so
-- Installing: /home/bth/workspace/a3_remote_bridge/.hope_ros2/install/hope_msgs/local/lib/python3.10/dist-packages/hope_msgs/hope_msgs_s__rosidl_typesupport_fastrtps_c.cpython-310-x86_64-linux-gnu.so
-- Installing: /home/bth/workspace/a3_remote_bridge/.hope_ros2/install/hope_msgs/local/lib/python3.10/dist-packages/hope_msgs/hope_msgs_s__rosidl_typesupport_c.cpython-310-x86_64-linux-gnu.so
-- Installing: /home/bth/workspace/a3_remote_bridge/.hope_ros2/install/hope_msgs/local/lib/python3.10/dist-packages/hope_msgs/msg
-- Installing: /home/bth/workspace/a3_remote_bridge/.hope_ros2/install/hope_msgs/local/lib/python3.10/dist-packages/hope_msgs/msg/_racket_command_s.c
-- Installing: /home/bth/workspace/a3_remote_bridge/.hope_ros2/install/hope_msgs/local/lib/python3.10/dist-packages/hope_msgs/msg/__init__.py
-- Installing: /home/bth/workspace/a3_remote_bridge/.hope_ros2/install/hope_msgs/local/lib/python3.10/dist-packages/hope_msgs/msg/_racket_command.py
Listing '/home/bth/workspace/a3_remote_bridge/.hope_ros2/install/hope_msgs/local/lib/python3.10/dist-packages/hope_msgs'...
Compiling '/home/bth/workspace/a3_remote_bridge/.hope_ros2/install/hope_msgs/local/lib/python3.10/dist-packages/hope_msgs/__init__.py'...
Listing '/home/bth/workspace/a3_remote_bridge/.hope_ros2/install/hope_msgs/local/lib/python3.10/dist-packages/hope_msgs/msg'...
Compiling '/home/bth/workspace/a3_remote_bridge/.hope_ros2/install/hope_msgs/local/lib/python3.10/dist-packages/hope_msgs/msg/__init__.py'...
Compiling '/home/bth/workspace/a3_remote_bridge/.hope_ros2/install/hope_msgs/local/lib/python3.10/dist-packages/hope_msgs/msg/_racket_command.py'...
-- Installing: /home/bth/workspace/a3_remote_bridge/.hope_ros2/install/hope_msgs/local/lib/python3.10/dist-packages/hope_msgs/hope_msgs_s__rosidl_typesupport_fastrtps_c.cpython-310-x86_64-linux-gnu.so
-- Set runtime path of "/home/bth/workspace/a3_remote_bridge/.hope_ros2/install/hope_msgs/local/lib/python3.10/dist-packages/hope_msgs/hope_msgs_s__rosidl_typesupport_fastrtps_c.cpython-310-x86_64-linux-gnu.so" to ""
-- Installing: /home/bth/workspace/a3_remote_bridge/.hope_ros2/install/hope_msgs/local/lib/python3.10/dist-packages/hope_msgs/hope_msgs_s__rosidl_typesupport_introspection_c.cpython-310-x86_64-linux-gnu.so
-- Set runtime path of "/home/bth/workspace/a3_remote_bridge/.hope_ros2/install/hope_msgs/local/lib/python3.10/dist-packages/hope_msgs/hope_msgs_s__rosidl_typesupport_introspection_c.cpython-310-x86_64-linux-gnu.so" to ""
-- Installing: /home/bth/workspace/a3_remote_bridge/.hope_ros2/install/hope_msgs/local/lib/python3.10/dist-packages/hope_msgs/hope_msgs_s__rosidl_typesupport_c.cpython-310-x86_64-linux-gnu.so
-- Set runtime path of "/home/bth/workspace/a3_remote_bridge/.hope_ros2/install/hope_msgs/local/lib/python3.10/dist-packages/hope_msgs/hope_msgs_s__rosidl_typesupport_c.cpython-310-x86_64-linux-gnu.so" to ""
-- Installing: /home/bth/workspace/a3_remote_bridge/.hope_ros2/install/hope_msgs/lib/libhope_msgs__rosidl_generator_py.so
-- Set runtime path of "/home/bth/workspace/a3_remote_bridge/.hope_ros2/install/hope_msgs/lib/libhope_msgs__rosidl_generator_py.so" to ""
-- Up-to-date: /home/bth/workspace/a3_remote_bridge/.hope_ros2/install/hope_msgs/share/hope_msgs/msg/RacketCommand.idl
-- Up-to-date: /home/bth/workspace/a3_remote_bridge/.hope_ros2/install/hope_msgs/share/hope_msgs/msg/RacketCommand.msg
-- Up-to-date: /home/bth/workspace/a3_remote_bridge/.hope_ros2/install/hope_msgs/share/ament_index/resource_index/package_run_dependencies/hope_msgs
-- Up-to-date: /home/bth/workspace/a3_remote_bridge/.hope_ros2/install/hope_msgs/share/ament_index/resource_index/parent_prefix_path/hope_msgs
-- Up-to-date: /home/bth/workspace/a3_remote_bridge/.hope_ros2/install/hope_msgs/share/hope_msgs/environment/ament_prefix_path.sh
-- Installing: /home/bth/workspace/a3_remote_bridge/.hope_ros2/install/hope_msgs/share/hope_msgs/environment/ament_prefix_path.dsv
-- Up-to-date: /home/bth/workspace/a3_remote_bridge/.hope_ros2/install/hope_msgs/share/hope_msgs/environment/path.sh
-- Installing: /home/bth/workspace/a3_remote_bridge/.hope_ros2/install/hope_msgs/share/hope_msgs/environment/path.dsv
-- Up-to-date: /home/bth/workspace/a3_remote_bridge/.hope_ros2/install/hope_msgs/share/hope_msgs/local_setup.bash
-- Up-to-date: /home/bth/workspace/a3_remote_bridge/.hope_ros2/install/hope_msgs/share/hope_msgs/local_setup.sh
-- Up-to-date: /home/bth/workspace/a3_remote_bridge/.hope_ros2/install/hope_msgs/share/hope_msgs/local_setup.zsh
-- Installing: /home/bth/workspace/a3_remote_bridge/.hope_ros2/install/hope_msgs/share/hope_msgs/local_setup.dsv
-- Installing: /home/bth/workspace/a3_remote_bridge/.hope_ros2/install/hope_msgs/share/hope_msgs/package.dsv
-- Up-to-date: /home/bth/workspace/a3_remote_bridge/.hope_ros2/install/hope_msgs/share/ament_index/resource_index/packages/hope_msgs
-- Up-to-date: /home/bth/workspace/a3_remote_bridge/.hope_ros2/install/hope_msgs/share/hope_msgs/cmake/export_hope_msgs__rosidl_generator_cExport.cmake
-- Up-to-date: /home/bth/workspace/a3_remote_bridge/.hope_ros2/install/hope_msgs/share/hope_msgs/cmake/export_hope_msgs__rosidl_generator_cExport-noconfig.cmake
-- Up-to-date: /home/bth/workspace/a3_remote_bridge/.hope_ros2/install/hope_msgs/share/hope_msgs/cmake/export_hope_msgs__rosidl_typesupport_fastrtps_cExport.cmake
-- Up-to-date: /home/bth/workspace/a3_remote_bridge/.hope_ros2/install/hope_msgs/share/hope_msgs/cmake/export_hope_msgs__rosidl_typesupport_fastrtps_cExport-noconfig.cmake
-- Up-to-date: /home/bth/workspace/a3_remote_bridge/.hope_ros2/install/hope_msgs/share/hope_msgs/cmake/export_hope_msgs__rosidl_generator_cppExport.cmake
-- Up-to-date: /home/bth/workspace/a3_remote_bridge/.hope_ros2/install/hope_msgs/share/hope_msgs/cmake/export_hope_msgs__rosidl_typesupport_fastrtps_cppExport.cmake
-- Up-to-date: /home/bth/workspace/a3_remote_bridge/.hope_ros2/install/hope_msgs/share/hope_msgs/cmake/export_hope_msgs__rosidl_typesupport_fastrtps_cppExport-noconfig.cmake
-- Up-to-date: /home/bth/workspace/a3_remote_bridge/.hope_ros2/install/hope_msgs/share/hope_msgs/cmake/hope_msgs__rosidl_typesupport_introspection_cExport.cmake
-- Up-to-date: /home/bth/workspace/a3_remote_bridge/.hope_ros2/install/hope_msgs/share/hope_msgs/cmake/hope_msgs__rosidl_typesupport_introspection_cExport-noconfig.cmake
-- Up-to-date: /home/bth/workspace/a3_remote_bridge/.hope_ros2/install/hope_msgs/share/hope_msgs/cmake/hope_msgs__rosidl_typesupport_cExport.cmake
-- Up-to-date: /home/bth/workspace/a3_remote_bridge/.hope_ros2/install/hope_msgs/share/hope_msgs/cmake/hope_msgs__rosidl_typesupport_cExport-noconfig.cmake
-- Up-to-date: /home/bth/workspace/a3_remote_bridge/.hope_ros2/install/hope_msgs/share/hope_msgs/cmake/hope_msgs__rosidl_typesupport_introspection_cppExport.cmake
-- Up-to-date: /home/bth/workspace/a3_remote_bridge/.hope_ros2/install/hope_msgs/share/hope_msgs/cmake/hope_msgs__rosidl_typesupport_introspection_cppExport-noconfig.cmake
-- Up-to-date: /home/bth/workspace/a3_remote_bridge/.hope_ros2/install/hope_msgs/share/hope_msgs/cmake/hope_msgs__rosidl_typesupport_cppExport.cmake
-- Up-to-date: /home/bth/workspace/a3_remote_bridge/.hope_ros2/install/hope_msgs/share/hope_msgs/cmake/hope_msgs__rosidl_typesupport_cppExport-noconfig.cmake
-- Old export file "/home/bth/workspace/a3_remote_bridge/.hope_ros2/install/hope_msgs/share/hope_msgs/cmake/export_hope_msgs__rosidl_generator_pyExport.cmake" will be replaced.  Removing files [/home/bth/workspace/a3_remote_bridge/.hope_ros2/install/hope_msgs/share/hope_msgs/cmake/export_hope_msgs__rosidl_generator_pyExport-noconfig.cmake].
-- Installing: /home/bth/workspace/a3_remote_bridge/.hope_ros2/install/hope_msgs/share/hope_msgs/cmake/export_hope_msgs__rosidl_generator_pyExport.cmake
-- Installing: /home/bth/workspace/a3_remote_bridge/.hope_ros2/install/hope_msgs/share/hope_msgs/cmake/export_hope_msgs__rosidl_generator_pyExport-noconfig.cmake
-- Up-to-date: /home/bth/workspace/a3_remote_bridge/.hope_ros2/install/hope_msgs/share/hope_msgs/cmake/rosidl_cmake-extras.cmake
-- Up-to-date: /home/bth/workspace/a3_remote_bridge/.hope_ros2/install/hope_msgs/share/hope_msgs/cmake/ament_cmake_export_dependencies-extras.cmake
-- Up-to-date: /home/bth/workspace/a3_remote_bridge/.hope_ros2/install/hope_msgs/share/hope_msgs/cmake/ament_cmake_export_include_directories-extras.cmake
-- Up-to-date: /home/bth/workspace/a3_remote_bridge/.hope_ros2/install/hope_msgs/share/hope_msgs/cmake/ament_cmake_export_libraries-extras.cmake
-- Up-to-date: /home/bth/workspace/a3_remote_bridge/.hope_ros2/install/hope_msgs/share/hope_msgs/cmake/ament_cmake_export_targets-extras.cmake
-- Up-to-date: /home/bth/workspace/a3_remote_bridge/.hope_ros2/install/hope_msgs/share/hope_msgs/cmake/rosidl_cmake_export_typesupport_targets-extras.cmake
-- Up-to-date: /home/bth/workspace/a3_remote_bridge/.hope_ros2/install/hope_msgs/share/hope_msgs/cmake/rosidl_cmake_export_typesupport_libraries-extras.cmake
-- Up-to-date: /home/bth/workspace/a3_remote_bridge/.hope_ros2/install/hope_msgs/share/hope_msgs/cmake/hope_msgsConfig.cmake
-- Up-to-date: /home/bth/workspace/a3_remote_bridge/.hope_ros2/install/hope_msgs/share/hope_msgs/cmake/hope_msgsConfig-version.cmake
-- Up-to-date: /home/bth/workspace/a3_remote_bridge/.hope_ros2/install/hope_msgs/share/hope_msgs/package.xml
