Consolidate compiler generated dependencies of target hope_msgs__rosidl_generator_c
[  3%] Built target hope_msgs__cpp
[ 12%] Built target hope_msgs__rosidl_generator_c
Consolidate compiler generated dependencies of target hope_msgs__rosidl_typesupport_fastrtps_cpp
Consolidate compiler generated dependencies of target hope_msgs__rosidl_typesupport_introspection_cpp
[ 12%] Built target ament_cmake_python_copy_hope_msgs
[ 16%] Generating C type support for eProsima Fast-RTPS
[ 19%] Generating C type support dispatch for ROS interfaces
[ 22%] Generating C introspection for ROS interfaces
Consolidate compiler generated dependencies of target hope_msgs__rosidl_typesupport_cpp
[ 32%] Built target hope_msgs__rosidl_typesupport_fastrtps_cpp
[ 41%] Built target hope_msgs__rosidl_typesupport_introspection_cpp
[ 51%] Built target hope_msgs__rosidl_typesupport_cpp
running egg_info
writing hope_msgs.egg-info/PKG-INFO
writing dependency_links to hope_msgs.egg-info/dependency_links.txt
writing top-level names to hope_msgs.egg-info/top_level.txt
reading manifest file 'hope_msgs.egg-info/SOURCES.txt'
writing manifest file 'hope_msgs.egg-info/SOURCES.txt'
Consolidate compiler generated dependencies of target hope_msgs__rosidl_typesupport_c
[ 51%] Built target ament_cmake_python_build_hope_msgs_egg
[ 54%] Building CXX object CMakeFiles/hope_msgs__rosidl_typesupport_c.dir/rosidl_typesupport_c/hope_msgs/msg/racket_command__type_support.cpp.o
Consolidate compiler generated dependencies of target hope_msgs__rosidl_typesupport_introspection_c
[ 58%] Building C object CMakeFiles/hope_msgs__rosidl_typesupport_introspection_c.dir/rosidl_typesupport_introspection_c/hope_msgs/msg/detail/racket_command__type_support.c.o
Consolidate compiler generated dependencies of target hope_msgs__rosidl_typesupport_fastrtps_c
[ 61%] Building CXX object CMakeFiles/hope_msgs__rosidl_typesupport_fastrtps_c.dir/rosidl_typesupport_fastrtps_c/hope_msgs/msg/detail/racket_command__type_support_c.cpp.o
[ 64%] Linking CXX shared library libhope_msgs__rosidl_typesupport_c.so
[ 67%] Linking C shared library libhope_msgs__rosidl_typesupport_introspection_c.so
[ 67%] Built target hope_msgs__rosidl_typesupport_c
[ 67%] Built target hope_msgs__rosidl_typesupport_introspection_c
[ 70%] Linking CXX shared library libhope_msgs__rosidl_typesupport_fastrtps_c.so
[ 70%] Built target hope_msgs__rosidl_typesupport_fastrtps_c
[ 70%] Built target hope_msgs
[ 74%] Built target hope_msgs__py
Consolidate compiler generated dependencies of target hope_msgs__rosidl_generator_py
[ 77%] Building C object CMakeFiles/hope_msgs__rosidl_generator_py.dir/rosidl_generator_py/hope_msgs/msg/_racket_command_s.c.o
[ 80%] Linking C shared library rosidl_generator_py/hope_msgs/libhope_msgs__rosidl_generator_py.so
[ 80%] Built target hope_msgs__rosidl_generator_py
Consolidate compiler generated dependencies of target hope_msgs__rosidl_typesupport_c__pyext
Consolidate compiler generated dependencies of target hope_msgs__rosidl_typesupport_introspection_c__pyext
Consolidate compiler generated dependencies of target hope_msgs__rosidl_typesupport_fastrtps_c__pyext
[ 83%] Building C object CMakeFiles/hope_msgs__rosidl_typesupport_c__pyext.dir/rosidl_generator_py/hope_msgs/_hope_msgs_s.ep.rosidl_typesupport_c.c.o
[ 87%] Building C object CMakeFiles/hope_msgs__rosidl_typesupport_introspection_c__pyext.dir/rosidl_generator_py/hope_msgs/_hope_msgs_s.ep.rosidl_typesupport_introspection_c.c.o
[ 90%] Building C object CMakeFiles/hope_msgs__rosidl_typesupport_fastrtps_c__pyext.dir/rosidl_generator_py/hope_msgs/_hope_msgs_s.ep.rosidl_typesupport_fastrtps_c.c.o
[ 93%] Linking C shared library rosidl_generator_py/hope_msgs/hope_msgs_s__rosidl_typesupport_introspection_c.cpython-311-x86_64-linux-gnu.so
[ 96%] Linking C shared library rosidl_generator_py/hope_msgs/hope_msgs_s__rosidl_typesupport_c.cpython-311-x86_64-linux-gnu.so
[100%] Linking C shared library rosidl_generator_py/hope_msgs/hope_msgs_s__rosidl_typesupport_fastrtps_c.cpython-311-x86_64-linux-gnu.so
[100%] Built target hope_msgs__rosidl_typesupport_c__pyext
[100%] Built target hope_msgs__rosidl_typesupport_introspection_c__pyext
[100%] Built target hope_msgs__rosidl_typesupport_fastrtps_c__pyext
-- Install configuration: ""
-- Up-to-date: /home/bth/workspace/a3_remote_bridge/.hope_ros2/install/hope_msgs/share/ament_index/resource_index/rosidl_interfaces/hope_msgs
-- Up-to-date: /home/bth/workspace/a3_remote_bridge/.hope_ros2/install/hope_msgs/include/hope_msgs/hope_msgs
-- Up-to-date: /home/bth/workspace/a3_remote_bridge/.hope_ros2/install/hope_msgs/include/hope_msgs/hope_msgs/msg
-- Up-to-date: /home/bth/workspace/a3_remote_bridge/.hope_ros2/install/hope_msgs/include/hope_msgs/hope_msgs/msg/rosidl_generator_c__visibility_control.h
-- Up-to-date: /home/bth/workspace/a3_remote_bridge/.hope_ros2/install/hope_msgs/include/hope_msgs/hope_msgs/msg/detail
-- Installing: /home/bth/workspace/a3_remote_bridge/.hope_ros2/install/hope_msgs/include/hope_msgs/hope_msgs/msg/detail/racket_command__struct.h
-- Installing: /home/bth/workspace/a3_remote_bridge/.hope_ros2/install/hope_msgs/include/hope_msgs/hope_msgs/msg/detail/racket_command__type_support.h
-- Installing: /home/bth/workspace/a3_remote_bridge/.hope_ros2/install/hope_msgs/include/hope_msgs/hope_msgs/msg/detail/racket_command__functions.h
-- Installing: /home/bth/workspace/a3_remote_bridge/.hope_ros2/install/hope_msgs/include/hope_msgs/hope_msgs/msg/detail/racket_command__functions.c
-- Installing: /home/bth/workspace/a3_remote_bridge/.hope_ros2/install/hope_msgs/include/hope_msgs/hope_msgs/msg/racket_command.h
-- Up-to-date: /home/bth/workspace/a3_remote_bridge/.hope_ros2/install/hope_msgs/share/hope_msgs/environment/library_path.sh
-- Installing: /home/bth/workspace/a3_remote_bridge/.hope_ros2/install/hope_msgs/share/hope_msgs/environment/library_path.dsv
-- Installing: /home/bth/workspace/a3_remote_bridge/.hope_ros2/install/hope_msgs/lib/libhope_msgs__rosidl_generator_c.so
-- Set runtime path of "/home/bth/workspace/a3_remote_bridge/.hope_ros2/install/hope_msgs/lib/libhope_msgs__rosidl_generator_c.so" to ""
-- Up-to-date: /home/bth/workspace/a3_remote_bridge/.hope_ros2/install/hope_msgs/include/hope_msgs/hope_msgs
-- Up-to-date: /home/bth/workspace/a3_remote_bridge/.hope_ros2/install/hope_msgs/include/hope_msgs/hope_msgs/msg
-- Up-to-date: /home/bth/workspace/a3_remote_bridge/.hope_ros2/install/hope_msgs/include/hope_msgs/hope_msgs/msg/detail
-- Installing: /home/bth/workspace/a3_remote_bridge/.hope_ros2/install/hope_msgs/include/hope_msgs/hope_msgs/msg/detail/racket_command__rosidl_typesupport_fastrtps_c.h
-- Up-to-date: /home/bth/workspace/a3_remote_bridge/.hope_ros2/install/hope_msgs/include/hope_msgs/hope_msgs/msg/rosidl_typesupport_fastrtps_c__visibility_control.h
-- Installing: /home/bth/workspace/a3_remote_bridge/.hope_ros2/install/hope_msgs/lib/libhope_msgs__rosidl_typesupport_fastrtps_c.so
-- Set runtime path of "/home/bth/workspace/a3_remote_bridge/.hope_ros2/install/hope_msgs/lib/libhope_msgs__rosidl_typesupport_fastrtps_c.so" to ""
-- Up-to-date: /home/bth/workspace/a3_remote_bridge/.hope_ros2/install/hope_msgs/include/hope_msgs/hope_msgs
-- Up-to-date: /home/bth/workspace/a3_remote_bridge/.hope_ros2/install/hope_msgs/include/hope_msgs/hope_msgs/msg
-- Up-to-date: /home/bth/workspace/a3_remote_bridge/.hope_ros2/install/hope_msgs/include/hope_msgs/hope_msgs/msg/detail
-- Installing: /home/bth/workspace/a3_remote_bridge/.hope_ros2/install/hope_msgs/include/hope_msgs/hope_msgs/msg/detail/racket_command__struct.hpp
-- Installing: /home/bth/workspace/a3_remote_bridge/.hope_ros2/install/hope_msgs/include/hope_msgs/hope_msgs/msg/detail/racket_command__traits.hpp
-- Installing: /home/bth/workspace/a3_remote_bridge/.hope_ros2/install/hope_msgs/include/hope_msgs/hope_msgs/msg/detail/racket_command__type_support.hpp
-- Installing: /home/bth/workspace/a3_remote_bridge/.hope_ros2/install/hope_msgs/include/hope_msgs/hope_msgs/msg/detail/racket_command__builder.hpp
-- Installing: /home/bth/workspace/a3_remote_bridge/.hope_ros2/install/hope_msgs/include/hope_msgs/hope_msgs/msg/racket_command.hpp
-- Up-to-date: /home/bth/workspace/a3_remote_bridge/.hope_ros2/install/hope_msgs/include/hope_msgs/hope_msgs/msg/rosidl_generator_cpp__visibility_control.hpp
-- Up-to-date: /home/bth/workspace/a3_remote_bridge/.hope_ros2/install/hope_msgs/include/hope_msgs/hope_msgs
-- Up-to-date: /home/bth/workspace/a3_remote_bridge/.hope_ros2/install/hope_msgs/include/hope_msgs/hope_msgs/msg
-- Up-to-date: /home/bth/workspace/a3_remote_bridge/.hope_ros2/install/hope_msgs/include/hope_msgs/hope_msgs/msg/rosidl_typesupport_fastrtps_cpp__visibility_control.h
-- Up-to-date: /home/bth/workspace/a3_remote_bridge/.hope_ros2/install/hope_msgs/include/hope_msgs/hope_msgs/msg/detail
-- Installing: /home/bth/workspace/a3_remote_bridge/.hope_ros2/install/hope_msgs/include/hope_msgs/hope_msgs/msg/detail/racket_command__rosidl_typesupport_fastrtps_cpp.hpp
-- Up-to-date: /home/bth/workspace/a3_remote_bridge/.hope_ros2/install/hope_msgs/include/hope_msgs/hope_msgs/msg/detail/dds_fastrtps
-- Installing: /home/bth/workspace/a3_remote_bridge/.hope_ros2/install/hope_msgs/lib/libhope_msgs__rosidl_typesupport_fastrtps_cpp.so
-- Set runtime path of "/home/bth/workspace/a3_remote_bridge/.hope_ros2/install/hope_msgs/lib/libhope_msgs__rosidl_typesupport_fastrtps_cpp.so" to ""
-- Up-to-date: /home/bth/workspace/a3_remote_bridge/.hope_ros2/install/hope_msgs/include/hope_msgs/hope_msgs
-- Up-to-date: /home/bth/workspace/a3_remote_bridge/.hope_ros2/install/hope_msgs/include/hope_msgs/hope_msgs/msg
-- Up-to-date: /home/bth/workspace/a3_remote_bridge/.hope_ros2/install/hope_msgs/include/hope_msgs/hope_msgs/msg/detail
-- Installing: /home/bth/workspace/a3_remote_bridge/.hope_ros2/install/hope_msgs/include/hope_msgs/hope_msgs/msg/detail/racket_command__type_support.c
-- Installing: /home/bth/workspace/a3_remote_bridge/.hope_ros2/install/hope_msgs/include/hope_msgs/hope_msgs/msg/detail/racket_command__rosidl_typesupport_introspection_c.h
-- Up-to-date: /home/bth/workspace/a3_remote_bridge/.hope_ros2/install/hope_msgs/include/hope_msgs/hope_msgs/msg/rosidl_typesupport_introspection_c__visibility_control.h
-- Installing: /home/bth/workspace/a3_remote_bridge/.hope_ros2/install/hope_msgs/lib/libhope_msgs__rosidl_typesupport_introspection_c.so
-- Set runtime path of "/home/bth/workspace/a3_remote_bridge/.hope_ros2/install/hope_msgs/lib/libhope_msgs__rosidl_typesupport_introspection_c.so" to ""
-- Installing: /home/bth/workspace/a3_remote_bridge/.hope_ros2/install/hope_msgs/lib/libhope_msgs__rosidl_typesupport_c.so
-- Set runtime path of "/home/bth/workspace/a3_remote_bridge/.hope_ros2/install/hope_msgs/lib/libhope_msgs__rosidl_typesupport_c.so" to ""
-- Up-to-date: /home/bth/workspace/a3_remote_bridge/.hope_ros2/install/hope_msgs/include/hope_msgs/hope_msgs
-- Up-to-date: /home/bth/workspace/a3_remote_bridge/.hope_ros2/install/hope_msgs/include/hope_msgs/hope_msgs/msg
-- Up-to-date: /home/bth/workspace/a3_remote_bridge/.hope_ros2/install/hope_msgs/include/hope_msgs/hope_msgs/msg/detail
-- Installing: /home/bth/workspace/a3_remote_bridge/.hope_ros2/install/hope_msgs/include/hope_msgs/hope_msgs/msg/detail/racket_command__type_support.cpp
-- Installing: /home/bth/workspace/a3_remote_bridge/.hope_ros2/install/hope_msgs/include/hope_msgs/hope_msgs/msg/detail/racket_command__rosidl_typesupport_introspection_cpp.hpp
-- Installing: /home/bth/workspace/a3_remote_bridge/.hope_ros2/install/hope_msgs/lib/libhope_msgs__rosidl_typesupport_introspection_cpp.so
-- Set runtime path of "/home/bth/workspace/a3_remote_bridge/.hope_ros2/install/hope_msgs/lib/libhope_msgs__rosidl_typesupport_introspection_cpp.so" to ""
-- Installing: /home/bth/workspace/a3_remote_bridge/.hope_ros2/install/hope_msgs/lib/libhope_msgs__rosidl_typesupport_cpp.so
-- Set runtime path of "/home/bth/workspace/a3_remote_bridge/.hope_ros2/install/hope_msgs/lib/libhope_msgs__rosidl_typesupport_cpp.so" to ""
-- Up-to-date: /home/bth/workspace/a3_remote_bridge/.hope_ros2/install/hope_msgs/share/hope_msgs/environment/pythonpath.sh
-- Installing: /home/bth/workspace/a3_remote_bridge/.hope_ros2/install/hope_msgs/share/hope_msgs/environment/pythonpath.dsv
-- Installing: /home/bth/workspace/a3_remote_bridge/.hope_ros2/install/hope_msgs/lib/python3.11/site-packages/hope_msgs-0.0.0-py3.10.egg-info
-- Installing: /home/bth/workspace/a3_remote_bridge/.hope_ros2/install/hope_msgs/lib/python3.11/site-packages/hope_msgs-0.0.0-py3.10.egg-info/top_level.txt
-- Installing: /home/bth/workspace/a3_remote_bridge/.hope_ros2/install/hope_msgs/lib/python3.11/site-packages/hope_msgs-0.0.0-py3.10.egg-info/PKG-INFO
-- Installing: /home/bth/workspace/a3_remote_bridge/.hope_ros2/install/hope_msgs/lib/python3.11/site-packages/hope_msgs-0.0.0-py3.10.egg-info/SOURCES.txt
-- Installing: /home/bth/workspace/a3_remote_bridge/.hope_ros2/install/hope_msgs/lib/python3.11/site-packages/hope_msgs-0.0.0-py3.10.egg-info/dependency_links.txt
-- Up-to-date: /home/bth/workspace/a3_remote_bridge/.hope_ros2/install/hope_msgs/lib/python3.11/site-packages/hope_msgs
-- Installing: /home/bth/workspace/a3_remote_bridge/.hope_ros2/install/hope_msgs/lib/python3.11/site-packages/hope_msgs/hope_msgs_s__rosidl_typesupport_fastrtps_c.cpython-311-x86_64-linux-gnu.so
-- Installing: /home/bth/workspace/a3_remote_bridge/.hope_ros2/install/hope_msgs/lib/python3.11/site-packages/hope_msgs/libhope_msgs__rosidl_generator_py.so
-- Up-to-date: /home/bth/workspace/a3_remote_bridge/.hope_ros2/install/hope_msgs/lib/python3.11/site-packages/hope_msgs/_hope_msgs_s.ep.rosidl_typesupport_c.c
-- Up-to-date: /home/bth/workspace/a3_remote_bridge/.hope_ros2/install/hope_msgs/lib/python3.11/site-packages/hope_msgs/_hope_msgs_s.ep.rosidl_typesupport_fastrtps_c.c
-- Installing: /home/bth/workspace/a3_remote_bridge/.hope_ros2/install/hope_msgs/lib/python3.11/site-packages/hope_msgs/__init__.py
-- Installing: /home/bth/workspace/a3_remote_bridge/.hope_ros2/install/hope_msgs/lib/python3.11/site-packages/hope_msgs/hope_msgs_s__rosidl_typesupport_introspection_c.cpython-311-x86_64-linux-gnu.so
-- Up-to-date: /home/bth/workspace/a3_remote_bridge/.hope_ros2/install/hope_msgs/lib/python3.11/site-packages/hope_msgs/_hope_msgs_s.ep.rosidl_typesupport_introspection_c.c
-- Installing: /home/bth/workspace/a3_remote_bridge/.hope_ros2/install/hope_msgs/lib/python3.11/site-packages/hope_msgs/hope_msgs_s__rosidl_typesupport_c.cpython-311-x86_64-linux-gnu.so
-- Up-to-date: /home/bth/workspace/a3_remote_bridge/.hope_ros2/install/hope_msgs/lib/python3.11/site-packages/hope_msgs/msg
-- Up-to-date: /home/bth/workspace/a3_remote_bridge/.hope_ros2/install/hope_msgs/lib/python3.11/site-packages/hope_msgs/msg/_racket_command_s.c
-- Up-to-date: /home/bth/workspace/a3_remote_bridge/.hope_ros2/install/hope_msgs/lib/python3.11/site-packages/hope_msgs/msg/__init__.py
-- Up-to-date: /home/bth/workspace/a3_remote_bridge/.hope_ros2/install/hope_msgs/lib/python3.11/site-packages/hope_msgs/msg/_racket_command.py
Listing '/home/bth/workspace/a3_remote_bridge/.hope_ros2/install/hope_msgs/lib/python3.11/site-packages/hope_msgs'...
Compiling '/home/bth/workspace/a3_remote_bridge/.hope_ros2/install/hope_msgs/lib/python3.11/site-packages/hope_msgs/__init__.py'...
Listing '/home/bth/workspace/a3_remote_bridge/.hope_ros2/install/hope_msgs/lib/python3.11/site-packages/hope_msgs/msg'...
-- Installing: /home/bth/workspace/a3_remote_bridge/.hope_ros2/install/hope_msgs/lib/python3.11/site-packages/hope_msgs/hope_msgs_s__rosidl_typesupport_fastrtps_c.cpython-311-x86_64-linux-gnu.so
-- Set runtime path of "/home/bth/workspace/a3_remote_bridge/.hope_ros2/install/hope_msgs/lib/python3.11/site-packages/hope_msgs/hope_msgs_s__rosidl_typesupport_fastrtps_c.cpython-311-x86_64-linux-gnu.so" to ""
-- Installing: /home/bth/workspace/a3_remote_bridge/.hope_ros2/install/hope_msgs/lib/python3.11/site-packages/hope_msgs/hope_msgs_s__rosidl_typesupport_introspection_c.cpython-311-x86_64-linux-gnu.so
-- Set runtime path of "/home/bth/workspace/a3_remote_bridge/.hope_ros2/install/hope_msgs/lib/python3.11/site-packages/hope_msgs/hope_msgs_s__rosidl_typesupport_introspection_c.cpython-311-x86_64-linux-gnu.so" to ""
-- Installing: /home/bth/workspace/a3_remote_bridge/.hope_ros2/install/hope_msgs/lib/python3.11/site-packages/hope_msgs/hope_msgs_s__rosidl_typesupport_c.cpython-311-x86_64-linux-gnu.so
-- Set runtime path of "/home/bth/workspace/a3_remote_bridge/.hope_ros2/install/hope_msgs/lib/python3.11/site-packages/hope_msgs/hope_msgs_s__rosidl_typesupport_c.cpython-311-x86_64-linux-gnu.so" to ""
-- Installing: /home/bth/workspace/a3_remote_bridge/.hope_ros2/install/hope_msgs/lib/libhope_msgs__rosidl_generator_py.so
-- Set runtime path of "/home/bth/workspace/a3_remote_bridge/.hope_ros2/install/hope_msgs/lib/libhope_msgs__rosidl_generator_py.so" to ""
-- Up-to-date: /home/bth/workspace/a3_remote_bridge/.hope_ros2/install/hope_msgs/share/hope_msgs/msg/RacketCommand.idl
-- Up-to-date: /home/bth/workspace/a3_remote_bridge/.hope_ros2/install/hope_msgs/share/hope_msgs/msg/RacketCommand.msg
-- Up-to-date: /home/bth/workspace/a3_remote_bridge/.hope_ros2/install/hope_msgs/share/ament_index/resource_index/package_run_dependencies/hope_msgs
-- Installing: /home/bth/workspace/a3_remote_bridge/.hope_ros2/install/hope_msgs/share/ament_index/resource_index/parent_prefix_path/hope_msgs
-- Up-to-date: /home/bth/workspace/a3_remote_bridge/.hope_ros2/install/hope_msgs/share/hope_msgs/environment/ament_prefix_path.sh
-- Installing: /home/bth/workspace/a3_remote_bridge/.hope_ros2/install/hope_msgs/share/hope_msgs/environment/ament_prefix_path.dsv
-- Up-to-date: /home/bth/workspace/a3_remote_bridge/.hope_ros2/install/hope_msgs/share/hope_msgs/environment/path.sh
-- Installing: /home/bth/workspace/a3_remote_bridge/.hope_ros2/install/hope_msgs/share/hope_msgs/environment/path.dsv
-- Up-to-date: /home/bth/workspace/a3_remote_bridge/.hope_ros2/install/hope_msgs/share/hope_msgs/local_setup.bash
-- Up-to-date: /home/bth/workspace/a3_remote_bridge/.hope_ros2/install/hope_msgs/share/hope_msgs/local_setup.sh
-- Up-to-date: /home/bth/workspace/a3_remote_bridge/.hope_ros2/install/hope_msgs/share/hope_msgs/local_setup.zsh
-- Installing: /home/bth/workspace/a3_remote_bridge/.hope_ros2/install/hope_msgs/share/hope_msgs/local_setup.dsv
-- Installing: /home/bth/workspace/a3_remote_bridge/.hope_ros2/install/hope_msgs/share/hope_msgs/package.dsv
-- Up-to-date: /home/bth/workspace/a3_remote_bridge/.hope_ros2/install/hope_msgs/share/ament_index/resource_index/packages/hope_msgs
-- Old export file "/home/bth/workspace/a3_remote_bridge/.hope_ros2/install/hope_msgs/share/hope_msgs/cmake/export_hope_msgs__rosidl_generator_cExport.cmake" will be replaced.  Removing files [/home/bth/workspace/a3_remote_bridge/.hope_ros2/install/hope_msgs/share/hope_msgs/cmake/export_hope_msgs__rosidl_generator_cExport-noconfig.cmake].
-- Installing: /home/bth/workspace/a3_remote_bridge/.hope_ros2/install/hope_msgs/share/hope_msgs/cmake/export_hope_msgs__rosidl_generator_cExport.cmake
-- Installing: /home/bth/workspace/a3_remote_bridge/.hope_ros2/install/hope_msgs/share/hope_msgs/cmake/export_hope_msgs__rosidl_generator_cExport-noconfig.cmake
-- Old export file "/home/bth/workspace/a3_remote_bridge/.hope_ros2/install/hope_msgs/share/hope_msgs/cmake/export_hope_msgs__rosidl_typesupport_fastrtps_cExport.cmake" will be replaced.  Removing files [/home/bth/workspace/a3_remote_bridge/.hope_ros2/install/hope_msgs/share/hope_msgs/cmake/export_hope_msgs__rosidl_typesupport_fastrtps_cExport-noconfig.cmake].
-- Installing: /home/bth/workspace/a3_remote_bridge/.hope_ros2/install/hope_msgs/share/hope_msgs/cmake/export_hope_msgs__rosidl_typesupport_fastrtps_cExport.cmake
-- Installing: /home/bth/workspace/a3_remote_bridge/.hope_ros2/install/hope_msgs/share/hope_msgs/cmake/export_hope_msgs__rosidl_typesupport_fastrtps_cExport-noconfig.cmake
-- Installing: /home/bth/workspace/a3_remote_bridge/.hope_ros2/install/hope_msgs/share/hope_msgs/cmake/export_hope_msgs__rosidl_generator_cppExport.cmake
-- Old export file "/home/bth/workspace/a3_remote_bridge/.hope_ros2/install/hope_msgs/share/hope_msgs/cmake/export_hope_msgs__rosidl_typesupport_fastrtps_cppExport.cmake" will be replaced.  Removing files [/home/bth/workspace/a3_remote_bridge/.hope_ros2/install/hope_msgs/share/hope_msgs/cmake/export_hope_msgs__rosidl_typesupport_fastrtps_cppExport-noconfig.cmake].
-- Installing: /home/bth/workspace/a3_remote_bridge/.hope_ros2/install/hope_msgs/share/hope_msgs/cmake/export_hope_msgs__rosidl_typesupport_fastrtps_cppExport.cmake
-- Installing: /home/bth/workspace/a3_remote_bridge/.hope_ros2/install/hope_msgs/share/hope_msgs/cmake/export_hope_msgs__rosidl_typesupport_fastrtps_cppExport-noconfig.cmake
-- Old export file "/home/bth/workspace/a3_remote_bridge/.hope_ros2/install/hope_msgs/share/hope_msgs/cmake/hope_msgs__rosidl_typesupport_introspection_cExport.cmake" will be replaced.  Removing files [/home/bth/workspace/a3_remote_bridge/.hope_ros2/install/hope_msgs/share/hope_msgs/cmake/hope_msgs__rosidl_typesupport_introspection_cExport-noconfig.cmake].
-- Installing: /home/bth/workspace/a3_remote_bridge/.hope_ros2/install/hope_msgs/share/hope_msgs/cmake/hope_msgs__rosidl_typesupport_introspection_cExport.cmake
-- Installing: /home/bth/workspace/a3_remote_bridge/.hope_ros2/install/hope_msgs/share/hope_msgs/cmake/hope_msgs__rosidl_typesupport_introspection_cExport-noconfig.cmake
-- Old export file "/home/bth/workspace/a3_remote_bridge/.hope_ros2/install/hope_msgs/share/hope_msgs/cmake/hope_msgs__rosidl_typesupport_cExport.cmake" will be replaced.  Removing files [/home/bth/workspace/a3_remote_bridge/.hope_ros2/install/hope_msgs/share/hope_msgs/cmake/hope_msgs__rosidl_typesupport_cExport-noconfig.cmake].
-- Installing: /home/bth/workspace/a3_remote_bridge/.hope_ros2/install/hope_msgs/share/hope_msgs/cmake/hope_msgs__rosidl_typesupport_cExport.cmake
-- Installing: /home/bth/workspace/a3_remote_bridge/.hope_ros2/install/hope_msgs/share/hope_msgs/cmake/hope_msgs__rosidl_typesupport_cExport-noconfig.cmake
-- Old export file "/home/bth/workspace/a3_remote_bridge/.hope_ros2/install/hope_msgs/share/hope_msgs/cmake/hope_msgs__rosidl_typesupport_introspection_cppExport.cmake" will be replaced.  Removing files [/home/bth/workspace/a3_remote_bridge/.hope_ros2/install/hope_msgs/share/hope_msgs/cmake/hope_msgs__rosidl_typesupport_introspection_cppExport-noconfig.cmake].
-- Installing: /home/bth/workspace/a3_remote_bridge/.hope_ros2/install/hope_msgs/share/hope_msgs/cmake/hope_msgs__rosidl_typesupport_introspection_cppExport.cmake
-- Installing: /home/bth/workspace/a3_remote_bridge/.hope_ros2/install/hope_msgs/share/hope_msgs/cmake/hope_msgs__rosidl_typesupport_introspection_cppExport-noconfig.cmake
-- Old export file "/home/bth/workspace/a3_remote_bridge/.hope_ros2/install/hope_msgs/share/hope_msgs/cmake/hope_msgs__rosidl_typesupport_cppExport.cmake" will be replaced.  Removing files [/home/bth/workspace/a3_remote_bridge/.hope_ros2/install/hope_msgs/share/hope_msgs/cmake/hope_msgs__rosidl_typesupport_cppExport-noconfig.cmake].
-- Installing: /home/bth/workspace/a3_remote_bridge/.hope_ros2/install/hope_msgs/share/hope_msgs/cmake/hope_msgs__rosidl_typesupport_cppExport.cmake
-- Installing: /home/bth/workspace/a3_remote_bridge/.hope_ros2/install/hope_msgs/share/hope_msgs/cmake/hope_msgs__rosidl_typesupport_cppExport-noconfig.cmake
-- Old export file "/home/bth/workspace/a3_remote_bridge/.hope_ros2/install/hope_msgs/share/hope_msgs/cmake/export_hope_msgs__rosidl_generator_pyExport.cmake" will be replaced.  Removing files [/home/bth/workspace/a3_remote_bridge/.hope_ros2/install/hope_msgs/share/hope_msgs/cmake/export_hope_msgs__rosidl_generator_pyExport-noconfig.cmake].
-- Installing: /home/bth/workspace/a3_remote_bridge/.hope_ros2/install/hope_msgs/share/hope_msgs/cmake/export_hope_msgs__rosidl_generator_pyExport.cmake
-- Installing: /home/bth/workspace/a3_remote_bridge/.hope_ros2/install/hope_msgs/share/hope_msgs/cmake/export_hope_msgs__rosidl_generator_pyExport-noconfig.cmake
-- Up-to-date: /home/bth/workspace/a3_remote_bridge/.hope_ros2/install/hope_msgs/share/hope_msgs/cmake/rosidl_cmake-extras.cmake
-- Up-to-date: /home/bth/workspace/a3_remote_bridge/.hope_ros2/install/hope_msgs/share/hope_msgs/cmake/ament_cmake_export_dependencies-extras.cmake
-- Up-to-date: /home/bth/workspace/a3_remote_bridge/.hope_ros2/install/hope_msgs/share/hope_msgs/cmake/ament_cmake_export_include_directories-extras.cmake
-- Up-to-date: /home/bth/workspace/a3_remote_bridge/.hope_ros2/install/hope_msgs/share/hope_msgs/cmake/ament_cmake_export_libraries-extras.cmake
-- Up-to-date: /home/bth/workspace/a3_remote_bridge/.hope_ros2/install/hope_msgs/share/hope_msgs/cmake/ament_cmake_export_targets-extras.cmake
-- Up-to-date: /home/bth/workspace/a3_remote_bridge/.hope_ros2/install/hope_msgs/share/hope_msgs/cmake/rosidl_cmake_export_typesupport_targets-extras.cmake
-- Up-to-date: /home/bth/workspace/a3_remote_bridge/.hope_ros2/install/hope_msgs/share/hope_msgs/cmake/rosidl_cmake_export_typesupport_libraries-extras.cmake
-- Up-to-date: /home/bth/workspace/a3_remote_bridge/.hope_ros2/install/hope_msgs/share/hope_msgs/cmake/hope_msgsConfig.cmake
-- Up-to-date: /home/bth/workspace/a3_remote_bridge/.hope_ros2/install/hope_msgs/share/hope_msgs/cmake/hope_msgsConfig-version.cmake
-- Up-to-date: /home/bth/workspace/a3_remote_bridge/.hope_ros2/install/hope_msgs/share/hope_msgs/package.xml
